PASS AITargetTelemetrySave/target fields are declared in schema version 2 (0.0s)
PASS AITargetTelemetrySave/Cortex flag targets carry the team that owns each building (0.0s)
PASS AITargetTelemetrySave/Numbi reports the highest-numbered enemy its attack searches (0.0s)
PASS AITargetTelemetrySave/Cortex records its committed target until the offense stands down, across saves (0.1s)
PASS AITelemetryUI/telemetry layout and painting stay bounded with full schemas (0.5s)
PASS AITelemetryUI/telemetry selection filtering samples and access changes preserve safe state (0.3s)
PASS AITelemetryUI/telemetry waits for touch coasting and scrolls long details independently (0.5s)
PASS AITelemetryUI/telemetry full-game timings and desktop phone captures [display:1280x800] [artifacts] (5.2s)
PASS FontKerning/the bundled SDL3_ttf moves the pen for kerned pairs (0.1s)
PASS AITargetTelemetrySave/target telemetry names only real enemies and leaves the simulation unchanged (6.7s)
PASS FontKerning/kerned words have no gap wider than the same words unkerned (0.0s)
PASS FontKerning/pair advances equal the glyph advances plus kerning (0.1s)
PASS GameGUITouch/scaled gameplay dialog input is translated once [display] (1.0s)
PASS GameGUITouch/a touch on or near a flag drags the flag; not the map [display] (0.8s)
PASS GameGUITouch/touch scroll momentum on the map; the HUD palette and the editor [display] (1.1s)
PASS GameGUITouch/actual gameplay touch; toroidal pan; preview; confirmation; validation; cancellation and duplicate suppression [display][artifacts][writes-preferences] (17.1s)
PASS PortableRenderer/live scale retains portable viewport ownership [display] (0.2s)
PASS PortableRenderer/software targets resize and destroy safely during an active transform [display] (0.3s)
PASS PortableRenderer/each accelerated backend uploads surface revisions independently [display] (0.2s)
PASS PortableRenderer/zone boundaries; UI transforms and portable rendering paths [display] (1.3s)
PASS JavaScriptIntegration/JavaScript telemetry scene permissions and replay diagnostic roundtrip (0.0s)
PASS GameGUITouch/unit taps have a zoom independent halo and show unit stats [display][artifacts] (0.9s)
PASS SoftwareRenderer/native display scaling preserves direct pixels through lazy geometry and target rotation (0.0s)
PASS SoftwareRenderer/nearest blits retain sampling under destination clipping and restore source state (0.0s)
PASS SoftwareRenderer/fractional shared endpoints leave no seams; queued triangles obey direct writes (0.0s)
PASS SoftwareRenderer/opacity classification follows content revisions; opaque copy matches alpha blending (0.0s)
PASS SoftwareRenderer/opaque row copies retain SDL clipping and color modulation (0.0s)
PASS SoftwareRenderer/integer transformed primitives retain SDL triangle blending exactly (0.2s)
PASS SoftwareRenderer/geometry-reference blits preserve mixed pixel formats and source modulation (0.1s)
PASS SoftwareRenderer/large owned images retain SDL geometry sampling and overflow behavior (0.3s)
PASS SoftwareRenderer/translucent fills preserve colors on 32-bit targets without alpha (0.1s)
PASS SoftwareRenderer/presenter rotates full frames and preserves completed pixels during partial updates (0.1s)
PASS JavaScriptIntegration/JavaScript custom library and telemetry dialogs render [display:1280x800] [artifacts] (2.4s)
PASS TextRaster/native software glyphs at fractional scale [display][artifacts] (0.5s)
PASS TextRaster/scaled and unscaled text rasterisation [display:1600x1400][artifacts] (0.7s)
PASS UIPresentation/every screen lays out; navigates and captures at small portrait across presentations and insets [display:1600x1400][artifacts][slow] (34.8s)
PASS UIPresentation/every screen lays out; navigates and captures at small landscape across presentations and insets [display:1600x1400][artifacts][slow] (33.7s)
FAIL UIPresentation/every screen lays out; navigates and captures at tablet portrait across presentations and insets [display:1600x1400][artifacts][slow] (3.7s)
PASS UIPresentation/every screen lays out; navigates and captures at tablet landscape across presentations and insets [display:1600x1400][artifacts][slow] (153.2s)
PASS UIPresentation/every screen lays out; navigates and captures at laptop across presentations and insets [display:1600x1400][artifacts][slow] (154.7s)
FAIL UIPresentation/every screen lays out; navigates and captures at fullhd across presentations and insets [display:2200x1400][artifacts][slow] (4.0s)
PASS SoftwareRenderer/terrain cache matches integer-transformed coastlines and discovery across wraps and mutations [display][artifacts] (0.8s)

===== FAIL UIPresentation/every screen lays out; navigates and captures at fullhd across presentations and insets [display:2200x1400][artifacts][slow] =====
GLOB2_TEST_BUILD compiler=Apple LLVM 21.0.0 (clang-2100.3.34.2) platform=macOS pointer_bits=64
GLOB2_TEST_PROVENANCE {"compiler": "g++", "dirty": false, "flags": {"CCFLAGS": "", "CPPDEFINES": "GLOB2_OFFICIAL_INSTANCE_ORIGIN \\\"https://app.glob2online.com\\\" GLOB2_OFFICIAL_INSTANCE_FORMER_ORIGINS \\\"https://glob2online.com\\\" HAVE_CONFIG_H GL_SILENCE_DEPRECATION SDL_MAIN_HANDLED", "CXXFLAGS": "-g -std=gnu++20 -Wall -fPIC -O3", "LINKFLAGS": "-g -Wall -O3 -Wl,-rpath,/Users/bradley/.cache/glob2-sdl3/prefix/lib"}, "revision": "c3cd5ba3f3688bd293edad43718c4ec5955cbb31", "sourceStatus": [], "sourceTreeSha256": "3cc2a7d3111633e0163dbcf42870800dc18cdd3ee51961e8aec99e85d9fc8d5d"}

[failure] every screen lays out; navigates and captures at fullhd across presentations and insets [display:2200x1400][artifacts][slow]: 810 == 1080
test/UIPresentationHarness.cpp:327:
REQUIRE( actualHeight == height ) is NOT correct!
  values: REQUIRE( 810 == 1080 )
  logged: Requested 1920x1080; actual 1920x810; minimum 1x1; maximum 0x0; flags 536879136; SDL error: 0x1061332fb


===== FAIL UIPresentation/every screen lays out; navigates and captures at tablet portrait across presentations and insets [display:1600x1400][artifacts][slow] =====
GLOB2_TEST_BUILD compiler=Apple LLVM 21.0.0 (clang-2100.3.34.2) platform=macOS pointer_bits=64
GLOB2_TEST_PROVENANCE {"compiler": "g++", "dirty": false, "flags": {"CCFLAGS": "", "CPPDEFINES": "GLOB2_OFFICIAL_INSTANCE_ORIGIN \\\"https://app.glob2online.com\\\" GLOB2_OFFICIAL_INSTANCE_FORMER_ORIGINS \\\"https://glob2online.com\\\" HAVE_CONFIG_H GL_SILENCE_DEPRECATION SDL_MAIN_HANDLED", "CXXFLAGS": "-g -std=gnu++20 -Wall -fPIC -O3", "LINKFLAGS": "-g -Wall -O3 -Wl,-rpath,/Users/bradley/.cache/glob2-sdl3/prefix/lib"}, "revision": "c3cd5ba3f3688bd293edad43718c4ec5955cbb31", "sourceStatus": [], "sourceTreeSha256": "3cc2a7d3111633e0163dbcf42870800dc18cdd3ee51961e8aec99e85d9fc8d5d"}

[failure] every screen lays out; navigates and captures at tablet portrait across presentations and insets [display:1600x1400][artifacts][slow]: 811 == 1024
test/UIPresentationHarness.cpp:327:
REQUIRE( actualHeight == height ) is NOT correct!
  values: REQUIRE( 811 == 1024 )
  logged: Requested 768x1024; actual 768x811; minimum 1x1; maximum 0x0; flags 536879136; SDL error: 0x1083a72fb


40 passed, 2 failed, 0 skipped (426.4s of test time)
[run_tests] JUnit report: artifacts/ai-telemetry-investigation/integration-engine.xml (42 cases)
