test_all_supported_configurations_have_distinct_directories (test_layout.BuildLayoutTests.test_all_supported_configurations_have_distinct_directories) ... ok
test_identical_generated_header_does_not_invalidate_objects (test_layout.BuildLayoutTests.test_identical_generated_header_does_not_invalidate_objects) ... ok
test_incompatible_explicit_directory_is_rejected (test_layout.BuildLayoutTests.test_incompatible_explicit_directory_is_rejected) ... ok
test_invalid_combinations_fail_before_toolchain_initialization (test_layout.BuildLayoutTests.test_invalid_combinations_fail_before_toolchain_initialization) ... ok
test_legacy_server_and_mingw_options_select_separate_identities (test_layout.BuildLayoutTests.test_legacy_server_and_mingw_options_select_separate_identities) ... ok
test_same_identity_cannot_have_two_concurrent_writers (test_layout.BuildLayoutTests.test_same_identity_cannot_have_two_concurrent_writers) ... ok
test_shared_manifests_are_valid_and_unique (test_layout.BuildLayoutTests.test_shared_manifests_are_valid_and_unique) ... ok
test_packaged_symbols_require_matching_unambiguous_build_ids (test_mobile.AndroidSymbolTests.test_packaged_symbols_require_matching_unambiguous_build_ids) ... ok
test_archive_member_names_distinguish_same_basename_sources (test_mobile.ArchiveSymbolTests.test_archive_member_names_distinguish_same_basename_sources) ... ok
test_install_rejects_stale_or_modified_signed_apk (test_mobile.DeveloperSigningTests.test_install_rejects_stale_or_modified_signed_apk) ... ok
test_runner_sdk_cannot_override_the_isolated_emulator_sdk (test_mobile.EmulatorEnvironmentTests.test_runner_sdk_cannot_override_the_isolated_emulator_sdk) ... ok
test_emulator_archives_match_configured_package_versions (test_mobile.EmulatorSmokeTests.test_emulator_archives_match_configured_package_versions) ... ok
test_extracted_emulator_is_registered_without_changing_licenses (test_mobile.EmulatorSmokeTests.test_extracted_emulator_is_registered_without_changing_licenses) ... ok
test_pinned_java_home_is_host_specific_and_preserves_override (test_mobile.EmulatorSmokeTests.test_pinned_java_home_is_host_specific_and_preserves_override) ... ok
test_smoke_rejects_physical_devices_and_shared_servers (test_mobile.EmulatorSmokeTests.test_smoke_rejects_physical_devices_and_shared_servers) ... ok
test_incomplete_device_requests_fail_before_sdk_or_build (test_mobile.IOSCommandTests.test_incomplete_device_requests_fail_before_sdk_or_build) ... ok
test_simulator_install_uses_task_device_set (test_mobile.IOSCommandTests.test_simulator_install_uses_task_device_set) ... ok
test_launch_timeout_survives_failed_diagnostics_without_stopping_unstarted_apps (test_mobile.IOSSmokeFailureTests.test_launch_timeout_survives_failed_diagnostics_without_stopping_unstarted_apps) ... simctl list devices --json
simctl spawn owned-test launchctl list
simctl launch --stdout=/Users/bradley/glob2/build/test-profiles/tmplt1nzg3s/diagnostics/startup-stdout.txt --stderr=/Users/bradley/glob2/build/test-profiles/tmplt1nzg3s/diagnostics/startup-stderr.txt owned-test org.globulation.glob2
simctl spawn owned-test launchctl list
simctl spawn owned-test log show --last 3m --style compact --predicate process == "Glob2" OR eventMessage CONTAINS "org.globulation.glob2"
simctl io owned-test screenshot /Users/bradley/glob2/build/test-profiles/tmplt1nzg3s/diagnostics/failure.png
ok
test_checks_every_archive_member (test_mobile.MobileArtifactTests.test_checks_every_archive_member) ... ok
test_packaged_shared_libraries_require_aligned_load_segments (test_mobile.MobileArtifactTests.test_packaged_shared_libraries_require_aligned_load_segments) ... ok
test_reject_mislabeled_dependency_before_linking (test_mobile.MobileArtifactTests.test_reject_mislabeled_dependency_before_linking) ... ok
test_rejects_host_archive_and_empty_archive (test_mobile.MobileArtifactTests.test_rejects_host_archive_and_empty_archive) ... ok
test_each_mobile_configuration_has_its_own_directory (test_mobile.MobileBuildTests.test_each_mobile_configuration_has_its_own_directory) ... ok
test_invalid_targets_fail_without_probing_host (test_mobile.MobileBuildTests.test_invalid_targets_fail_without_probing_host) ... ok
test_ios_on_non_apple_host_has_actionable_error (test_mobile.MobileBuildTests.test_ios_on_non_apple_host_has_actionable_error) ... ok
test_missing_android_sdk_does_not_fall_back_to_host (test_mobile.MobileBuildTests.test_missing_android_sdk_does_not_fall_back_to_host) ... ok
test_wrong_architecture_cannot_reuse_output (test_mobile.MobileBuildTests.test_wrong_architecture_cannot_reuse_output) ... ok
test_no_delay_macro_redefines_sdl_behavior (test_platform_boundary.PlatformBoundaryTests.test_no_delay_macro_redefines_sdl_behavior) ... ok
test_shared_code_does_not_embed_browser_api_calls (test_platform_boundary.PlatformBoundaryTests.test_shared_code_does_not_embed_browser_api_calls) ... ok
test_shared_code_uses_target_owned_configuration (test_platform_boundary.PlatformBoundaryTests.test_shared_code_uses_target_owned_configuration) ... ok

----------------------------------------------------------------------
Ran 30 tests in 0.426s

OK
