PASS AISavePortability/runtime initialisation; area order serialisation and Maxima reserved telemetry (0.1s)
PASS WorldSnapshot/outcome reasons survive the read boundary without changing simulation state (0.2s)
PASS WorldSnapshot/shared entity indices preserve empty slots and canonical record addresses (0.1s)
PASS WorldSnapshot/snapshot capability tables share authoritative immutable catalog data (0.1s)
PASS WorldSnapshot/on-demand construction feasibility matches live helpers and remains frozen (0.1s)
PASS WorldSnapshot/unit snapshots share authoritative scalar state and remain frozen (0.1s)
PASS WorldSnapshot/map snapshots bulk copy authoritative records without translation (0.1s)
PASS WorldSnapshot/narrow component queries preserve combined tile values and projection defaults (0.1s)
PASS WorldSnapshot/coordinate wrapping preserves signed edges for power of two and general dimensions (0.0s)
PASS WorldSnapshot/AI boundary validates each captured map array before fast reads (0.1s)
PASS WorldSnapshot/AI fast scalar reads preserve checked values and frozen lease isolation (0.1s)
PASS WorldSnapshot/component leases and weak control blocks outlive the owning store (0.1s)
PASS WorldSnapshot/worker final lease release synchronizes owner buffer reuse (0.0s)
PASS WorldSnapshot/catalog refresh survives intervening projections and rules reuse independently (0.1s)
PASS WorldSnapshot/projected terrain lease cannot retain unrelated world components (0.1s)
PASS WorldSnapshot/component mutation generations preserve isolation and reuse unchanged arrays (0.1s)
PASS WorldSnapshot/no-op map writes reuse components while changed values remain isolated (0.1s)
PASS WorldSnapshot/capture requirements exclude arrays that no scheduled consumer requests (0.1s)
PASS WorldSnapshot/vertex changes preserve retained terrain and reuse unchanged versions (0.1s)
PASS WorldSnapshot/warm component buffers stop allocating at a fixed population (0.1s)
PASS WorldSnapshot/pooled captures never overwrite a held worker projection (0.1s)
PASS WorldSnapshot/building snapshots copy shared scalar records and freeze selected stock (0.1s)
PASS WorldSnapshot/flat relationship ranges preserve every building list in order (0.1s)
PASS WorldSnapshot/farm paint queries match frozen growth and resource inputs (0.1s)
PASS WorldSnapshot/memory metrics distinguish held epochs from reusable high water capacity (0.1s)
PASS WorldSnapshot/reused buffers copy sparse chunks and refresh dense changes contiguously (0.1s)
PASS WorldSnapshot/resource copy metrics include multi-material stock sidecars (0.1s)
PASS WorldSnapshot/a retained consumer leaves the newest free buffer to absorb only later changes (0.1s)
PASS WorldSnapshot/capture verification rejects writes that bypass the change trackers (0.1s)
PASS WorldSnapshot/same tick component expansion preserves narrow leases and captures arrays once (0.1s)
PASS WorldSnapshot/explicit observation boundaries refresh paused state and retain old leases (0.1s)
PASS BuildingGradientInvalidation/prediction retains reader demand across rebuilds and save completion (0.1s)
PASS BuildingGradientInvalidation/centre placed inside an existing ring (0.1s)
PASS BuildingGradientInvalidation/ring placed around an existing field (0.1s)
PASS BuildingGradientInvalidation/a rival teams ring cuts off a cached field (0.1s)
PASS BuildingGradientInvalidation/a ring cuts off a virtual flags field (0.1s)
PASS BuildingGradientInvalidation/a paused field keeps its original obstacles (0.1s)
PASS BuildingGradientInvalidation/public reads resolve their inputs (0.1s)
PASS BuildingGradientInvalidation/delayed fields (0.4s)
PASS BuildingGradientInvalidation/idle field storage is reused without stale routes (0.1s)
PASS BuildingGradientInvalidation/snapshot building seeds and captured-input searches match the synchronous kernels for every route and swim class (1.1s)
PASS BuildingGradientInvalidation/scheduled building fields publish at fixed deadlines across worker counts and delays (0.4s)
PASS BuildingGradientInvalidation/requests during team stepping are captured at the observation boundary (0.1s)
PASS BuildingGradientInvalidation/partial scheduled fields resume on the owner from transferred buckets (0.3s)
PASS BuildingGradientInvalidation/synchronous rebuilds and lifecycle hooks supersede pending jobs that share a deadline (0.1s)
PASS BuildingGradientInvalidation/pending building results survive save boundaries and cannot resurrect evicted fields (1.1s)
PASS BuildingGradientInvalidation/a deleted building's pending result cannot replace a reused destination (0.1s)
PASS BuildingGradientInvalidation/access metadata follows the newest capture across swim classes and saves (0.1s)
PASS BuildingGradientInvalidation/area and team-wide resets keep stale walking fields serving with the pipeline on (0.2s)
PASS BuildingGradientInvalidation/slow and failing workers never change the publication tick (0.3s)
PASS BuildingGradientInvalidation/a pending result keeps the generation a team-local edit carries forward (0.1s)
PASS BuildingGradientInvalidation/same-tick swim classes write access metadata in request order (0.1s)
PASS BuildingGradientInvalidation/an empty building pipeline follows a changed header delay through save and load (0.1s)
PASS GradientPreparation/map dimensions enforce power-of-two exponents before mutation (0.1s)
PASS GradientPreparation/warm preparation keeps custom supplier unions exclusions penalties and overlays live (0.2s)
PASS GradientPreparation/supplier seed indexing rejects foreign and invalid building IDs in cached and direct fields (0.1s)
PASS GradientPreparation/resource cache tracks cell writes and falls back through mutation bursts (0.3s)
PASS GradientPreparation/cached natural goals follow immobile occupancy and live overlays (0.2s)
PASS GradientPreparation/concurrent preparation owns buffers and serializes dirty cache refresh (0.2s)
PASS GradientPreparation/custom terrain and registry replacement preserve cached and direct seeds (0.2s)
PASS GradientPreparation/optional cache storage can be unavailable or over budget (0.9s)
PASS GradientPreparation/seed cells match scalar predicates across policies and changing overlays (1.7s)
PASS GradientPreparation/all supported team masks match the scalar fields (0.2s)
PASS GradientPreparation/explicit clearing overrides farm crop protection but never forbidden paint (0.1s)
PASS GradientPreparation/mutation and reset boundaries use current state (0.1s)
PASS GradientPreparation/concurrent lazy requests publish one complete resource field (0.1s)
PASS GradientPreparation/compound passable material goals track depletion visibility and overlapping suppliers (0.1s)
PASS GradientPreparation/compact clearing traits preserve custom high-ID property combinations (0.2s)
PASS GradientPreparation/published plane registry matches a sweep of live material fields (0.2s)
PASS GradientPreparation/snapshot seeds preserve every periodic kind after the live world changes (0.2s)
PASS GradientPreparation/periodic supplier snapshots subtract reservations and retain overlay seeds (0.2s)
PASS GradientPreparation/snapshot material templates refresh changed chunks and accept older snapshots (0.3s)
PASS GradientPreparation/explicit snapshot batches isolate invalid fields and retain exact output (0.1s)
PASS GradientPreparation/modified terrain costs stay resident when field obstacles change (1.6s)
PASS ImmobileUnitGradient/fresh map has no immobile units (0.1s)
PASS ImmobileUnitGradient/immobile unit blocks its own tile (0.1s)
PASS ImmobileUnitGradient/painting forbidden area refreshes gradients (0.1s)

77 passed, 0 failed, 0 skipped (16.3s of test time)
[run_tests] JUnit report: artifacts/gpu-offload/native-second-engine/junit.xml (77 cases)
