PASS ResourceGrowth/material deltas cap independently and create configured seed stocks (0.1s)
PASS ResourceGrowth/proposal capacity grows safely and is retained for reuse (0.1s)
PASS ResourceGrowth/signed proposals use only current resource type and apply in order (0.1s)
PASS ResourceGrowth/legacy pending masks migrate and signed pending proposals validate on load (0.1s)
PASS ResourceGrowth/kernel is immutable deterministic and responds to disabled growth and scarcity (0.1s)
PASS ResourceGrowth/pipeline waits at exact deadline and pause does not publish (0.1s)
PASS ResourceGrowth/frozen input outlives terrain and resource edits and wrapping remains valid (0.1s)
PASS ResourceGrowth/light checksums leave owner work deferred and world replacement discards it (0.1s)
PASS ResourceGrowth/publication accounts for proposals rejected by a different world (0.2s)
PASS ResourceGrowth/format 144 and 145 packed growth headers cannot alias artwork lengths (0.0s)
PASS ResourceGrowth/text save layout probes are relative and preserve section state (0.0s)
PASS ResourceGrowth/later worker completion cannot publish ahead of an earlier owner batch (0.1s)
PASS ResourceGrowth/owner and shared deadlines match and pending work survives saving (0.5s)
PASS ResourceGrowth/configured seeds preserve rates variety collisions and saved output (0.1s)
PASS ResourceGrowth/typed proposal loading validates fields and preserves old queued units (0.1s)
PASS ResourceGrowth/zero seed stocks use authoritative resource initialization (0.3s)
PASS TeamStatsSave/every live worker-tick lands in exactly one labour bucket (0.1s)
PASS TeamStatsSave/places: own buildings first, then enemies; allies, flags and new buildings do not count (0.1s)
PASS TeamStatsSave/place lookup agrees with a brute-force scan of every building tile (0.1s)
PASS TeamStatsSave/combat deaths are attributed by place and assignment (0.1s)
PASS TeamStatsSave/defence snapshot counts warriors by place and enemy warriors at home (0.1s)
PASS TeamStatsSave/older saves load with labour coverage starting at the loaded tick [save-format] (0.1s)
PASS TeamStatsSave/labour, combat and defence measurements survive a save [save-format] (0.2s)
PASS TeamStatsSave/clearing telemetry counts operations once by configured primary material (0.2s)
PASS TeamStatsSave/legacy version 88 fixture replays the golden trace [save-format][golden] (0.1s)
PASS ResourceGrowthBenchmark/player-free growth reconciles world stocks and team statistics (1.7s)
PASS TeamStatsSave/legacy version 84 fixture replays the golden trace [save-format][golden] (0.1s)
PASS TeamStatsSave/Compact telemetry retains every sample across chunk boundaries (1.1s)
PASS TeamStatsSave/Compact team histories preserve samples across two batch boundaries (0.4s)
PASS ResourceGrowth/both format 144 and 145 lineages and compact growth saves retain continuation [save-format] (2.8s)
PASS TeamStatsSave/Sparse variant snapshot reset clears vanished types without clearing history (0.4s)
PASS TeamStatsSave/Delayed observation telemetry saves remain readable (0.1s)
PASS TeamStatsSave/AI telemetry continues across a save [save-format] (2.3s)
PASS TeamStatsSave/Sparse variant reset accepts refreshed diagnostics and restored snapshots (0.9s)
PASS TeamStatsSave/32 sampling phases; ring wrap; repeated loads; text streams and corruption controls [save-format] (6.7s)

35 passed, 0 failed, 1 skipped (20.0s of test time)
[run_tests] JUnit report: artifacts/resource-growth/remaining/configured-seeds/focused-final.xml (36 cases)
