HEAD is now at 6f8cf442f Reuse local hiring work vectors across rounds and buckets
PASS sparse 4 perf
PASS sparse 4 counters
PASS sparse 4 timing-0
PASS sparse 4 timing-1
PASS sparse 4 timing-2
PASS hiring 4 perf
PASS hiring 4 counters
PASS hiring 4 timing-0
PASS established 4 perf
PASS established 4 counters
PASS established 4 timing-0
PASS dense 4 perf
PASS dense 4 counters
PASS dense 4 timing-0
PASS dense 4 timing-1
PASS dense 4 timing-2
PASS combat 4 perf
PASS combat 4 counters
PASS combat 4 timing-0
PASS sparse 1 perf
PASS sparse 1 counters
PASS sparse 1 timing-0
PASS sparse 1 timing-1
PASS sparse 1 timing-2
PASS dense 1 perf
PASS dense 1 counters
PASS dense 1 timing-0
PASS dense 1 timing-1
PASS dense 1 timing-2
PASS sparse 32 perf
PASS sparse 32 counters
PASS sparse 32 timing-0
PASS sparse 32 timing-1
PASS sparse 32 timing-2
PASS dense 32 perf
PASS dense 32 counters
PASS dense 32 timing-0
PASS dense 32 timing-1
PASS dense 32 timing-2
Merged-revision profiling complete
