test_cancellation_during_input_delivery_never_enqueues (test_tournament_pipeline.PipelineTests.test_cancellation_during_input_delivery_never_enqueues) ... ok
test_completed_backlog_frees_compute_buffer_but_missing_delivery_does_not (test_tournament_pipeline.PipelineTests.test_completed_backlog_frees_compute_buffer_but_missing_delivery_does_not) ... ok
test_paused_delivery_is_not_marked_enqueued (test_tournament_pipeline.PipelineTests.test_paused_delivery_is_not_marked_enqueued) ... ok
test_slow_collection_does_not_starve_execution_or_control (test_tournament_pipeline.PipelineTests.test_slow_collection_does_not_starve_execution_or_control) ... ok
test_stream_reuse_disconnect_and_reconnect (test_tournament_pipeline.PipelineTests.test_stream_reuse_disconnect_and_reconnect) ... ok
test_stream_timeout_is_bounded_even_when_stdin_is_not_read (test_tournament_pipeline.PipelineTests.test_stream_timeout_is_bounded_even_when_stdin_is_not_read) ... ok
test_terminal_cancellation_is_sent_after_last_running_poll (test_tournament_pipeline.PipelineTests.test_terminal_cancellation_is_sent_after_last_running_poll) ... ok
test_transfer_capacity_smaller_than_host_count_does_not_starve_hosts (test_tournament_pipeline.PipelineTests.test_transfer_capacity_smaller_than_host_count_does_not_starve_hosts) ... ok
test_two_packers_overlap_and_ack_keeps_shared_objects (test_tournament_pipeline.PipelineTests.test_two_packers_overlap_and_ack_keeps_shared_objects) ... ok
test_worker_rejects_input_arriving_after_durable_cancellation (test_tournament_pipeline.PipelineTests.test_worker_rejects_input_arriving_after_durable_cancellation) ... ok
test_worker_reload_and_backlog_backpressure (test_tournament_pipeline.PipelineTests.test_worker_reload_and_backlog_backpressure) ... ok
test_all_ties_fairness_has_no_spurious_significance (test_tournaments.AnalysisTests.test_all_ties_fairness_has_no_spurious_significance) ... ok
test_balanced_duels_cover_all_generators_and_swapped_pairs (test_tournaments.AnalysisTests.test_balanced_duels_cover_all_generators_and_swapped_pairs) ... ok
test_cap_policies_ties_and_engine_authority (test_tournaments.AnalysisTests.test_cap_policies_ties_and_engine_authority) ... ok
test_elo_semantics (test_tournaments.AnalysisTests.test_elo_semantics) ... ok
test_manifest_order_offline_reanalysis (test_tournaments.AnalysisTests.test_manifest_order_offline_reanalysis) ... ok
test_planning_balance_and_ablations (test_tournaments.AnalysisTests.test_planning_balance_and_ablations) ... ok
test_roster_adjudication_and_mixed_competitor_names (test_tournaments.AnalysisTests.test_roster_adjudication_and_mixed_competitor_names) ... ok
test_sample_games_uses_standard_duels_via_inline_generation (test_tournaments.AnalysisTests.test_sample_games_uses_standard_duels_via_inline_generation)
The standard Elo cohort uses 128x128 duels. Sampling remains the one ... ok
test_sampled_pairs_keep_parameter_sampling_and_explicit_rules (test_tournaments.AnalysisTests.test_sampled_pairs_keep_parameter_sampling_and_explicit_rules) ... ok
test_the_win_probability_rule_is_off_unless_the_design_asks (test_tournaments.AnalysisTests.test_the_win_probability_rule_is_off_unless_the_design_asks)
It changes the outcome that gets measured, so it must never arrive by ... ok
test_core_lookup_cannot_select_a_previous_use_of_pid (test_tournaments.DiagnosticTests.test_core_lookup_cannot_select_a_previous_use_of_pid) ... ok
test_ack_cleanup_recovers_after_durable_commit (test_tournaments.Fixture.test_ack_cleanup_recovers_after_durable_commit) ... ok
test_chunk_resume_lost_ack_corruption (test_tournaments.Fixture.test_chunk_resume_lost_ack_corruption) ... ok
test_corruption_prevents_commit (test_tournaments.Fixture.test_corruption_prevents_commit) ... ok
test_crash_retry_budget (test_tournaments.Fixture.test_crash_retry_budget) ... ok
test_dependency_cycle (test_tournaments.Fixture.test_dependency_cycle) ... ok
test_dispatch_streams_past_long_ineligible_prefix (test_tournaments.Fixture.test_dispatch_streams_past_long_ineligible_prefix) ... ok
test_expired_lease_cannot_be_revived (test_tournaments.Fixture.test_expired_lease_cannot_be_revived) ... ok
test_expiry_late_duplicate_and_restart (test_tournaments.Fixture.test_expiry_late_duplicate_and_restart) ... ok
test_generation_failure_not_retried (test_tournaments.Fixture.test_generation_failure_not_retried) ... ok
test_installed_bundle_is_not_rehashed_per_job (test_tournaments.Fixture.test_installed_bundle_is_not_rehashed_per_job) ... ok
test_manifest_and_build_mismatch (test_tournaments.Fixture.test_manifest_and_build_mismatch) ... ok
test_outcome_result_keeps_elo_and_adjudication_evidence (test_tournaments.Fixture.test_outcome_result_keeps_elo_and_adjudication_evidence) ... ok
test_pause_cancel_and_disk_pressure (test_tournaments.Fixture.test_pause_cancel_and_disk_pressure) ... ok
test_persistent_daemon_hot_reloads_configure (test_tournaments.Fixture.test_persistent_daemon_hot_reloads_configure)
A `configure` RPC (used by `doctor`) runs against a fresh, short-lived ... ok
test_pipeline_connection_does_not_reseed_or_repair_ledger (test_tournaments.Fixture.test_pipeline_connection_does_not_reseed_or_repair_ledger) ... ok
test_standard_elo_pack_omits_incidental_outputs (test_tournaments.Fixture.test_standard_elo_pack_omits_incidental_outputs) ... ok
test_worker_queue_idempotency_and_disk_stop (test_tournaments.Fixture.test_worker_queue_idempotency_and_disk_stop) ... ok
test_audit_flags_dead_and_idle_installs_as_stale (test_tournaments.InventoryTests.test_audit_flags_dead_and_idle_installs_as_stale) ... ok
test_discover_finds_installs_and_reports_liveness (test_tournaments.InventoryTests.test_discover_finds_installs_and_reports_liveness) ... ok
test_reap_refuses_a_reused_pid (test_tournaments.InventoryTests.test_reap_refuses_a_reused_pid) ... ok
test_reap_requires_confirm_and_only_stops_named_pid (test_tournaments.InventoryTests.test_reap_requires_confirm_and_only_stops_named_pid) ... ok
test_reap_unknown_directory_raises (test_tournaments.InventoryTests.test_reap_unknown_directory_raises) ... ok
test_balancing_maps_shared_and_overrides_preserved (test_tournaments.ParameterSampling.test_balancing_maps_shared_and_overrides_preserved) ... ok
test_domains_and_reproducibility (test_tournaments.ParameterSampling.test_domains_and_reproducibility) ... ok
test_stress_catalog_and_explicit_extremes (test_tournaments.ParameterSampling.test_stress_catalog_and_explicit_extremes) ... ok
test_probability_threshold_matches_engine_range (test_tournaments.RuleJobs.test_probability_threshold_matches_engine_range) ... ok
test_rules_are_repeatable_sorted_and_new_game_only (test_tournaments.RuleJobs.test_rules_are_repeatable_sorted_and_new_game_only) ... ok
test_rules_require_integer_values (test_tournaments.RuleJobs.test_rules_require_integer_values) ... ok
test_external_watchdog_retries_once (test_tournaments.WorkerIntegration.test_external_watchdog_retries_once) ... ok
test_real_worker_protocol_and_lost_ack (test_tournaments.WorkerIntegration.test_real_worker_protocol_and_lost_ack) ... ok

----------------------------------------------------------------------
Ran 52 tests in 18.121s

OK
