PASS AIOrderScheduler/save drains computation and retains future outputs without recomputing (0.0s)
PASS AIOrderScheduler/saved repeated enrollments retain the first initialization tick (0.1s)
PASS AIOrderScheduler/cancellation joins the old controller generation before replacement (0.1s)
PASS AIOrderScheduler/placement follows the delay and the measured decision work (0.1s)
PASS RuntimeBuildingOrderSaveLoad/Pre96StreamLeavesSentinel (0.1s)
PASS AIOrderScheduler/configuration rejects live work and submissions after a tick was dispatched (0.1s)
PASS RuntimeBuildingOrderSaveLoad/RoundTripCurrentVersion (0.1s)
PASS RuntimeBuildingOrderSaveLoad/UnregisteredOrderRoundTrips (0.1s)
PASS AIOrderScheduler/same initialization identity cannot restore contradictory planes (0.1s)
PASS AIOrderScheduler/failure joins work and cannot partially publish or lose the original error (0.1s)
PASS AIOrderScheduler/restore refuses truncated duplicate and out of window pending requests (0.1s)
PASS ClientChannels/flag coalescing preserves incarnation and queue position (0.0s)
PASS ClientChannels/client orders cross the producer consumer boundary once in FIFO order (0.1s)
PASS ClientChannels/LosslessQueue hands every item over once, in order (0.1s)
PASS ClientChannels/queue callbacks can publish the next bounded batch (0.1s)
PASS ClientChannels/concurrent event delivery preserves every value and coherent pulses (0.1s)
PASS ClientChannels/script queries observe commands before the client consumes them (0.1s)
PASS AISavePortability/runtime initialisation; area order serialisation and Maxima reserved telemetry (0.3s)
PASS CortexGeometry/placement food snapshot matches scalar stock queries and refreshes per pass (0.3s)
PASS WorldSnapshot/snapshot capability tables share authoritative immutable catalog data (0.2s)
PASS WorldSnapshot/coordinate wrapping preserves signed edges for power of two and general dimensions (0.0s)
PASS AIPipeline/replacement cancels an old output without rejecting identical new wire bytes (0.3s)
PASS AIPipeline/a submitted deadline is delivered even when no new poll is eligible (0.3s)
PASS AITargetTelemetrySave/Numbi reports the highest-numbered enemy its attack searches (0.3s)
PASS WorldSnapshot/AI boundary validates each captured map array before fast reads (0.1s)
PASS CortexGeometry/snapshot distances preserve wrapped inputs and discovery never bypasses legality (0.4s)
PASS AITargetTelemetrySave/Cortex flag targets carry the team that owns each building (0.4s)
PASS WorldSnapshot/on-demand construction feasibility matches live helpers and remains frozen (0.3s)
PASS ClientChannels/team events reach the GUI exactly once, in order, and age like Team::updateEvents (0.3s)
PASS WorldSnapshot/unit snapshots share authoritative scalar state and remain frozen (0.3s)
PASS ClientChannels/order side effects reach the GUI as events (0.3s)
PASS CortexGeometry/lazy placement hard space matches canonical rectangles and refreshes per pass (0.5s)
PASS WorldSnapshot/shared entity indices preserve empty slots and canonical record addresses (0.3s)
PASS WorldSnapshot/worker final lease release synchronizes owner buffer reuse (0.1s)
PASS AIOrderScheduler/all delays preserve every FIFO poll and fixed player ordered deadlines (0.5s)
PASS WorldSnapshot/narrow component queries preserve combined tile values and projection defaults (0.3s)
PASS WorldSnapshot/map snapshots bulk copy authoritative records without translation (0.4s)
PASS WorldSnapshot/component leases and weak control blocks outlive the owning store (0.3s)
PASS WorldSnapshot/projected terrain lease cannot retain unrelated world components (0.2s)
PASS WorldSnapshot/catalog refresh survives intervening projections and rules reuse independently (0.3s)
PASS AIPipeline/team death cancels submitted work and saves receipts for a revived controller (0.6s)
PASS CortexGeometry/placement food snapshot matches toroidal scalar distances on thin maps (0.7s)
PASS WorldSnapshot/AI fast scalar reads preserve checked values and frozen lease isolation (0.3s)
PASS WorldSnapshot/undermap changes preserve retained terrain and reuse unchanged versions (0.2s)
PASS AITargetTelemetrySave/target fields are declared in schema version 2 (0.6s)
PASS WorldSnapshot/component mutation generations preserve isolation and reuse unchanged arrays (0.3s)
PASS WorldSnapshot/capture requirements exclude arrays that no scheduled consumer requests (0.3s)
PASS WorldSnapshot/warm component buffers stop allocating at a fixed population (0.3s)
PASS WorldSnapshot/pooled captures never overwrite a held worker projection (0.3s)
PASS WorldSnapshot/farm paint queries match frozen growth and resource inputs (0.3s)
PASS WorldSnapshot/no-op map writes reuse components while changed values remain isolated (0.4s)
PASS AIPipeline/wrapper preemption preserves controller rejection feedback and pending release identity across save (0.8s)
PASS WorldSnapshot/a single cell change copies one chunk of one component into a reused buffer (0.3s)
PASS WorldSnapshot/explicit observation boundaries refresh paused state and retain old leases (0.2s)
PASS WorldSnapshot/building snapshots copy shared scalar records and freeze selected stock (0.4s)
PASS WorldSnapshot/flat relationship ranges preserve every building list in order (0.4s)
PASS ClientChannels/scripts reach the client only through ClientCommandSink (0.7s)
PASS SharedWorkerLifecycle/background saves finish on a worker and remain readable after teardown (0.2s)
PASS WorldSnapshot/capture verification rejects writes that bypass the change trackers (0.3s)
PASS WorldSnapshot/a retained consumer leaves the newest free buffer to absorb only later changes (0.4s)
PASS WorldSnapshot/same tick component expansion preserves narrow leases and captures arrays once (0.3s)
PASS WorldSnapshot/memory metrics distinguish held epochs from reusable high water capacity (0.5s)
PASS AITargetTelemetrySave/Cortex records its committed target until the offense stands down, across saves (1.1s)
PASS FarmAreas/standing still flattens what the worker can reach down to the seed, then stops (0.3s)
PASS FarmAreas/workers on a farm worked down to its seed carry nothing away (0.4s)
PASS FarmAreas/off a farm and for another team's farm harvesting depletes only the targeted stock (0.4s)
PASS FarmAreas/harvesting a farm takes from the ripest tile of the field, not the touched one (0.5s)
PASS FarmAreas/wood is not farmed; algae are (0.4s)
PASS FarmAreas/a worker out of reach of any wheat, or on an exhausted field, gets nothing (0.5s)
PASS FarmAreas/an empty gap ends the field, so nothing is taken across it (0.5s)
PASS FarmAreas/a vanished harvest target requires retargeting before pooling the reachable field (0.5s)
PASS FarmAreas/wood inside a farm is a clearing target and the crop never is (0.5s)
PASS FarmAreas/clearing stays on the touched tile inside a farm (0.5s)
PASS GUIInteractionCoverage/service progress horizon covers mixed visits and preserves stock horizons (0.3s)
PASS FarmAreas/without the experiment the order is rejected and a painted mask is inert (0.5s)
PASS SharedWorkerLifecycle/resource catalog import drains deferred material preparation before replacing stocks (0.8s)
PASS FarmAreas/a farm area survives a save and load [save-format] (0.5s)
PASS FarmAreas/the brush refuses ground that can never grow, and a refused tile connects nothing (0.6s)
PASS FarmAreas/without the experiment the default game has a stable checksum trace [golden] (0.9s)
PASS FarmAreas/growth ignores the farm mask (0.7s)
PASS FarmAreas/a farm gives up its surplus and keeps every tile, where the same unfarmed field loses its rim (0.9s)
PASS SharedWorkerLifecycle/pending gradient work survives a save and continues at the same deadlines (1.0s)
PASS GUIOrderCoverage/priority and radius requests clamp and reconcile against real orders (0.2s)
PASS GameGUISelection/displayed actions cannot target a reused entity or replaced world (0.2s)
PASS GUIOrderCoverage/worker requests clamp deduplicate and retain newer pending changes (0.3s)
PASS GUIOrderCoverage/reconciliation is field-specific and replay clears superseded shadows (0.3s)
PASS AIPipeline/pause and repeated boundary calls cannot execute a published command twice (1.8s)
PASS GameGUISelection/selection clears once its entity is destroyed (0.3s)
PASS GameGUISelection/selection and failing-unit recording do not follow a reused gid (0.3s)
PASS GameGUISelection/a building destroyed by a tick clears its selection and pending shadow (0.3s)
PASS GameGUISelection/a converted unit stays selected (0.3s)
PASS SimulationReadPhase/direct completed steps match deferred preparation across worker counts (1.4s)
PASS FarmAreas/workers keep every tile of a farmed field alive (1.2s)
PASS CortexGeometry/placement geometry matches the tile-scan oracle (2.3s)
PASS BuildingGradientInvalidation/centre placed inside an existing ring (0.3s)
PASS BuildingGradientInvalidation/ring placed around an existing field (0.3s)
PASS EngineSession/serial sessions retain chat text across skipped GUI frames (2.2s)
PASS BuildingGradientInvalidation/a rival teams ring cuts off a cached field (0.3s)
PASS BuildingGradientInvalidation/a paused field keeps its original obstacles (0.2s)
PASS BuildingGradientInvalidation/a ring cuts off a virtual flags field (0.3s)
PASS BuildingGradientInvalidation/public reads resolve their inputs (0.3s)
PASS ClearingFlagGradient/passable clearing sources respect forbidden paint buildings and immobile units (0.2s)
PASS BuildingGradientInvalidation/idle field storage is reused without stale routes (0.3s)
PASS BuildingGradientInvalidation/parallel fields (0.4s)
PASS SharedWorkerLifecycle/no-AI completed ticks agree across shared worker counts [artifacts] (2.0s)
PASS ClearingFlagGradient/empty persistent deposits remain clearing flag goals and worker targets (0.4s)
PASS GradientPreparation/warm preparation keeps custom supplier unions exclusions penalties and overlays live (0.3s)
PASS GradientPreparation/supplier seed indexing rejects foreign and invalid building IDs in cached and direct fields (0.3s)
PASS ClearingFlagGradient/material switches; declarative clearing; empty tiles; padding independence and swimming variants (0.5s)
PASS GradientPreparation/concurrent preparation owns buffers and serializes dirty cache refresh (0.3s)
PASS GradientPreparation/cached natural goals follow immobile occupancy and live overlays (0.4s)
PASS GradientPreparation/custom terrain and registry replacement preserve cached and direct seeds (0.4s)
PASS GradientPreparation/explicit clearing overrides farm crop protection but never forbidden paint (0.4s)
PASS BuildingGradientInvalidation/delayed fields (1.1s)
PASS GradientPreparation/all supported team masks match the scalar fields (0.5s)
PASS GradientPreparation/mutation and reset boundaries use current state (0.4s)
PASS GradientPreparation/concurrent lazy requests publish one complete resource field (0.3s)
PASS GradientPreparation/published plane registry matches a sweep of live material fields (0.2s)
PASS GradientPreparation/snapshot seeds preserve every periodic kind after the live world changes (0.3s)
PASS GradientPreparation/compound passable material goals track depletion visibility and overlapping suppliers (0.3s)
PASS GradientPreparation/compact clearing traits preserve custom high-ID property combinations (0.4s)
PASS GradientPreparation/resource cache tracks cell writes and falls back through mutation bursts (1.2s)
PASS GradientPreparation/periodic supplier snapshots subtract reservations and retain overlay seeds (0.4s)
PASS ImmobileUnitGradient/fresh map has no immobile units (0.2s)
PASS GradientPreparation/snapshot material templates refresh changed chunks and accept older snapshots (0.3s)
PASS ImmobileUnitGradient/immobile unit blocks its own tile (0.3s)
PASS ImmobileUnitGradient/painting forbidden area refreshes gradients (0.3s)
PASS GradientPreparation/optional cache storage can be unavailable or over budget (1.9s)
PASS MapGradientInvalidation/forbidden painting refreshes routes across passable resources (1.2s)
PASS AIPipeline/every shipped controller preserves orders and state across worker counts and all delays (6.8s)
PASS TurnEngineHarness/a player who leaves stays listed as Left, and the one left standing learns why it won [network-sim] (1.8s)
PASS EngineSession/momentum uses the SDL clock after session suspension [display][artifacts] (7.3s)
PASS EngineSession/routine snapshot input needs no simulation boundary [display][artifacts][writes-preferences] (8.5s)
PASS TurnEngineHarness/a player who quits leaves through the relay's quit order and the rest play on [network-sim] (4.3s)
PASS FarmAreas/farm overlay beside the other zones at every zoom tier [display:1024x768][artifacts] (8.5s)
PASS TurnEngineHarness/embedded terrain definitions travel with shared matches and verifier replays [network-sim][artifacts] (6.6s)
PASS TurnEngineHarness/a save with closed seats: reteamed players keep their colonies, closed ones are cleared [network-sim] (4.4s)
PASS TurnEngineHarness/orders a hostile relay forges for a seat are refused by the verifier, which still verifies [network-sim] (2.7s)
PASS EngineSession/incremental sessions; editor decisions; fertility equivalence and cancellation [writes-preferences] (11.3s)
PASS GradientPreparation/seed cells match scalar predicates across policies and changing overlays (9.8s)
PASS TurnEngineHarness/without a pause limit a pause lasts until someone resumes it [network-sim] (2.0s)
PASS GUIInteractionCoverage/construction choice displays recipe costs independently of storage [display][artifacts] (4.8s)
PASS SceneExtract/map service indicators follow arbitrary and free recipes (0.1s)
PASS TurnEngineHarness/the committed match record verifies to the committed checksum trace [network-sim][golden] (2.0s)
PASS TurnEngineHarness/two engines with AI seats under latency, jitter and loss agree at every tick and the record verifies [network-sim][artifacts] (9.5s)
PASS SceneExtract/overlay maps match a direct computation and refresh per 25-tick window or type change (0.3s)
PASS TurnEngineHarness/a pause limit is enforced identically everywhere and the record verifies [network-sim][artifacts] (3.2s)
PASS SceneExtract/published scene retains old entity fields while subsequent scenes reflect changes (0.3s)
PASS SceneExtract/script area snapshots are opt-in and independent of later map edits (0.5s)
PASS SceneExtract/units and buildings resolve by gid with their drawn fields and the selection (0.5s)
PASS TurnEngineHarness/a 10 s flag drag and a held key keep the input delay bounded, without a flood [network-sim][artifacts] (4.8s)
PASS SceneExtract/stale selection generation never selects a replacement occupying the same gid (0.3s)
PASS SceneExtract/building sprite frames honor damage effective maximum and connection precedence (0.1s)
PASS SceneExtract/smooth unit motion advances the drawn delta within the current action only (0.3s)
PASS GUIInteractionCoverage/mixed service progress stays in its row and preserves downstream hit testing [display:1700x900][artifacts] (6.6s)
PASS SceneExtract/snapshot preparation retains definitions after the source game is destroyed (0.2s)
PASS GUIInteractionCoverage/mixed upgrade preview tracks actual rows scroll and recipe inputs [display][artifacts] (4.4s)
PASS TurnEngineHarness/one client claiming the game finished does not end it for a player who is reconnecting [network-sim] (2.9s)
PASS SceneExtract/connected overlays use configured groups and scene retains its catalog (0.4s)
PASS SceneExtract/client paint survives old Scenes and retires only with its execution revision (0.2s)
PASS SceneExtract/snapshot preparation matches legacy queries and survives later live mutations (0.3s)
PASS SceneExtract/building events preserve concrete catalog IDs and key-only display names (0.4s)
PASS SceneExtract/Serial hosts publish immutable Scenes through workers or explicit fallback (0.4s)
PASS TeamStatsSave/every live worker-tick lands in exactly one labour bucket (0.2s)
PASS SceneExtract/farm input eligibility is frozen with presentation inputs (0.3s)
PASS SceneExtract/order execution revisions are captured even without advancing the tick (0.3s)
PASS TeamStatsSave/place lookup agrees with a brute-force scan of every building tile (0.2s)
PASS TeamStatsSave/places: own buildings first, then enemies; allies, flags and new buildings do not count (0.3s)
PASS TeamStatsSave/defence snapshot counts warriors by place and enemy warriors at home (0.2s)
PASS TeamStatsSave/combat deaths are attributed by place and assignment (0.3s)
PASS TeamStatsSave/legacy version 88 fixture replays the golden trace [save-format][golden] (0.2s)
PASS TeamStatsSave/older saves load with labour coverage starting at the loaded tick [save-format] (0.4s)
PASS TeamStatsSave/clearing telemetry counts operations once by configured primary material (0.4s)
PASS TeamStatsSave/legacy version 84 fixture replays the golden trace [save-format][golden] (0.5s)
PASS TeamStatsSave/labour, combat and defence measurements survive a save [save-format] (1.0s)
PASS TurnEngineHarness/a client that executes a tampered order is repaired by an in-place reload and named by the verifier [network-sim][artifacts] (11.3s)
PASS TeamStatsSave/Compact team histories preserve samples across two batch boundaries (0.6s)
PASS EnteringUnitSave/the retained fixture loads [save-format] (0.4s)
PASS TeamStatsSave/Sparse variant snapshot reset clears vanished types without clearing history (1.0s)
PASS TurnEngineHarness/voice packets do not hold up a player's orders [network-sim][artifacts] (6.2s)
PASS EngineSession/render ceilings preserve per tick simulation checksums [display][artifacts] (16.4s)
PASS TeamStatsSave/Compact telemetry retains every sample across chunk boundaries (1.8s)
PASS GUIInteractionCoverage/desktop building menu clicks queue authoritative worker and priority orders [display] (3.0s)
PASS GUIInteractionCoverage/custom mixed building panels render without mutating simulation [display][artifacts] (3.8s)
PASS TeamStatsSave/Sparse variant reset accepts refreshed diagnostics and restored snapshots (2.4s)
PASS GUIInteractionCoverage/unit information reflects damage hunger ownership and abilities without mutating simulation [display][artifacts] (4.4s)
PASS TurnEngineHarness/four engines survive a stall and a restart: the restarted client reloads and fast-forwards [network-sim][artifacts] (14.5s)
PASS MapGradientInvalidation/forbidden edits invalidate exactly the affected fields and preserve the rest (14.8s)
PASS TurnEngineHarness/engines report network telemetry, and its output changes nothing they execute [network-sim][artifacts] (6.7s)
PASS GUIInteractionCoverage/configured keyboard actions toggle presentation and queue pause without changing simulation [display] (3.1s)
PASS GUIInteractionCoverage/home keyboard action wraps the camera and script messages preserve history [display] (2.5s)
PASS GUIInteractionCoverage/match and editor dialogs wear the in-match theme; results dialogs stay on paper [display][artifacts] (3.4s)
PASS GUIInteractionCoverage/match dialogs accept return and distinguish continuing from ending a game [display] (2.4s)
PASS TurnEngineHarness/closed seats are closed colonies: the last player standing wins everywhere and the record verifies [network-sim] (14.8s)
PASS EnteringUnitSave/generated fixtures round-trip through binary saves [save-format] (7.0s)
PASS GUIInteractionCoverage/resource inspectors show infinity only for stocked infinite yields [display:1024x768][artifacts] (2.9s)
PASS GameGUITouch/scaled gameplay dialog input is translated once [display] (3.1s)
PASS TeamStatsSave/AI telemetry continues across a save [save-format] (8.8s)
PASS GameGUITouch/a touch on or near a flag drags the flag; not the map [display] (4.1s)
PASS GameGUITouch/unit taps have a zoom independent halo and show unit stats [display][artifacts] (6.4s)
PASS SceneExtract/custom ground and overlay frames render connections and damage [display:1100x1100][artifacts] (3.1s)
PASS GameGUITouch/touch scroll momentum on the map; the HUD palette and the editor [display] (6.1s)
PASS TeamStatsSave/32 sampling phases; ring wrap; repeated loads; text streams and corruption controls [save-format] (14.9s)
PASS TeamStatsSave/measurement screenshots [display][artifacts] (3.0s)
PASS AIPipeline/save continuation retains controller caches receipts and future commands at pipeline boundaries (34.6s)
PASS AITargetTelemetrySave/target telemetry names only real enemies and leaves the simulation unchanged (37.4s)
PASS TurnEngineHarness/a client sending hostile orders of every type crashes no one and is refused identically everywhere [network-sim][fuzz][artifacts] (32.3s)
PASS SavegameSafety/autosave defaults; atomic and background writes; truncated and malformed loads; imports and campaign progress [save-format][writes-preferences] (27.9s)
PASS GameGUITouch/actual gameplay touch; toroidal pan; preview; confirmation; validation; cancellation and duplicate suppression [display][artifacts][writes-preferences] (38.0s)

209 passed, 0 failed, 0 skipped (520.7s of test time)
[run_tests] JUnit report: artifacts/presentation/combined-engine.xml (209 cases)
