
Running 60 tests using 3 workers

  ✓   3 [chromium] › tests/input.spec.js:7:1 › reload and address-bar shortcuts remain available with game focus (8.1s)
  ✓   1 [chromium] › tests/responsive-presentation.spec.js:13:3 › responsive mixed input › native text editing preserves Unicode and selection across rotation (18.5s)
  ✓   2 [chromium] › tests/rendering.spec.js:7:1 › WebGL2 draws a playable match and resizes its drawing buffer (23.2s)
  ✓   6 [chromium] › tests/rendering.spec.js:28:1 › software renderer remains available (2.6s)
  ✓   4 [chromium] › tests/input.spec.js:35:1 › click coordinates stay correct when browser motion delivery is missing (17.7s)
  ✓   7 [chromium] › tests/rendering.spec.js:39:1 › the default renderer is WebGL2 when the browser accelerates it (3.7s)
  ✓   9 [chromium] › tests/rendering.spec.js:71:3 › the default renderer falls back to software when WebGL2 is unavailable (2.5s)
  ✓  10 [chromium] › tests/rendering.spec.js:71:3 › the default renderer falls back to software when WebGL2 is emulated (2.7s)
  ✓   8 [chromium] › tests/input.spec.js:52:1 › desktop right-click cancels a selection and cycles sidebar views without a browser menu (17.8s)
  ✓  11 [chromium] › tests/rendering.spec.js:81:1 › WebGL context restoration keeps the match and can recover repeatedly (19.9s)
  ✓  12 [chromium] › tests/viewport.spec.js:15:1 › menus follow the viewport and keep their controls clickable (11.6s)
  ✓  13 [chromium] › tests/rendering.spec.js:110:1 › WebGL context restoration retains settings, editor and confirmation controls (19.9s)
  ✓  14 [chromium] › tests/viewport.spec.js:24:1 › a running match survives resize and its open menu follows the new center (31.7s)
  ✓  15 [firefox] › tests/input.spec.js:7:1 › reload and address-bar shortcuts remain available with game focus (14.4s)
  ✓   5 [chromium] › tests/responsive-presentation.spec.js:44:3 › responsive mixed input › touch setup and gameplay retain their session when resized with a mouse attached (1.2m)
  ✓  16 [chromium] › tests/viewport.spec.js:46:1 › editor dialogs and discard controls follow viewport changes (10.9s)
  ✓  19 [chromium] › tests/viewport.spec.js:57:1 › small viewports retain the active screen and continue rendering (10.9s)
  ✓  20 [chromium] › tests/viewport.spec.js:67:3 › initial small viewport › starts at the actual browser dimensions (3.6s)
  ✓  17 [firefox] › tests/input.spec.js:35:1 › click coordinates stay correct when browser motion delivery is missing (23.3s)
  ✓  21 [chromium] › tests/viewport.spec.js:77:3 › initial wide viewport › fills the page before any resize (3.9s)
  ✓  18 [firefox] › tests/rendering.spec.js:7:1 › WebGL2 draws a playable match and resizes its drawing buffer (26.7s)
  ✓  23 [chromium] › tests/viewport.spec.js:86:3 › high density display › uses the renderer-appropriate backing resolution (8.0s)
  ✓  24 [firefox] › tests/rendering.spec.js:28:1 › software renderer remains available (5.8s)
  -  25 [chromium] › tests/viewport.spec.js:94:1 › interface scale survives resizing and keeps settings controls clickable
  ✓  26 [firefox] › tests/rendering.spec.js:39:1 › the default renderer is WebGL2 when the browser accelerates it (4.9s)
  ✓  28 [firefox] › tests/rendering.spec.js:71:3 › the default renderer falls back to software when WebGL2 is unavailable (6.7s)
  ✓  22 [firefox] › tests/input.spec.js:52:1 › desktop right-click cancels a selection and cycles sidebar views without a browser menu (26.6s)
  ✓  29 [firefox] › tests/rendering.spec.js:71:3 › the default renderer falls back to software when WebGL2 is emulated (5.8s)
  ✓  27 [firefox] › tests/responsive-presentation.spec.js:13:3 › responsive mixed input › native text editing preserves Unicode and selection across rotation (26.3s)
  ✓  30 [firefox] › tests/viewport.spec.js:15:1 › menus follow the viewport and keep their controls clickable (16.0s)
  ✓  31 [firefox] › tests/rendering.spec.js:81:1 › WebGL context restoration keeps the match and can recover repeatedly (20.4s)
  ✓  33 [firefox] › tests/viewport.spec.js:24:1 › a running match survives resize and its open menu follows the new center (16.5s)
  ✓  34 [firefox] › tests/rendering.spec.js:110:1 › WebGL context restoration retains settings, editor and confirmation controls (15.3s)
  ✓  35 [firefox] › tests/viewport.spec.js:46:1 › editor dialogs and discard controls follow viewport changes (9.1s)
  ✓  36 [webkit] › tests/input.spec.js:7:1 › reload and address-bar shortcuts remain available with game focus (2.2s)
  ✓  38 [webkit] › tests/input.spec.js:35:1 › click coordinates stay correct when browser motion delivery is missing (8.9s)
  ✓  39 [webkit] › tests/input.spec.js:52:1 › desktop right-click cancels a selection and cycles sidebar views without a browser menu (9.5s)
  ✓  40 [webkit] › tests/rendering.spec.js:7:1 › WebGL2 draws a playable match and resizes its drawing buffer (8.6s)
  ✓  41 [webkit] › tests/rendering.spec.js:28:1 › software renderer remains available (2.0s)
  ✓  42 [webkit] › tests/rendering.spec.js:39:1 › the default renderer is WebGL2 when the browser accelerates it (2.3s)
  ✓  43 [webkit] › tests/rendering.spec.js:71:3 › the default renderer falls back to software when WebGL2 is unavailable (2.4s)
  ✓  44 [webkit] › tests/rendering.spec.js:71:3 › the default renderer falls back to software when WebGL2 is emulated (2.1s)
  ✓  37 [firefox] › tests/viewport.spec.js:57:1 › small viewports retain the active screen and continue rendering (37.3s)
  ✓  46 [firefox] › tests/viewport.spec.js:67:3 › initial small viewport › starts at the actual browser dimensions (5.0s)
  ✓  45 [webkit] › tests/rendering.spec.js:81:1 › WebGL context restoration keeps the match and can recover repeatedly (9.3s)
  ✓  47 [firefox] › tests/viewport.spec.js:77:3 › initial wide viewport › fills the page before any resize (4.4s)
  ✓  49 [firefox] › tests/viewport.spec.js:86:3 › high density display › uses the renderer-appropriate backing resolution (7.9s)
  ✓  48 [webkit] › tests/rendering.spec.js:110:1 › WebGL context restoration retains settings, editor and confirmation controls (10.4s)
  -  50 [firefox] › tests/viewport.spec.js:94:1 › interface scale survives resizing and keeps settings controls clickable
  ✓  32 [firefox] › tests/responsive-presentation.spec.js:44:3 › responsive mixed input › touch setup and gameplay retain their session when resized with a mouse attached (1.5m)
  ✓  51 [webkit] › tests/responsive-presentation.spec.js:13:3 › responsive mixed input › native text editing preserves Unicode and selection across rotation (7.1s)
  ✓  52 [webkit] › tests/viewport.spec.js:15:1 › menus follow the viewport and keep their controls clickable (6.8s)
  ✓  54 [webkit] › tests/viewport.spec.js:24:1 › a running match survives resize and its open menu follows the new center (7.9s)
  ✓  55 [webkit] › tests/viewport.spec.js:46:1 › editor dialogs and discard controls follow viewport changes (5.1s)
  ✓  56 [webkit] › tests/viewport.spec.js:57:1 › small viewports retain the active screen and continue rendering (6.5s)
  ✓  57 [webkit] › tests/viewport.spec.js:67:3 › initial small viewport › starts at the actual browser dimensions (1.8s)
  ✓  58 [webkit] › tests/viewport.spec.js:77:3 › initial wide viewport › fills the page before any resize (1.6s)
  ✓  59 [webkit] › tests/viewport.spec.js:86:3 › high density display › uses the renderer-appropriate backing resolution (2.4s)
  -  60 [webkit] › tests/viewport.spec.js:94:1 › interface scale survives resizing and keeps settings controls clickable
  ✓  53 [webkit] › tests/responsive-presentation.spec.js:44:3 › responsive mixed input › touch setup and gameplay retain their session when resized with a mouse attached (46.4s)

  3 skipped
  57 passed (4.9m)
