
Running 42 tests using 1 worker

  ✓   1 [chromium] › tests/multiplayer.spec.js:58:1 › browser YOG login exchanges the native protocol through the real gateway (3.7s)
  ✓   2 [chromium] › tests/multiplayer.spec.js:92:1 › registered browser player enters and leaves the native YOG lobby (3.4s)
  ✓   3 [chromium] › tests/multiplayer.spec.js:120:1 › YOG registration remains scheduled through resize and cancellation (3.7s)
  ✓   4 [chromium] › tests/multiplayer.spec.js:137:1 › YOG map selection and upload screens resize and return to their owning tabs (4.5s)
  ✓   5 [chromium] › tests/multiplayer.spec.js:154:1 › YOG match settings resize and return to their room (4.8s)
  ✓   6 [chromium] › tests/multiplayer.spec.js:172:1 › YOG disconnect message remains scheduled and returns cleanly after resize (4.0s)
  ✓   7 [chromium] › tests/multiplayer.spec.js:225:1 › two browser players create, join and start a YOG match (no AI) (17.6s)
  ✓   8 [chromium] › tests/multiplayer.spec.js:225:1 › two browser players create, join and start a YOG match (Cortex) (16.6s)
  ✓   9 [chromium] › tests/multiplayer.spec.js:287:1 › browser and native players complete matching simulation checkpoints (TCP) (15.8s)
  ✓  10 [chromium] › tests/multiplayer.spec.js:287:1 › browser and native players complete matching simulation checkpoints (WSS) (15.4s)
  ✓  11 [chromium] › tests/multiplayer.spec.js:366:1 › YOG admission enforces greeting, exact version, authentication and retry order (2.6s)
  ✓  12 [chromium] › tests/multiplayer.spec.js:437:1 › browser reports incompatible release before transmitting credentials (client version) (3.1s)
  ✓  13 [chromium] › tests/multiplayer.spec.js:437:1 › browser reports incompatible release before transmitting credentials (legacy server) (3.7s)
  ✓  14 [chromium] › tests/multiplayer.spec.js:437:1 › browser reports incompatible release before transmitting credentials (server version) (3.7s)
  ✓  15 [firefox] › tests/multiplayer.spec.js:58:1 › browser YOG login exchanges the native protocol through the real gateway (5.0s)
  ✓  16 [firefox] › tests/multiplayer.spec.js:92:1 › registered browser player enters and leaves the native YOG lobby (5.1s)
  ✓  17 [firefox] › tests/multiplayer.spec.js:120:1 › YOG registration remains scheduled through resize and cancellation (5.6s)
  ✓  18 [firefox] › tests/multiplayer.spec.js:137:1 › YOG map selection and upload screens resize and return to their owning tabs (8.7s)
  ✓  19 [firefox] › tests/multiplayer.spec.js:154:1 › YOG match settings resize and return to their room (11.6s)
  ✓  20 [firefox] › tests/multiplayer.spec.js:172:1 › YOG disconnect message remains scheduled and returns cleanly after resize (7.7s)
  ✓  21 [firefox] › tests/multiplayer.spec.js:225:1 › two browser players create, join and start a YOG match (no AI) (19.2s)
  ✓  22 [firefox] › tests/multiplayer.spec.js:225:1 › two browser players create, join and start a YOG match (Cortex) (20.0s)
  ✓  23 [firefox] › tests/multiplayer.spec.js:287:1 › browser and native players complete matching simulation checkpoints (TCP) (19.8s)
  ✓  24 [firefox] › tests/multiplayer.spec.js:287:1 › browser and native players complete matching simulation checkpoints (WSS) (19.6s)
  ✓  25 [firefox] › tests/multiplayer.spec.js:366:1 › YOG admission enforces greeting, exact version, authentication and retry order (6.0s)
  ✓  26 [firefox] › tests/multiplayer.spec.js:437:1 › browser reports incompatible release before transmitting credentials (client version) (7.2s)
  ✓  27 [firefox] › tests/multiplayer.spec.js:437:1 › browser reports incompatible release before transmitting credentials (legacy server) (6.7s)
  ✓  28 [firefox] › tests/multiplayer.spec.js:437:1 › browser reports incompatible release before transmitting credentials (server version) (5.3s)
  ✓  29 [webkit] › tests/multiplayer.spec.js:58:1 › browser YOG login exchanges the native protocol through the real gateway (3.1s)
  ✓  30 [webkit] › tests/multiplayer.spec.js:92:1 › registered browser player enters and leaves the native YOG lobby (3.3s)
  ✓  31 [webkit] › tests/multiplayer.spec.js:120:1 › YOG registration remains scheduled through resize and cancellation (3.1s)
  ✓  32 [webkit] › tests/multiplayer.spec.js:137:1 › YOG map selection and upload screens resize and return to their owning tabs (4.8s)
  ✓  33 [webkit] › tests/multiplayer.spec.js:154:1 › YOG match settings resize and return to their room (4.8s)
  ✓  34 [webkit] › tests/multiplayer.spec.js:172:1 › YOG disconnect message remains scheduled and returns cleanly after resize (5.3s)
  ✓  35 [webkit] › tests/multiplayer.spec.js:225:1 › two browser players create, join and start a YOG match (no AI) (20.0s)
  ✓  36 [webkit] › tests/multiplayer.spec.js:225:1 › two browser players create, join and start a YOG match (Cortex) (19.2s)
  ✓  37 [webkit] › tests/multiplayer.spec.js:287:1 › browser and native players complete matching simulation checkpoints (TCP) (16.2s)
  ✓  38 [webkit] › tests/multiplayer.spec.js:287:1 › browser and native players complete matching simulation checkpoints (WSS) (14.5s)
  ✓  39 [webkit] › tests/multiplayer.spec.js:366:1 › YOG admission enforces greeting, exact version, authentication and retry order (1.9s)
  ✓  40 [webkit] › tests/multiplayer.spec.js:437:1 › browser reports incompatible release before transmitting credentials (client version) (2.4s)
  ✓  41 [webkit] › tests/multiplayer.spec.js:437:1 › browser reports incompatible release before transmitting credentials (legacy server) (2.4s)
  ✓  42 [webkit] › tests/multiplayer.spec.js:437:1 › browser reports incompatible release before transmitting credentials (server version) (2.3s)

  42 passed (6.0m)
