PASS script GC roots, live frames, bytecode constants and interpreter isolation
ChooseMapScreen::onAction() : error, can't open file maps/browser_missing_fixture.map
Map thumbnail load: Incomplete binary field: signature: unspecified iostream_category error
ChooseMapScreen: Incomplete binary field: signature: unspecified iostream_category error
PASS map selection clears stale data and recovers from missing/corrupt files without a modal loop
PASS settings close only after persistence completion
PASS application quit waits for final persistence
PASS protocol rejection provides an actionable translated status
PASS deferred multiplayer launch and invalid local-player rejection
PASS owned tab destruction preserves surviving tabs
FileManager::writeAtomically: /Users/bradley/glob2/artifacts/desktop-regression/profile-session-final/replays/Blocked.replay: File replacement failed: unspecified iostream_category error
PASS atomic replay save, complete file/memory recordings and trailing ticks
Engine::loadMapHeader : error, can't open file maps/missing-reload-fixture.map
Engine::loadGameHeader : error, can't open file maps/missing-reload-fixture.map
GameGUI::loadFromHeaders() : error, can't open file maps/missing-reload-fixture.map, campaigns/missing-reload-fixture.map or replays/missing-reload-fixture.replay
PASS reused-engine cooperative loading, cancellation and failure ownership
nox::gui.game.checkSum() = 7b27b1e3
automaticEndingGame ended: 50 ticks, 0 minutes, 2 seconds
GLOB2_GAME_END ticks=50 winner_team=-1 seed=1241274047 map="balanced" orders=0 players=team0:local,team1:None,team2:None,team3:None
nox::gui.game.checkSum() = 7b27b1e3
automaticEndingGame ended: 50 ticks, 0 minutes, 2 seconds
GLOB2_GAME_END ticks=50 winner_team=-1 seed=1241274047 map="balanced" orders=0 players=team0:local,team1:None,team2:None,team3:None
music dir found: original
selecting music dir original
nox::gui.game.checkSum() = 7b27b1e3
automaticEndingGame ended: 50 ticks, 0 minutes, 2 seconds
GLOB2_GAME_END ticks=50 winner_team=-1 seed=1241274047 map="balanced" orders=0 players=team0:local,team1:None,team2:None,team3:None
FileManager::writeAtomically: /Users/bradley/glob2/artifacts/desktop-regression/profile-session-final/maps/blocked.map: File replacement failed: unspecified iostream_category error
PASS editor atomic save/reload and failed replacement retains live metadata
PASS: engine sessions, editor decisions, fertility equivalence and cancellation
