PASS FullscreenAspect/presentation; clipping; captures and input translation in software rendering [display:1600x1400] (1.1s)
PASS MapRenderResize/repeated map copies; settings and credits after resizing in software rendering (0.6s)
PASS FullscreenAspect/presentation; clipping; captures and input translation in OpenGL [display:1600x1400] (1.1s)
PASS PointBarRender/status-bar pixel bounds in software rendering (0.7s)
PASS HighResolutionIntegration/HD artwork; cursor scaling and replay fixture in software rendering [display:1024x768][artifacts] (1.0s)
PASS PortableRenderer/live scale retains portable viewport ownership [display] (0.3s)
PASS PortableRenderer/zone boundaries; UI transforms and portable rendering paths [display] (1.2s)
PASS SettingsGraphics/text size applies to desktop and touch independently of interface scale (0.0s)
PASS SettingsGraphics/legacy preferences migrate and independent effects round trip (0.0s)
PASS PointBarRender/status-bar pixel bounds in OpenGL rendering [display] (1.2s)
PASS Settings/layout; persistence; live display changes; bindings and localization at 800x600 in OpenGL [display:1600x1400][artifacts][writes-preferences] (5.4s)
PASS Settings/layout; persistence; live display changes; bindings and localization at 1000x700 in OpenGL [display:1600x1400][artifacts][writes-preferences] (6.2s)
PASS Settings/layout; persistence; live display changes; bindings and localization at 1280x900 in OpenGL [display:1600x1400][artifacts][writes-preferences] (6.7s)
PASS Settings/layout; persistence; live display changes; bindings and localization at 1000x700 in software rendering [display:1600x1400][artifacts][writes-preferences] (3.5s)
PASS Settings/layout; persistence; live display changes; bindings and localization with expanded wording at 640x480 in OpenGL [display:1600x1400][artifacts][writes-preferences] (6.2s)
PASS TextRaster/native software glyphs at fractional scale [display][artifacts] (0.4s)
PASS TextRaster/scaled and unscaled text rasterisation [display:1600x1400][artifacts] (1.0s)
PASS TorusRender/game rendering; picking and cache changes in software rendering [writes-preferences] (0.6s)
PASS MapRenderResize/repeated map copies; settings and credits after resizing in OpenGL [display:1920x1200] (8.0s)
PASS TorusRender/game rendering at triple UI scale in OpenGL [display:1920x1440][writes-preferences] (30.6s)
PASS UIPresentation/every screen lays out; navigates and captures at small portrait across presentations and insets [display:1600x1400][artifacts][slow] (23.8s)
PASS UIPresentation/every screen lays out; navigates and captures at small landscape across presentations and insets [display:1600x1400][artifacts][slow] (22.3s)
PASS UIPresentation/every screen lays out; navigates and captures at tablet portrait across presentations and insets [display:1600x1400][artifacts][slow] (58.5s)
PASS UIPresentation/every screen lays out; navigates and captures at tablet landscape across presentations and insets [display:1600x1400][artifacts][slow] (62.8s)
PASS UIPresentation/every screen lays out; navigates and captures at laptop across presentations and insets [display:1600x1400][artifacts][slow] (67.4s)
PASS UIPresentation/every screen lays out; navigates and captures at fullhd across presentations and insets [display:1600x1400][artifacts][slow] (87.4s)
PASS WindowResize/native display and live preferences in software [display] (0.7s)
PASS WindowResize/native display and live preferences in OpenGL [display] (0.7s)
PASS WindowResize/cache; callbacks; reflow; context lifetime; input; minimum size and recreation in software rendering [display:1600x1400] (1.2s)
PASS WindowResize/cache; callbacks; reflow; context lifetime; input; minimum size and recreation in OpenGL [display:1600x1400] (1.3s)
PASS TorusRender/game rendering; picking and cache changes in OpenGL [display][writes-preferences] (33.3s)
PASS Settings/layout; persistence; live display changes; bindings and localization at 640x480 in OpenGL [display:1600x1400][artifacts][writes-preferences] (4.6s)
PASS HighResolutionIntegration/HD artwork; cursor scaling and replay fixture in OpenGL [display:1024x768][artifacts][writes-preferences] (34.9s)

33 passed, 0 failed, 0 skipped (474.8s of test time)
[run_tests] JUnit report: artifacts/pr-final.xml (33 cases)
