PASS FullscreenAspect/presentation; clipping; captures and input translation in software rendering [display:1600x1400] (1.8s)
PASS PointBarRender/status-bar pixel bounds in software rendering (1.8s)
PASS SettingsGraphics/text size applies to desktop and touch independently of interface scale (0.1s)
PASS SettingsGraphics/legacy preferences migrate and independent effects round trip (0.1s)
PASS FullscreenAspect/presentation; clipping; captures and input translation in OpenGL [display:1600x1400] (2.1s)
PASS Settings/layout; persistence; live display changes; bindings and localization at 1000x700 in OpenGL [display:1600x1400][artifacts][writes-preferences] (10.6s)
PASS Settings/layout; persistence; live display changes; bindings and localization at 1280x900 in OpenGL [display:1600x1400][artifacts][writes-preferences] (10.2s)
PASS Settings/layout; persistence; live display changes; bindings and localization at 1000x700 in software rendering [display:1600x1400][artifacts][writes-preferences] (17.7s)
PASS Settings/layout; persistence; live display changes; bindings and localization with expanded wording at 640x480 in OpenGL [display:1600x1400][artifacts][writes-preferences] (12.0s)
PASS TextRaster/native software glyphs at fractional scale [display][artifacts] (1.1s)
PASS TextRaster/scaled and unscaled text rasterisation [display:1600x1400][artifacts] (1.5s)
PASS TorusRender/game rendering; picking and cache changes in software rendering [writes-preferences] (4.4s)
PASS Settings/layout; persistence; live display changes; bindings and localization at 800x600 in OpenGL [display:1600x1400][artifacts][writes-preferences] (7.5s)
PASS TorusRender/game rendering at triple UI scale in OpenGL [display:1920x1440][writes-preferences] (93.0s)
PASS WindowResize/native display and live preferences in software [display] (1.3s)
PASS WindowResize/native display and live preferences in OpenGL [display] (1.2s)
PASS WindowResize/cache; callbacks; reflow; context lifetime; input; minimum size and recreation in software rendering [display:1600x1400] (2.0s)
PASS WindowResize/cache; callbacks; reflow; context lifetime; input; minimum size and recreation in OpenGL [display:1600x1400] (1.7s)
PASS Settings/layout; persistence; live display changes; bindings and localization at 640x480 in OpenGL [display:1600x1400][artifacts][writes-preferences] (6.6s)
PASS TorusRender/game rendering; picking and cache changes in OpenGL [display][writes-preferences] (119.0s)
PASS HighResolutionIntegration/HD artwork; cursor scaling and replay fixture in software rendering [display:1024x768][artifacts] (4.8s)
PASS HighResolutionIntegration/HD artwork; cursor scaling and replay fixture in OpenGL [display:1024x768][artifacts][writes-preferences] (49.5s)
PASS PointBarRender/status-bar pixel bounds in OpenGL rendering [display] (4.2s)
PASS PortableRenderer/live scale retains portable viewport ownership [display] (0.7s)
PASS PortableRenderer/zone boundaries; UI transforms and portable rendering paths [display] (1.7s)

25 passed, 0 failed, 0 skipped (356.7s of test time)
[run_tests] JUnit report: artifacts/graphics-settings/mac-pr-final.xml (25 cases)
