2026-10-10T04:08:13.0959466Z Current runner version: '2.337.0'
2026-10-10T04:08:13.0988430Z ##[group]Runner Image Provisioner
2026-10-10T04:08:13.0989440Z Hosted Compute Agent
2026-10-10T04:08:13.0990226Z Version: 20261002.596
2026-10-10T04:08:13.0991002Z Commit: c3d12f3313a95f25162a1503be624f3b0617f8c0
2026-10-10T04:08:13.0991880Z Build Date: 2026-10-02T22:28:27Z
2026-10-10T04:08:13.0992834Z Worker ID: {27dc07c0-3c0d-4127-84f8-d565eedcacf3}
2026-10-10T04:08:13.0993710Z Region: eastus
2026-10-10T04:08:13.0994355Z Cloud: Azure
2026-10-10T04:08:13.0995356Z ##[endgroup]
2026-10-10T04:08:13.0996903Z ##[group]Operating System
2026-10-10T04:08:13.0997798Z Ubuntu
2026-10-10T04:08:13.0998428Z 24.04.5
2026-10-10T04:08:13.0999026Z LTS
2026-10-10T04:08:13.0999750Z ##[endgroup]
2026-10-10T04:08:13.1000411Z ##[group]Runner Image
2026-10-10T04:08:13.1001234Z Image: ubuntu-24.04
2026-10-10T04:08:13.1001888Z Version: 20261004.327.1
2026-10-10T04:08:13.1003475Z Included Software: https://github.com/actions/runner-images/blob/ubuntu24/20261004.327/images/ubuntu/Ubuntu2404-Readme.md
2026-10-10T04:08:13.1005641Z Image Release: https://github.com/actions/runner-images/releases/tag/ubuntu24%2F20261004.327
2026-10-10T04:08:13.1006951Z ##[endgroup]
2026-10-10T04:08:13.1010889Z ##[group]GITHUB_TOKEN Permissions
2026-10-10T04:08:13.1013638Z Actions: write
2026-10-10T04:08:13.1014371Z ArtifactMetadata: write
2026-10-10T04:08:13.1015326Z Attestations: write
2026-10-10T04:08:13.1016153Z Checks: write
2026-10-10T04:08:13.1016827Z CodeQuality: write
2026-10-10T04:08:13.1017596Z Contents: write
2026-10-10T04:08:13.1018373Z CopilotRequests: write
2026-10-10T04:08:13.1019160Z Deployments: write
2026-10-10T04:08:13.1019940Z Discussions: write
2026-10-10T04:08:13.1020617Z Drives: write
2026-10-10T04:08:13.1021312Z Issues: write
2026-10-10T04:08:13.1022067Z Metadata: read
2026-10-10T04:08:13.1022755Z Models: read
2026-10-10T04:08:13.1023494Z Packages: write
2026-10-10T04:08:13.1024170Z Pages: write
2026-10-10T04:08:13.1025154Z PullRequests: write
2026-10-10T04:08:13.1025937Z RepositoryProjects: write
2026-10-10T04:08:13.1026761Z SecurityEvents: write
2026-10-10T04:08:13.1027574Z Statuses: write
2026-10-10T04:08:13.1028244Z VulnerabilityAlerts: read
2026-10-10T04:08:13.1028959Z ##[endgroup]
2026-10-10T04:08:13.1031693Z Secret source: Actions
2026-10-10T04:08:13.1032883Z Cache mode: write
2026-10-10T04:08:13.1033966Z Prepare workflow directory
2026-10-10T04:08:13.1453890Z Prepare all required actions
2026-10-10T04:08:13.1508502Z Getting action download info
2026-10-10T04:08:13.3064475Z Download action repository 'actions/checkout@v4' (SHA:11d5960a326750d5838078e36cf38b85af677262)
2026-10-10T04:08:13.4551153Z Download action repository 'actions/upload-artifact@v4' (SHA:ea165f8d65b6e75b540449e92b4886f43607fa02)
2026-10-10T04:08:13.6715860Z Complete job name: self-hosted platform stack
2026-10-10T04:08:13.7319782Z ##[group]Run actions/checkout@v4
2026-10-10T04:08:13.7320437Z with:
2026-10-10T04:08:13.7320805Z   ref: 69ef3e1b2bf453aa280a69be72f83167b1511d9d
2026-10-10T04:08:13.7321296Z   repository: Globulation2/glob2
2026-10-10T04:08:13.7324427Z   token: ***
2026-10-10T04:08:13.7324917Z   ssh-strict: true
2026-10-10T04:08:13.7325267Z   ssh-user: git
2026-10-10T04:08:13.7325619Z   persist-credentials: true
2026-10-10T04:08:13.7325996Z   clean: true
2026-10-10T04:08:13.7326363Z   sparse-checkout-cone-mode: true
2026-10-10T04:08:13.7326771Z   fetch-depth: 1
2026-10-10T04:08:13.7327109Z   fetch-tags: false
2026-10-10T04:08:13.7327465Z   show-progress: true
2026-10-10T04:08:13.7327822Z   lfs: false
2026-10-10T04:08:13.7328143Z   submodules: false
2026-10-10T04:08:13.7328489Z   set-safe-directory: true
2026-10-10T04:08:13.7328885Z   allow-unsafe-pr-checkout: false
2026-10-10T04:08:13.7329440Z env:
2026-10-10T04:08:13.7329761Z   GLOB2_DEV_MODE: isolated
2026-10-10T04:08:13.7330132Z ##[endgroup]
2026-10-10T04:08:13.8168207Z Syncing repository: Globulation2/glob2
2026-10-10T04:08:13.8170169Z ##[group]Getting Git version info
2026-10-10T04:08:13.8170959Z Working directory is '/home/runner/work/glob2/glob2'
2026-10-10T04:08:13.8172471Z [command]/usr/bin/git version
2026-10-10T04:08:13.8223130Z git version 2.55.0
2026-10-10T04:08:13.8240820Z ##[endgroup]
2026-10-10T04:08:13.8254625Z Temporarily overriding HOME='/home/runner/work/_temp/69022029-f2f4-49f6-8c3c-f6acdec48888' before making global git config changes
2026-10-10T04:08:13.8256393Z Adding repository directory to the temporary git global config as a safe directory
2026-10-10T04:08:13.8259581Z [command]/usr/bin/git config --global --add safe.directory /home/runner/work/glob2/glob2
2026-10-10T04:08:13.8310476Z Deleting the contents of '/home/runner/work/glob2/glob2'
2026-10-10T04:08:13.8315008Z ##[group]Initializing the repository
2026-10-10T04:08:13.8319041Z [command]/usr/bin/git init /home/runner/work/glob2/glob2
2026-10-10T04:08:13.8442785Z hint: Using 'master' as the name for the initial branch. This default branch name
2026-10-10T04:08:13.8444075Z hint: will change to "main" in Git 3.0. To configure the initial branch name
2026-10-10T04:08:13.8445370Z hint: to use in all of your new repositories, which will suppress this warning,
2026-10-10T04:08:13.8446271Z hint: call:
2026-10-10T04:08:13.8446768Z hint:
2026-10-10T04:08:13.8447383Z hint: 	git config --global init.defaultBranch <name>
2026-10-10T04:08:13.8448121Z hint:
2026-10-10T04:08:13.8448830Z hint: Names commonly chosen instead of 'master' are 'main', 'trunk' and
2026-10-10T04:08:13.8449915Z hint: 'development'. The just-created branch can be renamed via this command:
2026-10-10T04:08:13.8450829Z hint:
2026-10-10T04:08:13.8451379Z hint: 	git branch -m <name>
2026-10-10T04:08:13.8451954Z hint:
2026-10-10T04:08:13.8452725Z hint: Disable this message with "git config set advice.defaultBranchName false"
2026-10-10T04:08:13.8453930Z Initialized empty Git repository in /home/runner/work/glob2/glob2/.git/
2026-10-10T04:08:13.8456050Z [command]/usr/bin/git remote add origin https://github.com/Globulation2/glob2
2026-10-10T04:08:13.8500253Z ##[endgroup]
2026-10-10T04:08:13.8504235Z ##[group]Disabling automatic garbage collection
2026-10-10T04:08:13.8505305Z [command]/usr/bin/git config --local gc.auto 0
2026-10-10T04:08:13.8532366Z ##[endgroup]
2026-10-10T04:08:13.8533469Z ##[group]Setting up auth
2026-10-10T04:08:13.8539324Z [command]/usr/bin/git config --local --name-only --get-regexp core\.sshCommand
2026-10-10T04:08:13.8572871Z [command]/usr/bin/git submodule foreach --recursive sh -c "git config --local --name-only --get-regexp 'core\.sshCommand' && git config --local --unset-all 'core.sshCommand' || :"
2026-10-10T04:08:13.9836197Z [command]/usr/bin/git config --local --name-only --get-regexp http\.https\:\/\/github\.com\/\.extraheader
2026-10-10T04:08:13.9868743Z [command]/usr/bin/git submodule foreach --recursive sh -c "git config --local --name-only --get-regexp 'http\.https\:\/\/github\.com\/\.extraheader' && git config --local --unset-all 'http.https://github.com/.extraheader' || :"
2026-10-10T04:08:14.0057095Z [command]/usr/bin/git config --local --name-only --get-regexp ^includeIf\.gitdir:
2026-10-10T04:08:14.0088223Z [command]/usr/bin/git submodule foreach --recursive git config --local --show-origin --name-only --get-regexp remote.origin.url
2026-10-10T04:08:14.0275835Z [command]/usr/bin/git config --local http.https://github.com/.extraheader AUTHORIZATION: basic ***
2026-10-10T04:08:14.0312305Z ##[endgroup]
2026-10-10T04:08:14.0313168Z ##[group]Fetching the repository
2026-10-10T04:08:14.0319675Z [command]/usr/bin/git -c protocol.version=2 fetch --no-tags --prune --no-recurse-submodules --depth=1 origin 69ef3e1b2bf453aa280a69be72f83167b1511d9d
2026-10-10T04:08:20.0872213Z From https://github.com/Globulation2/glob2
2026-10-10T04:08:20.0873810Z  * branch            69ef3e1b2bf453aa280a69be72f83167b1511d9d -> FETCH_HEAD
2026-10-10T04:08:20.0882520Z ##[endgroup]
2026-10-10T04:08:20.0883650Z ##[group]Determining the checkout info
2026-10-10T04:08:20.0884612Z ##[endgroup]
2026-10-10T04:08:20.0885390Z [command]/usr/bin/git sparse-checkout disable
2026-10-10T04:08:20.0935387Z [command]/usr/bin/git config --local --unset-all extensions.worktreeConfig
2026-10-10T04:08:20.0965129Z ##[group]Checking out the ref
2026-10-10T04:08:20.0968852Z [command]/usr/bin/git checkout --progress --force 69ef3e1b2bf453aa280a69be72f83167b1511d9d
2026-10-10T04:08:21.1719175Z Updating files:  51% (10483/20365)
2026-10-10T04:08:21.1770545Z Updating files:  52% (10590/20365)
2026-10-10T04:08:21.2337115Z Updating files:  53% (10794/20365)
2026-10-10T04:08:21.2717749Z Updating files:  54% (10998/20365)
2026-10-10T04:08:21.2847005Z Updating files:  55% (11201/20365)
2026-10-10T04:08:21.2965065Z Updating files:  56% (11405/20365)
2026-10-10T04:08:21.3084542Z Updating files:  57% (11609/20365)
2026-10-10T04:08:21.3226893Z Updating files:  58% (11812/20365)
2026-10-10T04:08:21.3355217Z Updating files:  59% (12016/20365)
2026-10-10T04:08:21.3476535Z Updating files:  60% (12219/20365)
2026-10-10T04:08:21.3597493Z Updating files:  61% (12423/20365)
2026-10-10T04:08:21.3718444Z Updating files:  62% (12627/20365)
2026-10-10T04:08:21.3818446Z Updating files:  63% (12830/20365)
2026-10-10T04:08:21.3921497Z Updating files:  64% (13034/20365)
2026-10-10T04:08:21.4045895Z Updating files:  65% (13238/20365)
2026-10-10T04:08:21.4163574Z Updating files:  66% (13441/20365)
2026-10-10T04:08:21.4272930Z Updating files:  67% (13645/20365)
2026-10-10T04:08:21.4379586Z Updating files:  68% (13849/20365)
2026-10-10T04:08:21.4482857Z Updating files:  69% (14052/20365)
2026-10-10T04:08:21.4666268Z Updating files:  70% (14256/20365)
2026-10-10T04:08:21.4772692Z Updating files:  71% (14460/20365)
2026-10-10T04:08:21.4841615Z Updating files:  72% (14663/20365)
2026-10-10T04:08:21.4925097Z Updating files:  73% (14867/20365)
2026-10-10T04:08:21.5005171Z Updating files:  74% (15071/20365)
2026-10-10T04:08:21.5077891Z Updating files:  75% (15274/20365)
2026-10-10T04:08:21.5313448Z Updating files:  76% (15478/20365)
2026-10-10T04:08:21.5420197Z Updating files:  77% (15682/20365)
2026-10-10T04:08:21.5586630Z Updating files:  78% (15885/20365)
2026-10-10T04:08:21.5711876Z Updating files:  79% (16089/20365)
2026-10-10T04:08:21.5856787Z Updating files:  80% (16292/20365)
2026-10-10T04:08:21.5982009Z Updating files:  81% (16496/20365)
2026-10-10T04:08:22.0310022Z Updating files:  82% (16700/20365)
2026-10-10T04:08:22.0414274Z Updating files:  83% (16903/20365)
2026-10-10T04:08:22.0719458Z Updating files:  84% (17107/20365)
2026-10-10T04:08:22.0803569Z Updating files:  85% (17311/20365)
2026-10-10T04:08:22.0877803Z Updating files:  86% (17514/20365)
2026-10-10T04:08:22.0983692Z Updating files:  87% (17718/20365)
2026-10-10T04:08:22.1102361Z Updating files:  88% (17922/20365)
2026-10-10T04:08:22.1147729Z Updating files:  88% (18050/20365)
2026-10-10T04:08:22.1262291Z Updating files:  89% (18125/20365)
2026-10-10T04:08:22.1385416Z Updating files:  90% (18329/20365)
2026-10-10T04:08:22.1524915Z Updating files:  91% (18533/20365)
2026-10-10T04:08:22.1677390Z Updating files:  92% (18736/20365)
2026-10-10T04:08:22.1791486Z Updating files:  93% (18940/20365)
2026-10-10T04:08:22.1903923Z Updating files:  94% (19144/20365)
2026-10-10T04:08:22.2201486Z Updating files:  95% (19347/20365)
2026-10-10T04:08:22.2379747Z Updating files:  96% (19551/20365)
2026-10-10T04:08:22.2947051Z Updating files:  97% (19755/20365)
2026-10-10T04:08:22.3121456Z Updating files:  98% (19958/20365)
2026-10-10T04:08:22.3259418Z Updating files:  99% (20162/20365)
2026-10-10T04:08:22.3260209Z Updating files: 100% (20365/20365)
2026-10-10T04:08:22.3261178Z Updating files: 100% (20365/20365), done.
2026-10-10T04:08:22.3386108Z Note: switching to '69ef3e1b2bf453aa280a69be72f83167b1511d9d'.
2026-10-10T04:08:22.3386485Z 
2026-10-10T04:08:22.3386816Z You are in 'detached HEAD' state. You can look around, make experimental
2026-10-10T04:08:22.3387418Z changes and commit them, and you can discard any commits you make in this
2026-10-10T04:08:22.3388042Z state without impacting any branches by switching back to a branch.
2026-10-10T04:08:22.3388390Z 
2026-10-10T04:08:22.3388616Z If you want to create a new branch to retain commits you create, you may
2026-10-10T04:08:22.3389507Z do so (now or later) by using -c with the switch command. Example:
2026-10-10T04:08:22.3389834Z 
2026-10-10T04:08:22.3389970Z   git switch -c <new-branch-name>
2026-10-10T04:08:22.3390196Z 
2026-10-10T04:08:22.3390320Z Or undo this operation with:
2026-10-10T04:08:22.3390530Z 
2026-10-10T04:08:22.3390644Z   git switch -
2026-10-10T04:08:22.3390796Z 
2026-10-10T04:08:22.3391070Z Turn off this advice by setting config variable advice.detachedHead to false
2026-10-10T04:08:22.3391455Z 
2026-10-10T04:08:22.3391805Z HEAD is now at 69ef3e1 Revamp Glob2 as a self-describing CLI 2 and migrate its consumers (#1051)
2026-10-10T04:08:22.3434861Z ##[endgroup]
2026-10-10T04:08:22.3477602Z [command]/usr/bin/git log -1 --format=%H
2026-10-10T04:08:22.3504438Z 69ef3e1b2bf453aa280a69be72f83167b1511d9d
2026-10-10T04:08:22.3691327Z ##[group]Run sudo apparmor_parser -r deploy/security/glob2-engine.apparmor
2026-10-10T04:08:22.3691812Z [36;1msudo apparmor_parser -r deploy/security/glob2-engine.apparmor[0m
2026-10-10T04:08:22.3692243Z [36;1msudo apparmor_parser -r deploy/security/glob2-ai-music.apparmor[0m
2026-10-10T04:08:22.3910282Z shell: /usr/bin/bash -e {0}
2026-10-10T04:08:22.3910514Z env:
2026-10-10T04:08:22.3910705Z   GLOB2_DEV_MODE: isolated
2026-10-10T04:08:22.3910903Z ##[endgroup]
2026-10-10T04:08:22.4557946Z ##[group]Run python3 test/deployment/platform_stack_smoke.py --jobs 4 --log-dir artifacts/platform-stack
2026-10-10T04:08:22.4558553Z [36;1mpython3 test/deployment/platform_stack_smoke.py --jobs 4 --log-dir artifacts/platform-stack[0m
2026-10-10T04:08:22.4615170Z shell: /usr/bin/bash -e {0}
2026-10-10T04:08:22.4615373Z env:
2026-10-10T04:08:22.4615538Z   GLOB2_DEV_MODE: isolated
2026-10-10T04:08:22.4615731Z ##[endgroup]
2026-10-10T04:08:22.5625927Z Traceback (most recent call last):
2026-10-10T04:08:22.5626734Z   File "/home/runner/work/glob2/glob2/test/deployment/platform_stack_smoke.py", line 716, in <module>
2026-10-10T04:08:22.5627148Z     sys.exit(main())
2026-10-10T04:08:22.5627508Z              ^^^^^^
2026-10-10T04:08:22.5627842Z   File "/home/runner/work/glob2/glob2/test/deployment/platform_stack_smoke.py", line 695, in main
2026-10-10T04:08:22.5628753Z     parser.add_argument('info', 'sim-version', '--format', 'json', help='with --attach: expected sim version key (default: this checkout)')
2026-10-10T04:08:22.5629572Z   File "/usr/lib/python3.12/argparse.py", line 1475, in add_argument
2026-10-10T04:08:22.5636634Z     kwargs = self._get_optional_kwargs(*args, **kwargs)
2026-10-10T04:08:22.5637055Z              ^^^^^^^^^^^^^^^^^^^^^^^^^^^^^^^^^^^^^^^^^^
2026-10-10T04:08:22.5637538Z   File "/usr/lib/python3.12/argparse.py", line 1610, in _get_optional_kwargs
2026-10-10T04:08:22.5638553Z     raise ValueError(msg % args)
2026-10-10T04:08:22.5639683Z ValueError: invalid option string 'info': must start with a character '-'
2026-10-10T04:08:22.5788494Z ##[error]Process completed with exit code 1.
2026-10-10T04:08:22.5854039Z ##[group]Run actions/upload-artifact@v4
2026-10-10T04:08:22.5854300Z with:
2026-10-10T04:08:22.5854476Z   name: platform-stack-smoke
2026-10-10T04:08:22.5854685Z   path: artifacts/platform-stack
2026-10-10T04:08:22.5855183Z   if-no-files-found: ignore
2026-10-10T04:08:22.5855450Z   compression-level: 6
2026-10-10T04:08:22.5855716Z   overwrite: false
2026-10-10T04:08:22.5855914Z   include-hidden-files: false
2026-10-10T04:08:22.5856104Z env:
2026-10-10T04:08:22.5856267Z   GLOB2_DEV_MODE: isolated
2026-10-10T04:08:22.5856451Z ##[endgroup]
2026-10-10T04:08:22.7172532Z (node:2113) [DEP0040] DeprecationWarning: The `punycode` module is deprecated. Please use a userland alternative instead.
2026-10-10T04:08:22.7173241Z (Use `node --trace-deprecation ...` to show where the warning was created)
2026-10-10T04:08:22.7186134Z No files were found with the provided path: artifacts/platform-stack. No artifacts will be uploaded.
2026-10-10T04:08:22.7348563Z ##[group]Run python3 test/ci_step_summary.py
2026-10-10T04:08:22.7349001Z [36;1mpython3 test/ci_step_summary.py[0m
2026-10-10T04:08:22.7421150Z shell: /usr/bin/bash -e {0}
2026-10-10T04:08:22.7421459Z env:
2026-10-10T04:08:22.7421703Z   GLOB2_DEV_MODE: isolated
2026-10-10T04:08:22.7423401Z   CI_STEPS_JSON: {
  "actions_checkout_v4_1": {
    "outputs": {
      "commit": "69ef3e1b2bf453aa280a69be72f83167b1511d9d",
      "ref": ""
    },
    "outcome": "success",
    "conclusion": "success"
  },
  "smoke_test_the_platform_stack": {
    "outputs": {},
    "outcome": "failure",
    "conclusion": "success"
  },
  "upload_platform_stack_logs": {
    "outputs": {},
    "outcome": "success",
    "conclusion": "success"
  }
}
2026-10-10T04:08:22.7425323Z ##[endgroup]
2026-10-10T04:08:22.7730124Z ## CI check results
2026-10-10T04:08:22.7730341Z 
2026-10-10T04:08:22.7730490Z - Failed: `smoke_test_the_platform_stack`
2026-10-10T04:08:22.7730819Z 
2026-10-10T04:08:22.7768106Z ##[error]Process completed with exit code 1.
2026-10-10T04:08:22.7871296Z Post job cleanup.
2026-10-10T04:08:22.8560728Z [command]/usr/bin/git version
2026-10-10T04:08:22.8594892Z git version 2.55.0
2026-10-10T04:08:22.8625934Z Temporarily overriding HOME='/home/runner/work/_temp/0c2c6fdd-e572-4c9e-be66-57fd020b4208' before making global git config changes
2026-10-10T04:08:22.8626968Z Adding repository directory to the temporary git global config as a safe directory
2026-10-10T04:08:22.8630150Z [command]/usr/bin/git config --global --add safe.directory /home/runner/work/glob2/glob2
2026-10-10T04:08:22.8662110Z [command]/usr/bin/git config --local --name-only --get-regexp core\.sshCommand
2026-10-10T04:08:22.8691003Z [command]/usr/bin/git submodule foreach --recursive sh -c "git config --local --name-only --get-regexp 'core\.sshCommand' && git config --local --unset-all 'core.sshCommand' || :"
2026-10-10T04:08:22.8917212Z [command]/usr/bin/git config --local --name-only --get-regexp http\.https\:\/\/github\.com\/\.extraheader
2026-10-10T04:08:22.8965615Z http.https://github.com/.extraheader
2026-10-10T04:08:22.8966884Z [command]/usr/bin/git config --local --unset-all http.https://github.com/.extraheader
2026-10-10T04:08:22.8998851Z [command]/usr/bin/git submodule foreach --recursive sh -c "git config --local --name-only --get-regexp 'http\.https\:\/\/github\.com\/\.extraheader' && git config --local --unset-all 'http.https://github.com/.extraheader' || :"
2026-10-10T04:08:22.9221144Z [command]/usr/bin/git config --local --name-only --get-regexp ^includeIf\.gitdir:
2026-10-10T04:08:22.9255570Z [command]/usr/bin/git submodule foreach --recursive git config --local --show-origin --name-only --get-regexp remote.origin.url
2026-10-10T04:08:22.9614304Z Cleaning up orphan processes
2026-10-10T04:08:22.9845596Z ##[warning]Node.js 20 is deprecated. The following actions target Node.js 20 but are being forced to run on Node.js 24: actions/checkout@v4, actions/upload-artifact@v4. For more information see: https://github.blog/changelog/2025-09-19-deprecation-of-node-20-on-github-actions-runners/
