
> @glob2/web@0.1.0 build
> vite build

vite v8.3.2 building client environment for production...
transforming...
✓ 779 modules transformed.
rendering chunks...
computing gzip size...
dist/index.html                                        1.24 kB │ gzip:   0.60 kB
dist/assets/hospital-CZ8mxl8H.webp                     4.16 kB
dist/assets/glob-64-DRYAgOz9.png                       4.51 kB
dist/assets/school-3kPEHozp.webp                       4.60 kB
dist/assets/war-flag-ClpBapaP.webp                     4.61 kB
dist/assets/exploration-flag-DEYVuIyb.webp             5.54 kB
dist/assets/wood-BvhIq-A_.webp                         5.59 kB
dist/assets/clearing-flag-Dr2FX3nZ.webp                5.94 kB
dist/assets/stone-CR7HLFDE.webp                        6.14 kB
dist/assets/racetrack-BEfp0i51.webp                    6.45 kB
dist/assets/inn-pEFHk1BY.webp                          6.51 kB
dist/assets/fruit-C8P4nJfl.webp                        7.36 kB
dist/assets/papyrus-sl-e5iDV.webp                      7.49 kB
dist/assets/algae-Cf7k497T.webp                        7.53 kB
dist/assets/swarm-C7Cw-oud.webp                        9.26 kB
dist/assets/wordmark-letters-Cs-rHGsD.webp            14.87 kB
dist/assets/explorer-west-DFIszYPU.webp               20.89 kB
dist/assets/worker-east-Bqinqqlq.webp                 22.38 kB
dist/assets/worker-west-DG0XWj8f.webp                 23.28 kB
dist/assets/warrior-east-BQEGqC40.webp                29.46 kB
dist/assets/nunito-latin-wght-normal-BzFMHfZw.woff2   39.12 kB
dist/assets/colony-960-CjmrWzyt.webp                  96.84 kB
dist/assets/colony-1600-CJWZJSba.webp                220.64 kB
dist/assets/Account-BY2xzm8t.css                       1.05 kB │ gzip:   0.43 kB
dist/assets/index-DwmIcRni.css                        51.32 kB │ gzip:  14.22 kB
dist/assets/LineChart-oOVGOz9Y.js                      4.36 kB │ gzip:   1.91 kB │ map:    16.65 kB
dist/assets/Player-BTzwySsM.js                         8.88 kB │ gzip:   3.00 kB │ map:    26.64 kB
dist/assets/Admin-CQes6oTC.js                         10.85 kB │ gzip:   3.43 kB │ map:    31.69 kB
dist/assets/MapStudio-CRCKjzVb.js                     12.44 kB │ gzip:   4.23 kB │ map:    39.84 kB
dist/assets/Match-8zHaUSmU.js                         15.99 kB │ gzip:   5.12 kB │ map:    46.49 kB
dist/assets/state-DBjVoPeo.js                         16.37 kB │ gzip:   6.08 kB │ map:    55.25 kB
dist/assets/Maps-N9e6jSsT.js                          19.00 kB │ gzip:   5.77 kB │ map:    56.17 kB
dist/assets/Account-BtXeM_Q3.js                       33.59 kB │ gzip:  10.17 kB │ map:   110.30 kB
dist/assets/index-CRWQvdz1.js                        472.25 kB │ gzip: 148.53 kB │ map: 2,409.92 kB

✓ built in 751ms

> @glob2/web@0.1.0 e2e
> playwright test -c e2e/playwright.config.ts players.spec.ts smoke.spec.ts

[WebServer] (node:2388155) Warning: The 'NO_COLOR' env is ignored due to the 'FORCE_COLOR' env being set.
[WebServer] (Use `node --trace-warnings ...` to show where the warning was created)

Running 40 tests using 1 worker

(node:2389732) Warning: The 'NO_COLOR' env is ignored due to the 'FORCE_COLOR' env being set.
(Use `node --trace-warnings ...` to show where the warning was created)
  ✓   1 [desktop] › e2e/players.spec.ts:13:3 › directory, AI profile, rankings and photos (light) (6.3s)
  ✓   2 [desktop] › e2e/players.spec.ts:13:3 › directory, AI profile, rankings and photos (dark) (7.2s)
  ✓   3 [desktop] › e2e/players.spec.ts:146:1 › keyboard directory navigation keeps the active result in view (612ms)
  ✓   4 [desktop] › e2e/smoke.spec.ts:101:1 › home shows the colony, ways in, live stats, ladders, maps and matches (4.0s)
  ✓   5 [desktop] › e2e/smoke.spec.ts:131:1 › home: navigation and play controls remain reachable beside the colony (725ms)
  ✓   6 [desktop] › e2e/smoke.spec.ts:162:1 › missing pages and items have a heading and a title (583ms)
  ✓   7 [desktop] › e2e/smoke.spec.ts:170:1 › join with code opens the invite page; bad codes explain themselves (795ms)
  ✓   8 [desktop] › e2e/smoke.spec.ts:183:1 › server-rendered invite and sign-in pages share the look (4.4s)
  ✓   9 [desktop] › e2e/smoke.spec.ts:204:1 › leaderboard ranks players and lists AIs per version (2.9s)
  ✓  10 [desktop] › e2e/smoke.spec.ts:216:1 › player profile shows ratings, graph, aggregates and matches (5.8s)
  ✓  11 [desktop] › e2e/smoke.spec.ts:234:1 › match page shows players, charts, verification and the replay (6.9s)
  ✓  12 [desktop] › e2e/smoke.spec.ts:262:1 › recent matches list filters by queue (3.0s)
  ✓  13 [desktop] › e2e/smoke.spec.ts:268:1 › map catalog, map page and signed-in like (10.4s)
  ✓  14 [desktop] › e2e/smoke.spec.ts:308:1 › moderation pages for administrators only (6.7s)
  ✓  15 [desktop] › e2e/smoke.spec.ts:331:1 › account page signed out and signed in (2.4s)
  ✓  16 [desktop] › e2e/smoke.spec.ts:344:1 › the theme toggle cycles system, light and dark and is remembered (883ms)
  ✓  17 [desktop] › e2e/smoke.spec.ts:370:1 › keyboard: skip link first, visible focus, focus moves to new pages (606ms)
  ✓  18 [desktop] › e2e/smoke.spec.ts:387:1 › the colony moves, can be paused, and keeps still for reduced motion (729ms)
  -  19 [desktop] › e2e/smoke.spec.ts:404:1 › phones: no sideways scrolling at 320 and 430 px, 44 px touch targets
  -  20 [desktop] › e2e/smoke.spec.ts:453:1 › watch in browser opens the replay in the browser game
(node:2406561) Warning: The 'NO_COLOR' env is ignored due to the 'FORCE_COLOR' env being set.
(Use `node --trace-warnings ...` to show where the warning was created)
  ✓  21 [phone] › e2e/players.spec.ts:13:3 › directory, AI profile, rankings and photos (light) (6.3s)
  ✓  22 [phone] › e2e/players.spec.ts:13:3 › directory, AI profile, rankings and photos (dark) (7.0s)
  ✓  23 [phone] › e2e/players.spec.ts:146:1 › keyboard directory navigation keeps the active result in view (601ms)
  ✓  24 [phone] › e2e/smoke.spec.ts:101:1 › home shows the colony, ways in, live stats, ladders, maps and matches (3.0s)
  ✓  25 [phone] › e2e/smoke.spec.ts:131:1 › home: navigation and play controls remain reachable beside the colony (728ms)
  ✓  26 [phone] › e2e/smoke.spec.ts:162:1 › missing pages and items have a heading and a title (544ms)
  ✓  27 [phone] › e2e/smoke.spec.ts:170:1 › join with code opens the invite page; bad codes explain themselves (638ms)
  ✓  28 [phone] › e2e/smoke.spec.ts:183:1 › server-rendered invite and sign-in pages share the look (4.1s)
  ✓  29 [phone] › e2e/smoke.spec.ts:204:1 › leaderboard ranks players and lists AIs per version (2.2s)
  ✓  30 [phone] › e2e/smoke.spec.ts:216:1 › player profile shows ratings, graph, aggregates and matches (4.9s)
  ✓  31 [phone] › e2e/smoke.spec.ts:234:1 › match page shows players, charts, verification and the replay (6.1s)
  ✓  32 [phone] › e2e/smoke.spec.ts:262:1 › recent matches list filters by queue (2.1s)
  ✓  33 [phone] › e2e/smoke.spec.ts:268:1 › map catalog, map page and signed-in like (9.2s)
  ✓  34 [phone] › e2e/smoke.spec.ts:308:1 › moderation pages for administrators only (5.1s)
  ✓  35 [phone] › e2e/smoke.spec.ts:331:1 › account page signed out and signed in (2.0s)
  ✓  36 [phone] › e2e/smoke.spec.ts:344:1 › the theme toggle cycles system, light and dark and is remembered (974ms)
  -  37 [phone] › e2e/smoke.spec.ts:370:1 › keyboard: skip link first, visible focus, focus moves to new pages
  ✓  38 [phone] › e2e/smoke.spec.ts:387:1 › the colony moves, can be paused, and keeps still for reduced motion (618ms)
  ✓  39 [phone] › e2e/smoke.spec.ts:404:1 › phones: no sideways scrolling at 320 and 430 px, 44 px touch targets (22.0s)
  -  40 [phone] › e2e/smoke.spec.ts:453:1 › watch in browser opens the replay in the browser game

  4 skipped
  36 passed (2.5m)
