PASS BuildingGradientInvalidation/centre placed inside an existing ring (0.1s)
PASS BuildingGradientInvalidation/a paused field keeps its original obstacles (0.1s)
PASS BuildingGradientInvalidation/ring placed around an existing field (0.1s)
PASS BuildingGradientInvalidation/a rival teams ring cuts off a cached field (0.1s)
PASS BuildingGradientInvalidation/prediction retains reader demand across rebuilds and save completion (0.1s)
PASS BuildingGradientInvalidation/a ring cuts off a virtual flags field (0.1s)
PASS BuildingGradientInvalidation/public reads resolve their inputs (0.1s)
PASS BuildingGradientInvalidation/idle field storage is reused without stale routes (0.1s)
PASS BuildingGradientInvalidation/synchronous rebuilds and lifecycle hooks supersede pending jobs that share a deadline (0.1s)
PASS BuildingGradientInvalidation/requests during team stepping are captured at the observation boundary (0.1s)
PASS BuildingGradientInvalidation/a deleted building's pending result cannot replace a reused destination (0.1s)
PASS BuildingGradientInvalidation/delayed fields (0.3s)
PASS BuildingGradientInvalidation/partial scheduled fields resume on the owner from transferred buckets (0.1s)
PASS BuildingGradientInvalidation/access metadata follows the newest capture across swim classes and saves (0.1s)
PASS BuildingGradientInvalidation/same-tick swim classes write access metadata in request order (0.1s)
PASS BuildingGradientInvalidation/an empty building pipeline follows a changed header delay through save and load (0.1s)
PASS BuildingGradientInvalidation/area and team-wide resets keep stale walking fields serving with the pipeline on (0.1s)
PASS BuildingGradientInvalidation/scheduled building fields publish at fixed deadlines across worker counts and delays (0.3s)
PASS BuildingGradientInvalidation/a pending result keeps the generation a team-local edit carries forward (0.1s)
PASS BuildingGradientInvalidation/slow and failing workers never change the publication tick (0.2s)
PASS BuildingGradientInvalidation/snapshot building seeds and captured-input searches match the synchronous kernels for every route and swim class (0.6s)
PASS BuildingGradientInvalidation/pending building results survive save boundaries and cannot resurrect evicted fields (0.6s)

22 passed, 0 failed, 0 skipped (3.5s of test time)
[run_tests] JUnit report: artifacts/depth-feedback-pr/building-gradient.xml (22 cases)
