test_batch_retains_requested_draft_tests_but_excludes_cheap_runs (test_ci_batch_metrics.BatchTest.test_batch_retains_requested_draft_tests_but_excludes_cheap_runs) ... ok
test_batch_skips_measured_attempts_and_cancelled_runs (test_ci_batch_metrics.BatchTest.test_batch_skips_measured_attempts_and_cancelled_runs) ... ok
test_cold_batch_bounds_api_work_and_retries_unavailable_measurements (test_ci_batch_metrics.BatchTest.test_cold_batch_bounds_api_work_and_retries_unavailable_measurements) ... ok
test_previous_state_is_inert_json (test_ci_batch_metrics.BatchTest.test_previous_state_is_inert_json) ... ok
test_ai_and_ui_changes_skip_map_sweep_and_deployment (test_ci_changed_paths.ChangedPathsTest.test_ai_and_ui_changes_skip_map_sweep_and_deployment) ... ok
test_browser_shell_only (test_ci_changed_paths.ChangedPathsTest.test_browser_shell_only) ... ok
test_ci_tool_tests_only_run_selector_contracts (test_ci_changed_paths.ChangedPathsTest.test_ci_tool_tests_only_run_selector_contracts) ... ok
test_cross_platform_fixtures_run_everything (test_ci_changed_paths.ChangedPathsTest.test_cross_platform_fixtures_run_everything) ... ok
test_deployment_changes_only_run_browser_and_deployment (test_ci_changed_paths.ChangedPathsTest.test_deployment_changes_only_run_browser_and_deployment) ... ok
test_documentation_only (test_ci_changed_paths.ChangedPathsTest.test_documentation_only) ... ok
test_downloaded_native_archives_do_not_dirty_source_provenance (test_ci_changed_paths.ChangedPathsTest.test_downloaded_native_archives_do_not_dirty_source_provenance) ... ok
test_drawing_implementations_keep_all_platforms_without_map_sweeps (test_ci_changed_paths.ChangedPathsTest.test_drawing_implementations_keep_all_platforms_without_map_sweeps) ... ok
test_empty_diff_runs_everything (test_ci_changed_paths.ChangedPathsTest.test_empty_diff_runs_everything) ... ok
test_every_inline_build_checks_out_the_selected_revision (test_ci_changed_paths.ChangedPathsTest.test_every_inline_build_checks_out_the_selected_revision) ... ok
test_golden_table_only_runs_golden_job (test_ci_changed_paths.ChangedPathsTest.test_golden_table_only_runs_golden_job) ... ok
test_javascript_evidence_steps_are_visible_to_ci_failure_summary (test_ci_changed_paths.ChangedPathsTest.test_javascript_evidence_steps_are_visible_to_ci_failure_summary) ... ok
test_lightweight_suites_are_executed_and_packaging_paths_remain (test_ci_changed_paths.ChangedPathsTest.test_lightweight_suites_are_executed_and_packaging_paths_remain) ... ok
test_linux_platform_tests_depend_only_on_their_own_build (test_ci_changed_paths.ChangedPathsTest.test_linux_platform_tests_depend_only_on_their_own_build) ... ok
test_match_record_fixture_runs_native_browser_and_comparison (test_ci_changed_paths.ChangedPathsTest.test_match_record_fixture_runs_native_browser_and_comparison) ... ok
test_mixed_independent_changes (test_ci_changed_paths.ChangedPathsTest.test_mixed_independent_changes) ... ok
test_music_pipeline_and_soundtrack_sets (test_ci_changed_paths.ChangedPathsTest.test_music_pipeline_and_soundtrack_sets) ... ok
test_native_test_only (test_ci_changed_paths.ChangedPathsTest.test_native_test_only) ... ok
test_network_changes_keep_deployment (test_ci_changed_paths.ChangedPathsTest.test_network_changes_keep_deployment) ... ok
test_platform_docs_only (test_ci_changed_paths.ChangedPathsTest.test_platform_docs_only) ... ok
test_platform_only (test_ci_changed_paths.ChangedPathsTest.test_platform_only) ... ok
test_platform_stack_paths (test_ci_changed_paths.ChangedPathsTest.test_platform_stack_paths) ... ok
test_protocol_fixtures_run_platform_and_native_contract_tests (test_ci_changed_paths.ChangedPathsTest.test_protocol_fixtures_run_platform_and_native_contract_tests) ... ok
test_relay_changes_run_the_relay_job_only (test_ci_changed_paths.ChangedPathsTest.test_relay_changes_run_the_relay_job_only) ... ok
test_shared_scripting_changes_run_native_browser_and_comparison (test_ci_changed_paths.ChangedPathsTest.test_shared_scripting_changes_run_native_browser_and_comparison) ... ok
test_shared_source_runs_everything (test_ci_changed_paths.ChangedPathsTest.test_shared_source_runs_everything) ... ok
test_transport_fixture_only_runs_browser_jobs (test_ci_changed_paths.ChangedPathsTest.test_transport_fixture_only_runs_browser_jobs) ... ok
test_windows_cache_writes_require_authorized_event_and_successful_build (test_ci_changed_paths.ChangedPathsTest.test_windows_cache_writes_require_authorized_event_and_successful_build) ... ok
test_windows_git_newline_policy_is_pinned_before_cache_and_build (test_ci_changed_paths.ChangedPathsTest.test_windows_git_newline_policy_is_pinned_before_cache_and_build) ... ok
test_workspace_compiler_caches_do_not_dirty_source_provenance (test_ci_changed_paths.ChangedPathsTest.test_workspace_compiler_caches_do_not_dirty_source_provenance) ... ok
test_queued_workflow_with_active_or_completed_job_is_protected (test_ci_concurrency.MasterExecutionTest.test_queued_workflow_with_active_or_completed_job_is_protected) ... ok
test_unknown_execution_is_protected_and_current_attempt_is_queried (test_ci_concurrency.MasterExecutionTest.test_unknown_execution_is_protected_and_current_attempt_is_queried) ... ok
test_closed_pull_requests_cancel_everything_but_keep_branch_pushes (test_ci_concurrency.SelectionTest.test_closed_pull_requests_cancel_everything_but_keep_branch_pushes) ... ok
test_default_branch_is_opt_in_and_keeps_its_newest_run (test_ci_concurrency.SelectionTest.test_default_branch_is_opt_in_and_keeps_its_newest_run) ... ok
test_fork_branch_with_same_name_is_a_different_head (test_ci_concurrency.SelectionTest.test_fork_branch_with_same_name_is_a_different_head) ... ok
test_legacy_release_pr_runs_are_retired_even_at_the_current_head (test_ci_concurrency.SelectionTest.test_legacy_release_pr_runs_are_retired_even_at_the_current_head) ... ok
test_only_runs_for_an_outdated_head_are_cancelled (test_ci_concurrency.SelectionTest.test_only_runs_for_an_outdated_head_are_cancelled) ... ok
test_release_dispatch_current_and_unknown_runs_are_protected (test_ci_concurrency.SelectionTest.test_release_dispatch_current_and_unknown_runs_are_protected) ... ok
test_called_workflows_never_share_their_callers_group (test_ci_concurrency.WorkflowConcurrencyTest.test_called_workflows_never_share_their_callers_group) ... ok
test_canceller_covers_every_event_triggered_ci_workflow (test_ci_concurrency.WorkflowConcurrencyTest.test_canceller_covers_every_event_triggered_ci_workflow) ... ok
test_ci_workflows_cancel_superseded_pull_request_and_branch_runs (test_ci_concurrency.WorkflowConcurrencyTest.test_ci_workflows_cancel_superseded_pull_request_and_branch_runs) ... ok
test_classification_names_existing_workflows (test_ci_concurrency.WorkflowConcurrencyTest.test_classification_names_existing_workflows) ... ok
test_release_workflows_never_cancel_in_progress (test_ci_concurrency.WorkflowConcurrencyTest.test_release_workflows_never_cancel_in_progress) ... ok
test_browser_compatibility_keeps_every_engine_and_thread_variant (test_ci_policy.PolicyTest.test_browser_compatibility_keeps_every_engine_and_thread_variant) ... ok
test_checkpoint_never_uses_divergent_or_unattested_revision (test_ci_policy.PolicyTest.test_checkpoint_never_uses_divergent_or_unattested_revision) ... ok
test_labels_only_expand (test_ci_policy.PolicyTest.test_labels_only_expand) ... ok
test_master_always_full_and_nightly_reuse_is_not_a_checkpoint (test_ci_policy.PolicyTest.test_master_always_full_and_nightly_reuse_is_not_a_checkpoint) ... ok
test_music_pipeline_is_a_cheap_job_and_sets_are_packaged_data (test_ci_policy.PolicyTest.test_music_pipeline_is_a_cheap_job_and_sets_are_packaged_data) ... ok
test_music_runtime_boundaries_select_their_consumers (test_ci_policy.PolicyTest.test_music_runtime_boundaries_select_their_consumers) ... ok
test_platform_stack_smoke_follows_the_stack_inputs (test_ci_policy.PolicyTest.test_platform_stack_smoke_follows_the_stack_inputs) ... ok
test_portable_cases_remain_primary_and_simulation_adds_compatibility (test_ci_policy.PolicyTest.test_portable_cases_remain_primary_and_simulation_adds_compatibility) ... ok
test_pr_requests_and_label_removal (test_ci_policy.PolicyTest.test_pr_requests_and_label_removal) ... ok
test_release_metadata_does_not_compile_engine (test_ci_policy.PolicyTest.test_release_metadata_does_not_compile_engine) ... ok
test_rendering_mobile_maps_and_network_have_distinct_boundaries (test_ci_policy.PolicyTest.test_rendering_mobile_maps_and_network_have_distinct_boundaries) ... ok
test_shared_unknown_and_unavailable_inputs_fail_closed (test_ci_policy.PolicyTest.test_shared_unknown_and_unavailable_inputs_fail_closed) ... ok
test_terrain_catalog_and_compiler_are_shared_boundaries (test_ci_policy.PolicyTest.test_terrain_catalog_and_compiler_are_shared_boundaries) ... ok
test_tests_beside_code_select_as_tests (test_ci_policy.PolicyTest.test_tests_beside_code_select_as_tests) ... ok
test_timing_inventory_does_not_change_for_equivalent_policy_implementation (test_ci_policy.PolicyTest.test_timing_inventory_does_not_change_for_equivalent_policy_implementation) ... ok
test_cleanup_protects_open_pr_and_newest_master_generations (test_ci_policy.ReuseTest.test_cleanup_protects_open_pr_and_newest_master_generations) ... ok
test_different_case_inventories_do_not_produce_speed_comparisons (test_ci_policy.ReuseTest.test_different_case_inventories_do_not_produce_speed_comparisons) ... ok
test_native_and_browser_evidence_must_include_every_selected_identity (test_ci_policy.ReuseTest.test_native_and_browser_evidence_must_include_every_selected_identity) ... ok
test_native_coverage_audit_rejects_duplicate_missing_and_disagreeing_shards (test_ci_policy.ReuseTest.test_native_coverage_audit_rejects_duplicate_missing_and_disagreeing_shards) ... ok
test_restored_dependencies_require_matching_identity_and_exact_content (test_ci_policy.ReuseTest.test_restored_dependencies_require_matching_identity_and_exact_content) ... ok
test_p90_requires_ten_exact_coverage_samples (test_ci_run_metrics.FeedbackTest.test_p90_requires_ten_exact_coverage_samples) ... ok
test_all_artifact_pages_are_read_for_large_full_matrix (test_ci_run_metrics.MetricsTest.test_all_artifact_pages_are_read_for_large_full_matrix) ... ok
test_comparison_requires_ten_successes_and_matching_coverage (test_ci_run_metrics.MetricsTest.test_comparison_requires_ten_successes_and_matching_coverage) ... ok
test_idle_gaps_do_not_count_as_execution_and_overlap_is_not_double_counted (test_ci_run_metrics.MetricsTest.test_idle_gaps_do_not_count_as_execution_and_overlap_is_not_double_counted) ... ok
test_master_and_nightly_are_full_not_last_push_diff (test_ci_run_metrics.MetricsTest.test_master_and_nightly_are_full_not_last_push_diff) ... ok
test_queue_and_execution_are_separate_and_empty_cancelled_jobs_cost_zero (test_ci_run_metrics.MetricsTest.test_queue_and_execution_are_separate_and_empty_cancelled_jobs_cost_zero) ... ok
test_cheap_contract_summary_and_missing_jobs (test_ci_tiers.AggregateGateTest.test_cheap_contract_summary_and_missing_jobs) ... ok
test_primary_gcc_gate_rejects_unexpected_compatibility_results (test_ci_tiers.AggregateGateTest.test_primary_gcc_gate_rejects_unexpected_compatibility_results) ... ok
test_selected_failures_and_cancellations_cannot_pass (test_ci_tiers.AggregateGateTest.test_selected_failures_and_cancellations_cannot_pass) ... ok
test_nightly_reuses_only_exact_full_available_evidence (test_ci_tiers.BaselineTest.test_nightly_reuses_only_exact_full_available_evidence) ... ok
test_only_successful_proven_full_master_baseline_activates (test_ci_tiers.BaselineTest.test_only_successful_proven_full_master_baseline_activates) ... ok
test_ci_contract_tests_do_not_select_mobile_or_compatibility (test_ci_tiers.TierTest.test_ci_contract_tests_do_not_select_mobile_or_compatibility) ... ok
test_complete_browser_inventory_keeps_every_command (test_ci_tiers.TierTest.test_complete_browser_inventory_keeps_every_command) ... ok
test_contract_only_selection_is_lightweight_before_tiers_are_enabled (test_ci_tiers.TierTest.test_contract_only_selection_is_lightweight_before_tiers_are_enabled) ... ok
test_default_pull_requests_defer_every_selected_check (test_ci_tiers.TierTest.test_default_pull_requests_defer_every_selected_check) ... ok
test_known_implementation_and_test_boundaries_are_primary (test_ci_tiers.TierTest.test_known_implementation_and_test_boundaries_are_primary) ... ok
test_master_and_schedule_override_docs (test_ci_tiers.TierTest.test_master_and_schedule_override_docs) ... ok
test_release_metadata_defers_to_release_but_mobile_workflow_stays_relevant (test_ci_tiers.TierTest.test_release_metadata_defers_to_release_but_mobile_workflow_stays_relevant) ... ok
test_reusable_android_does_not_share_caller_concurrency_group (test_ci_tiers.TierTest.test_reusable_android_does_not_share_caller_concurrency_group) ... ok
test_runtime_and_shard_configuration_exercises_both_gcc_platforms (test_ci_tiers.TierTest.test_runtime_and_shard_configuration_exercises_both_gcc_platforms) ... ok
test_shared_simulation_platform_and_unknown_paths_are_full (test_ci_tiers.TierTest.test_shared_simulation_platform_and_unknown_paths_are_full) ... ok

----------------------------------------------------------------------
Ran 88 tests in 0.360s

OK
Measurement unavailable for 0; retry in a later batch
Measurement unavailable for 1; retry in a later batch
Measurement unavailable for 2; retry in a later batch
Measurement unavailable for 3; retry in a later batch
Measurement unavailable for 4; retry in a later batch
Measurement unavailable for 5; retry in a later batch
Measurement unavailable for 6; retry in a later batch
Measurement unavailable for 7; retry in a later batch
Measurement unavailable for 8; retry in a later batch
Measurement unavailable for 9; retry in a later batch
android: skipped (expected skipped)
macos: skipped (expected skipped)
tsan: skipped (expected skipped)
native-coverage: skipped (expected skipped)
linux: skipped (expected skipped)
linux-variants: skipped (expected skipped)
linux-map-generators: skipped (expected skipped)
windows: skipped (expected skipped)
web-build: skipped (expected skipped)
web-native: skipped (expected skipped)
web-deploy: skipped (expected skipped)
web-test: skipped (expected skipped)
browser-determinism: skipped (expected skipped)
platform: skipped (expected skipped)
platform-stack: skipped (expected skipped)
music: skipped (expected skipped)
android: skipped (expected skipped)
macos: skipped (expected skipped)
tsan: skipped (expected skipped)
native-coverage: skipped (expected skipped)
linux: skipped (expected skipped)
linux-variants: skipped (expected skipped)
linux-map-generators: skipped (expected skipped)
android: success (expected success)
macos: success (expected success)
tsan: success (expected success)
native-coverage: success (expected success)
linux: success (expected success)
linux-variants: success (expected success)
linux-map-generators: success (expected success)
windows: success (expected success)
web-build: success (expected success)
web-native: success (expected success)
web-deploy: success (expected success)
web-test: success (expected success)
browser-determinism: success (expected success)
platform: success (expected success)
platform-stack: success (expected success)
music: success (expected success)
android: failure (expected success)
android: cancelled (expected success)
android: skipped (expected success)
android: success (expected success)
macos: failure (expected success)
android: success (expected success)
macos: cancelled (expected success)
android: success (expected success)
macos: skipped (expected success)
android: success (expected success)
macos: success (expected success)
tsan: failure (expected success)
android: success (expected success)
macos: success (expected success)
tsan: cancelled (expected success)
android: success (expected success)
macos: success (expected success)
tsan: skipped (expected success)
android: success (expected success)
macos: success (expected success)
tsan: success (expected success)
native-coverage: failure (expected success)
android: success (expected success)
macos: success (expected success)
tsan: success (expected success)
native-coverage: cancelled (expected success)
android: success (expected success)
macos: success (expected success)
tsan: success (expected success)
native-coverage: skipped (expected success)
android: success (expected success)
macos: success (expected success)
tsan: success (expected success)
native-coverage: success (expected success)
linux: failure (expected success)
android: success (expected success)
macos: success (expected success)
tsan: success (expected success)
native-coverage: success (expected success)
linux: cancelled (expected success)
android: success (expected success)
macos: success (expected success)
tsan: success (expected success)
native-coverage: success (expected success)
linux: skipped (expected success)
android: success (expected success)
macos: success (expected success)
tsan: success (expected success)
native-coverage: success (expected success)
linux: success (expected success)
linux-variants: failure (expected success)
android: success (expected success)
macos: success (expected success)
tsan: success (expected success)
native-coverage: success (expected success)
linux: success (expected success)
linux-variants: cancelled (expected success)
android: success (expected success)
macos: success (expected success)
tsan: success (expected success)
native-coverage: success (expected success)
linux: success (expected success)
linux-variants: skipped (expected success)
android: success (expected success)
macos: success (expected success)
tsan: success (expected success)
native-coverage: success (expected success)
linux: success (expected success)
linux-variants: success (expected success)
linux-map-generators: failure (expected success)
android: success (expected success)
macos: success (expected success)
tsan: success (expected success)
native-coverage: success (expected success)
linux: success (expected success)
linux-variants: success (expected success)
linux-map-generators: cancelled (expected success)
android: success (expected success)
macos: success (expected success)
tsan: success (expected success)
native-coverage: success (expected success)
linux: success (expected success)
linux-variants: success (expected success)
linux-map-generators: skipped (expected success)
android: success (expected success)
macos: success (expected success)
tsan: success (expected success)
native-coverage: success (expected success)
linux: success (expected success)
linux-variants: success (expected success)
linux-map-generators: success (expected success)
windows: failure (expected success)
android: success (expected success)
macos: success (expected success)
tsan: success (expected success)
native-coverage: success (expected success)
linux: success (expected success)
linux-variants: success (expected success)
linux-map-generators: success (expected success)
windows: cancelled (expected success)
android: success (expected success)
macos: success (expected success)
tsan: success (expected success)
native-coverage: success (expected success)
linux: success (expected success)
linux-variants: success (expected success)
linux-map-generators: success (expected success)
windows: skipped (expected success)
android: success (expected success)
macos: success (expected success)
tsan: success (expected success)
native-coverage: success (expected success)
linux: success (expected success)
linux-variants: success (expected success)
linux-map-generators: success (expected success)
windows: success (expected success)
web-build: failure (expected success)
android: success (expected success)
macos: success (expected success)
tsan: success (expected success)
native-coverage: success (expected success)
linux: success (expected success)
linux-variants: success (expected success)
linux-map-generators: success (expected success)
windows: success (expected success)
web-build: cancelled (expected success)
android: success (expected success)
macos: success (expected success)
tsan: success (expected success)
native-coverage: success (expected success)
linux: success (expected success)
linux-variants: success (expected success)
linux-map-generators: success (expected success)
windows: success (expected success)
web-build: skipped (expected success)
android: success (expected success)
macos: success (expected success)
tsan: success (expected success)
native-coverage: success (expected success)
linux: success (expected success)
linux-variants: success (expected success)
linux-map-generators: success (expected success)
windows: success (expected success)
web-build: success (expected success)
web-native: failure (expected success)
android: success (expected success)
macos: success (expected success)
tsan: success (expected success)
native-coverage: success (expected success)
linux: success (expected success)
linux-variants: success (expected success)
linux-map-generators: success (expected success)
windows: success (expected success)
web-build: success (expected success)
web-native: cancelled (expected success)
android: success (expected success)
macos: success (expected success)
tsan: success (expected success)
native-coverage: success (expected success)
linux: success (expected success)
linux-variants: success (expected success)
linux-map-generators: success (expected success)
windows: success (expected success)
web-build: success (expected success)
web-native: skipped (expected success)
android: success (expected success)
macos: success (expected success)
tsan: success (expected success)
native-coverage: success (expected success)
linux: success (expected success)
linux-variants: success (expected success)
linux-map-generators: success (expected success)
windows: success (expected success)
web-build: success (expected success)
web-native: success (expected success)
web-deploy: failure (expected success)
android: success (expected success)
macos: success (expected success)
tsan: success (expected success)
native-coverage: success (expected success)
linux: success (expected success)
linux-variants: success (expected success)
linux-map-generators: success (expected success)
windows: success (expected success)
web-build: success (expected success)
web-native: success (expected success)
web-deploy: cancelled (expected success)
android: success (expected success)
macos: success (expected success)
tsan: success (expected success)
native-coverage: success (expected success)
linux: success (expected success)
linux-variants: success (expected success)
linux-map-generators: success (expected success)
windows: success (expected success)
web-build: success (expected success)
web-native: success (expected success)
web-deploy: skipped (expected success)
android: success (expected success)
macos: success (expected success)
tsan: success (expected success)
native-coverage: success (expected success)
linux: success (expected success)
linux-variants: success (expected success)
linux-map-generators: success (expected success)
windows: success (expected success)
web-build: success (expected success)
web-native: success (expected success)
web-deploy: success (expected success)
web-test: failure (expected success)
android: success (expected success)
macos: success (expected success)
tsan: success (expected success)
native-coverage: success (expected success)
linux: success (expected success)
linux-variants: success (expected success)
linux-map-generators: success (expected success)
windows: success (expected success)
web-build: success (expected success)
web-native: success (expected success)
web-deploy: success (expected success)
web-test: cancelled (expected success)
android: success (expected success)
macos: success (expected success)
tsan: success (expected success)
native-coverage: success (expected success)
linux: success (expected success)
linux-variants: success (expected success)
linux-map-generators: success (expected success)
windows: success (expected success)
web-build: success (expected success)
web-native: success (expected success)
web-deploy: success (expected success)
web-test: skipped (expected success)
android: success (expected success)
macos: success (expected success)
tsan: success (expected success)
native-coverage: success (expected success)
linux: success (expected success)
linux-variants: success (expected success)
linux-map-generators: success (expected success)
windows: success (expected success)
web-build: success (expected success)
web-native: success (expected success)
web-deploy: success (expected success)
web-test: success (expected success)
browser-determinism: failure (expected success)
android: success (expected success)
macos: success (expected success)
tsan: success (expected success)
native-coverage: success (expected success)
linux: success (expected success)
linux-variants: success (expected success)
linux-map-generators: success (expected success)
windows: success (expected success)
web-build: success (expected success)
web-native: success (expected success)
web-deploy: success (expected success)
web-test: success (expected success)
browser-determinism: cancelled (expected success)
android: success (expected success)
macos: success (expected success)
tsan: success (expected success)
native-coverage: success (expected success)
linux: success (expected success)
linux-variants: success (expected success)
linux-map-generators: success (expected success)
windows: success (expected success)
web-build: success (expected success)
web-native: success (expected success)
web-deploy: success (expected success)
web-test: success (expected success)
browser-determinism: skipped (expected success)
android: success (expected success)
macos: success (expected success)
tsan: success (expected success)
native-coverage: success (expected success)
linux: success (expected success)
linux-variants: success (expected success)
linux-map-generators: success (expected success)
windows: success (expected success)
web-build: success (expected success)
web-native: success (expected success)
web-deploy: success (expected success)
web-test: success (expected success)
browser-determinism: success (expected success)
platform: failure (expected success)
android: success (expected success)
macos: success (expected success)
tsan: success (expected success)
native-coverage: success (expected success)
linux: success (expected success)
linux-variants: success (expected success)
linux-map-generators: success (expected success)
windows: success (expected success)
web-build: success (expected success)
web-native: success (expected success)
web-deploy: success (expected success)
web-test: success (expected success)
browser-determinism: success (expected success)
platform: cancelled (expected success)
android: success (expected success)
macos: success (expected success)
tsan: success (expected success)
native-coverage: success (expected success)
linux: success (expected success)
linux-variants: success (expected success)
linux-map-generators: success (expected success)
windows: success (expected success)
web-build: success (expected success)
web-native: success (expected success)
web-deploy: success (expected success)
web-test: success (expected success)
browser-determinism: success (expected success)
platform: skipped (expected success)
android: success (expected success)
macos: success (expected success)
tsan: success (expected success)
native-coverage: success (expected success)
linux: success (expected success)
linux-variants: success (expected success)
linux-map-generators: success (expected success)
windows: success (expected success)
web-build: success (expected success)
web-native: success (expected success)
web-deploy: success (expected success)
web-test: success (expected success)
browser-determinism: success (expected success)
platform: success (expected success)
platform-stack: failure (expected success)
android: success (expected success)
macos: success (expected success)
tsan: success (expected success)
native-coverage: success (expected success)
linux: success (expected success)
linux-variants: success (expected success)
linux-map-generators: success (expected success)
windows: success (expected success)
web-build: success (expected success)
web-native: success (expected success)
web-deploy: success (expected success)
web-test: success (expected success)
browser-determinism: success (expected success)
platform: success (expected success)
platform-stack: cancelled (expected success)
android: success (expected success)
macos: success (expected success)
tsan: success (expected success)
native-coverage: success (expected success)
linux: success (expected success)
linux-variants: success (expected success)
linux-map-generators: success (expected success)
windows: success (expected success)
web-build: success (expected success)
web-native: success (expected success)
web-deploy: success (expected success)
web-test: success (expected success)
browser-determinism: success (expected success)
platform: success (expected success)
platform-stack: skipped (expected success)
android: success (expected success)
macos: success (expected success)
tsan: success (expected success)
native-coverage: success (expected success)
linux: success (expected success)
linux-variants: success (expected success)
linux-map-generators: success (expected success)
windows: success (expected success)
web-build: success (expected success)
web-native: success (expected success)
web-deploy: success (expected success)
web-test: success (expected success)
browser-determinism: success (expected success)
platform: success (expected success)
platform-stack: success (expected success)
music: failure (expected success)
android: success (expected success)
macos: success (expected success)
tsan: success (expected success)
native-coverage: success (expected success)
linux: success (expected success)
linux-variants: success (expected success)
linux-map-generators: success (expected success)
windows: success (expected success)
web-build: success (expected success)
web-native: success (expected success)
web-deploy: success (expected success)
web-test: success (expected success)
browser-determinism: success (expected success)
platform: success (expected success)
platform-stack: success (expected success)
music: cancelled (expected success)
android: success (expected success)
macos: success (expected success)
tsan: success (expected success)
native-coverage: success (expected success)
linux: success (expected success)
linux-variants: success (expected success)
linux-map-generators: success (expected success)
windows: success (expected success)
web-build: success (expected success)
web-native: success (expected success)
web-deploy: success (expected success)
web-test: success (expected success)
browser-determinism: success (expected success)
platform: success (expected success)
platform-stack: success (expected success)
music: skipped (expected success)
