_XSERVTransSocketUNIXCreateListener: ...SocketCreateListener() failed
_XSERVTransMakeAllCOTSServerListeners: server already running
_XSERVTransSocketUNIXCreateListener: ...SocketCreateListener() failed
_XSERVTransMakeAllCOTSServerListeners: server already running
_XSERVTransmkdir: Owner of /tmp/.X11-unix should be set to root
The XKEYBOARD keymap compiler (xkbcomp) reports:
> Warning:          Could not resolve keysym XF86CameraAccessEnable
> Warning:          Could not resolve keysym XF86CameraAccessDisable
> Warning:          Could not resolve keysym XF86CameraAccessToggle
> Warning:          Could not resolve keysym XF86NextElement
> Warning:          Could not resolve keysym XF86PreviousElement
> Warning:          Could not resolve keysym XF86AutopilotEngageToggle
> Warning:          Could not resolve keysym XF86MarkWaypoint
> Warning:          Could not resolve keysym XF86Sos
> Warning:          Could not resolve keysym XF86NavChart
> Warning:          Could not resolve keysym XF86FishingChart
> Warning:          Could not resolve keysym XF86SingleRangeRadar
> Warning:          Could not resolve keysym XF86DualRangeRadar
> Warning:          Could not resolve keysym XF86RadarOverlay
> Warning:          Could not resolve keysym XF86TraditionalSonar
> Warning:          Could not resolve keysym XF86ClearvuSonar
> Warning:          Could not resolve keysym XF86SidevuSonar
> Warning:          Could not resolve keysym XF86NavInfo
Errors from xkbcomp are not fatal to the X server
{"level":30,"time":"2026-10-05T04:03:31.287Z","service":"skin-render-worker","msg":"Worker connected and looking for jobs... (task names: 'skin:render:083f60fe2ce4674e97fd4776d0b0923573a2bacf26f96b4d5fad71e602a8b5c2')"}
{"level":30,"time":"2026-10-05T04:03:31.292Z","service":"skin-render-worker","revision":"083f60fe2ce4674e97fd4776d0b0923573a2bacf26f96b4d5fad71e602a8b5c2","msg":"Skin render worker ready"}
The XKEYBOARD keymap compiler (xkbcomp) reports:
> Warning:          Could not resolve keysym XF86CameraAccessEnable
> Warning:          Could not resolve keysym XF86CameraAccessDisable
> Warning:          Could not resolve keysym XF86CameraAccessToggle
> Warning:          Could not resolve keysym XF86NextElement
> Warning:          Could not resolve keysym XF86PreviousElement
> Warning:          Could not resolve keysym XF86AutopilotEngageToggle
> Warning:          Could not resolve keysym XF86MarkWaypoint
> Warning:          Could not resolve keysym XF86Sos
> Warning:          Could not resolve keysym XF86NavChart
> Warning:          Could not resolve keysym XF86FishingChart
> Warning:          Could not resolve keysym XF86SingleRangeRadar
> Warning:          Could not resolve keysym XF86DualRangeRadar
> Warning:          Could not resolve keysym XF86RadarOverlay
> Warning:          Could not resolve keysym XF86TraditionalSonar
> Warning:          Could not resolve keysym XF86ClearvuSonar
> Warning:          Could not resolve keysym XF86SidevuSonar
> Warning:          Could not resolve keysym XF86NavInfo
Errors from xkbcomp are not fatal to the X server
{"level":30,"time":"2026-10-05T04:05:06.422Z","service":"skin-render-worker","id":"09c82c2b-ca21-40c6-8856-1c144fbbf646","revision":"083f60fe2ce4674e97fd4776d0b0923573a2bacf26f96b4d5fad71e602a8b5c2","attempt":1,"ms":95124,"bytes":2962792,"msg":"Skin sprites ready"}
{"level":30,"time":"2026-10-05T04:05:06.433Z","service":"skin-render-worker","label":"worker","workerId":"worker-338754422faab577ac","job":{"id":1,"job_queue_id":null,"task_id":1,"payload":{"id":"09c82c2b-ca21-40c6-8856-1c144fbbf646"},"priority":0,"run_at":"2026-10-05T04:03:31.207Z","attempts":1,"max_attempts":3,"last_error":null,"created_at":"2026-10-05T04:03:31.207Z","updated_at":"2026-10-05T04:03:31.207Z","key":"skin:render:09c82c2b-ca21-40c6-8856-1c144fbbf646","locked_at":"2026-10-05T04:03:31.291Z","locked_by":"pool-917d97a4738051edb6","revision":0,"flags":null,"is_available":false,"task_identifier":"skin:render:083f60fe2ce4674e97fd4776d0b0923573a2bacf26f96b4d5fad71e602a8b5c2"},"duration":95135.995176,"success":true,"msg":"Completed task 1 (skin:render:083f60fe2ce4674e97fd4776d0b0923573a2bacf26f96b4d5fad71e602a8b5c2, 95136.00ms) with success"}
{"level":30,"time":"2026-10-05T04:06:31.468Z","service":"skin-render-worker","reason":"SIGTERM","msg":"shutting down"}
{"level":30,"time":"2026-10-05T04:06:31.474Z","service":"skin-render-worker","msg":"shutdown complete"}
