Settings::load("preferences.txt") : error, can't open file.
PASS Portage Lakes: compact/full, repeatability, growth containment, missing portage, abundance extremes
PASS The Glacis, Allotments, Caravanserai: envelope, resource extremes, contained growth, walls, bare glacis and village crops
PASS Savannah: envelope, resource-independent terrain, contained unattended growth
PASS Locust: three to five harvests per wheat tile; harvested food never regrows
HEDGEROW_TIMING thickness=2 amount=0 off_ms=150.179 on_ms=113.530
HEDGEROW_TIMING thickness=2 amount=300 off_ms=133.547 on_ms=188.645
HEDGEROW_TIMING thickness=4 amount=0 off_ms=208.227 on_ms=100.674
HEDGEROW_TIMING thickness=4 amount=300 off_ms=111.490 on_ms=136.381
PASS Hedgerow Country: connected dry hedges, resource extremes, telemetry isolation, size rejection
Breachable highlands seed 1: clearing saddles saves up to 7 walking steps
PASS breachable highlands: dry saddles, real shortcuts, protected ridges, crop containment, abundance extremes and crowding
PASS Emoji: random defaults, all 92 explicit variants, terrain independent of colonies/workers, unsupported geometry rejected
PASS Honeycomb isle: envelope and refusal, design variety, resource extremes, sealed growth, cached designs, starter wheat
PASS Karst towers: envelope and refusal, crowded retry, home designs, resource extremes, sealed growth, closed gates
PASS Bajada: envelope and refusal, home designs, resource extremes, designed stone, sealed towns under growth, crops refused in towns
PASS discrete domains, shape bounds, topology, home footprints, exact workers and custom validation
PASS shared toolkit: floods, sketch, planting, roads, settlements, balanced starts, walls, stencil turns, routes, scatter, lattice noise, wedge frame, shuffle, drawing, branches, stretch, sand patches, algae growth, fields, clumps, walls, tower reach, territories, arena primitives, sealed lines, polygons, tessellations, warp, graph mazes, shortcuts, cell crossings, region labels, gate partitions, region leaks, grained landforms, teardrop homes, near trees and colony leaks
PASS landscape toolkit: symmetry groups, morphology, crop growth, cost models and routes, sites and cell graphs, patterns, wandering paths, channels, building room, region homes, biome kits
PASS registration extension, explicit seeds, interleaved repeatability, RNG isolation, errors and legacy sentinels
PASS scatterResources places algae on water, in every water body
PASS shared presets, ranges and steps; all editor values; lobby/editor mode memory; serialization and validation
