==491037== Memcheck, a memory error detector
==491037== Copyright (C) 2002-2024, and GNU GPL'd, by Julian Seward et al.
==491037== Using Valgrind-3.26.0 and LibVEX; rerun with -h for copyright info
==491037== Command: build/linux/client/release/test/glob2-engine-tests -tc=desktop\ building\ menu\ clicks*
==491037== Parent PID: 491024
==491037== 
==491037== 
==491037== HEAP SUMMARY:
==491037==     in use at exit: 90,649 bytes in 1,307 blocks
==491037==   total heap usage: 614,727 allocs, 613,420 frees, 301,664,727 bytes allocated
==491037== 
==491037== LEAK SUMMARY:
==491037==    definitely lost: 0 bytes in 0 blocks
==491037==    indirectly lost: 0 bytes in 0 blocks
==491037==      possibly lost: 0 bytes in 0 blocks
==491037==    still reachable: 90,649 bytes in 1,307 blocks
==491037==         suppressed: 0 bytes in 0 blocks
==491037== Rerun with --leak-check=full to see details of leaked memory
==491037== 
==491037== For lists of detected and suppressed errors, rerun with: -s
==491037== ERROR SUMMARY: 0 errors from 0 contexts (suppressed: 0 from 0)
