PASS ClientChannels/queue callbacks can publish the next bounded batch (0.0s)
PASS ClientChannels/script queries observe commands before the client consumes them (0.0s)
PASS WorldSnapshot/worker final lease release synchronizes owner buffer reuse (0.0s)
PASS ClientChannels/LosslessQueue hands every item over once, in order (0.0s)
PASS WorldSnapshot/AI boundary validates each captured map array before fast reads (0.0s)
PASS WorldSnapshot/coordinate wrapping preserves signed edges for power of two and general dimensions (0.0s)
PASS ClientChannels/concurrent event delivery preserves every value and coherent pulses (0.0s)
PASS ClientChannels/team events reach the GUI exactly once, in order, and age like Team::updateEvents (0.1s)
PASS WorldSnapshot/snapshot capability tables share authoritative immutable catalog data (0.1s)
PASS WorldSnapshot/map snapshots bulk copy authoritative records without translation (0.1s)
PASS WorldSnapshot/shared entity indices preserve empty slots and canonical record addresses (0.1s)
PASS WorldSnapshot/AI fast scalar reads preserve checked values and frozen lease isolation (0.1s)
PASS WorldSnapshot/projected terrain lease cannot retain unrelated world components (0.1s)
PASS WorldSnapshot/narrow component queries preserve combined tile values and projection defaults (0.1s)
PASS WorldSnapshot/component leases and weak control blocks outlive the owning store (0.1s)
PASS WorldSnapshot/no-op map writes reuse components while changed values remain isolated (0.1s)
PASS WorldSnapshot/catalog refresh survives intervening projections and rules reuse independently (0.1s)
PASS WorldSnapshot/component mutation generations preserve isolation and reuse unchanged arrays (0.1s)
PASS WorldSnapshot/pooled captures never overwrite a held worker projection (0.1s)
PASS WorldSnapshot/undermap changes preserve retained terrain and reuse unchanged versions (0.1s)
PASS WorldSnapshot/capture requirements exclude arrays that no scheduled consumer requests (0.1s)
PASS WorldSnapshot/building snapshots copy shared scalar records and freeze selected stock (0.1s)
PASS WorldSnapshot/memory metrics distinguish held epochs from reusable high water capacity (0.1s)
PASS WorldSnapshot/flat relationship ranges preserve every building list in order (0.1s)
PASS WorldSnapshot/warm component buffers stop allocating at a fixed population (0.1s)
PASS WorldSnapshot/farm paint queries match frozen growth and resource inputs (0.1s)
PASS WorldSnapshot/a retained consumer leaves the newest free buffer to absorb only later changes (0.1s)
PASS WorldSnapshot/same tick component expansion preserves narrow leases and captures arrays once (0.1s)
PASS WorldSnapshot/capture verification rejects writes that bypass the change trackers (0.1s)
PASS WorldSnapshot/a single cell change copies one chunk of one component into a reused buffer (0.1s)
PASS SharedWorkerLifecycle/background saves finish on a worker and remain readable after teardown (0.1s)
PASS GUIInteractionCoverage/service progress horizon covers mixed visits and preserves stock horizons (0.1s)
PASS WorldSnapshot/unit snapshots share authoritative scalar state and remain frozen (0.2s)
PASS WorldSnapshot/on-demand construction feasibility matches live helpers and remains frozen (0.2s)
PASS ClientChannels/order side effects reach the GUI as events (0.2s)
PASS WorldSnapshot/explicit observation boundaries refresh paused state and retain old leases (0.1s)
PASS SceneExtract/map service indicators follow arbitrary and free recipes (0.0s)
PASS SceneExtract/building sprite frames honor damage effective maximum and connection precedence (0.0s)
PASS GUIOrderCoverage/worker requests clamp deduplicate and retain newer pending changes (0.1s)
PASS GUIOrderCoverage/priority and radius requests clamp and reconcile against real orders (0.1s)
PASS GUIOrderCoverage/reconciliation is field-specific and replay clears superseded shadows (0.1s)
PASS GameGUISelection/selection clears once its entity is destroyed (0.1s)
PASS ClientChannels/scripts reach the client only through ClientCommandSink (0.3s)
PASS GameGUISelection/selection and failing-unit recording do not follow a reused gid (0.1s)
PASS GameGUISelection/a converted unit stays selected (0.1s)
PASS SharedWorkerLifecycle/resource catalog import drains deferred material preparation before replacing stocks (0.2s)
PASS GameGUISelection/a building destroyed by a tick clears its selection and pending shadow (0.1s)
PASS SceneExtract/script area snapshots are opt-in and independent of later map edits (0.1s)
PASS SceneExtract/units and buildings resolve by gid with their drawn fields and the selection (0.1s)
PASS SceneExtract/published scene retains old entity fields while subsequent scenes reflect changes (0.1s)
PASS SceneExtract/overlay maps match a direct computation and refresh per 25-tick window or type change (0.1s)
PASS SceneExtract/stale selection generation never selects a replacement occupying the same gid (0.1s)
PASS SceneExtract/smooth unit motion advances the drawn delta within the current action only (0.1s)
PASS SceneExtract/snapshot preparation retains definitions after the source game is destroyed (0.1s)
PASS SceneExtract/connected overlays use configured groups and scene retains its catalog (0.2s)
PASS SceneExtract/snapshot preparation matches legacy queries and survives later live mutations (0.2s)
PASS SceneExtract/building events preserve concrete catalog IDs and key-only display names (0.2s)
PASS LegacyScriptCoverage/resetAI authoring accepts valid slots before an editor map has a player header (0.1s)
PASS LegacyScriptCoverage/legacy resetAI tokens with invalid player or implementation leave players intact (0.1s)
PASS LegacyScriptCoverage/named highlights target distinct GUI elements and unhighlight restores state (0.1s)
PASS LegacyScriptCoverage/supported statements and wait forms compile (0.2s)
PASS SharedWorkerLifecycle/pending gradient work survives a save and continues at the same deadlines (0.4s)
PASS LegacyScriptCoverage/invalid references and value boundaries report typed errors (0.2s)
PASS LegacyScriptCoverage/truncated arguments fail without accepting incomplete statements (0.2s)
PASS LegacyScriptCoverage/summons respect painted area capacity and unit attributes (0.2s)
PASS LegacyScriptCoverage/alliance levels preserve unrelated teams and apply vision masks (0.2s)
PASS LegacyScriptCoverage/area waits observe team alliance and negation instead of unrelated units (0.2s)
PASS LegacyScriptCoverage/authored flag aliases resolve game catalog IDs and respect missing definitions (0.2s)
PASS LegacyScriptCoverage/flag lifecycle and GUI commands change their real game objects (0.2s)
PASS LegacyScriptCoverage/independent stories timers space and saved suspension resume exactly (0.2s)
PASS LegacyScriptCoverage/resetAI changes only the chosen player and rejects unsafe indices (0.2s)
PASS LegacyScriptCoverage/unit and building highlights use map and panel channels independently (0.2s)
PASS LegacyScriptCoverage/objectives and hints resolve script numbers and persist in game snapshots (0.2s)
PASS LegacyScriptCoverage/count waits evaluate all building classes exact levels and unit comparisons (0.6s)
PASS GUIInteractionCoverage/custom mixed building panels render without mutating simulation [display][artifacts] (1.0s)
PASS GUIInteractionCoverage/mixed upgrade preview tracks actual rows scroll and recipe inputs [display][artifacts] (1.2s)
PASS GUIInteractionCoverage/construction choice displays recipe costs independently of storage [display][artifacts] (1.3s)
PASS GUIInteractionCoverage/unit information reflects damage hunger ownership and abilities without mutating simulation [display][artifacts] (1.1s)
PASS GUIInteractionCoverage/configured keyboard actions toggle presentation and queue pause without changing simulation [display] (1.0s)
PASS GUIInteractionCoverage/desktop building menu clicks queue authoritative worker and priority orders [display] (1.0s)
PASS GUIInteractionCoverage/mixed service progress stays in its row and preserves downstream hit testing [display:1700x900][artifacts] (2.3s)
PASS GUIInteractionCoverage/home keyboard action wraps the camera and script messages preserve history [display] (0.8s)
PASS GUIInteractionCoverage/match dialogs accept return and distinguish continuing from ending a game [display] (0.8s)
PASS GUIInteractionCoverage/match and editor dialogs wear the in-match theme; results dialogs stay on paper [display][artifacts] (0.9s)
PASS GUIInteractionCoverage/resource inspectors show infinity only for stocked infinite yields [display:1024x768][artifacts] (1.0s)
PASS SceneExtract/custom ground and overlay frames render connections and damage [display:1100x1100][artifacts] (1.4s)

86 passed, 0 failed, 0 skipped (23.7s of test time)
[run_tests] JUnit report: artifacts/presentation/engine-final.xml (86 cases)
