data/texts.ar.txt: 8 untranslated (8 pending), 0 missing keys, 0 obsolete keys
data/texts.br.txt: 8 untranslated (8 pending), 0 missing keys, 0 obsolete keys
data/texts.ca.txt: 8 untranslated (8 pending), 0 missing keys, 0 obsolete keys
data/texts.cz.txt: 8 untranslated (8 pending), 0 missing keys, 0 obsolete keys
data/texts.de.txt: 8 untranslated (8 pending), 0 missing keys, 0 obsolete keys
data/texts.dk.txt: 8 untranslated (8 pending), 0 missing keys, 0 obsolete keys
data/texts.en.txt: 0 untranslated (0 pending), 0 missing keys, 0 obsolete keys
data/texts.es.txt: 8 untranslated (8 pending), 0 missing keys, 0 obsolete keys
data/texts.eo.txt: 8 untranslated (8 pending), 0 missing keys, 0 obsolete keys
data/texts.eu.txt: 8 untranslated (8 pending), 0 missing keys, 0 obsolete keys
data/texts.fa.txt: 8 untranslated (8 pending), 0 missing keys, 0 obsolete keys
data/texts.fr.txt: 8 untranslated (8 pending), 0 missing keys, 0 obsolete keys
data/texts.gr.txt: 8 untranslated (8 pending), 0 missing keys, 0 obsolete keys
data/texts.hu.txt: 8 untranslated (8 pending), 0 missing keys, 0 obsolete keys
data/texts.it.txt: 8 untranslated (8 pending), 0 missing keys, 0 obsolete keys
data/texts.nl.txt: 8 untranslated (8 pending), 0 missing keys, 0 obsolete keys
data/texts.pl.txt: 8 untranslated (8 pending), 0 missing keys, 0 obsolete keys
data/texts.pt.txt: 8 untranslated (8 pending), 0 missing keys, 0 obsolete keys
data/texts.ro.txt: 8 untranslated (8 pending), 0 missing keys, 0 obsolete keys
data/texts.ru.txt: 8 untranslated (8 pending), 0 missing keys, 0 obsolete keys
data/texts.si.txt: 8 untranslated (8 pending), 0 missing keys, 0 obsolete keys
data/texts.sk.txt: 8 untranslated (8 pending), 0 missing keys, 0 obsolete keys
data/texts.sr.txt: 8 untranslated (8 pending), 0 missing keys, 0 obsolete keys
data/texts.fi.txt: 8 untranslated (8 pending), 0 missing keys, 0 obsolete keys
data/texts.sv.txt: 8 untranslated (8 pending), 0 missing keys, 0 obsolete keys
data/texts.tr.txt: 8 untranslated (8 pending), 0 missing keys, 0 obsolete keys
data/texts.zh-tw.txt: 8 untranslated (8 pending), 0 missing keys, 0 obsolete keys
data/texts.zh-cn.txt: 8 untranslated (8 pending), 0 missing keys, 0 obsolete keys
data/texts.uk.txt: 8 untranslated (8 pending), 0 missing keys, 0 obsolete keys
data/texts.id.txt: 8 untranslated (8 pending), 0 missing keys, 0 obsolete keys
data/texts.vi.txt: 8 untranslated (8 pending), 0 missing keys, 0 obsolete keys
data/texts.ja.txt: 8 untranslated (8 pending), 0 missing keys, 0 obsolete keys
data/texts.ko.txt: 8 untranslated (8 pending), 0 missing keys, 0 obsolete keys
0 structural errors
