==475928== Memcheck, a memory error detector
==475928== Copyright (C) 2002-2024, and GNU GPL'd, by Julian Seward et al.
==475928== Using Valgrind-3.26.0 and LibVEX; rerun with -h for copyright info
==475928== Command: build/linux/client/release/test/glob2-engine-tests -ts=HiveMindPresentation
==475928== Parent PID: 475915
==475928== 
==475928== 
==475928== HEAP SUMMARY:
==475928==     in use at exit: 323,197 bytes in 2,269 blocks
==475928==   total heap usage: 695,588 allocs, 693,319 frees, 315,003,062 bytes allocated
==475928== 
==475928== LEAK SUMMARY:
==475928==    definitely lost: 384 bytes in 3 blocks
==475928==    indirectly lost: 130,116 bytes in 792 blocks
==475928==      possibly lost: 0 bytes in 0 blocks
==475928==    still reachable: 192,697 bytes in 1,474 blocks
==475928==         suppressed: 0 bytes in 0 blocks
==475928== Rerun with --leak-check=full to see details of leaked memory
==475928== 
==475928== For lists of detected and suppressed errors, rerun with: -s
==475928== ERROR SUMMARY: 0 errors from 0 contexts (suppressed: 0 from 0)
