PASS OnlineWording/a pairing link's fingerprint becomes a short code (0.0s)
PASS OnlineWording/menus read larger on big desktop windows that follow the desktop scale (0.0s)
PASS WinProbability/enabled rule preserves the per-tick checksum trace across its decision boundary [golden][artifacts] (0.0s)
PASS WinProbability/rule serialization gates the new tag and rejects ambiguous thresholds (0.0s)
PASS WinProbability/native arithmetic reproduces every published calibration sample (0.0s)
PASS WinProbability/the rule waits for the minimum tick and sample boundary then ends all teams (0.0s)
PASS WinProbability/equal alliances share chances and eliminated allies contribute nothing (0.0s)
PASS WinProbability/calling an early loser cannot change later teams' decision inputs (0.0s)
PASS OnlineWording/queue names, durations and estimates read the same everywhere (0.2s)
PASS OnlineWording/an unrated search shows no ratings; a ranked one explains its range [display] (1.3s)
PASS OnlineWording/the room reads positively and hides seeds and pairing strings [display] (1.4s)
PASS OnlineWording/an unserved version blames the side that is out of date [display] (1.4s)
PASS Settings/layout; persistence; live display changes; bindings and localization at 640x480 in OpenGL [display:1600x1400][artifacts][writes-preferences] (5.3s)
PASS Settings/layout; persistence; live display changes; bindings and localization at 800x600 in OpenGL [display:1600x1400][artifacts][writes-preferences] (6.8s)
PASS Settings/layout; persistence; live display changes; bindings and localization at 1000x700 in OpenGL [display:1600x1400][artifacts][writes-preferences] (7.6s)
PASS Settings/layout; persistence; live display changes; bindings and localization at 1000x700 in software rendering [display:1600x1400][artifacts][writes-preferences] (3.7s)
PASS Settings/layout; persistence; live display changes; bindings and localization at 1280x900 in OpenGL [display:1600x1400][artifacts][writes-preferences] (9.7s)
PASS Settings/layout; persistence; live display changes; bindings and localization with expanded wording at 640x480 in OpenGL [display:1600x1400][artifacts][writes-preferences] (7.7s)
PASS UIPresentation/every screen lays out; navigates and captures at small portrait across presentations and insets [display:1600x1400][artifacts][slow] (67.7s)
PASS UIPresentation/every screen lays out; navigates and captures at small landscape across presentations and insets [display:1600x1400][artifacts][slow] (65.5s)
PASS UIPresentation/every screen lays out; navigates and captures at tablet portrait across presentations and insets [display:1600x1400][artifacts][slow] (284.7s)
PASS UIPresentation/every screen lays out; navigates and captures at tablet landscape across presentations and insets [display:1600x1400][artifacts][slow] (373.7s)
PASS UIPresentation/every screen lays out; navigates and captures at laptop across presentations and insets [display:1600x1400][artifacts][slow] (412.8s)
PASS UIPresentation/every screen lays out; navigates and captures at fullhd across presentations and insets [display:2200x1400][artifacts][slow] (590.9s)

24 passed, 0 failed, 0 skipped (1840.7s of test time)
[run_tests] JUnit report: artifacts/ci-repair/integrated-ui.xml (24 cases)
