2026-10-05T16:38:37.1117639Z Current runner version: '2.337.0'
2026-10-05T16:38:37.1143492Z ##[group]Runner Image Provisioner
2026-10-05T16:38:37.1144838Z Hosted Compute Agent
2026-10-05T16:38:37.1145463Z Version: 20260901.588
2026-10-05T16:38:37.1146171Z Commit: f88ec8081b781fac6c440065ac7ff9e710ce3d0b
2026-10-05T16:38:37.1146948Z Build Date: 2026-09-01T19:56:44Z
2026-10-05T16:38:37.1147688Z Worker ID: {958f8706-b9df-405d-b4c9-9ff13932eca8}
2026-10-05T16:38:37.1148476Z Azure Region: westcentralus
2026-10-05T16:38:37.1149101Z ##[endgroup]
2026-10-05T16:38:37.1151247Z ##[group]Operating System
2026-10-05T16:38:37.1151985Z Ubuntu
2026-10-05T16:38:37.1152518Z 24.04.5
2026-10-05T16:38:37.1153091Z LTS
2026-10-05T16:38:37.1153621Z ##[endgroup]
2026-10-05T16:38:37.1154200Z ##[group]Runner Image
2026-10-05T16:38:37.1154978Z Image: ubuntu-24.04
2026-10-05T16:38:37.1155588Z Version: 20260927.320.1
2026-10-05T16:38:37.1156915Z Included Software: https://github.com/actions/runner-images/blob/ubuntu24/20260927.320/images/ubuntu/Ubuntu2404-Readme.md
2026-10-05T16:38:37.1158524Z Image Release: https://github.com/actions/runner-images/releases/tag/ubuntu24%2F20260927.320
2026-10-05T16:38:37.1159961Z ##[endgroup]
2026-10-05T16:38:37.1163167Z ##[group]GITHUB_TOKEN Permissions
2026-10-05T16:38:37.1165703Z Actions: write
2026-10-05T16:38:37.1166358Z ArtifactMetadata: write
2026-10-05T16:38:37.1167105Z Attestations: write
2026-10-05T16:38:37.1167727Z Checks: write
2026-10-05T16:38:37.1168280Z CodeQuality: write
2026-10-05T16:38:37.1168937Z Contents: write
2026-10-05T16:38:37.1169516Z CopilotRequests: write
2026-10-05T16:38:37.1170475Z Deployments: write
2026-10-05T16:38:37.1171067Z Discussions: write
2026-10-05T16:38:37.1171609Z Drives: write
2026-10-05T16:38:37.1172213Z Issues: write
2026-10-05T16:38:37.1172780Z Metadata: read
2026-10-05T16:38:37.1173474Z Models: read
2026-10-05T16:38:37.1174119Z Packages: write
2026-10-05T16:38:37.1174681Z Pages: write
2026-10-05T16:38:37.1175282Z PullRequests: write
2026-10-05T16:38:37.1175931Z RepositoryProjects: write
2026-10-05T16:38:37.1176593Z SecurityEvents: write
2026-10-05T16:38:37.1177235Z Statuses: write
2026-10-05T16:38:37.1177811Z VulnerabilityAlerts: read
2026-10-05T16:38:37.1178554Z ##[endgroup]
2026-10-05T16:38:37.1181140Z Secret source: Actions
2026-10-05T16:38:37.1182393Z Cache mode: write
2026-10-05T16:38:37.1183117Z Prepare workflow directory
2026-10-05T16:38:37.1591599Z Prepare all required actions
2026-10-05T16:38:37.1639835Z Getting action download info
2026-10-05T16:38:37.5197319Z Download action repository 'actions/checkout@v4' (SHA:11d5960a326750d5838078e36cf38b85af677262)
2026-10-05T16:38:37.6107069Z Download action repository 'actions/download-artifact@v4' (SHA:d3f86a106a0bac45b974a628896c90dbdf5c8093)
2026-10-05T16:38:38.2108861Z Download action repository 'actions/upload-artifact@v4' (SHA:ea165f8d65b6e75b540449e92b4886f43607fa02)
2026-10-05T16:38:38.4217857Z Complete job name: browser self-hosting deployment
2026-10-05T16:38:38.5039435Z ##[group]Run actions/checkout@v4
2026-10-05T16:38:38.5040652Z with:
2026-10-05T16:38:38.5041221Z   ref: dbc6253427edc1ca71227ec91a8cd9ab66b5d326
2026-10-05T16:38:38.5041962Z   repository: Globulation2/glob2
2026-10-05T16:38:38.5045966Z   token: ***
2026-10-05T16:38:38.5046466Z   ssh-strict: true
2026-10-05T16:38:38.5046953Z   ssh-user: git
2026-10-05T16:38:38.5047453Z   persist-credentials: true
2026-10-05T16:38:38.5047992Z   clean: true
2026-10-05T16:38:38.5048495Z   sparse-checkout-cone-mode: true
2026-10-05T16:38:38.5049066Z   fetch-depth: 1
2026-10-05T16:38:38.5049806Z   fetch-tags: false
2026-10-05T16:38:38.5050332Z   show-progress: true
2026-10-05T16:38:38.5050845Z   lfs: false
2026-10-05T16:38:38.5051306Z   submodules: false
2026-10-05T16:38:38.5051808Z   set-safe-directory: true
2026-10-05T16:38:38.5052365Z   allow-unsafe-pr-checkout: false
2026-10-05T16:38:38.5053225Z env:
2026-10-05T16:38:38.5053710Z   GLOB2_DEV_MODE: isolated
2026-10-05T16:38:38.5054241Z ##[endgroup]
2026-10-05T16:38:38.6138510Z Syncing repository: Globulation2/glob2
2026-10-05T16:38:38.6142441Z ##[group]Getting Git version info
2026-10-05T16:38:38.6143298Z Working directory is '/home/runner/work/glob2/glob2'
2026-10-05T16:38:38.6144404Z [command]/usr/bin/git version
2026-10-05T16:38:38.6237283Z git version 2.55.0
2026-10-05T16:38:38.6265231Z ##[endgroup]
2026-10-05T16:38:38.6281892Z Temporarily overriding HOME='/home/runner/work/_temp/6a4e997a-66c1-4451-b34b-075a3c4dd403' before making global git config changes
2026-10-05T16:38:38.6284813Z Adding repository directory to the temporary git global config as a safe directory
2026-10-05T16:38:38.6289338Z [command]/usr/bin/git config --global --add safe.directory /home/runner/work/glob2/glob2
2026-10-05T16:38:38.6353809Z Deleting the contents of '/home/runner/work/glob2/glob2'
2026-10-05T16:38:38.6356605Z ##[group]Initializing the repository
2026-10-05T16:38:38.6360823Z [command]/usr/bin/git init /home/runner/work/glob2/glob2
2026-10-05T16:38:38.6496555Z hint: Using 'master' as the name for the initial branch. This default branch name
2026-10-05T16:38:38.6498640Z hint: will change to "main" in Git 3.0. To configure the initial branch name
2026-10-05T16:38:38.6500794Z hint: to use in all of your new repositories, which will suppress this warning,
2026-10-05T16:38:38.6502313Z hint: call:
2026-10-05T16:38:38.6502827Z hint:
2026-10-05T16:38:38.6503518Z hint: 	git config --global init.defaultBranch <name>
2026-10-05T16:38:38.6504233Z hint:
2026-10-05T16:38:38.6504905Z hint: Names commonly chosen instead of 'master' are 'main', 'trunk' and
2026-10-05T16:38:38.6505976Z hint: 'development'. The just-created branch can be renamed via this command:
2026-10-05T16:38:38.6506831Z hint:
2026-10-05T16:38:38.6507325Z hint: 	git branch -m <name>
2026-10-05T16:38:38.6507874Z hint:
2026-10-05T16:38:38.6508574Z hint: Disable this message with "git config set advice.defaultBranchName false"
2026-10-05T16:38:38.6510034Z Initialized empty Git repository in /home/runner/work/glob2/glob2/.git/
2026-10-05T16:38:38.6523294Z [command]/usr/bin/git remote add origin https://github.com/Globulation2/glob2
2026-10-05T16:38:38.6570606Z ##[endgroup]
2026-10-05T16:38:38.6572061Z ##[group]Disabling automatic garbage collection
2026-10-05T16:38:38.6574978Z [command]/usr/bin/git config --local gc.auto 0
2026-10-05T16:38:38.6621813Z ##[endgroup]
2026-10-05T16:38:38.6623889Z ##[group]Setting up auth
2026-10-05T16:38:38.6630332Z [command]/usr/bin/git config --local --name-only --get-regexp core\.sshCommand
2026-10-05T16:38:38.6670080Z [command]/usr/bin/git submodule foreach --recursive sh -c "git config --local --name-only --get-regexp 'core\.sshCommand' && git config --local --unset-all 'core.sshCommand' || :"
2026-10-05T16:38:38.7061538Z [command]/usr/bin/git config --local --name-only --get-regexp http\.https\:\/\/github\.com\/\.extraheader
2026-10-05T16:38:38.7100619Z [command]/usr/bin/git submodule foreach --recursive sh -c "git config --local --name-only --get-regexp 'http\.https\:\/\/github\.com\/\.extraheader' && git config --local --unset-all 'http.https://github.com/.extraheader' || :"
2026-10-05T16:38:38.7330168Z [command]/usr/bin/git config --local --name-only --get-regexp ^includeIf\.gitdir:
2026-10-05T16:38:38.7368015Z [command]/usr/bin/git submodule foreach --recursive git config --local --show-origin --name-only --get-regexp remote.origin.url
2026-10-05T16:38:38.7593230Z [command]/usr/bin/git config --local http.https://github.com/.extraheader AUTHORIZATION: basic ***
2026-10-05T16:38:38.7635641Z ##[endgroup]
2026-10-05T16:38:38.7636615Z ##[group]Fetching the repository
2026-10-05T16:38:38.7647535Z [command]/usr/bin/git -c protocol.version=2 fetch --no-tags --prune --no-recurse-submodules --depth=1 origin dbc6253427edc1ca71227ec91a8cd9ab66b5d326
2026-10-05T16:38:44.8565524Z From https://github.com/Globulation2/glob2
2026-10-05T16:38:44.8570839Z  * branch            dbc6253427edc1ca71227ec91a8cd9ab66b5d326 -> FETCH_HEAD
2026-10-05T16:38:44.8573587Z ##[endgroup]
2026-10-05T16:38:44.8574613Z ##[group]Determining the checkout info
2026-10-05T16:38:44.8576968Z ##[endgroup]
2026-10-05T16:38:44.8581744Z [command]/usr/bin/git sparse-checkout disable
2026-10-05T16:38:44.8640642Z [command]/usr/bin/git config --local --unset-all extensions.worktreeConfig
2026-10-05T16:38:44.8675635Z ##[group]Checking out the ref
2026-10-05T16:38:44.8680843Z [command]/usr/bin/git checkout --progress --force dbc6253427edc1ca71227ec91a8cd9ab66b5d326
2026-10-05T16:38:46.0947867Z Updating files:  51% (7570/14643)
2026-10-05T16:38:46.1397282Z Updating files:  52% (7615/14643)
2026-10-05T16:38:46.1873086Z Updating files:  53% (7761/14643)
2026-10-05T16:38:46.1972926Z Updating files:  54% (7908/14643)
2026-10-05T16:38:46.2079100Z Updating files:  55% (8054/14643)
2026-10-05T16:38:46.2182748Z Updating files:  56% (8201/14643)
2026-10-05T16:38:46.2292157Z Updating files:  57% (8347/14643)
2026-10-05T16:38:46.2422043Z Updating files:  58% (8493/14643)
2026-10-05T16:38:46.2545904Z Updating files:  59% (8640/14643)
2026-10-05T16:38:46.2654997Z Updating files:  60% (8786/14643)
2026-10-05T16:38:46.2761857Z Updating files:  61% (8933/14643)
2026-10-05T16:38:46.2871538Z Updating files:  62% (9079/14643)
2026-10-05T16:38:46.2987745Z Updating files:  63% (9226/14643)
2026-10-05T16:38:46.3086836Z Updating files:  64% (9372/14643)
2026-10-05T16:38:46.3176870Z Updating files:  65% (9518/14643)
2026-10-05T16:38:46.3268458Z Updating files:  66% (9665/14643)
2026-10-05T16:38:46.3362497Z Updating files:  67% (9811/14643)
2026-10-05T16:38:46.3474206Z Updating files:  68% (9958/14643)
2026-10-05T16:38:46.3586701Z Updating files:  69% (10104/14643)
2026-10-05T16:38:46.3685847Z Updating files:  70% (10251/14643)
2026-10-05T16:38:46.3783709Z Updating files:  71% (10397/14643)
2026-10-05T16:38:46.3881746Z Updating files:  72% (10543/14643)
2026-10-05T16:38:46.4045085Z Updating files:  73% (10690/14643)
2026-10-05T16:38:46.4233721Z Updating files:  74% (10836/14643)
2026-10-05T16:38:46.4424845Z Updating files:  75% (10983/14643)
2026-10-05T16:38:46.4532011Z Updating files:  76% (11129/14643)
2026-10-05T16:38:46.4676662Z Updating files:  77% (11276/14643)
2026-10-05T16:38:46.4782045Z Updating files:  78% (11422/14643)
2026-10-05T16:38:46.5216739Z Updating files:  79% (11568/14643)
2026-10-05T16:38:46.9032460Z Updating files:  80% (11715/14643)
2026-10-05T16:38:46.9978659Z Updating files:  80% (11739/14643)
2026-10-05T16:38:47.0074503Z Updating files:  81% (11861/14643)
2026-10-05T16:38:47.0170724Z Updating files:  82% (12008/14643)
2026-10-05T16:38:47.0257555Z Updating files:  83% (12154/14643)
2026-10-05T16:38:47.0341844Z Updating files:  84% (12301/14643)
2026-10-05T16:38:47.0449219Z Updating files:  85% (12447/14643)
2026-10-05T16:38:47.0596655Z Updating files:  86% (12593/14643)
2026-10-05T16:38:47.0695375Z Updating files:  87% (12740/14643)
2026-10-05T16:38:47.0794555Z Updating files:  88% (12886/14643)
2026-10-05T16:38:47.0904301Z Updating files:  89% (13033/14643)
2026-10-05T16:38:47.1054801Z Updating files:  90% (13179/14643)
2026-10-05T16:38:47.1166654Z Updating files:  91% (13326/14643)
2026-10-05T16:38:47.1263358Z Updating files:  92% (13472/14643)
2026-10-05T16:38:47.1361106Z Updating files:  93% (13618/14643)
2026-10-05T16:38:47.1458647Z Updating files:  94% (13765/14643)
2026-10-05T16:38:47.1856917Z Updating files:  95% (13911/14643)
2026-10-05T16:38:47.2341784Z Updating files:  96% (14058/14643)
2026-10-05T16:38:47.2602661Z Updating files:  97% (14204/14643)
2026-10-05T16:38:47.2740862Z Updating files:  98% (14351/14643)
2026-10-05T16:38:47.2911883Z Updating files:  99% (14497/14643)
2026-10-05T16:38:47.2912516Z Updating files: 100% (14643/14643)
2026-10-05T16:38:47.2913072Z Updating files: 100% (14643/14643), done.
2026-10-05T16:38:47.3074110Z Note: switching to 'dbc6253427edc1ca71227ec91a8cd9ab66b5d326'.
2026-10-05T16:38:47.3074731Z 
2026-10-05T16:38:47.3075090Z You are in 'detached HEAD' state. You can look around, make experimental
2026-10-05T16:38:47.3075960Z changes and commit them, and you can discard any commits you make in this
2026-10-05T16:38:47.3076954Z state without impacting any branches by switching back to a branch.
2026-10-05T16:38:47.3077849Z 
2026-10-05T16:38:47.3078192Z If you want to create a new branch to retain commits you create, you may
2026-10-05T16:38:47.3079006Z do so (now or later) by using -c with the switch command. Example:
2026-10-05T16:38:47.3079473Z 
2026-10-05T16:38:47.3079969Z   git switch -c <new-branch-name>
2026-10-05T16:38:47.3080304Z 
2026-10-05T16:38:47.3080479Z Or undo this operation with:
2026-10-05T16:38:47.3080774Z 
2026-10-05T16:38:47.3080922Z   git switch -
2026-10-05T16:38:47.3081141Z 
2026-10-05T16:38:47.3081506Z Turn off this advice by setting config variable advice.detachedHead to false
2026-10-05T16:38:47.3082066Z 
2026-10-05T16:38:47.3082445Z HEAD is now at dbc6253 Keep Emscripten headers out of shared audio code (#796)
2026-10-05T16:38:47.3159300Z ##[endgroup]
2026-10-05T16:38:47.3210545Z [command]/usr/bin/git log -1 --format=%H
2026-10-05T16:38:47.3244660Z dbc6253427edc1ca71227ec91a8cd9ab66b5d326
2026-10-05T16:38:47.3648575Z ##[group]Run actions/download-artifact@v4
2026-10-05T16:38:47.3648882Z with:
2026-10-05T16:38:47.3649091Z   name: web-client
2026-10-05T16:38:47.3649321Z   path: build/emscripten/client/release
2026-10-05T16:38:47.3649920Z   merge-multiple: false
2026-10-05T16:38:47.3650166Z   repository: Globulation2/glob2
2026-10-05T16:38:47.3650410Z   run-id: 37336150745
2026-10-05T16:38:47.3650610Z env:
2026-10-05T16:38:47.3650797Z   GLOB2_DEV_MODE: isolated
2026-10-05T16:38:47.3651018Z ##[endgroup]
2026-10-05T16:38:47.5201120Z Downloading single artifact
2026-10-05T16:38:47.5350454Z (node:2382) [DEP0040] DeprecationWarning: The `punycode` module is deprecated. Please use a userland alternative instead.
2026-10-05T16:38:47.5351260Z (Use `node --trace-deprecation ...` to show where the warning was created)
2026-10-05T16:38:47.7514828Z Preparing to download the following artifacts:
2026-10-05T16:38:47.7516232Z - web-client (ID: 11359146772, Size: 287516590, Expected Digest: sha256:18f7776e0e054b12ffaed9c9a0dfdff9d07ad9109bf57acf760a8cfc0f894456)
2026-10-05T16:38:47.9521840Z Redirecting to blob download url: https://productionresultssa16.blob.core.windows.net/actions-results/0fe3a910-18e2-8c35-a4fd-2191688b3692/workflow-job-run-7b6fba27-343c-5584-9602-b3df6d86ee5a/artifacts/278290161bdc18b74f81bc21bbf56d461b1aa5a01dc25b928b985b3f38a8fa2c.zip
2026-10-05T16:38:47.9524643Z Starting download of artifact to: /home/runner/work/glob2/glob2/build/emscripten/client/release
2026-10-05T16:38:48.2032123Z (node:2382) [DEP0005] DeprecationWarning: Buffer() is deprecated due to security and usability issues. Please use the Buffer.alloc(), Buffer.allocUnsafe(), or Buffer.from() methods instead.
2026-10-05T16:38:57.3513766Z SHA256 digest of downloaded artifact is 18f7776e0e054b12ffaed9c9a0dfdff9d07ad9109bf57acf760a8cfc0f894456
2026-10-05T16:38:57.3514787Z Artifact download completed successfully.
2026-10-05T16:38:57.3515299Z Total of 1 artifact(s) downloaded
2026-10-05T16:38:57.3521393Z Download artifact has finished successfully
2026-10-05T16:38:57.3676537Z ##[group]Run python3 browser/package-static.py
2026-10-05T16:38:57.3677016Z [36;1mpython3 browser/package-static.py[0m
2026-10-05T16:38:57.3677459Z [36;1mpython3 browser/package-static.py --verify build/browser-static[0m
2026-10-05T16:38:57.3677954Z [36;1mpython3 -m unittest discover -s test/deployment -v[0m
2026-10-05T16:38:57.3946737Z shell: /usr/bin/bash -e {0}
2026-10-05T16:38:57.3947063Z env:
2026-10-05T16:38:57.3947315Z   GLOB2_DEV_MODE: isolated
2026-10-05T16:38:57.3947606Z ##[endgroup]
2026-10-05T16:38:57.5486038Z Traceback (most recent call last):
2026-10-05T16:38:57.5486952Z   File "/home/runner/work/glob2/glob2/browser/package-static.py", line 273, in <module>
2026-10-05T16:38:57.5487766Z     main()
2026-10-05T16:38:57.5488400Z   File "/home/runner/work/glob2/glob2/browser/package-static.py", line 268, in main
2026-10-05T16:38:57.5489348Z     "Packaged " + package(args.source, args.output) + " in " + str(args.output)
2026-10-05T16:38:57.5491777Z                   ^^^^^^^^^^^^^^^^^^^^^^^^^^^^^^^^^
2026-10-05T16:38:57.5492438Z   File "/home/runner/work/glob2/glob2/browser/package-static.py", line 55, in package
2026-10-05T16:38:57.5493519Z     raise ValueError("Incomplete music runtime")
2026-10-05T16:38:57.5494014Z ValueError: Incomplete music runtime
2026-10-05T16:38:57.5677096Z ##[error]Process completed with exit code 1.
2026-10-05T16:38:57.5754583Z ##[group]Run python3 test/ci_step_summary.py
2026-10-05T16:38:57.5754968Z [36;1mpython3 test/ci_step_summary.py[0m
2026-10-05T16:38:57.5819073Z shell: /usr/bin/bash -e {0}
2026-10-05T16:38:57.5819331Z env:
2026-10-05T16:38:57.5819698Z   GLOB2_DEV_MODE: isolated
2026-10-05T16:38:57.5821438Z   CI_STEPS_JSON: {
  "actions_checkout_v4_1": {
    "outputs": {
      "commit": "dbc6253427edc1ca71227ec91a8cd9ab66b5d326",
      "ref": ""
    },
    "outcome": "success",
    "conclusion": "success"
  },
  "download_web_client": {
    "outputs": {
      "download-path": "/home/runner/work/glob2/glob2/build/emscripten/client/release"
    },
    "outcome": "success",
    "conclusion": "success"
  },
  "test_self_hosting_with_real_tls_and_persistent_volumes": {
    "outputs": {},
    "outcome": "failure",
    "conclusion": "success"
  }
}
2026-10-05T16:38:57.5823317Z ##[endgroup]
2026-10-05T16:38:57.6142101Z ## CI check results
2026-10-05T16:38:57.6142403Z 
2026-10-05T16:38:57.6142765Z - Failed: `test_self_hosting_with_real_tls_and_persistent_volumes`
2026-10-05T16:38:57.6143157Z 
2026-10-05T16:38:57.6185680Z ##[error]Process completed with exit code 1.
2026-10-05T16:38:57.6279046Z ##[group]Run actions/upload-artifact@v4
2026-10-05T16:38:57.6279360Z with:
2026-10-05T16:38:57.6279906Z   name: ci-observation-web-deploy-0
2026-10-05T16:38:57.6280211Z   path: artifacts/ci-observation/
2026-10-05T16:38:57.6280490Z   if-no-files-found: ignore
2026-10-05T16:38:57.6280734Z   compression-level: 6
2026-10-05T16:38:57.6280961Z   overwrite: false
2026-10-05T16:38:57.6281182Z   include-hidden-files: false
2026-10-05T16:38:57.6281432Z env:
2026-10-05T16:38:57.6281623Z   GLOB2_DEV_MODE: isolated
2026-10-05T16:38:57.6281850Z ##[endgroup]
2026-10-05T16:38:57.8097784Z (node:2403) [DEP0040] DeprecationWarning: The `punycode` module is deprecated. Please use a userland alternative instead.
2026-10-05T16:38:57.8099459Z (Use `node --trace-deprecation ...` to show where the warning was created)
2026-10-05T16:38:57.8230548Z With the provided path, there will be 1 file uploaded
2026-10-05T16:38:57.8250883Z Artifact name is valid!
2026-10-05T16:38:57.8251450Z Root directory input is valid!
2026-10-05T16:38:58.1575717Z Beginning upload of artifact content to blob storage
2026-10-05T16:38:58.1767516Z (node:2403) [DEP0169] DeprecationWarning: `url.parse()` behavior is not standardized and prone to errors that have security implications. Use the WHATWG URL API instead. CVEs are not issued for `url.parse()` vulnerabilities.
2026-10-05T16:38:58.3853646Z Uploaded bytes 172
2026-10-05T16:38:58.4448870Z Finished uploading artifact content to blob storage!
2026-10-05T16:38:58.4450709Z SHA256 digest of uploaded artifact zip is 8250bf628a3536767d90d8f21c2477035c6ff0af720a39cc7a281b93dd7bd66c
2026-10-05T16:38:58.4452507Z Finalizing artifact upload
2026-10-05T16:38:58.6941117Z Artifact ci-observation-web-deploy-0.zip successfully finalized. Artifact ID 11358877437
2026-10-05T16:38:58.6942417Z Artifact ci-observation-web-deploy-0 has been successfully uploaded! Final size is 172 bytes. Artifact ID is 11358877437
2026-10-05T16:38:58.6943461Z Artifact download URL: https://github.com/Globulation2/glob2/actions/runs/37336150745/artifacts/11358877437
2026-10-05T16:38:58.7155819Z Post job cleanup.
2026-10-05T16:38:58.8069321Z [command]/usr/bin/git version
2026-10-05T16:38:58.8117953Z git version 2.55.0
2026-10-05T16:38:58.8164495Z Temporarily overriding HOME='/home/runner/work/_temp/8761cf8e-3588-4949-9f94-93efc81cd144' before making global git config changes
2026-10-05T16:38:58.8165556Z Adding repository directory to the temporary git global config as a safe directory
2026-10-05T16:38:58.8170934Z [command]/usr/bin/git config --global --add safe.directory /home/runner/work/glob2/glob2
2026-10-05T16:38:58.8929040Z [command]/usr/bin/git config --local --name-only --get-regexp core\.sshCommand
2026-10-05T16:38:58.9009037Z [command]/usr/bin/git submodule foreach --recursive sh -c "git config --local --name-only --get-regexp 'core\.sshCommand' && git config --local --unset-all 'core.sshCommand' || :"
2026-10-05T16:38:58.9301802Z [command]/usr/bin/git config --local --name-only --get-regexp http\.https\:\/\/github\.com\/\.extraheader
2026-10-05T16:38:59.0004017Z http.https://github.com/.extraheader
2026-10-05T16:38:59.0017891Z [command]/usr/bin/git config --local --unset-all http.https://github.com/.extraheader
2026-10-05T16:38:59.0991808Z [command]/usr/bin/git submodule foreach --recursive sh -c "git config --local --name-only --get-regexp 'http\.https\:\/\/github\.com\/\.extraheader' && git config --local --unset-all 'http.https://github.com/.extraheader' || :"
2026-10-05T16:38:59.1261690Z [command]/usr/bin/git config --local --name-only --get-regexp ^includeIf\.gitdir:
2026-10-05T16:38:59.1300681Z [command]/usr/bin/git submodule foreach --recursive git config --local --show-origin --name-only --get-regexp remote.origin.url
2026-10-05T16:38:59.1686695Z Cleaning up orphan processes
2026-10-05T16:38:59.2082112Z ##[warning]Node.js 20 is deprecated. The following actions target Node.js 20 but are being forced to run on Node.js 24: actions/checkout@v4, actions/download-artifact@v4, actions/upload-artifact@v4. For more information see: https://github.blog/changelog/2025-09-19-deprecation-of-node-20-on-github-actions-runners/
