test_ai_and_ui_changes_skip_map_sweep_and_deployment (test_ci_changed_paths.ChangedPathsTest.test_ai_and_ui_changes_skip_map_sweep_and_deployment) ... ok
test_browser_shell_only (test_ci_changed_paths.ChangedPathsTest.test_browser_shell_only) ... ok
test_ci_tool_tests_only_run_selector_contracts (test_ci_changed_paths.ChangedPathsTest.test_ci_tool_tests_only_run_selector_contracts) ... ok
test_cross_platform_fixtures_run_everything (test_ci_changed_paths.ChangedPathsTest.test_cross_platform_fixtures_run_everything) ... ok
test_deployment_changes_only_run_browser_and_deployment (test_ci_changed_paths.ChangedPathsTest.test_deployment_changes_only_run_browser_and_deployment) ... ok
test_documentation_only (test_ci_changed_paths.ChangedPathsTest.test_documentation_only) ... ok
test_downloaded_native_archives_do_not_dirty_source_provenance (test_ci_changed_paths.ChangedPathsTest.test_downloaded_native_archives_do_not_dirty_source_provenance) ... ok
test_drawing_implementations_keep_all_platforms_without_map_sweeps (test_ci_changed_paths.ChangedPathsTest.test_drawing_implementations_keep_all_platforms_without_map_sweeps) ... ok
test_empty_diff_runs_everything (test_ci_changed_paths.ChangedPathsTest.test_empty_diff_runs_everything) ... ok
test_every_inline_build_checks_out_the_selected_revision (test_ci_changed_paths.ChangedPathsTest.test_every_inline_build_checks_out_the_selected_revision) ... ok
test_golden_table_only_runs_golden_job (test_ci_changed_paths.ChangedPathsTest.test_golden_table_only_runs_golden_job) ... ok
test_javascript_evidence_steps_are_visible_to_ci_failure_summary (test_ci_changed_paths.ChangedPathsTest.test_javascript_evidence_steps_are_visible_to_ci_failure_summary) ... ok
test_lightweight_suites_are_executed_and_packaging_paths_remain (test_ci_changed_paths.ChangedPathsTest.test_lightweight_suites_are_executed_and_packaging_paths_remain) ... ok
test_linux_platform_tests_depend_only_on_their_own_build (test_ci_changed_paths.ChangedPathsTest.test_linux_platform_tests_depend_only_on_their_own_build) ... ok
test_match_record_fixture_runs_native_browser_and_comparison (test_ci_changed_paths.ChangedPathsTest.test_match_record_fixture_runs_native_browser_and_comparison) ... ok
test_mixed_independent_changes (test_ci_changed_paths.ChangedPathsTest.test_mixed_independent_changes) ... ok
test_music_pipeline_and_soundtrack_sets (test_ci_changed_paths.ChangedPathsTest.test_music_pipeline_and_soundtrack_sets) ... ok
test_native_test_only (test_ci_changed_paths.ChangedPathsTest.test_native_test_only) ... ok
test_network_changes_keep_deployment (test_ci_changed_paths.ChangedPathsTest.test_network_changes_keep_deployment) ... ok
test_platform_docs_only (test_ci_changed_paths.ChangedPathsTest.test_platform_docs_only) ... ok
test_platform_only (test_ci_changed_paths.ChangedPathsTest.test_platform_only) ... ok
test_platform_stack_paths (test_ci_changed_paths.ChangedPathsTest.test_platform_stack_paths) ... ok
test_protocol_fixtures_run_platform_and_native_contract_tests (test_ci_changed_paths.ChangedPathsTest.test_protocol_fixtures_run_platform_and_native_contract_tests) ... ok
test_relay_changes_run_the_relay_job_only (test_ci_changed_paths.ChangedPathsTest.test_relay_changes_run_the_relay_job_only) ... ok
test_shared_scripting_changes_run_native_browser_and_comparison (test_ci_changed_paths.ChangedPathsTest.test_shared_scripting_changes_run_native_browser_and_comparison) ... ok
test_shared_source_runs_everything (test_ci_changed_paths.ChangedPathsTest.test_shared_source_runs_everything) ... ok
test_transport_fixture_only_runs_browser_jobs (test_ci_changed_paths.ChangedPathsTest.test_transport_fixture_only_runs_browser_jobs) ... ok
test_windows_cache_writes_require_authorized_event_and_successful_build (test_ci_changed_paths.ChangedPathsTest.test_windows_cache_writes_require_authorized_event_and_successful_build) ... ok
test_windows_git_newline_policy_is_pinned_before_cache_and_build (test_ci_changed_paths.ChangedPathsTest.test_windows_git_newline_policy_is_pinned_before_cache_and_build) ... ok
test_workspace_compiler_caches_do_not_dirty_source_provenance (test_ci_changed_paths.ChangedPathsTest.test_workspace_compiler_caches_do_not_dirty_source_provenance) ... ok

----------------------------------------------------------------------
Ran 30 tests in 0.017s

OK
