test_browser_compatibility_keeps_every_engine_and_thread_variant (test_ci_policy.PolicyTest.test_browser_compatibility_keeps_every_engine_and_thread_variant) ... ok
test_checkpoint_never_uses_divergent_or_unattested_revision (test_ci_policy.PolicyTest.test_checkpoint_never_uses_divergent_or_unattested_revision) ... ok
test_labels_only_expand (test_ci_policy.PolicyTest.test_labels_only_expand) ... ok
test_master_always_full_and_nightly_reuse_is_not_a_checkpoint (test_ci_policy.PolicyTest.test_master_always_full_and_nightly_reuse_is_not_a_checkpoint) ... ok
test_music_pipeline_is_a_cheap_job_and_sets_are_packaged_data (test_ci_policy.PolicyTest.test_music_pipeline_is_a_cheap_job_and_sets_are_packaged_data) ... ok
test_music_runtime_boundaries_select_their_consumers (test_ci_policy.PolicyTest.test_music_runtime_boundaries_select_their_consumers) ... ok
test_platform_stack_smoke_follows_the_stack_inputs (test_ci_policy.PolicyTest.test_platform_stack_smoke_follows_the_stack_inputs) ... ok
test_portable_cases_remain_primary_and_simulation_adds_compatibility (test_ci_policy.PolicyTest.test_portable_cases_remain_primary_and_simulation_adds_compatibility) ... ok
test_pr_requests_and_label_removal (test_ci_policy.PolicyTest.test_pr_requests_and_label_removal) ... ok
test_release_metadata_does_not_compile_engine (test_ci_policy.PolicyTest.test_release_metadata_does_not_compile_engine) ... ok
test_rendering_mobile_maps_and_network_have_distinct_boundaries (test_ci_policy.PolicyTest.test_rendering_mobile_maps_and_network_have_distinct_boundaries) ... ok
test_shared_unknown_and_unavailable_inputs_fail_closed (test_ci_policy.PolicyTest.test_shared_unknown_and_unavailable_inputs_fail_closed) ... ok
test_tests_beside_code_select_as_tests (test_ci_policy.PolicyTest.test_tests_beside_code_select_as_tests) ... ok
test_timing_inventory_does_not_change_for_equivalent_policy_implementation (test_ci_policy.PolicyTest.test_timing_inventory_does_not_change_for_equivalent_policy_implementation) ... ok
test_cleanup_protects_open_pr_and_newest_master_generations (test_ci_policy.ReuseTest.test_cleanup_protects_open_pr_and_newest_master_generations) ... ok
test_different_case_inventories_do_not_produce_speed_comparisons (test_ci_policy.ReuseTest.test_different_case_inventories_do_not_produce_speed_comparisons) ... ok
test_native_and_browser_evidence_must_include_every_selected_identity (test_ci_policy.ReuseTest.test_native_and_browser_evidence_must_include_every_selected_identity) ... ok
test_native_coverage_audit_rejects_duplicate_missing_and_disagreeing_shards (test_ci_policy.ReuseTest.test_native_coverage_audit_rejects_duplicate_missing_and_disagreeing_shards) ... ok
test_restored_dependencies_require_matching_identity_and_exact_content (test_ci_policy.ReuseTest.test_restored_dependencies_require_matching_identity_and_exact_content) ... ok

----------------------------------------------------------------------
Ran 19 tests in 0.110s

OK
