PASS BuildingAreaEffects/upkeep is atomic pulses accumulate fractions and cap services (0.2s)
PASS BuildingAreaEffects/combat uses live coverage and magic preserves armor bypass (0.2s)
PASS BuildingAreaEffects/strongest fields match reference across wrapped oversized and changed coverage (0.2s)
PASS BuildingAreaEffects/catalog bounds identity and canonical absence (0.3s)
PASS BuildingAreaEffects/even footprints receive combat modifiers at the northwestern center (0.2s)
PASS BuildingAreaEffects/damage resolves death before healing and respects no permadeath (0.2s)
PASS BuildingAreaEffects/ordinary building services discard positive aura fractions at their caps (0.2s)
PASS BuildingAreaEffects/turret snapshots attack at firing and reads target armor at impact (0.2s)
PASS BuildingAreaEffects/magic and flying services use coverage without fruit bonuses (0.2s)
PASS BuildingAreaEffects/immediate growth obeys temporary land suppression and resumes afterward (0.2s)
PASS BuildingAreaEffects/fertility snapshots retain their captured modifiers and only land changes (0.2s)
PASS BuildingAreaEffects/map replacement discards old dense planes before new tile queries (0.2s)
PASS BuildingAreaEffects/ownership changes invalidate paid coverage and wait for the next pulse (0.2s)
PASS BuildingAreaEffects/construction deletion and repair retain the intended funding boundaries (0.2s)
PASS BuildingAreaEffects/saved funding and fractions reject values before compact storage narrowing [save-format] (0.3s)
PASS BuildingCatalogFixtures/format136 terrain snapshot imports frozen buildings and continues after resave (0.3s)
PASS BuildingCatalogFixtures/retained split recipes conserve every charged resource through cancellation (0.2s)
PASS BuildingProductionCombat/committed recipes reserve distinct resources and ratio changes choose the next job (0.1s)
PASS BuildingProductionCombat/completed blocked job retains its budget and zero duration remains a producer (0.1s)
PASS BuildingCatalogFixtures/retained seeded compositions preserve full simulation continuation [golden] (0.5s)
PASS BuildingProductionCombat/rectangular hybrid shoots class-specific snapshots and regenerates without production (0.1s)
PASS BuildingProductionCombat/stock suppliers route independently of fruit exchange with configured pickup cost (0.1s)
PASS BuildingProductionCombat/overlay services and suppliers share a footprint without occupying ground (0.1s)
PASS BuildingProductionCombat/combined attraction profiles independently require warrior level and explorer bombing (0.1s)
PASS BuildingProductionCombat/physical combat attraction invalidates on enemy changes and mixed relocation resets routes (0.2s)
PASS BuildingProductionCombat/committed recipe survives binary and text continuation with its reservation (0.7s)
PASS BuildingProductionCombat/hybrid attraction and service routes remain independent across save continuation (0.7s)
PASS BuildingProductionCombat/direct stock withdrawal is independent of food and fruit exchange (0.1s)
PASS BuildingAreaEffects/paid intervals and fractions preserve full save continuation [save-format][artifacts] (1.3s)
PASS BuildingProductionCombat/converging upgrades cancel to the instance origin and return real materials (0.1s)
PASS BuildingProductionCombat/construction reserves independent costs beyond storage and survives continuation (0.2s)
PASS BuildingProductionCombat/repair budgets use independent fruit costs and cancellation creates no material credits (0.1s)
PASS BuildingProductionCombat/zero cost roots and upgrade stages complete without a delivery event (0.1s)
PASS BuildingProductionCombat/repair earns only original damage and paid materials cannot be refunded after healing (0.1s)
PASS BuildingProductionCombat/version135 partial repair imports remaining work without material credits (0.2s)
PASS BuildingProductionCombat/zero cost repair preserves damage received after the repair started (0.1s)
PASS BuildingProductionCombat/partial supplier packets preserve raw equivalents and save continuation (0.2s)
PASS BuildingProductionCombat/unfunded new-site cooldown uses job state and counts fruit funding (0.1s)
PASS BuildingProductionCombat/resource permissions separate storage replenishment and direct withdrawal (0.1s)
PASS BuildingProductionCombat/shared repair sites restore each recorded origin and staffing cap (0.2s)
PASS BuildingProductionCombat/shared ammunition consumption invalidates stock advertised by another building (0.1s)
PASS BuildingProductionCombat/combined stock routes include both provider modes and track direct overlay relocation (0.2s)
PASS BuildingProductionCombat/bounded supply cache excludes the recipient and its shared inventory and resumes eviction (0.2s)
PASS BuildingProductionCombat/overlay transition and cancellation discard cached footprint routes (0.1s)
PASS BuildingProductionCombat/mixed attraction borrows quota from an unavailable unit class (0.1s)
PASS BuildingProductionCombat/late choice advances the common timer and selects ratios only at completion (0.1s)
PASS BuildingProductionCombat/production transitions initialize new recipes and restore canceled preferences (0.2s)
PASS BuildingProductionCombat/ground buildings with attraction radii remain melee targets (0.1s)
PASS BuildingServices/mixed visits share capacity and inventory and settle once (0.1s)
PASS BuildingProductionCombat/sole supplier demolition and cancellation preserve routing across save continuation (0.3s)
PASS BuildingProductionCombat/demolition settles shared partial construction only when removal becomes final (0.3s)
PASS BuildingServices/shared inventory cannot be committed twice by separate buildings (0.1s)
PASS BuildingServices/completed feeding admission buffer ignores unrelated mixed services (0.1s)
PASS BuildingServices/construction eligibility and work speed are independently trainable (0.1s)
PASS BuildingServices/shared delivery never discards inventory above a recipient capacity (0.1s)
PASS BuildingServices/pending mixed visits restore reservations and cancellation releases only unpaid costs (0.3s)
PASS BuildingServices/parallel training waits for the slowest requested course (0.1s)
PASS BuildingServices/canceling a service capable site restores each origin service exactly once (0.1s)
PASS BuildingServices/zero duration parallel courses select the slowest inclusive action clock (0.1s)
PASS BuildingProductionCombat/current saves reject construction origins outside the explicit job graph (0.8s)
PASS BuildingServices/save loading rejects a reservation detached from its visitor list (0.3s)
PASS BuildingServices/minimum service speed completes after diagonal entry (0.1s)
PASS BuildingServices/parallel training compares whole remaining ticks from the entry phase (0.1s)
PASS BuildingCatalog/shipped JSON preserves all 55 frozen variants and exact canonical stock snapshot (0.1s)
PASS BuildingCatalog/snapshot roundtrip owns independent descriptors and ignores runtime gates (0.1s)
PASS BuildingServices/stock tiny deficit healing completes without storing a post exit speed burst (0.1s)
PASS BuildingCatalog/documented experimental field kitchen loads from its authored files (0.0s)
PASS BuildingCatalog/manifest parsing identifies the broken definition file without publishing a catalog (0.1s)
PASS BuildingCatalog/renamed composite variant and added feature survive embedded snapshot (0.1s)
PASS BuildingServices/long high speed healing retains bounded phase across save continuation (0.3s)
PASS BuildingCatalog/assignment limits compile staffing capability independently for each stage (0.1s)
PASS BuildingCatalog/experiment metadata obeys the same contract before startup and transport (0.2s)
PASS BuildingCatalog/compiled runtime rows are dense aligned value copies and refresh gates in place (0.0s)
PASS BuildingCatalog/stable keys need no compatibility family alias and defaults are bounded preferences (0.1s)
PASS BuildingCatalog/compact runtime traits preserve validated numeric boundaries (0.1s)
PASS BuildingCatalog/new materials retain high bits through catalogs and compact runtime rows (0.1s)
PASS BuildingCatalog/invalid catalog reports the rejected field and preserves the active catalog (0.4s)
PASS BuildingCatalog/legacy inventory vocabulary imports and ambiguous material aliases fail atomically (0.1s)
PASS WorldSnapshot/shared entity indices preserve empty slots and canonical record addresses (0.1s)
PASS WorldSnapshot/snapshot capability tables share authoritative immutable catalog data (0.1s)
PASS WorldSnapshot/on-demand construction feasibility matches live helpers and remains frozen (0.1s)
PASS WorldSnapshot/unit snapshots share authoritative scalar state and remain frozen (0.1s)
PASS WorldSnapshot/coordinate wrapping preserves signed edges for power of two and general dimensions (0.0s)
PASS WorldSnapshot/map snapshots bulk copy authoritative records without translation (0.1s)
PASS WorldSnapshot/narrow component queries preserve combined tile values and projection defaults (0.1s)
PASS BuildingCatalog/expanded canonical snapshots must fit transport before catalog publication (0.6s)
PASS WorldSnapshot/AI boundary validates each captured map array before fast reads (0.1s)
PASS WorldSnapshot/worker final lease release synchronizes owner buffer reuse (0.0s)
PASS WorldSnapshot/AI fast scalar reads preserve checked values and frozen lease isolation (0.1s)
PASS WorldSnapshot/component leases and weak control blocks outlive the owning store (0.1s)
PASS WorldSnapshot/catalog refresh survives intervening projections and rules reuse independently (0.1s)
PASS WorldSnapshot/projected terrain lease cannot retain unrelated world components (0.1s)
PASS WorldSnapshot/component mutation generations preserve isolation and reuse unchanged arrays (0.1s)
PASS WorldSnapshot/no-op map writes reuse components while changed values remain isolated (0.1s)
PASS WorldSnapshot/capture requirements exclude arrays that no scheduled consumer requests (0.1s)
PASS WorldSnapshot/vertex changes preserve retained terrain and reuse unchanged versions (0.1s)
PASS WorldSnapshot/warm component buffers stop allocating at a fixed population (0.1s)
PASS WorldSnapshot/pooled captures never overwrite a held worker projection (0.1s)
PASS WorldSnapshot/building snapshots copy shared scalar records and freeze selected stock (0.1s)
PASS WorldSnapshot/flat relationship ranges preserve every building list in order (0.1s)
PASS WorldSnapshot/farm paint queries match frozen growth and resource inputs (0.1s)
PASS WorldSnapshot/memory metrics distinguish held epochs from reusable high water capacity (0.1s)
PASS WorldSnapshot/reused buffers copy sparse chunks and refresh dense changes contiguously (0.1s)
PASS WorldSnapshot/resource copy metrics include multi-material stock sidecars (0.1s)
PASS WorldSnapshot/a retained consumer leaves the newest free buffer to absorb only later changes (0.1s)
PASS WorldSnapshot/capture verification rejects writes that bypass the change trackers (0.1s)
PASS WorldSnapshot/same tick component expansion preserves narrow leases and captures arrays once (0.1s)
PASS WorldSnapshot/explicit observation boundaries refresh paused state and retain old leases (0.1s)
PASS SimulationReadPhase/presentation borrows the published no-AI read boundary without recapture (0.1s)
PASS SimulationReadPhase/AI and pending gradients consume the presentation union without another capture (0.1s)
PASS ResourceGrowth/signed proposals use only current resource type and apply in order (0.1s)
PASS ResourceGrowth/material deltas cap independently and create configured seed stocks (0.1s)
PASS ResourceGrowth/proposal capacity grows safely and is retained for reuse (0.1s)
PASS ResourceGrowth/legacy pending masks migrate and signed pending proposals validate on load (0.1s)
PASS SimulationReadPhase/direct completed steps match deferred preparation across worker counts (0.4s)
PASS ResourceGrowth/kernel is immutable deterministic and responds to disabled growth and scarcity (0.1s)
PASS ResourceGrowth/setting the delay leaves reservations and unfinished work untouched (0.1s)
PASS ResourceGrowth/pipeline waits at exact deadline and pause does not publish (0.1s)
PASS ResourceGrowth/frozen input outlives terrain and resource edits and wrapping remains valid (0.1s)
PASS ResourceGrowth/light checksums leave zero-worker work deferred and world replacement discards it (0.1s)
PASS ResourceGrowth/format 144 and 145 packed growth headers cannot alias artwork lengths (0.0s)
PASS ResourceGrowth/text save layout probes are relative and preserve section state (0.0s)
PASS ResourceGrowth/publication accounts for proposals rejected by a different world (0.2s)
PASS ResourceGrowth/later completed work cannot publish ahead of an earlier batch (0.2s)
PASS ResourceGrowth/configured seeds preserve rates variety collisions and saved output (0.1s)
PASS ResourceGrowth/zero-worker and shared deadlines match and pending work survives saving (0.6s)
PASS ResourceGrowth/typed proposal loading validates fields and preserves old queued units (0.1s)
PASS ResourceGrowth/zero seed stocks use authoritative resource initialization (0.3s)
PASS TerrainProperties/exclusive movement modes and bounded compile-time definitions (0.0s)
PASS TerrainProperties/Trail retains legacy identities and terrain behavior (0.0s)
PASS ResourceGrowth/finishing the last deferred tick computes without publishing early (0.1s)
PASS TerrainProperties/same-size map replacement and terrain edits refresh ecology (0.1s)
PASS TerrainProperties/vertex terrain survives tiling and batches snapshot invalidation (0.1s)
PASS TerrainProperties/terrain edits refresh escape costs and supersede queued route snapshots (0.1s)
PASS TerrainProperties/required terrain experiments survive tiling and distinguish map headers (0.1s)
PASS TerrainProperties/explorers ignore ice damage and no-permadeath applies to ground hazards (0.1s)
PASS TerrainProperties/ice exposure includes stationary units and preserves fractional health in saves (0.2s)
PASS ResourceGrowth/engine preflight opens both historical growth and released vertex saves (0.5s)
PASS TerrainProperties/health modifiers clip healing and expose units that have found an exit (0.1s)
PASS TerrainProperties/projectile supercover tests intermediate cells corners and wrapped coordinates (0.0s)
PASS TerrainProperties/terrain health profiles choose independent air and ground rates (0.1s)
PASS TerrainRuntime/maps isolate registries and reject failed imports atomically (0.1s)
PASS TerrainProperties/explorer flag eligibility applies route accessibility and hunger distance (0.1s)
PASS TerrainRuntime/eager resumed and worker gradients agree on custom slow swimming (0.1s)
PASS TerrainRuntime/unused distinct costs do not expand map movement setup (0.1s)
PASS TerrainRuntime/custom capabilities drive map queries health ecology and immutable match definitions (0.2s)
PASS TerrainRuntime/production pipeline captures custom movement and discards fields after reimport (0.3s)
PASS TerrainRuntime/embedded registry restores custom state and pending gradients without source files (0.3s)
PASS TerrainRuntime/format-137 saves with custom terrain load with remapped IDs and resave at the current format (0.2s)
PASS TerrainRuntime/each catalogue type requires exactly its group's experiment and shares the group profile (0.1s)
PASS TerrainRuntime/painted catalogue terrain survives save and reload with its checksum (0.6s)
PASS TerrainRuntime/large embedded registry crosses the stream string limit (1.1s)
PASS TurnEngineHarness/shared scripted maps play and produce verified ordinary replays without installation [network-sim][artifacts] (1.3s)
PASS TurnEngineHarness/embedded terrain definitions travel with shared matches and verifier replays [network-sim][artifacts] (2.3s)
PASS ResourceGrowth/both format 144 and 145 lineages and compact growth saves retain continuation [save-format] (4.6s)
PASS TurnEngineHarness/a player who quits leaves through the relay's quit order and the rest play on [network-sim] (2.5s)
PASS TurnEngineHarness/a player who leaves stays listed as Left, and the one left standing learns why it won [network-sim] (0.7s)
PASS TurnEngineHarness/two engines with AI seats under latency, jitter and loss agree at every tick and the record verifies [network-sim][artifacts] (5.8s)
PASS TurnEngineHarness/a client that executes a tampered order is repaired by an in-place reload and named by the verifier [network-sim][artifacts] (5.2s)
PASS TurnEngineHarness/four engines survive a stall and a restart: the restarted client reloads and fast-forwards [network-sim][artifacts] (4.8s)
PASS TurnEngineHarness/orders a hostile relay forges for a seat are refused by the verifier, which still verifies [network-sim] (1.7s)
PASS TurnEngineHarness/a save with closed seats: reteamed players keep their colonies, closed ones are cleared [network-sim] (2.4s)
PASS TurnEngineHarness/a 10 s flag drag and a held key keep the input delay bounded, without a flood [network-sim][artifacts] (3.6s)
PASS TurnEngineHarness/voice packets do not hold up a player's orders [network-sim][artifacts] (4.2s)
PASS TurnEngineHarness/without a pause limit a pause lasts until someone resumes it [network-sim] (0.8s)
PASS TurnEngineHarness/a pause limit is enforced identically everywhere and the record verifies [network-sim][artifacts] (1.7s)
PASS TurnEngineHarness/the committed match record verifies to the committed checksum trace [network-sim][golden] (0.9s)
PASS TurnEngineHarness/one client claiming the game finished does not end it for a player who is reconnecting [network-sim] (1.7s)
PASS MatchSetup/New match rules default to eight tick AI decisions (0.0s)
PASS MatchSetup/AI order delay is optional bounded integer data and round trips through headers (0.1s)
PASS MatchSetup/Building gradient delay is optional bounded integer data and round trips through headers (0.1s)
PASS MatchSetup/embedded catalogs carry dynamic experiments independently of installed definitions (0.3s)
PASS MatchSetup/catalog rules identity partitions ratings without changing the executable identity (0.0s)
PASS MatchSetup/SHA-256 matches the FIPS 180-4 test vectors (0.0s)
PASS MatchSetup/every MatchSetup and SimVersion contract fixture is accepted or rejected at its stage (0.1s)
PASS MatchSetup/the vendored fixtures match the protocol package when it is present (0.0s)
PASS MatchSetup/valid setups become the GameHeader every client and the verifier run (0.1s)
PASS TurnEngineHarness/closed seats are closed colonies: the last player standing wins everywhere and the record verifies [network-sim] (10.2s)
PASS MatchSetup/map-required terrain experiments propagate to setup and cannot be omitted (0.1s)
PASS MatchSetup/closed seats close their team and follow every player seat (0.1s)
PASS MatchSetup/unknown experiments, JavaScript AIs and unexpressible headers are refused (0.1s)
PASS MatchSetup/a map file is found and checked by the hash of its decompressed bytes (0.1s)
PASS MatchSetup/Scripted map sources preserve exact provenance and enforce team count (0.0s)
PASS MatchSetup/the simulation data hash covers every data file the simulation loads (0.1s)
PASS TeamStatsSave/every live worker-tick lands in exactly one labour bucket (0.1s)
PASS TeamStatsSave/places: own buildings first, then enemies; allies, flags and new buildings do not count (0.1s)
PASS TeamStatsSave/place lookup agrees with a brute-force scan of every building tile (0.1s)
PASS TeamStatsSave/combat deaths are attributed by place and assignment (0.1s)
PASS TeamStatsSave/defence snapshot counts warriors by place and enemy warriors at home (0.1s)
PASS TeamStatsSave/older saves load with labour coverage starting at the loaded tick [save-format] (0.2s)
PASS TeamStatsSave/labour, combat and defence measurements survive a save [save-format] (0.3s)
PASS TeamStatsSave/clearing telemetry counts operations once by configured primary material (0.3s)
PASS TeamStatsSave/legacy version 88 fixture replays the golden trace [save-format][golden] (0.2s)
PASS TeamStatsSave/legacy version 84 fixture replays the golden trace [save-format][golden] (0.2s)
PASS TurnEngineHarness/engines report network telemetry, and its output changes nothing they execute [network-sim][artifacts] (3.1s)
PASS TeamStatsSave/Compact telemetry retains every sample across chunk boundaries (1.2s)
PASS TeamStatsSave/Compact team histories preserve samples across two batch boundaries (0.4s)
PASS TeamStatsSave/Sparse variant snapshot reset clears vanished types without clearing history (0.5s)
PASS TeamStatsSave/Sparse variant reset accepts refreshed diagnostics and restored snapshots (1.0s)
PASS TeamStatsSave/Delayed observation telemetry saves remain readable (0.1s)
PASS TeamStatsSave/AI telemetry continues across a save [save-format] (3.6s)
PASS EnteringUnitSave/the retained fixture loads [save-format] (0.1s)
PASS LegacyRoundTripSave/a format-143 save with live round-trip fields plays on greedily [golden][save-format] (1.6s)
PASS UnitContinuation/hazard routes and idle escape preserve per-tick state across save load (0.6s)
PASS UnitContinuation/five checkpoints replay 256 ticks with matching state and RNG (0.9s)
PASS EnteringUnitSave/generated fixtures round-trip through binary saves [save-format] (4.2s)
PASS TeamStatsSave/32 sampling phases; ring wrap; repeated loads; text streams and corruption controls [save-format] (8.3s)
PASS TurnEngineHarness/a client sending hostile orders of every type crashes no one and is refused identically everywhere [network-sim][fuzz][artifacts] (22.2s)
PASS SavegameSafety/autosave defaults; atomic and background writes; truncated and malformed loads; imports and campaign progress [save-format][writes-preferences] (13.8s)

209 passed, 0 failed, 2 skipped (145.5s of test time)
[run_tests] JUnit report: artifacts/area-effects/pr-engine.xml (211 cases)
