TAP version 13
# Subtest: installs a package into the file system with byte progress
ok 1 - installs a package into the file system with byte progress
  ---
  duration_ms: 12.205584
  type: 'test'
  ...
# Subtest: a later package replaces a core file and is reported once to the game
ok 2 - a later package replaces a core file and is reported once to the game
  ---
  duration_ms: 2.053411
  type: 'test'
  ...
# Subtest: a later visit installs cached parts without the network
ok 3 - a later visit installs cached parts without the network
  ---
  duration_ms: 2.266509
  type: 'test'
  ...
# Subtest: optional parts wait for the page between downloads and appear only when complete
ok 4 - optional parts wait for the page between downloads and appear only when complete
  ---
  duration_ms: 22.174587
  type: 'test'
  ...
# Subtest: failed downloads are reported and leave nothing behind
ok 5 - failed downloads are reported and leave nothing behind
  ---
  duration_ms: 3.371274
  type: 'test'
  ...
# Subtest: a response of the wrong size is rejected
ok 6 - a response of the wrong size is rejected
  ---
  duration_ms: 1.667712
  type: 'test'
  ...
# Subtest: works without Cache Storage and prunes parts of older builds
ok 7 - works without Cache Storage and prunes parts of older builds
  ---
  duration_ms: 3.429584
  type: 'test'
  ...
# Subtest: progress follows transfer bytes when a part arrives compressed
ok 8 - progress follows transfer bytes when a part arrives compressed
  ---
  duration_ms: 2.113021
  type: 'test'
  ...
# Subtest: the loading page estimates remaining time from the rate so far
ok 9 - the loading page estimates remaining time from the rate so far
  ---
  duration_ms: 4.948547
  type: 'test'
  ...
# Subtest: on-demand requests share a load and throttle failed retries
ok 10 - on-demand requests share a load and throttle failed retries
  ---
  duration_ms: 12.432443
  type: 'test'
  ...
# Subtest: startup downloads core and game together and waits for both installations
ok 11 - startup downloads core and game together and waits for both installations
  ---
  duration_ms: 13.079779
  type: 'test'
  ...
# Subtest: part concurrency is bounded globally across packages and duplicate loads share work
ok 12 - part concurrency is bounded globally across packages and duplicate loads share work
  ---
  duration_ms: 5.337325
  type: 'test'
  ...
# Subtest: out-of-order downloads preserve package replacement order
ok 13 - out-of-order downloads preserve package replacement order
  ---
  duration_ms: 2.11933
  type: 'test'
  ...
# Subtest: audio activation ignores missing, running and closed contexts
ok 14 - audio activation ignores missing, running and closed contexts
  ---
  duration_ms: 3.393924
  type: 'test'
  ...
# Subtest: closing audio during a pending resume does not reject the gesture handler
ok 15 - closing audio during a pending resume does not reject the gesture handler
  ---
  duration_ms: 0.687857
  type: 'test'
  ...
# Subtest: activation failures are reported and the next gesture can retry
ok 16 - activation failures are reported and the next gesture can retry
  ---
  duration_ms: 3.530653
  type: 'test'
  ...
# Subtest: only Firefox closed-resume rejection is suppressed after game exit
ok 17 - only Firefox closed-resume rejection is suppressed after game exit
  ---
  duration_ms: 0.818486
  type: 'test'
  ...
# Subtest: music controls coalesce behind one in-flight worker command
ok 18 - music controls coalesce behind one in-flight worker command
  ---
  duration_ms: 5.307685
  type: 'test'
  ...
# Subtest: replacing a preview discards controls for its previous session
ok 19 - replacing a preview discards controls for its previous session
  ---
  duration_ms: 1.895331
  type: 'test'
  ...
# Subtest: capture bridge frees memory and returns credits even when capture fails
ok 20 - capture bridge frees memory and returns credits even when capture fails
  ---
  duration_ms: 4.794838
  type: 'test'
  ...
# Subtest: accepts selected bytes without treating the extension as format validation
ok 21 - accepts selected bytes without treating the extension as format validation
  ---
  duration_ms: 3.994082
  type: 'test'
  ...
# Subtest: rejects paths, control characters, unsupported extensions and oversized inputs before reading
ok 22 - rejects paths, control characters, unsupported extensions and oversized inputs before reading
  ---
  duration_ms: 1.416613
  type: 'test'
  ...
# Subtest: rejects changed sizes and read failures
ok 23 - rejects changed sizes and read failures
  ---
  duration_ms: 0.950915
  type: 'test'
  ...
# Subtest: cancellation and disposal cannot publish late file contents
ok 24 - cancellation and disposal cannot publish late file contents
  ---
  duration_ms: 0.630847
  type: 'test'
  ...
# Subtest: a second selection cannot replace an in-flight read
ok 25 - a second selection cannot replace an in-flight read
  ---
  duration_ms: 0.515917
  type: 'test'
  ...
# Subtest: picker uses accepted extensions and releases its input on cancellation
ok 26 - picker uses accepted extensions and releases its input on cancellation
  ---
  duration_ms: 0.704827
  type: 'test'
  ...
# Subtest: disposing an open picker ignores its late change event
ok 27 - disposing an open picker ignores its late change event
  ---
  duration_ms: 0.568178
  type: 'test'
  ...
# Subtest: accepts gzip containers only for supported map and save types
ok 28 - accepts gzip containers only for supported map and save types
  ---
  duration_ms: 0.535848
  type: 'test'
  ...
# Subtest: fresh browser profiles use the game hosting origin
ok 29 - fresh browser profiles use the game hosting origin
  ---
  duration_ms: 6.271411
  type: 'test'
  ...
# Subtest: official cutover preserves credentials under their original origin
ok 30 - official cutover preserves credentials under their original origin
  ---
  duration_ms: 0.667007
  type: 'test'
  ...
# Subtest: custom selections and corrupt or future-version storage are left intact
ok 31 - custom selections and corrupt or future-version storage are left intact
  ---
  duration_ms: 0.693047
  type: 'test'
  ...
# Subtest: browser launches the selected mode with exact map and serving origin
ok 32 - browser launches the selected mode with exact map and serving origin
  ---
  duration_ms: 7.897223
  type: 'test'
  ...
# Subtest: invalid launches cannot select a different destination or malformed map
ok 33 - invalid launches cannot select a different destination or malformed map
  ---
  duration_ms: 0.593038
  type: 'test'
  ...
# Subtest: 400ms producer stall preserves prepared audio at both device rates
ok 34 - 400ms producer stall preserves prepared audio at both device rates
  ---
  duration_ms: 73.900326
  type: 'test'
  ...
# Subtest: undersupply waits for target and starvation recovers once
ok 35 - undersupply waits for target and starvation recovers once
  ---
  duration_ms: 43.847546
  type: 'test'
  ...
# Subtest: generation resets recycle credits and reject stale packets
ok 36 - generation resets recycle credits and reject stale packets
  ---
  duration_ms: 5.743834
  type: 'test'
  ...
# Subtest: mute is immediate and visibility freezes consumption
ok 37 - mute is immediate and visibility freezes consumption
  ---
  duration_ms: 2.993565
  type: 'test'
  ...
# Subtest: queue is bounded and resampling does not drift over block boundaries
ok 38 - queue is bounded and resampling does not drift over block boundaries
  ---
  duration_ms: 140.161049
  type: 'test'
  ...
# Subtest: shared transport needs no message delivery to keep supplying audio
ok 39 - shared transport needs no message delivery to keep supplying audio
  ---
  duration_ms: 222.733296
  type: 'test'
  ...
# Subtest: capture is bounded and uses the consumed clock after gain
ok 40 - capture is bounded and uses the consumed clock after gain
  ---
  duration_ms: 8.271222
  type: 'test'
  ...
# Subtest: preview pause retains the exact next sample and cursor at both rates and transports
ok 41 - preview pause retains the exact next sample and cursor at both rates and transports
  ---
  duration_ms: 135.063893
  type: 'test'
  ...
# Subtest: visibility rebuffering is intentional silence, not producer starvation
ok 42 - visibility rebuffering is intentional silence, not producer starvation
  ---
  duration_ms: 7.114647
  type: 'test'
  ...
# Subtest: paused generation changes never replay the old audible tail
ok 43 - paused generation changes never replay the old audible tail
  ---
  duration_ms: 23.297381
  type: 'test'
  ...
# Subtest: preview Play only pauses consumption and preserves prepared decoder state
ok 44 - preview Play only pauses consumption and preserves prepared decoder state
  ---
  duration_ms: 14.427543
  type: 'test'
  ...
# Subtest: preview Reset uses consumed position and preserves paused state
ok 45 - preview Reset uses consumed position and preserves paused state
  ---
  duration_ms: 4.408219
  type: 'test'
  ...
# Subtest: Reset cannot rewind a newer Seek to stale consumer metadata
ok 46 - Reset cannot rewind a newer Seek to stale consumer metadata
  ---
  duration_ms: 4.166751
  type: 'test'
  ...
# Subtest: a suspended worklet cannot retain the command credit or leave preview paused
ok 47 - a suspended worklet cannot retain the command credit or leave preview paused
  ---
  duration_ms: 25.513542
  type: 'test'
  ...
# Subtest: successful hosted quit returns the current tab to the online home page
ok 48 - successful hosted quit returns the current tab to the online home page
  ---
  duration_ms: 11.835505
  type: 'test'
  ...
# Subtest: abnormal exits and standalone hosts retain their exit message
ok 49 - abnormal exits and standalone hosts retain their exit message
  ---
  duration_ms: 5.731933
  type: 'test'
  ...
# Subtest: same-origin match replay receives hash-bound companion metadata
ok 50 - same-origin match replay receives hash-bound companion metadata
  ---
  duration_ms: 25.238703
  type: 'test'
  ...
# Subtest: external files, redirects and malformed match routes carry no instance authority
ok 51 - external files, redirects and malformed match routes carry no instance authority
  ---
  duration_ms: 11.237138
  type: 'test'
  ...
# Subtest: unavailable digest support never prevents replay download
ok 52 - unavailable digest support never prevents replay download
  ---
  duration_ms: 2.413929
  type: 'test'
  ...
# Subtest: coalesces writes and acknowledges only the completed generation
ok 53 - coalesces writes and acknowledges only the completed generation
  ---
  duration_ms: 4.762927
  type: 'test'
  ...
# Subtest: quota failure is retained, rejects completion, and allows an explicit retry
ok 54 - quota failure is retained, rejects completion, and allows an explicit retry
  ---
  duration_ms: 1.489084
  type: 'test'
  ...
# Subtest: restore failure cannot overwrite existing storage
ok 55 - restore failure cannot overwrite existing storage
  ---
  duration_ms: 1.491183
  type: 'test'
  ...
# Subtest: synchronous adapter errors reject the operation
ok 56 - synchronous adapter errors reject the operation
  ---
  duration_ms: 0.748776
  type: 'test'
  ...
# Subtest: validates the pinned source, map, setup and revision envelope
ok 57 - validates the pinned source, map, setup and revision envelope
  ---
  duration_ms: 7.248877
  type: 'test'
  ...
# Subtest: ignores wrong origins, windows and stale runs; launches only once
ok 58 - ignores wrong origins, windows and stale runs; launches only once
  ---
  duration_ms: 17.912346
  type: 'test'
  ...
# Subtest: rejects a map that does not match the pinned fixture
ok 59 - rejects a map that does not match the pinned fixture
  ---
  duration_ms: 5.613654
  type: 'test'
  ...
# Subtest: serial: redundant software canvas resizing preserves the presented pixels
ok 60 - serial: redundant software canvas resizing preserves the presented pixels
  ---
  duration_ms: 5.824333
  type: 'test'
  ...
# Subtest: serial: shared dimensions must already match before skipping the resize
ok 61 - serial: shared dimensions must already match before skipping the resize
  ---
  duration_ms: 1.433514
  type: 'test'
  ...
# Subtest: serial: GPU, transferred and unknown canvas requests retain SDK handling
ok 62 - serial: GPU, transferred and unknown canvas requests retain SDK handling
  ---
  duration_ms: 5.565784
  type: 'test'
  ...
# Subtest: serial: lost-context resize preserves context ownership after success or failure
ok 63 - serial: lost-context resize preserves context ownership after success or failure
  ---
  duration_ms: 3.550364
  type: 'test'
  ...
# Subtest: threaded: redundant software canvas resizing preserves the presented pixels
ok 64 - threaded: redundant software canvas resizing preserves the presented pixels
  ---
  duration_ms: 2.18546
  type: 'test'
  ...
# Subtest: threaded: shared dimensions must already match before skipping the resize
ok 65 - threaded: shared dimensions must already match before skipping the resize
  ---
  duration_ms: 1.700413
  type: 'test'
  ...
# Subtest: threaded: GPU, transferred and unknown canvas requests retain SDK handling
ok 66 - threaded: GPU, transferred and unknown canvas requests retain SDK handling
  ---
  duration_ms: 5.183666
  type: 'test'
  ...
# Subtest: threaded: lost-context resize preserves context ownership after success or failure
ok 67 - threaded: lost-context resize preserves context ownership after success or failure
  ---
  duration_ms: 2.37954
  type: 'test'
  ...
# Subtest: threaded software mode requires a successful shared-memory worker
ok 68 - threaded software mode requires a successful shared-memory worker
  ---
  duration_ms: 6.110222
  type: 'test'
  ...
# Subtest: serial fallback explains missing isolation, memory and worker support
ok 69 - serial fallback explains missing isolation, memory and worker support
  ---
  duration_ms: 1.441533
  type: 'test'
  ...
# Subtest: worker WebGL has an additional canvas-transfer requirement
ok 70 - worker WebGL has an additional canvas-transfer requirement
  ---
  duration_ms: 1.019555
  type: 'test'
  ...
# Subtest: actual pthread errors and silent startup stalls are observed, then detached
ok 71 - actual pthread errors and silent startup stalls are observed, then detached
  ---
  duration_ms: 1.898771
  type: 'test'
  ...
# Subtest: synchronous pthread creation errors reach fallback and retain their exception
ok 72 - synchronous pthread creation errors reach fallback and retain their exception
  ---
  duration_ms: 1.153954
  type: 'test'
  ...
# Subtest: persistence snapshots survive worker rename and byte changes during the database scan
ok 73 - persistence snapshots survive worker rename and byte changes during the database scan
  ---
  duration_ms: 4.617569
  type: 'test'
  ...
1..73
# tests 73
# suites 0
# pass 73
# fail 0
# cancelled 0
# skipped 0
# todo 0
# duration_ms 1060.324986
