GLOB2_TEST_BUILD compiler=15.2.0 platform=Linux pointer_bits=64
GLOB2_TEST_PROVENANCE {"compiler": "g++", "dirty": false, "flags": {"CCFLAGS": "", "CPPDEFINES": "GLOB2_OFFICIAL_INSTANCE_ORIGIN \\\"https://app.glob2online.com\\\" GLOB2_OFFICIAL_INSTANCE_FORMER_ORIGINS \\\"https://glob2online.com\\\" HAVE_CONFIG_H SDL_MAIN_HANDLED", "CXXFLAGS": "-std=gnu++20 -Wall -fPIC -O3 -s", "LINKFLAGS": "-Wl,-rpath,$ORIGIN/../lib/glob2 -Wall -O3 -fwhole-program -Wl,-rpath,/tmp/glob2-sdl3/prefix/lib -Wl,--enable-new-dtags"}, "revision": "8d8b9e40f6af1651a735d67bf096f57e916ae050", "sourceStatus": [], "sourceTreeSha256": "63936e2af693c9e0d11501081d6c27edb0b6a3a9edfa755645c672b8d256e853"}
[doctest] doctest version is "2.4.11"
[doctest] run with "--help" for options
Settings::load("preferences.txt") : error, can't open file.
aura_ticks,emitters,enabled,repeat,steady_median_ns,pulse_median_ns,field_bytes,units,entity_digest,next_random
aura_ticks,0,1,0,121930,132809,0,256,586791284,2737117179
aura_ticks,0,1,1,132139,147839,0,256,586791284,2737117179
aura_ticks,0,1,2,135089,153689,0,256,586791284,2737117179
aura_ticks,0,1,3,125939,136399,0,256,586791284,2737117179
aura_ticks,0,1,4,128720,141220,0,256,586791284,2737117179
aura_ticks,32,1,0,144749,189899,917504,256,2888435029,692378559
aura_ticks,32,1,1,150629,182219,917504,256,2888435029,692378559
aura_ticks,32,1,2,144129,169409,917504,256,2888435029,692378559
aura_ticks,32,1,3,146589,173139,917504,256,2888435029,692378559
aura_ticks,32,1,4,139609,173089,917504,256,2888435029,692378559
aura_ticks,128,1,0,160699,199449,917504,256,3373672703,4002102865
aura_ticks,128,1,1,157799,202508,917504,256,3373672703,4002102865
aura_ticks,128,1,2,154639,203368,917504,256,3373672703,4002102865
aura_ticks,128,1,3,156669,203438,917504,256,3373672703,4002102865
aura_ticks,128,1,4,154269,202519,917504,256,3373672703,4002102865
aura_ticks,512,1,0,234129,351998,917504,256,3882413250,4002102865
aura_ticks,512,1,1,233648,350017,917504,256,3882413250,4002102865
aura_ticks,512,1,2,242268,375108,917504,256,3882413250,4002102865
aura_ticks,512,1,3,242788,369168,917504,256,3882413250,4002102865
aura_ticks,512,1,4,239919,367178,917504,256,3882413250,4002102865
===============================================================================
[doctest] test cases:     1 |     1 passed | 0 failed | 1376 skipped
[doctest] assertions: 11861 | 11861 passed | 0 failed |
[doctest] Status: SUCCESS!
