GLOB2_TEST_BUILD compiler=15.2.0 platform=Linux pointer_bits=64
GLOB2_TEST_PROVENANCE {"compiler": "g++", "dirty": false, "flags": {"CCFLAGS": "", "CPPDEFINES": "GLOB2_OFFICIAL_INSTANCE_ORIGIN \\\"https://app.glob2online.com\\\" GLOB2_OFFICIAL_INSTANCE_FORMER_ORIGINS \\\"https://glob2online.com\\\" HAVE_CONFIG_H SDL_MAIN_HANDLED", "CXXFLAGS": "-std=gnu++20 -Wall -fPIC -O3 -s", "LINKFLAGS": "-Wl,-rpath,$ORIGIN/../lib/glob2 -Wall -O3 -fwhole-program -Wl,-rpath,/tmp/glob2-sdl3/prefix/lib -Wl,--enable-new-dtags"}, "revision": "8d8b9e40f6af1651a735d67bf096f57e916ae050", "sourceStatus": [], "sourceTreeSha256": "63936e2af693c9e0d11501081d6c27edb0b6a3a9edfa755645c672b8d256e853"}
[doctest] doctest version is "2.4.11"
[doctest] run with "--help" for options
Settings::load("preferences.txt") : error, can't open file.
aura_ticks,emitters,enabled,repeat,steady_median_ns,pulse_median_ns,field_bytes,units,entity_digest,next_random
aura_ticks,0,1,0,133989,146599,0,256,586791284,2737117179
aura_ticks,0,1,1,125389,136509,0,256,586791284,2737117179
aura_ticks,0,1,2,120009,133479,0,256,586791284,2737117179
aura_ticks,0,1,3,131450,140359,0,256,586791284,2737117179
aura_ticks,0,1,4,132019,150009,0,256,586791284,2737117179
aura_ticks,32,1,0,144929,179959,917504,256,2888435029,692378559
aura_ticks,32,1,1,140829,176439,917504,256,2888435029,692378559
aura_ticks,32,1,2,138219,166189,917504,256,2888435029,692378559
aura_ticks,32,1,3,138989,168339,917504,256,2888435029,692378559
aura_ticks,32,1,4,140809,173059,917504,256,2888435029,692378559
aura_ticks,128,1,0,161959,209499,917504,256,3373672703,4002102865
aura_ticks,128,1,1,177239,230058,917504,256,3373672703,4002102865
aura_ticks,128,1,2,180249,228428,917504,256,3373672703,4002102865
aura_ticks,128,1,3,182979,234218,917504,256,3373672703,4002102865
aura_ticks,128,1,4,176969,224898,917504,256,3373672703,4002102865
aura_ticks,512,1,0,306308,452947,917504,256,3882413250,4002102865
aura_ticks,512,1,1,296908,437957,917504,256,3882413250,4002102865
aura_ticks,512,1,2,296038,441907,917504,256,3882413250,4002102865
aura_ticks,512,1,3,296258,448777,917504,256,3882413250,4002102865
aura_ticks,512,1,4,308888,454947,917504,256,3882413250,4002102865
===============================================================================
[doctest] test cases:     1 |     1 passed | 0 failed | 1376 skipped
[doctest] assertions: 11861 | 11861 passed | 0 failed |
[doctest] Status: SUCCESS!
