GLOB2_TEST_BUILD compiler=15.2.0 platform=Linux pointer_bits=64
GLOB2_TEST_PROVENANCE {"compiler": "g++", "dirty": false, "flags": {"CCFLAGS": "", "CPPDEFINES": "GLOB2_OFFICIAL_INSTANCE_ORIGIN \\\"https://app.glob2online.com\\\" GLOB2_OFFICIAL_INSTANCE_FORMER_ORIGINS \\\"https://glob2online.com\\\" HAVE_CONFIG_H SDL_MAIN_HANDLED", "CXXFLAGS": "-std=gnu++20 -Wall -fPIC -O3 -s", "LINKFLAGS": "-Wl,-rpath,$ORIGIN/../lib/glob2 -Wall -O3 -fwhole-program -Wl,-rpath,/tmp/glob2-sdl3/prefix/lib -Wl,--enable-new-dtags"}, "revision": "8d8b9e40f6af1651a735d67bf096f57e916ae050", "sourceStatus": [], "sourceTreeSha256": "63936e2af693c9e0d11501081d6c27edb0b6a3a9edfa755645c672b8d256e853"}
[doctest] doctest version is "2.4.11"
[doctest] run with "--help" for options
Settings::load("preferences.txt") : error, can't open file.
aura_ticks,emitters,enabled,repeat,steady_median_ns,pulse_median_ns,field_bytes,units,entity_digest,next_random
aura_ticks,0,0,0,142059,162609,0,256,586791284,2737117179
aura_ticks,0,0,1,125259,138689,0,256,586791284,2737117179
aura_ticks,0,0,2,137590,151139,0,256,586791284,2737117179
aura_ticks,0,0,3,139129,159169,0,256,586791284,2737117179
aura_ticks,0,0,4,144869,164599,0,256,586791284,2737117179
aura_ticks,32,0,0,156159,177109,0,256,2402265985,692378559
aura_ticks,32,0,1,143409,157899,0,256,2402265985,692378559
aura_ticks,32,0,2,142299,151689,0,256,2402265985,692378559
aura_ticks,32,0,3,140749,148169,0,256,2402265985,692378559
aura_ticks,32,0,4,135130,147980,0,256,2402265985,692378559
aura_ticks,128,0,0,152749,171439,0,256,3357668719,4002102865
aura_ticks,128,0,1,149709,165999,0,256,3357668719,4002102865
aura_ticks,128,0,2,156009,168939,0,256,3357668719,4002102865
aura_ticks,128,0,3,156709,170999,0,256,3357668719,4002102865
aura_ticks,128,0,4,155389,170669,0,256,3357668719,4002102865
aura_ticks,512,0,0,222089,263008,0,256,3442522966,4002102865
aura_ticks,512,0,1,229989,268648,0,256,3442522966,4002102865
aura_ticks,512,0,2,227978,271318,0,256,3442522966,4002102865
aura_ticks,512,0,3,246448,278518,0,256,3442522966,4002102865
aura_ticks,512,0,4,241168,275028,0,256,3442522966,4002102865
===============================================================================
[doctest] test cases:     1 |     1 passed | 0 failed | 1376 skipped
[doctest] assertions: 11861 | 11861 passed | 0 failed |
[doctest] Status: SUCCESS!
