GLOB2_TEST_BUILD compiler=15.2.0 platform=Linux pointer_bits=64
GLOB2_TEST_PROVENANCE {"compiler": "g++", "dirty": false, "flags": {"CCFLAGS": "", "CPPDEFINES": "GLOB2_OFFICIAL_INSTANCE_ORIGIN \\\"https://app.glob2online.com\\\" GLOB2_OFFICIAL_INSTANCE_FORMER_ORIGINS \\\"https://glob2online.com\\\" HAVE_CONFIG_H SDL_MAIN_HANDLED", "CXXFLAGS": "-std=gnu++20 -Wall -fPIC -O3 -s", "LINKFLAGS": "-Wl,-rpath,$ORIGIN/../lib/glob2 -Wall -O3 -fwhole-program -Wl,-rpath,/tmp/glob2-sdl3/prefix/lib -Wl,--enable-new-dtags"}, "revision": "8d8b9e40f6af1651a735d67bf096f57e916ae050", "sourceStatus": [], "sourceTreeSha256": "63936e2af693c9e0d11501081d6c27edb0b6a3a9edfa755645c672b8d256e853"}
[doctest] doctest version is "2.4.11"
[doctest] run with "--help" for options
Settings::load("preferences.txt") : error, can't open file.
aura_fields,width,teams,emitters,phase,median_ns,field_bytes,rebuild_chunks,emitter_visits,field_allocations,process_peak_rss_bytes
aura_fields,256,1,0,initial,230,0,0,0,0,34729984
aura_fields,256,1,0,steady,30,0,0,0,0,34729984
aura_fields,256,1,0,pulse,30,0,0,0,0,34729984
aura_fields,256,1,32,initial,341858,1048576,20,128,9,35037184
aura_fields,256,1,32,steady,30,1048576,20,128,9,35037184
aura_fields,256,1,32,pulse,5930,1048576,20,128,9,35037184
aura_fields,256,1,32,mass_removal,81419,1048576,40,128,9,35307520
aura_fields,256,1,128,initial,887685,1048576,30,512,9,35831808
aura_fields,256,1,128,steady,30,1048576,30,512,9,35831808
aura_fields,256,1,128,pulse,27080,1048576,30,512,9,35831808
aura_fields,256,1,128,mass_removal,239938,1048576,60,512,9,35831808
aura_fields,256,1,512,initial,2930422,1048576,60,2048,9,35831808
aura_fields,256,1,512,steady,40,1048576,60,2048,9,35831808
aura_fields,256,1,512,pulse,112410,1048576,60,2048,9,35831808
aura_fields,256,1,512,mass_removal,702076,1048576,120,2048,9,35831808
aura_fields,256,4,0,initial,560,0,0,0,0,37142528
aura_fields,256,4,0,steady,30,0,0,0,0,37142528
aura_fields,256,4,0,pulse,30,0,0,0,0,37142528
aura_fields,256,4,32,initial,2357356,3801088,20,128,9,39763968
aura_fields,256,4,32,steady,30,3801088,20,128,9,39763968
aura_fields,256,4,32,pulse,6420,3801088,20,128,9,39763968
aura_fields,256,4,32,diplomacy,429897,3801088,40,256,9,39763968
aura_fields,256,4,32,mass_removal,225619,3801088,60,256,9,39763968
aura_fields,256,4,128,initial,3448398,3801088,30,512,9,40333312
aura_fields,256,4,128,steady,30,3801088,30,512,9,40333312
aura_fields,256,4,128,pulse,27260,3801088,30,512,9,40333312
aura_fields,256,4,128,diplomacy,1390751,3801088,60,1024,9,40333312
aura_fields,256,4,128,mass_removal,555307,3801088,90,1024,9,40333312
aura_fields,256,4,512,initial,5963184,3801088,60,2048,9,40333312
aura_fields,256,4,512,steady,40,3801088,60,2048,9,40333312
aura_fields,256,4,512,pulse,106689,3801088,60,2048,9,40333312
aura_fields,256,4,512,diplomacy,4375754,3801088,120,4096,9,40333312
aura_fields,256,4,512,mass_removal,1172913,3801088,180,4096,9,40333312
aura_fields,256,16,0,initial,330,0,0,0,0,42438656
aura_fields,256,16,0,steady,30,0,0,0,0,42438656
aura_fields,256,16,0,pulse,30,0,0,0,0,42438656
aura_fields,256,16,32,initial,13383748,14811136,20,128,9,57118720
aura_fields,256,16,32,steady,70,14811136,20,128,9,57118720
aura_fields,256,16,32,pulse,6010,14811136,20,128,9,57118720
aura_fields,256,16,32,diplomacy,4137944,14811136,40,256,9,57118720
aura_fields,256,16,32,mass_removal,3744967,14811136,60,256,9,57118720
aura_fields,256,16,128,initial,13571846,14811136,30,512,9,57118720
aura_fields,256,16,128,steady,70,14811136,30,512,9,57118720
aura_fields,256,16,128,pulse,25600,14811136,30,512,9,57118720
aura_fields,256,16,128,diplomacy,4951719,14811136,60,1024,9,57118720
aura_fields,256,16,128,mass_removal,3234730,14811136,90,1024,9,57118720
aura_fields,256,16,512,initial,21221920,14811136,60,2048,9,57118720
aura_fields,256,16,512,steady,70,14811136,60,2048,9,57118720
aura_fields,256,16,512,pulse,111219,14811136,60,2048,9,57118720
aura_fields,256,16,512,diplomacy,13464267,14811136,120,4096,9,57118720
aura_fields,256,16,512,mass_removal,6490460,14811136,180,4096,9,57118720
aura_fields,512,1,0,initial,280,0,0,0,0,57118720
aura_fields,512,1,0,steady,30,0,0,0,0,57118720
aura_fields,512,1,0,pulse,30,0,0,0,0,57118720
aura_fields,512,1,32,initial,2847432,4194304,20,128,9,57118720
aura_fields,512,1,32,steady,40,4194304,20,128,9,57118720
aura_fields,512,1,32,pulse,5900,4194304,20,128,9,57118720
aura_fields,512,1,32,mass_removal,80520,4194304,40,128,9,57118720
aura_fields,512,1,128,initial,3117251,4194304,30,512,9,57118720
aura_fields,512,1,128,steady,40,4194304,30,512,9,57118720
aura_fields,512,1,128,pulse,27230,4194304,30,512,9,57118720
aura_fields,512,1,128,mass_removal,227768,4194304,60,512,9,57118720
aura_fields,512,1,512,initial,5242988,4194304,60,2048,9,57118720
aura_fields,512,1,512,steady,30,4194304,60,2048,9,57118720
aura_fields,512,1,512,pulse,114030,4194304,60,2048,9,57118720
aura_fields,512,1,512,mass_removal,660055,4194304,120,2048,9,57118720
aura_fields,512,4,0,initial,270,0,0,0,0,57118720
aura_fields,512,4,0,steady,30,0,0,0,0,57118720
aura_fields,512,4,0,pulse,30,0,0,0,0,57118720
aura_fields,512,4,32,initial,9643521,15204352,20,128,9,68378624
aura_fields,512,4,32,steady,30,15204352,20,128,9,68378624
aura_fields,512,4,32,pulse,6620,15204352,20,128,9,68378624
aura_fields,512,4,32,diplomacy,487487,15204352,40,256,9,68378624
aura_fields,512,4,32,mass_removal,284779,15204352,60,256,9,68378624
aura_fields,512,4,128,initial,10346647,15204352,30,512,9,68423680
aura_fields,512,4,128,steady,30,15204352,30,512,9,68423680
aura_fields,512,4,128,pulse,25030,15204352,30,512,9,68423680
aura_fields,512,4,128,diplomacy,1354422,15204352,60,1024,9,68423680
aura_fields,512,4,128,mass_removal,569047,15204352,90,1024,9,68423680
aura_fields,512,4,512,initial,14195242,15204352,60,2048,9,68468736
aura_fields,512,4,512,steady,30,15204352,60,2048,9,68468736
aura_fields,512,4,512,pulse,106199,15204352,60,2048,9,68468736
aura_fields,512,4,512,diplomacy,4508782,15204352,120,4096,9,68468736
aura_fields,512,4,512,mass_removal,1354472,15204352,180,4096,9,68468736
aura_fields,512,16,0,initial,290,0,0,0,0,68468736
aura_fields,512,16,0,steady,30,0,0,0,0,68468736
aura_fields,512,16,0,pulse,30,0,0,0,0,68468736
aura_fields,512,16,32,initial,38443494,59244544,20,128,9,126926848
aura_fields,512,16,32,steady,60,59244544,20,128,9,126926848
aura_fields,512,16,32,pulse,5900,59244544,20,128,9,126926848
aura_fields,512,16,32,diplomacy,2924431,59244544,40,256,9,126926848
aura_fields,512,16,32,mass_removal,2464325,59244544,60,256,9,126926848
aura_fields,512,16,128,initial,42701717,59244544,30,512,9,126926848
aura_fields,512,16,128,steady,80,59244544,30,512,9,126926848
aura_fields,512,16,128,pulse,29029,59244544,30,512,9,126926848
aura_fields,512,16,128,diplomacy,6257052,59244544,60,1024,9,126926848
aura_fields,512,16,128,mass_removal,4363613,59244544,90,1024,9,126926848
aura_fields,512,16,512,initial,48466783,59244544,60,2048,9,126926848
aura_fields,512,16,512,steady,90,59244544,60,2048,9,126926848
aura_fields,512,16,512,pulse,117040,59244544,60,2048,9,126926848
aura_fields,512,16,512,diplomacy,15686743,59244544,120,4096,9,126926848
aura_fields,512,16,512,mass_removal,8488208,59244544,180,4096,9,126926848
aura_fields,1024,1,0,initial,300,0,0,0,0,126926848
aura_fields,1024,1,0,steady,20,0,0,0,0,126926848
aura_fields,1024,1,0,pulse,20,0,0,0,0,126926848
aura_fields,1024,1,32,initial,10192667,16777216,20,128,9,134860800
aura_fields,1024,1,32,steady,30,16777216,20,128,9,134860800
aura_fields,1024,1,32,pulse,6040,16777216,20,128,9,134860800
aura_fields,1024,1,32,mass_removal,83099,16777216,40,128,9,134860800
aura_fields,1024,1,128,initial,10708034,16777216,30,512,9,134860800
aura_fields,1024,1,128,steady,30,16777216,30,512,9,134860800
aura_fields,1024,1,128,pulse,27200,16777216,30,512,9,134860800
aura_fields,1024,1,128,mass_removal,230179,16777216,60,512,9,134860800
aura_fields,1024,1,512,initial,12938601,16777216,60,2048,9,134860800
aura_fields,1024,1,512,steady,40,16777216,60,2048,9,134860800
aura_fields,1024,1,512,pulse,105290,16777216,60,2048,9,134860800
aura_fields,1024,1,512,mass_removal,647946,16777216,120,2048,9,134860800
aura_fields,1024,4,0,initial,260,0,0,0,0,134860800
aura_fields,1024,4,0,steady,30,0,0,0,0,134860800
aura_fields,1024,4,0,pulse,30,0,0,0,0,134860800
aura_fields,1024,4,32,initial,38088065,60817408,20,128,9,185057280
aura_fields,1024,4,32,steady,40,60817408,20,128,9,185057280
aura_fields,1024,4,32,pulse,6340,60817408,20,128,9,185057280
aura_fields,1024,4,32,diplomacy,506837,60817408,40,256,9,185057280
aura_fields,1024,4,32,mass_removal,284009,60817408,60,256,9,185057280
aura_fields,1024,4,128,initial,37885537,60817408,30,512,9,185057280
aura_fields,1024,4,128,steady,60,60817408,30,512,9,185057280
aura_fields,1024,4,128,pulse,28200,60817408,30,512,9,185057280
aura_fields,1024,4,128,diplomacy,1464311,60817408,60,1024,9,185057280
aura_fields,1024,4,128,mass_removal,589547,60817408,90,1024,9,185057280
aura_fields,1024,4,512,initial,41077038,60817408,60,2048,9,185057280
aura_fields,1024,4,512,steady,50,60817408,60,2048,9,185057280
aura_fields,1024,4,512,pulse,115890,60817408,60,2048,9,185057280
aura_fields,1024,4,512,diplomacy,7261796,60817408,120,4096,9,185057280
aura_fields,1024,4,512,mass_removal,2812363,60817408,180,4096,9,185057280
aura_fields,1024,16,0,initial,570,0,0,0,0,185057280
aura_fields,1024,16,0,steady,30,0,0,0,0,185057280
aura_fields,1024,16,0,pulse,30,0,0,0,0,185057280
aura_fields,1024,16,32,initial,147412665,236978176,20,128,9,399228928
aura_fields,1024,16,32,steady,90,236978176,20,128,9,399228928
aura_fields,1024,16,32,pulse,6720,236978176,20,128,9,399228928
aura_fields,1024,16,32,diplomacy,3678928,236978176,40,256,9,399228928
aura_fields,1024,16,32,mass_removal,2950302,236978176,60,256,9,399228928
aura_fields,1024,16,128,initial,144628912,236978176,30,512,9,399491072
aura_fields,1024,16,128,steady,70,236978176,30,512,9,399491072
aura_fields,1024,16,128,pulse,24640,236978176,30,512,9,399491072
aura_fields,1024,16,128,diplomacy,6457980,236978176,60,1024,9,399491072
aura_fields,1024,16,128,mass_removal,4729441,236978176,90,1024,9,399491072
aura_fields,1024,16,512,initial,155720404,236978176,60,2048,9,399491072
aura_fields,1024,16,512,steady,70,236978176,60,2048,9,399491072
aura_fields,1024,16,512,pulse,106289,236978176,60,2048,9,399491072
aura_fields,1024,16,512,diplomacy,16473569,236978176,120,4096,9,399491072
aura_fields,1024,16,512,mass_removal,9084744,236978176,180,4096,9,399491072
===============================================================================
[doctest] test cases:     1 |     1 passed | 0 failed | 1376 skipped
[doctest] assertions: 12205 | 12205 passed | 0 failed |
[doctest] Status: SUCCESS!
