GLOB2_TEST_BUILD compiler=15.2.0 platform=Linux pointer_bits=64
GLOB2_TEST_PROVENANCE {"compiler": "g++", "dirty": false, "flags": {"CCFLAGS": "", "CPPDEFINES": "GLOB2_OFFICIAL_INSTANCE_ORIGIN \\\"https://app.glob2online.com\\\" GLOB2_OFFICIAL_INSTANCE_FORMER_ORIGINS \\\"https://glob2online.com\\\" HAVE_CONFIG_H SDL_MAIN_HANDLED", "CXXFLAGS": "-std=gnu++20 -Wall -fPIC -O3 -s", "LINKFLAGS": "-Wl,-rpath,$ORIGIN/../lib/glob2 -Wall -O3 -fwhole-program -Wl,-rpath,/tmp/glob2-sdl3/prefix/lib -Wl,--enable-new-dtags"}, "revision": "8d8b9e40f6af1651a735d67bf096f57e916ae050", "sourceStatus": [], "sourceTreeSha256": "63936e2af693c9e0d11501081d6c27edb0b6a3a9edfa755645c672b8d256e853"}
[doctest] doctest version is "2.4.11"
[doctest] run with "--help" for options
Settings::load("preferences.txt") : error, can't open file.
aura_ticks,emitters,enabled,repeat,steady_median_ns,pulse_median_ns,field_bytes,units,entity_digest,next_random
aura_ticks,0,1,0,132859,148449,0,256,586791284,2737117179
aura_ticks,0,1,1,134659,149269,0,256,586791284,2737117179
aura_ticks,0,1,2,127279,138379,0,256,586791284,2737117179
aura_ticks,0,1,3,134469,139419,0,256,586791284,2737117179
aura_ticks,0,1,4,138339,147089,0,256,586791284,2737117179
aura_ticks,32,1,0,154219,188569,917504,256,2888435029,692378559
aura_ticks,32,1,1,163299,196569,917504,256,2888435029,692378559
aura_ticks,32,1,2,144309,177599,917504,256,2888435029,692378559
aura_ticks,32,1,3,151439,187259,917504,256,2888435029,692378559
aura_ticks,32,1,4,150099,180818,917504,256,2888435029,692378559
aura_ticks,128,1,0,165829,221468,917504,256,3373672703,4002102865
aura_ticks,128,1,1,161149,212019,917504,256,3373672703,4002102865
aura_ticks,128,1,2,165289,216759,917504,256,3373672703,4002102865
aura_ticks,128,1,3,151029,208559,917504,256,3373672703,4002102865
aura_ticks,128,1,4,162819,218229,917504,256,3373672703,4002102865
aura_ticks,512,1,0,252599,385287,917504,256,3882413250,4002102865
aura_ticks,512,1,1,239569,376047,917504,256,3882413250,4002102865
aura_ticks,512,1,2,246189,373067,917504,256,3882413250,4002102865
aura_ticks,512,1,3,239838,376137,917504,256,3882413250,4002102865
aura_ticks,512,1,4,254388,385567,917504,256,3882413250,4002102865
===============================================================================
[doctest] test cases:     1 |     1 passed | 0 failed | 1376 skipped
[doctest] assertions: 11861 | 11861 passed | 0 failed |
[doctest] Status: SUCCESS!
