GLOB2_TEST_BUILD compiler=15.2.0 platform=Linux pointer_bits=64
GLOB2_TEST_PROVENANCE {"compiler": "g++", "dirty": false, "flags": {"CCFLAGS": "", "CPPDEFINES": "GLOB2_OFFICIAL_INSTANCE_ORIGIN \\\"https://app.glob2online.com\\\" GLOB2_OFFICIAL_INSTANCE_FORMER_ORIGINS \\\"https://glob2online.com\\\" HAVE_CONFIG_H SDL_MAIN_HANDLED", "CXXFLAGS": "-std=gnu++20 -Wall -fPIC -O3 -s", "LINKFLAGS": "-Wl,-rpath,$ORIGIN/../lib/glob2 -Wall -O3 -fwhole-program -Wl,-rpath,/tmp/glob2-sdl3/prefix/lib -Wl,--enable-new-dtags"}, "revision": "8d8b9e40f6af1651a735d67bf096f57e916ae050", "sourceStatus": [], "sourceTreeSha256": "63936e2af693c9e0d11501081d6c27edb0b6a3a9edfa755645c672b8d256e853"}
[doctest] doctest version is "2.4.11"
[doctest] run with "--help" for options
Settings::load("preferences.txt") : error, can't open file.
aura_ticks,emitters,enabled,repeat,steady_median_ns,pulse_median_ns,field_bytes,units,entity_digest,next_random
aura_ticks,0,0,0,158059,171409,0,256,586791284,2737117179
aura_ticks,0,0,1,138319,158289,0,256,586791284,2737117179
aura_ticks,0,0,2,140449,151899,0,256,586791284,2737117179
aura_ticks,0,0,3,154409,162389,0,256,586791284,2737117179
aura_ticks,0,0,4,139790,154769,0,256,586791284,2737117179
aura_ticks,32,0,0,163809,189699,0,256,2402265985,692378559
aura_ticks,32,0,1,163209,173739,0,256,2402265985,692378559
aura_ticks,32,0,2,160419,170349,0,256,2402265985,692378559
aura_ticks,32,0,3,161079,171609,0,256,2402265985,692378559
aura_ticks,32,0,4,165979,174379,0,256,2402265985,692378559
aura_ticks,128,0,0,181019,196958,0,256,3357668719,4002102865
aura_ticks,128,0,1,183169,199329,0,256,3357668719,4002102865
aura_ticks,128,0,2,178989,195559,0,256,3357668719,4002102865
aura_ticks,128,0,3,166899,184079,0,256,3357668719,4002102865
aura_ticks,128,0,4,159169,173249,0,256,3357668719,4002102865
aura_ticks,512,0,0,284938,318288,0,256,3442522966,4002102865
aura_ticks,512,0,1,285368,316299,0,256,3442522966,4002102865
aura_ticks,512,0,2,288178,323878,0,256,3442522966,4002102865
aura_ticks,512,0,3,338348,367177,0,256,3442522966,4002102865
aura_ticks,512,0,4,329778,358438,0,256,3442522966,4002102865
===============================================================================
[doctest] test cases:     1 |     1 passed | 0 failed | 1376 skipped
[doctest] assertions: 11861 | 11861 passed | 0 failed |
[doctest] Status: SUCCESS!
