GLOB2_TEST_BUILD compiler=15.2.0 platform=Linux pointer_bits=64
GLOB2_TEST_PROVENANCE {"compiler": "g++", "dirty": false, "flags": {"CCFLAGS": "", "CPPDEFINES": "GLOB2_OFFICIAL_INSTANCE_ORIGIN \\\"https://app.glob2online.com\\\" GLOB2_OFFICIAL_INSTANCE_FORMER_ORIGINS \\\"https://glob2online.com\\\" HAVE_CONFIG_H SDL_MAIN_HANDLED", "CXXFLAGS": "-std=gnu++20 -Wall -fPIC -O3 -s", "LINKFLAGS": "-Wl,-rpath,$ORIGIN/../lib/glob2 -Wall -O3 -fwhole-program -Wl,-rpath,/tmp/glob2-sdl3/prefix/lib -Wl,--enable-new-dtags"}, "revision": "8d8b9e40f6af1651a735d67bf096f57e916ae050", "sourceStatus": [], "sourceTreeSha256": "63936e2af693c9e0d11501081d6c27edb0b6a3a9edfa755645c672b8d256e853"}
[doctest] doctest version is "2.4.11"
[doctest] run with "--help" for options
Settings::load("preferences.txt") : error, can't open file.
aura_ticks,emitters,enabled,repeat,steady_median_ns,pulse_median_ns,field_bytes,units,entity_digest,next_random
aura_ticks,0,1,0,128889,140370,0,256,586791284,2737117179
aura_ticks,0,1,1,131549,141349,0,256,586791284,2737117179
aura_ticks,0,1,2,128969,140169,0,256,586791284,2737117179
aura_ticks,0,1,3,128679,150079,0,256,586791284,2737117179
aura_ticks,0,1,4,131219,144629,0,256,586791284,2737117179
aura_ticks,32,1,0,130609,157729,917504,256,2888435029,692378559
aura_ticks,32,1,1,127140,153989,917504,256,2888435029,692378559
aura_ticks,32,1,2,134949,165039,917504,256,2888435029,692378559
aura_ticks,32,1,3,143379,187208,917504,256,2888435029,692378559
aura_ticks,32,1,4,140689,180829,917504,256,2888435029,692378559
aura_ticks,128,1,0,150989,199439,917504,256,3373672703,4002102865
aura_ticks,128,1,1,150699,198299,917504,256,3373672703,4002102865
aura_ticks,128,1,2,165099,228739,917504,256,3373672703,4002102865
aura_ticks,128,1,3,172029,228988,917504,256,3373672703,4002102865
aura_ticks,128,1,4,165749,199299,917504,256,3373672703,4002102865
aura_ticks,512,1,0,251499,376818,917504,256,3882413250,4002102865
aura_ticks,512,1,1,246248,370008,917504,256,3882413250,4002102865
aura_ticks,512,1,2,233778,364058,917504,256,3882413250,4002102865
aura_ticks,512,1,3,239429,368837,917504,256,3882413250,4002102865
aura_ticks,512,1,4,232798,368128,917504,256,3882413250,4002102865
===============================================================================
[doctest] test cases:     1 |     1 passed | 0 failed | 1376 skipped
[doctest] assertions: 11861 | 11861 passed | 0 failed |
[doctest] Status: SUCCESS!
