PASS JavaScriptCompatibility/JavaScript test environment scopes restore SDL and CRT readers (0.0s)
PASS TeamStatsSave/every live worker-tick lands in exactly one labour bucket (0.0s)
PASS TeamStatsSave/places: own buildings first, then enemies; allies, flags and new buildings do not count (0.0s)
PASS TeamStatsSave/combat deaths are attributed by place and assignment (0.0s)
PASS TeamStatsSave/place lookup agrees with a brute-force scan of every building tile (0.1s)
PASS TeamStatsSave/defence snapshot counts warriors by place and enemy warriors at home (0.0s)
PASS JavaScriptCompatibility/JavaScript pass assigns valid identities to released saves (0.2s)
PASS JavaScriptCompatibility/JavaScript upgrade retains genuine master124 experiments and continuation (0.2s)
PASS TeamStatsSave/older saves load with labour coverage starting at the loaded tick [save-format] (0.1s)
PASS TeamStatsSave/labour, combat and defence measurements survive a save [save-format] (0.1s)
PASS JavaScriptCompatibility/Scheduled gradient simulation change rejects released replays and enforces acceptance boundaries (0.3s)
PASS TeamStatsSave/legacy version 88 fixture replays the golden trace [save-format][golden] (0.1s)
PASS TeamStatsSave/legacy version 84 fixture replays the golden trace [save-format][golden] (0.1s)
PASS TurnEngineHarness/the committed match record verifies to the committed checksum trace [network-sim][golden] (0.4s)
PASS JavaScriptCompatibility/JavaScript current saves reject truncated generation tables (0.4s)
PASS TeamStatsSave/Compact team histories preserve samples across two batch boundaries (0.1s)
PASS JavaScriptCompatibility/Compact identity tables preserve unused slots and reject invalid entries (0.2s)
PASS TeamStatsSave/AI telemetry continues across a save [save-format] (0.5s)
PASS TeamStatsSave/Compact telemetry retains every sample across chunk boundaries (0.5s)
PASS JavaScriptCompatibility/JavaScript current text saves validate unused generation counters (1.7s)
PASS TeamStatsSave/32 sampling phases; ring wrap; repeated loads; text streams and corruption controls [save-format] (2.6s)

21 passed, 0 failed, 1 skipped (7.8s of test time)
[run_tests] JUnit report: artifacts/building-gradient-experiment/scheduled-v138-final-delivery-boundaries-mac-junit.xml (22 cases)
