Settings::load("preferences.txt") : error, can't open file.
libdecor-gtk-WARNING: Failed to initialize GTK
Failed to load plugin 'libdecor-gtk.so': failed to init
No plugins found, falling back on no decorations
libEGL warning: pci id for fd 17: 10de:1e84, driver (null)

pci id for fd 20: 10de:1e84, driver (null)
pci id for fd 21: 10de:1e84, driver (null)
libEGL warning: egl: failed to create dri2 screen
pci id for fd 20: 10de:1e84, driver (null)
pci id for fd 21: 10de:1e84, driver (null)
libEGL warning: egl: failed to create dri2 screen
CAPTURE game-map 640 480
FIXTURE_CHECKSUM 1849999527
CAPTURE game-tutorial 640 480
CAPTURE game-build 640 480
CAPTURE game-build-bottom 640 480
CAPTURE game-flags 640 480
CAPTURE game-zone-paint 640 480
CAPTURE game-tactical-tools 640 480
CAPTURE game-placement 640 480
CAPTURE game-inspector-0 640 480
CAPTURE game-inspector-1 640 480
CAPTURE game-inspector-3 640 480
CAPTURE game-inspector-4 640 480
CAPTURE game-inspector-production 640 480
CAPTURE game-inspector-unit 640 480
CAPTURE game-inspector-enemy 640 480
CAPTURE game-inspector-damaged 640 480
CAPTURE game-inspector-inn 640 480
CAPTURE game-inspector-hospital 640 480
CAPTURE game-inspector-hospital-construction 640 480
CAPTURE game-inspector-racetrack 640 480
CAPTURE game-inspector-racetrack-construction 640 480
CAPTURE game-inspector-swimmingpool 640 480
CAPTURE game-inspector-swimmingpool-construction 640 480
CAPTURE game-inspector-barracks 640 480
CAPTURE game-inspector-barracks-construction 640 480
CAPTURE game-inspector-school 640 480
CAPTURE game-inspector-school-construction 640 480
CAPTURE game-inspector-defencetower 640 480
CAPTURE game-inspector-market 640 480
CAPTURE game-inspector-stonewall 640 480
CAPTURE game-inspector-stonewall-construction 640 480
CAPTURE game-inspector-warflag 640 480
CAPTURE game-inspector-clearingflag 640 480
CAPTURE game-inspector-destroy-confirmation 640 480
CAPTURE game-inspector-explorationflag 640 480
CAPTURE game-pause 640 480
CAPTURE game-options 640 480
CAPTURE game-alliances 640 480
CAPTURE game-objectives 640 480
CAPTURE game-briefing 640 480
CAPTURE game-save 640 480
CAPTURE game-load 640 480
CAPTURE game-victory 640 480
CAPTURE game-draw 640 480
CAPTURE replay-menu 640 480
CAPTURE replay-controls 640 480
CAPTURE game-chat 640 480
CAPTURE game-connection 640 480
CAPTURE game-connection-trouble 640 480
CAPTURE game-connection-details 640 480
CAPTURE game-connection-own 640 480
CAPTURE game-connection-own-details 640 480
CAPTURE game-connection-grid 640 480
CAPTURE game-connection-grid-details 640 480
CAPTURE game-connection-lost 640 480
CAPTURE game-catching-up 640 480
CAPTURE game-out-of-sync 640 480
CAPTURE game-connection-left 640 480
CAPTURE game-paused-online 640 480
CAPTURE game-menu-online 640 480
CAPTURE game-results 640 480
CAPTURE game-results-filters 640 480
CAPTURE game-results-value 640 480
CAPTURE game-results-verifying 640 480
CAPTURE game-results-verified 640 480
CAPTURE game-results-room 640 480
CAPTURE game-results-opponent-left 640 480
CAPTURE game-results-left 640 480
