[03:52:50] CHECK stack up
[03:52:50] building images (platform, music-worker, skin-render-worker, engine-agent, relay, caddy)
[03:55:10] starting project glob2-smoke-0463bba8 on https://localhost:59679
[03:55:36] PASS  stack up: {"seconds": 26}
[03:55:36] CHECK services healthy
[03:55:36] PASS  services healthy: {"services": {"glob2-smoke-0463bba8-caddy-1": "healthy", "glob2-smoke-0463bba8-engine-agent-1": "running", "glob2-smoke-0463bba8-init-1": "exited", "glob2-smoke-0463bba8-music-worker-1": "healthy", "glob2-smoke-0463bba8-platform-api-1": "healthy", "glob2-smoke-0463bba8-platform-api-2": "healthy", "g
[03:55:36] CHECK edge routing
[03:55:37] PASS  edge routing: {"web": 200, "invite": 404, "play": 200, "studio": {"/ai-studio": 200, "/ai-studio/11111111-1111-4111-8111-111111111111": 200, "/play/studio.html": 200, "/play/index.html": 200, "/assets/editor.worker-studio-header-probe.js": 200, "/assets/ts.worker-studio-header-probe.js": 200}, "wellKnown": {"/.we
[03:55:37] CHECK instance and engine agent
[03:55:37] PASS  instance and engine agent: {"name": "Smoke Test Instance", "supportedSimVersions": ["133-54-c5780304b3462b409982230dfc341cf17326db8aea0f6f8d1ce09a46b705633e"], "realtimeUrl": "wss://localhost:59679/realtime"}
[03:55:37] CHECK guest sign-in and realtime
[03:55:38] PASS  guest sign-in and realtime: {"account": "Guest-9140", "kind": "guest", "hello": {"simSupported": true, "sessionId": "d90e565a-6952-456d-89b7-cd0c7337c7b4"}, "foreignOrigin": 403}
[03:55:38] CHECK jwks
[03:55:38] PASS  jwks: {"kids": ["k20261005"], "alg": "EdDSA", "typ": "at+jwt"}
[03:55:38] CHECK relays
[03:55:39] PASS  relays: {"relayIds": ["b2c4b9a8a5f8", "a699cdde59d9"], "routed": {"b2c4b9a8a5f8": 101, "a699cdde59d9": 101}, "unknownRelay": 502, "dottedRelay": 200, "publicUrls": ["wss://localhost:59679/relay/b2c4b9a8a5f8", "wss://localhost:59679/relay/a699cdde59d9"], "registered": ["relay-1 wss://localhost:59679/relay/b2
[03:55:39] CHECK generate-map job
[03:55:42] PASS  generate-map job: {"generator": "even-ground", "seconds": 2.041, "agent": "9ec7acdec997-7", "mapHash": "d40f02f887fc01ec4f01728d3adcd1706dd7a8a75c1c6e5c4ca9d9d650b05d9b", "size": 495154, "map": {"width": 128, "height": 128, "teamCount": 2}, "chosenSeed": 1661027976}
[03:55:42] CHECK rated quick match end to end
[03:56:57] PASS  rated quick match end to end: {"matchId": "592a6b59-61a8-46a6-9cc0-90d0ca72c07b", "seconds": {"sim version served": 0.4, "accounts and realtime": 0.4, "rated quick match": 1.3, "match through the relay": 72.0, "record, verification and history": 1.0}, "verification": "verified", "endReason": "completed", "ratings": [{"ladder": "
[03:56:57] tearing down
[03:56:59] passed: ['stack up', 'services healthy', 'edge routing', 'instance and engine agent', 'guest sign-in and realtime', 'jwks', 'relays', 'generate-map job', 'rated quick match end to end']
[03:56:59] all checks passed
