[run_tests] /home/bradley/glob2-terrain-borders/build/linux/client/release/test/glob2-unit-tests is not built; skipping
PASS TerrainMaterials/all legacy shore groups retain their corner orientation (0.0s)
PASS TerrainPresentation/catalog palettes preserve distinct legacy shores and independent preview colors (0.1s)
PASS TerrainPresentation/export uses registered whole-cell material colors [artifacts] (0.1s)
PASS TerrainMaterials/compiled pages validate metadata and stale catalogs use source fallback [artifacts] (0.1s)
PASS TerrainMaterials/unequal variant weights affect deterministic texture selection (0.1s)
PASS TerrainMaterials/legacy decoder inverts the engine lookup for both compatibility profiles (0.1s)
PASS TerrainMaterials/shared edges and wrapped samples have identical coverage (0.1s)
PASS TerrainMaterials/steep detailed contours retain one crossing on shared patch edges (0.1s)
PASS TerrainMaterials/straight boundaries bend over multiple cells without moving their solid cores (0.1s)
PASS TerrainMaterials/organic contours agree across ordinary tile edges and both torus axes (0.1s)
PASS TerrainMaterials/diagonal contacts stay distinct and both torus axes share coverage (0.1s)
PASS TerrainPresentation/custom thumbnail palettes retain embedded colors alongside catalog builtins (0.2s)
PASS TerrainMaterials/weighted choices are stable and all existing variants are reachable (0.1s)
PASS TerrainPresentation/image import keeps whole-cell material edges out of legacy gameplay [artifacts] (0.2s)
PASS TerrainMaterials/single cells retain their center and animation does not reseed variants (0.1s)
PASS TerrainMaterials/catalog rejects corrupt references and grows independently of gameplay IDs (0.2s)
PASS TerrainMaterials/coverage partitions every binary shape and multi-material junction (0.3s)
PASS TerrainPresentation/custom aliases share material recipes and keep whole-cell identity [display] (1.1s)
PASS TerrainPresentation/overview palette follows detailed shore coverage across both wrapped axes [display] [artifacts] (1.2s)
PASS TerrainMaterials/prepared coverage preserves native and HD contour geometry (1.5s)
PASS TerrainPresentation/whole-cell layers preserve software terrain caching [display][artifacts] (3.4s)
PASS TerrainPresentation/whole-cell layers preserve OpenGL terrain caching [display] (3.7s)
PASS TerrainPresentation/tiled capture keeps whole-map density and warm pages at narrow edges [display] (1.2s)
PASS TerrainPresentation/portable texture limits reduce HD pages and admit only fitting fallback tiles [display] (1.1s)
PASS TerrainPresentation/emergency tiles remain deterministic and cover opaque fractional terrain [display] (4.6s)
PASS TerrainPresentation/offscreen terrain density follows the target and stays stable across capture tiles [display] (1.2s)
PASS TerrainPresentation/empty water pages skip software submissions and refresh after terrain edits [display] (0.9s)
PASS TerrainPresentation/streaming pages match cached fractional pixels across wraps and small maps [display] (9.2s)
PASS TerrainMaterials/animation invalidates only pages using that material [display] (1.0s)
PASS TerrainMaterials/compositor preserves native artwork overridden before startup [display] [artifacts] (1.0s)
PASS TerrainValidation/mixed terrain simulation trace and visual gallery [display][artifacts] (2.8s)
PASS TerrainMaterials/an additional material and a 64-material catalog compose without renderer branches [display] (1.0s)
PASS TerrainMaterials/seam treatment tones only the lower material beside a higher edge [display] (0.9s)
PASS TerrainPresentation/zoomed-out GPU terrain retains pages across frames and wrapped views [display] [artifacts] (8.6s)
PASS TerrainPresentation/HD material pages and fractional zoom preserve cached pixels with missing optional atlas [display][artifacts] (16.8s)

35 passed, 0 failed, 0 skipped (63.5s of test time)
[run_tests] JUnit report: /home/bradley/glob2-terrain-borders/artifacts/tests/junit.xml (35 cases)
