[run_tests] /home/bradley/glob2-terrain-borders/build/linux/client/release/test/glob2-unit-tests is not built; skipping
PASS MapGeneratorDefaults/resource habitat distinguishes terrain permission from growth and occupancy (0.1s)
PASS MapGeneratorDefaults/shared route and wall contracts use terrain capabilities (0.1s)
PASS TerrainPresentation/terrain seed survives save and load and stays out of the simulation checksum (0.2s)
PASS TerrainPresentation/catalog palettes preserve distinct legacy shores and independent preview colors (0.1s)
PASS MapGeneratorDefaults/search domains preserve legal values and constrain deterministic rolls (0.3s)
PASS TerrainPresentation/custom thumbnail palettes retain embedded colors alongside catalog builtins (0.1s)
PASS MapGeneratorDefaults/starting layouts follow rectangular and overlay catalog footprints (0.5s)
PASS MapGeneratorDefaults/editor and lobby defaults contract [slow][map-generators] (0.6s)
PASS MapGeneratorDefaults/Explicit designs preserve pre-Random golden worlds (1.6s)
PASS MapGeneratorDefaults/Drowned Forest circulation uses the configured starting definition (1.8s)
PASS EditorActionCoverage/rerolling the terrain look changes the map seed and marks the map modified [display] (3.3s)
PASS EditorActionCoverage/unit placement selection and stat edits use the action dispatcher [display] (3.5s)
PASS MapGeneratorDefaults/Random design defaults resolve reproducibly without changing explicit enums (3.5s)
PASS MapGeneratorDefaults/toolkit geometry; raster; resource and home contracts (3.6s)
PASS MapGeneratorDefaults/Bastion Keys contracts (3.7s)
PASS TerrainPresentation/image import keeps whole-cell material edges out of legacy gameplay [artifacts] (0.2s)
PASS TerrainPresentation/export uses registered whole-cell material colors [artifacts] (0.1s)
PASS EditorActionCoverage/custom catalog editor exposes resources mixed controls and long upgrade paths [display][artifacts] (3.9s)
PASS TerrainMaterials/unequal variant weights affect deterministic texture selection (0.1s)
PASS TerrainMaterials/compiled pages validate metadata and stale catalogs use source fallback [artifacts] (0.1s)
PASS MapGeneratorDefaults/Who Ate the Map contracts (4.5s)
PASS EditorActionCoverage/editor selects and saves the sixteenth team [display][artifacts] (4.6s)
PASS TerrainPresentation/offscreen terrain density follows the target and stays stable across capture tiles [display] (1.3s)
PASS TerrainMaterials/map seed reseeds variants and boundaries without breaking partitions or edges (0.1s)
PASS TerrainMaterials/all legacy shore groups retain their corner orientation (0.0s)
PASS TerrainMaterials/legacy decoder inverts the engine lookup for both compatibility profiles (0.1s)
PASS TerrainMaterials/seam treatment tones only the lower material beside a higher edge [display] (0.9s)
PASS TerrainMaterials/coverage partitions every binary shape and multi-material junction (0.3s)
PASS TerrainMaterials/shared edges and wrapped samples have identical coverage (0.1s)
PASS TerrainMaterials/diagonal contacts stay distinct and both torus axes share coverage (0.1s)
PASS TerrainMaterials/organic contours agree across ordinary tile edges and both torus axes (0.1s)
PASS TerrainMaterials/straight boundaries bend over multiple cells without moving their solid cores (0.1s)
PASS TerrainMaterials/steep detailed contours retain one crossing on shared patch edges (0.1s)
PASS TerrainMaterials/weighted choices are stable and all existing variants are reachable (0.1s)
PASS TerrainMaterials/prepared coverage preserves native and HD contour geometry (1.6s)
PASS MapGeneratorDefaults/Gauntlet shapes; request rejection and final-world corruption checks (6.6s)
PASS TerrainMaterials/single cells retain their center and animation does not reseed variants (0.1s)
PASS TerrainMaterials/catalog rejects corrupt references and grows independently of gameplay IDs (0.2s)
PASS EditorActionCoverage/farm brush is offered only with the farm-areas experiment and refuses ground that cannot grow [display][artifacts] (3.6s)
PASS EditorActionCoverage/base terrain brush changes water sand and grass and saves the final terrain [display] (3.1s)
PASS MapGeneratorDefaults/Hungry Marches contracts (8.2s)
PASS EditorActionCoverage/terrain experiments independently gate whole-cell brushes [display] (3.1s)
PASS MapGeneratorDefaults/Random designs match explicit generated worlds on rectangles [slow] (8.7s)
PASS EditorActionCoverage/registered terrain stamps batch invalidation and reject invalid selector IDs [display] (2.3s)
PASS TerrainPresentation/overview palette follows detailed shore coverage across both wrapped axes [display] [artifacts] (1.2s)
PASS TerrainPresentation/custom aliases share material recipes and keep whole-cell identity [display] (1.0s)
PASS EditorActionCoverage/custom terrain imports palettes and saved maps work on desktop and phone [display][artifacts] (4.7s)
PASS TerrainPresentation/zoomed-out GPU terrain retains pages across frames and wrapped views [display] [artifacts] (9.7s)
PASS TerrainPresentation/whole-cell layers preserve software terrain caching [display][artifacts] (3.7s)
PASS TerrainPresentation/whole-cell layers preserve OpenGL terrain caching [display] (4.2s)
PASS TerrainPresentation/tiled capture keeps whole-map density and warm pages at narrow edges [display] (1.2s)
PASS TerrainPresentation/portable texture limits reduce HD pages and admit only fitting fallback tiles [display] (1.1s)
PASS TerrainPresentation/emergency tiles remain deterministic and cover opaque fractional terrain [display] (3.9s)
PASS MapGeneratorDefaults/Last Treeline checks (19.0s)
PASS EditorActionCoverage/building selection exposes matching editor controls and save retains edits [display] (2.4s)
PASS EditorActionCoverage/zone brush addition removal and seam wrapping preserve other team paint and saved masks [display][artifacts] (2.6s)
PASS TerrainPresentation/empty water pages skip software submissions and refresh after terrain edits [display] (0.9s)
PASS TerrainMaterials/animation invalidates only pages using that material [display] (0.9s)
PASS TerrainPresentation/streaming pages match cached fractional pixels across wraps and small maps [display] (8.8s)
PASS MapGeneratorDefaults/Faulted City contracts (22.2s)
PASS TerrainMaterials/compositor preserves native artwork overridden before startup [display] [artifacts] (0.9s)
PASS TerrainMaterials/an additional material and a 64-material catalog compose without renderer branches [display] (0.8s)
PASS TerrainValidation/mixed terrain simulation trace and visual gallery [display][artifacts] (2.6s)
PASS EditorActionCoverage/resource brushes add erase and retain painted wheat through editor save-load [display] (2.1s)
PASS TerrainPresentation/HD material pages and fractional zoom preserve cached pixels with missing optional atlas [display][artifacts] (19.2s)
PASS MapGeneratorDefaults/Portage Lakes contracts [slow] (57.0s)
PASS MapGeneratorDefaults/Drowned Forest contracts [slow] (77.3s)

67 passed, 0 failed, 0 skipped (324.9s of test time)
[run_tests] JUnit report: /home/bradley/glob2-terrain-borders/artifacts/tests/junit.xml (67 cases)
EXIT 0
