
> @glob2/web@0.1.0 build
> vite build

vite v8.3.2 building client environment for production...
transforming...
✓ 779 modules transformed.
rendering chunks...
computing gzip size...
dist/index.html                                        1.24 kB │ gzip:   0.60 kB
dist/assets/hospital-CZ8mxl8H.webp                     4.16 kB
dist/assets/glob-64-DRYAgOz9.png                       4.51 kB
dist/assets/school-3kPEHozp.webp                       4.60 kB
dist/assets/war-flag-ClpBapaP.webp                     4.61 kB
dist/assets/exploration-flag-DEYVuIyb.webp             5.54 kB
dist/assets/wood-BvhIq-A_.webp                         5.59 kB
dist/assets/clearing-flag-Dr2FX3nZ.webp                5.94 kB
dist/assets/stone-CR7HLFDE.webp                        6.14 kB
dist/assets/racetrack-BEfp0i51.webp                    6.45 kB
dist/assets/inn-pEFHk1BY.webp                          6.51 kB
dist/assets/fruit-C8P4nJfl.webp                        7.36 kB
dist/assets/papyrus-sl-e5iDV.webp                      7.49 kB
dist/assets/algae-Cf7k497T.webp                        7.53 kB
dist/assets/swarm-C7Cw-oud.webp                        9.26 kB
dist/assets/wordmark-letters-Cs-rHGsD.webp            14.87 kB
dist/assets/explorer-west-DFIszYPU.webp               20.89 kB
dist/assets/worker-east-Bqinqqlq.webp                 22.38 kB
dist/assets/worker-west-DG0XWj8f.webp                 23.28 kB
dist/assets/warrior-east-BQEGqC40.webp                29.46 kB
dist/assets/nunito-latin-wght-normal-BzFMHfZw.woff2   39.12 kB
dist/assets/colony-960-CjmrWzyt.webp                  96.84 kB
dist/assets/colony-1600-CJWZJSba.webp                220.64 kB
dist/assets/Account-BY2xzm8t.css                       1.05 kB │ gzip:   0.43 kB
dist/assets/index-DwmIcRni.css                        51.32 kB │ gzip:  14.22 kB
dist/assets/LineChart-oOVGOz9Y.js                      4.36 kB │ gzip:   1.91 kB │ map:    16.65 kB
dist/assets/Player-BTzwySsM.js                         8.88 kB │ gzip:   3.00 kB │ map:    26.64 kB
dist/assets/Admin-CQes6oTC.js                         10.85 kB │ gzip:   3.43 kB │ map:    31.69 kB
dist/assets/MapStudio-CRCKjzVb.js                     12.44 kB │ gzip:   4.23 kB │ map:    39.84 kB
dist/assets/Match-8zHaUSmU.js                         15.99 kB │ gzip:   5.12 kB │ map:    46.49 kB
dist/assets/state-DBjVoPeo.js                         16.37 kB │ gzip:   6.08 kB │ map:    55.25 kB
dist/assets/Maps-N9e6jSsT.js                          19.00 kB │ gzip:   5.77 kB │ map:    56.17 kB
dist/assets/Account-BtXeM_Q3.js                       33.59 kB │ gzip:  10.17 kB │ map:   110.30 kB
dist/assets/index-CRWQvdz1.js                        472.25 kB │ gzip: 148.53 kB │ map: 2,409.92 kB

✓ built in 735ms

> @glob2/web@0.1.0 e2e
> playwright test -c e2e/playwright.config.ts players.spec.ts

[WebServer] (node:2357594) Warning: The 'NO_COLOR' env is ignored due to the 'FORCE_COLOR' env being set.
[WebServer] (Use `node --trace-warnings ...` to show where the warning was created)

Running 6 tests using 1 worker

(node:2357898) Warning: The 'NO_COLOR' env is ignored due to the 'FORCE_COLOR' env being set.
(Use `node --trace-warnings ...` to show where the warning was created)
  ✓  1 [desktop] › e2e/players.spec.ts:13:3 › directory, AI profile, rankings and photos (light) (5.4s)
  ✓  2 [desktop] › e2e/players.spec.ts:13:3 › directory, AI profile, rankings and photos (dark) (5.3s)
  ✓  3 [desktop] › e2e/players.spec.ts:125:1 › keyboard directory navigation keeps the active result in view (474ms)
(node:2359431) Warning: The 'NO_COLOR' env is ignored due to the 'FORCE_COLOR' env being set.
(Use `node --trace-warnings ...` to show where the warning was created)
  ✓  4 [phone] › e2e/players.spec.ts:13:3 › directory, AI profile, rankings and photos (light) (5.8s)
  ✓  5 [phone] › e2e/players.spec.ts:13:3 › directory, AI profile, rankings and photos (dark) (6.0s)
  ✓  6 [phone] › e2e/players.spec.ts:125:1 › keyboard directory navigation keeps the active result in view (537ms)

  6 passed (28.8s)
