PASS glob2-unit-tests MobileInput (2 cases) (0.0s)
PASS glob2-unit-tests ZoomDetail (12 cases) (0.0s)
PASS SystemLanguage/ISO locales map to the historical catalog codes (0.0s)
PASS SystemLanguage/languages without a catalog are not confused with catalog codes (0.0s)
PASS SystemLanguage/regional and script variants pick the matching catalog (0.0s)
PASS SystemLanguage/the first available preference wins, then English (0.0s)
PASS TeamStatsSave/every live worker-tick lands in exactly one labour bucket (0.0s)
PASS TeamStatsSave/places: own buildings first, then enemies; allies, flags and new buildings do not count (0.0s)
PASS glob2-unit-tests BidiText (4 cases) (0.1s)
PASS TeamStatsSave/combat deaths are attributed by place and assignment (0.0s)
PASS TeamStatsSave/defence snapshot counts warriors by place and enemy warriors at home (0.0s)
PASS TeamStatsSave/place lookup agrees with a brute-force scan of every building tile (0.1s)
PASS TeamStatsSave/older saves load with labour coverage starting at the loaded tick [save-format] (0.1s)
PASS TeamStatsSave/labour, combat and defence measurements survive a save [save-format] (0.1s)
PASS TeamStatsSave/legacy version 88 fixture replays the golden trace [save-format][golden] (0.0s)
PASS TeamStatsSave/legacy version 84 fixture replays the golden trace [save-format][golden] (0.0s)
PASS SystemLanguage/startup follows the system only when the profile has no usable language (0.5s)
PASS TeamStatsSave/AI telemetry continues across a save [save-format] (1.2s)
PASS TeamStatsSave/Compact team histories preserve samples across two batch boundaries (0.2s)
PASS WinProbability/equal alliances share chances and eliminated allies contribute nothing (0.0s)
PASS WinProbability/the rule waits for the minimum tick and sample boundary then ends all teams (0.0s)
PASS WinProbability/calling an early loser cannot change later teams' decision inputs (0.0s)
PASS WinProbability/rule serialization gates the new tag and rejects ambiguous thresholds (0.0s)
PASS WinProbability/enabled rule preserves the per-tick checksum trace across its decision boundary [golden][artifacts] (0.0s)
PASS WinProbability/native arithmetic reproduces every published calibration sample (0.0s)
PASS TeamStatsSave/Compact telemetry retains every sample across chunk boundaries (1.6s)
PASS TeamStatsSave/32 sampling phases; ring wrap; repeated loads; text streams and corruption controls [save-format] (2.1s)
PASS TeamStatsSave/measurement screenshots [display][artifacts] (2.6s)

28 passed, 0 failed, 0 skipped (9.2s of test time)
[run_tests] JUnit report: artifacts/ci-repair/windows-stats-final.xml (43 cases)
