PASS glob2-unit-tests ReplayStepCounter (7 cases) (0.0s)
PASS glob2-unit-tests ExperimentalFeatures (9 cases) (0.0s)
PASS MatchSetup/catalog rules identity partitions ratings without changing the executable identity (0.0s)
PASS InnSwap/a good booking stays (0.1s)
PASS MatchSetup/AI order delay is optional bounded integer data and round trips through headers (0.1s)
PASS MatchSetup/the vendored fixtures match the protocol package when it is present (0.0s)
PASS MatchSetup/SHA-256 matches the FIPS 180-4 test vectors (0.0s)
PASS InnSwap/the later booker trades with the one it would cross (0.1s)
PASS MatchSetup/map-required terrain experiments propagate to setup and cannot be omitted (0.0s)
PASS MatchSetup/every MatchSetup and SimVersion contract fixture is accepted or rejected at its stage (0.1s)
PASS MatchSetup/closed seats close their team and follow every player seat (0.1s)
PASS MatchSetup/unknown experiments, JavaScript AIs and unexpressible headers are refused (0.0s)
PASS MatchSetup/embedded catalogs carry dynamic experiments independently of installed definitions (0.2s)
PASS MatchSetup/valid setups become the GameHeader every client and the verifier run (0.1s)
PASS MarketFetch/deliverer stays attached and fetches the next market delivery (0.1s)
PASS glob2-unit-tests GameHeaderTextSaveLoad (5 cases) (0.2s)
PASS MatchSetup/the simulation data hash covers every data file the simulation loads (0.1s)
PASS MatchSetup/a map file is found and checked by the hash of its decompressed bytes (0.1s)
PASS MarketFetch/stocked markets are resource goals, depleted markets are not (0.1s)
PASS RoundTripHungerGate/a unit is judged on the walk to the resource (0.1s)
PASS RoundTripHungerGate/the fallback scores a whole round trip (0.1s)
PASS ResourceFetchTarget/a depleted target is refreshed after its gradient rebuild for every swim class (0.1s)
PASS TurnEngineHarness/the committed match record verifies to the committed checksum trace [network-sim][golden] (0.4s)
PASS MarketFetch/market fields and pending publications survive binary and text saves [save-format] (0.8s)
PASS MarketFetch/upgraded market IDs and stock survive binary and text saves [save-format] (0.9s)

25 passed, 0 failed, 0 skipped (3.8s of test time)
[run_tests] JUnit report: artifacts/greedy-fetch/rebased-macos.xml (43 cases)
