idle128 0 d1t1-owner wall=1.176s cpu=0.686s
idle128 0 d1t2-owner wall=0.982s cpu=0.714s
idle128 0 d1t4-owner wall=1.238s cpu=0.806s
idle128 0 d1t8-owner wall=1.085s cpu=0.861s
idle128 0 d1t1-shared wall=1.448s cpu=0.899s
idle128 0 d1t2-shared wall=1.090s cpu=0.722s
idle128 0 d1t4-shared wall=1.249s cpu=0.800s
idle128 0 d1t8-shared wall=1.038s cpu=0.963s
idle128 0 d3t1-owner wall=0.744s cpu=0.647s
idle128 0 d3t2-owner wall=1.032s cpu=0.729s
idle128 0 d3t4-owner wall=0.705s cpu=0.791s
idle128 0 d3t8-owner wall=0.700s cpu=0.834s
idle128 0 d3t1-shared wall=0.911s cpu=0.735s
idle128 0 d3t2-shared wall=0.762s cpu=0.747s
idle128 0 d3t4-shared wall=0.786s cpu=0.797s
idle128 0 d3t8-shared wall=0.678s cpu=0.761s
idle128 0 d8t1-owner wall=0.777s cpu=0.744s
idle128 0 d8t2-owner wall=0.878s cpu=0.703s
idle128 0 d8t4-owner wall=0.915s cpu=0.711s
idle128 0 d8t8-owner wall=0.659s cpu=0.771s
idle128 0 d8t1-shared wall=0.804s cpu=0.767s
idle128 0 d8t2-shared wall=0.709s cpu=0.702s
idle128 0 d8t4-shared wall=0.738s cpu=0.767s
idle128 0 d8t8-shared wall=0.826s cpu=0.828s
idle256 0 d1t1-owner wall=1.308s cpu=1.179s
idle256 0 d1t2-owner wall=1.459s cpu=1.286s
idle256 0 d1t4-owner wall=1.154s cpu=1.272s
idle256 0 d1t8-owner wall=1.230s cpu=1.629s
idle256 0 d1t1-shared wall=1.307s cpu=1.182s
idle256 0 d1t2-shared wall=1.238s cpu=1.305s
idle256 0 d1t4-shared wall=1.210s cpu=1.439s
idle256 0 d1t8-shared wall=1.089s cpu=1.297s
idle256 0 d3t1-owner wall=1.821s cpu=1.611s
idle256 0 d3t2-owner wall=1.092s cpu=1.227s
idle256 0 d3t4-owner wall=1.339s cpu=1.304s
idle256 0 d3t8-owner wall=1.182s cpu=1.509s
idle256 0 d3t1-shared wall=1.386s cpu=1.356s
idle256 0 d3t2-shared wall=1.209s cpu=1.255s
idle256 0 d3t4-shared wall=1.126s cpu=1.298s
idle256 0 d3t8-shared wall=1.180s cpu=1.531s
idle256 0 d8t1-owner wall=1.472s cpu=1.213s
idle256 0 d8t2-owner wall=1.364s cpu=1.208s
idle256 0 d8t4-owner wall=1.096s cpu=1.311s
idle256 0 d8t8-owner wall=0.968s cpu=1.424s
idle256 0 d8t1-shared wall=1.480s cpu=1.353s
idle256 0 d8t2-shared wall=1.294s cpu=1.296s
idle256 0 d8t4-shared wall=1.131s cpu=1.315s
idle256 0 d8t8-shared wall=0.933s cpu=1.446s
idle512 0 d1t1-owner wall=3.491s cpu=3.142s
idle512 0 d1t2-owner wall=3.159s cpu=3.255s
idle512 0 d1t4-owner wall=2.634s cpu=3.389s
idle512 0 d1t8-owner wall=2.038s cpu=3.854s
idle512 0 d1t1-shared wall=3.078s cpu=2.976s
idle512 0 d1t2-shared wall=2.873s cpu=3.368s
idle512 0 d1t4-shared wall=2.698s cpu=3.466s
idle512 0 d1t8-shared wall=2.237s cpu=3.719s
idle512 0 d3t1-owner wall=3.475s cpu=2.959s
idle512 0 d3t2-owner wall=3.306s cpu=3.523s
idle512 0 d3t4-owner wall=2.548s cpu=3.467s
idle512 0 d3t8-owner wall=2.452s cpu=3.711s
idle512 0 d3t1-shared wall=3.869s cpu=3.362s
idle512 0 d3t2-shared wall=2.835s cpu=3.271s
idle512 0 d3t4-shared wall=2.624s cpu=3.602s
idle512 0 d3t8-shared wall=2.113s cpu=3.600s
idle512 0 d8t1-owner wall=3.400s cpu=3.134s
idle512 0 d8t2-owner wall=3.264s cpu=3.510s
idle512 0 d8t4-owner wall=2.830s cpu=3.480s
idle512 0 d8t8-owner wall=2.352s cpu=3.571s
idle512 0 d8t1-shared wall=3.423s cpu=3.151s
idle512 0 d8t2-shared wall=3.632s cpu=3.668s
idle512 0 d8t4-shared wall=2.555s cpu=3.530s
idle512 0 d8t8-shared wall=2.282s cpu=3.776s
ai128 0 d1t1-owner wall=0.715s cpu=0.672s
ai128 0 d1t2-owner wall=0.743s cpu=0.732s
ai128 0 d1t4-owner wall=0.668s cpu=0.686s
ai128 0 d1t8-owner wall=0.844s cpu=0.767s
ai128 0 d1t1-shared wall=0.871s cpu=0.674s
ai128 0 d1t2-shared wall=0.758s cpu=0.736s
ai128 0 d1t4-shared wall=1.701s cpu=0.703s
ai128 0 d1t8-shared wall=1.169s cpu=0.753s
ai128 0 d3t1-owner wall=1.046s cpu=0.657s
ai128 0 d3t2-owner wall=0.932s cpu=0.715s
ai128 0 d3t4-owner wall=1.180s cpu=0.663s
ai128 0 d3t8-owner wall=0.861s cpu=0.732s
ai128 0 d3t1-shared wall=0.812s cpu=0.687s
ai128 0 d3t2-shared wall=0.796s cpu=0.748s
ai128 0 d3t4-shared wall=0.964s cpu=0.867s
ai128 0 d3t8-shared wall=1.115s cpu=0.851s
ai128 0 d8t1-owner wall=0.716s cpu=0.654s
ai128 0 d8t2-owner wall=1.575s cpu=0.734s
ai128 0 d8t4-owner wall=1.021s cpu=0.691s
ai128 0 d8t8-owner wall=1.090s cpu=0.726s
ai128 0 d8t1-shared wall=1.022s cpu=0.639s
ai128 0 d8t2-shared wall=0.928s cpu=0.653s
ai128 0 d8t4-shared wall=0.824s cpu=0.668s
ai128 0 d8t8-shared wall=0.841s cpu=0.713s
ai256 0 d1t1-owner wall=1.805s cpu=1.153s
ai256 0 d1t2-owner wall=1.992s cpu=1.170s
ai256 0 d1t4-owner wall=1.761s cpu=1.205s
ai256 0 d1t8-owner wall=1.440s cpu=1.331s
ai256 0 d1t1-shared wall=1.993s cpu=1.141s
ai256 0 d1t2-shared wall=1.149s cpu=1.194s
ai256 0 d1t4-shared wall=1.365s cpu=1.331s
ai256 0 d1t8-shared wall=1.097s cpu=1.392s
ai256 0 d3t1-owner wall=1.146s cpu=1.036s
ai256 0 d3t2-owner wall=1.624s cpu=1.152s
ai256 0 d3t4-owner wall=1.199s cpu=1.211s
ai256 0 d3t8-owner wall=1.998s cpu=1.381s
ai256 0 d3t1-shared wall=2.104s cpu=1.294s
ai256 0 d3t2-shared wall=1.759s cpu=1.239s
ai256 0 d3t4-shared wall=1.345s cpu=1.301s
ai256 0 d3t8-shared wall=1.247s cpu=1.451s
ai256 0 d8t1-owner wall=2.306s cpu=1.352s
ai256 0 d8t2-owner wall=1.544s cpu=1.521s
ai256 0 d8t4-owner wall=1.600s cpu=1.311s
ai256 0 d8t8-owner wall=1.400s cpu=1.360s
ai256 0 d8t1-shared wall=1.267s cpu=1.112s
ai256 0 d8t2-shared wall=1.235s cpu=1.150s
ai256 0 d8t4-shared wall=1.413s cpu=1.341s
ai256 0 d8t8-shared wall=1.194s cpu=1.378s
ai512 0 d1t1-owner wall=4.034s cpu=2.998s
ai512 0 d1t2-owner wall=4.934s cpu=3.383s
ai512 0 d1t4-owner wall=3.252s cpu=3.569s
ai512 0 d1t8-owner wall=3.547s cpu=3.975s
ai512 0 d1t1-shared wall=3.194s cpu=2.799s
ai512 0 d1t2-shared wall=4.427s cpu=3.449s
ai512 0 d1t4-shared wall=4.036s cpu=3.674s
ai512 0 d1t8-shared wall=3.708s cpu=3.549s
ai512 0 d3t1-owner wall=3.311s cpu=2.910s
ai512 0 d3t2-owner wall=2.735s cpu=3.122s
ai512 0 d3t4-owner wall=5.169s cpu=3.725s
ai512 0 d3t8-owner wall=3.476s cpu=3.949s
ai512 0 d3t1-shared wall=3.681s cpu=3.033s
ai512 0 d3t2-shared wall=3.001s cpu=3.040s
ai512 0 d3t4-shared wall=3.226s cpu=3.204s
ai512 0 d3t8-shared wall=2.758s cpu=3.487s
ai512 0 d8t1-owner wall=3.290s cpu=3.013s
ai512 0 d8t2-owner wall=2.960s cpu=3.208s
ai512 0 d8t4-owner wall=3.428s cpu=3.194s
ai512 0 d8t8-owner wall=3.607s cpu=3.475s
ai512 0 d8t1-shared wall=3.389s cpu=3.228s
ai512 0 d8t2-shared wall=6.566s cpu=4.007s
ai512 0 d8t4-shared wall=3.308s cpu=3.354s
ai512 0 d8t8-shared wall=4.429s cpu=3.264s
disabled512 0 d1t1-owner wall=3.580s cpu=2.833s
disabled512 0 d1t2-owner wall=3.398s cpu=2.924s
disabled512 0 d1t4-owner wall=2.094s cpu=2.832s
disabled512 0 d1t8-owner wall=2.756s cpu=3.177s
disabled512 0 d1t1-shared wall=3.252s cpu=2.811s
disabled512 0 d1t2-shared wall=2.284s cpu=2.886s
disabled512 0 d1t4-shared wall=2.742s cpu=3.323s
disabled512 0 d1t8-shared wall=2.012s cpu=3.381s
disabled512 0 d3t1-owner wall=2.644s cpu=2.553s
disabled512 0 d3t2-owner wall=1.678s cpu=2.469s
disabled512 0 d3t4-owner wall=1.880s cpu=2.741s
disabled512 0 d3t8-owner wall=2.185s cpu=3.209s
disabled512 0 d3t1-shared wall=2.404s cpu=2.357s
disabled512 0 d3t2-shared wall=1.788s cpu=2.609s
disabled512 0 d3t4-shared wall=1.968s cpu=2.950s
disabled512 0 d3t8-shared wall=1.981s cpu=3.050s
disabled512 0 d8t1-owner wall=2.850s cpu=2.797s
disabled512 0 d8t2-owner wall=1.882s cpu=2.721s
disabled512 0 d8t4-owner wall=1.783s cpu=2.760s
disabled512 0 d8t8-owner wall=1.789s cpu=2.984s
disabled512 0 d8t1-shared wall=2.822s cpu=2.755s
disabled512 0 d8t2-shared wall=2.134s cpu=2.915s
disabled512 0 d8t4-shared wall=1.840s cpu=3.005s
disabled512 0 d8t8-shared wall=2.008s cpu=3.341s
