PASS ResourceGrowth/signed proposals use only current resource type and apply in order (0.1s)
PASS ResourceGrowth/proposal capacity grows safely and is retained for reuse (0.1s)
PASS ResourceGrowth/material deltas cap independently and create configured seed stocks (0.1s)
PASS ResourceGrowth/legacy pending masks migrate and signed pending proposals validate on load (0.1s)
PASS ResourceGrowth/pipeline waits at exact deadline and pause does not publish (0.1s)
PASS ResourceGrowth/kernel is immutable deterministic and responds to disabled growth and scarcity (0.1s)
PASS ResourceGrowth/frozen input outlives terrain and resource edits and wrapping remains valid (0.1s)
PASS ResourceGrowth/light checksums leave owner work deferred and world replacement discards it (0.1s)
PASS ResourceGrowth/later worker completion cannot publish ahead of an earlier owner batch (0.1s)
PASS ResourceGrowth/text save layout probes are relative and preserve section state (0.0s)
PASS ResourceGrowth/format 144 and 145 packed growth headers cannot alias artwork lengths (0.0s)
PASS ResourceGrowth/publication accounts for proposals rejected by a different world (0.2s)
PASS ResourceGrowth/configured seeds preserve rates variety collisions and saved output (0.1s)
PASS ResourceGrowth/typed proposal loading validates fields and preserves old queued units (0.1s)
PASS ResourceGrowth/owner and shared deadlines match and pending work survives saving (0.5s)
PASS ResourceGrowth/zero seed stocks use authoritative resource initialization (0.3s)
PASS ResourceGrowth/finishing the last deferred tick computes without publishing early (0.1s)
PASS ResourceGrowth/engine preflight opens both historical growth and released vertex saves (0.5s)
PASS JavaScriptSimulation/JavaScript original fixture executes, resumes and replays 256 ticks (2.5s)
PASS JavaScriptSimulation/JavaScript conversion boundary resumes globals RNG references and complete tick records (2.1s)
PASS ResourceGrowth/both format 144 and 145 lineages and compact growth saves retain continuation [save-format] (3.6s)
PASS JavaScriptSimulation/JavaScript profile two actions fields telemetry and construction survive save resume and worker counts (2.6s)
PASS JavaScriptSimulation/JavaScript economic planners and map survey execute, resume and replay 256 ticks (9.0s)

23 passed, 0 failed, 0 skipped (22.7s of test time)
[run_tests] JUnit report: artifacts/resource-growth/final-master/focused-final.xml (23 cases)
