PASS WorldSnapshot/snapshot capability tables share authoritative immutable catalog data (0.1s)
PASS WorldSnapshot/on-demand construction feasibility matches live helpers and remains frozen (0.1s)
PASS WorldSnapshot/unit snapshots share authoritative scalar state and remain frozen (0.1s)
PASS WorldSnapshot/shared entity indices preserve empty slots and canonical record addresses (0.1s)
PASS WorldSnapshot/AI boundary validates each captured map array before fast reads (0.0s)
PASS WorldSnapshot/coordinate wrapping preserves signed edges for power of two and general dimensions (0.0s)
PASS WorldSnapshot/map snapshots bulk copy authoritative records without translation (0.1s)
PASS WorldSnapshot/narrow component queries preserve combined tile values and projection defaults (0.1s)
PASS WorldSnapshot/AI fast scalar reads preserve checked values and frozen lease isolation (0.1s)
PASS WorldSnapshot/worker final lease release synchronizes owner buffer reuse (0.0s)
PASS WorldSnapshot/component leases and weak control blocks outlive the owning store (0.1s)
PASS WorldSnapshot/catalog refresh survives intervening projections and rules reuse independently (0.1s)
PASS WorldSnapshot/projected terrain lease cannot retain unrelated world components (0.1s)
PASS WorldSnapshot/component mutation generations preserve isolation and reuse unchanged arrays (0.1s)
PASS WorldSnapshot/no-op map writes reuse components while changed values remain isolated (0.1s)
PASS WorldSnapshot/capture requirements exclude arrays that no scheduled consumer requests (0.1s)
PASS WorldSnapshot/undermap changes preserve retained terrain and reuse unchanged versions (0.1s)
PASS WorldSnapshot/warm component buffers stop allocating at a fixed population (0.1s)
PASS WorldSnapshot/pooled captures never overwrite a held worker projection (0.1s)
PASS WorldSnapshot/building snapshots copy shared scalar records and freeze selected stock (0.1s)
PASS WorldSnapshot/flat relationship ranges preserve every building list in order (0.1s)
PASS WorldSnapshot/farm paint queries match frozen growth and resource inputs (0.1s)
PASS WorldSnapshot/memory metrics distinguish held epochs from reusable high water capacity (0.1s)
PASS WorldSnapshot/reused buffers copy sparse chunks and refresh dense changes contiguously (0.1s)
PASS WorldSnapshot/resource copy metrics include multi-material stock sidecars (0.1s)
PASS WorldSnapshot/a retained consumer leaves the newest free buffer to absorb only later changes (0.1s)
PASS WorldSnapshot/capture verification rejects writes that bypass the change trackers (0.1s)
PASS WorldSnapshot/same tick component expansion preserves narrow leases and captures arrays once (0.1s)
PASS WorldSnapshot/explicit observation boundaries refresh paused state and retain old leases (0.1s)
PASS ResourceGrowth/material deltas cap independently and create configured seed stocks (0.1s)
PASS ResourceGrowth/signed proposals use only current resource type and apply in order (0.1s)
PASS ResourceGrowth/proposal capacity grows safely and is retained for reuse (0.1s)
PASS ResourceGrowth/legacy pending masks migrate and signed pending proposals validate on load (0.1s)
PASS ResourceGrowth/kernel is immutable deterministic and responds to disabled growth and scarcity (0.1s)
PASS ResourceGrowth/pipeline waits at exact deadline and pause does not publish (0.1s)
PASS ResourceGrowth/frozen input outlives terrain and resource edits and wrapping remains valid (0.1s)
PASS ResourceGrowth/light checksums leave owner work deferred and world replacement discards it (0.1s)
PASS ResourceGrowth/format 144 and 145 packed growth headers cannot alias artwork lengths (0.0s)
PASS ResourceGrowth/text save layout probes are relative and preserve section state (0.0s)
PASS ResourceGrowth/later worker completion cannot publish ahead of an earlier owner batch (0.1s)
PASS ResourceGrowth/publication accounts for proposals rejected by a different world (0.2s)
PASS ResourceGrowth/configured seeds preserve rates variety collisions and saved output (0.1s)
PASS ResourceGrowth/owner and shared deadlines match and pending work survives saving (0.6s)
PASS ResourceGrowth/typed proposal loading validates fields and preserves old queued units (0.1s)
PASS BuildingGradientInvalidation/centre placed inside an existing ring (0.1s)
PASS ResourceGrowth/zero seed stocks use authoritative resource initialization (0.3s)
PASS BuildingGradientInvalidation/ring placed around an existing field (0.1s)
PASS BuildingGradientInvalidation/a rival teams ring cuts off a cached field (0.1s)
PASS BuildingGradientInvalidation/a ring cuts off a virtual flags field (0.1s)
PASS BuildingGradientInvalidation/a paused field keeps its original obstacles (0.1s)
PASS BuildingGradientInvalidation/public reads resolve their inputs (0.1s)
PASS BuildingGradientInvalidation/parallel fields (0.1s)
PASS BuildingGradientInvalidation/idle field storage is reused without stale routes (0.1s)
PASS BuildingGradientInvalidation/delayed fields (0.4s)
PASS ResourceGrowth/both format 144 and 145 lineages and compact growth saves retain continuation [save-format] (3.2s)

55 passed, 0 failed, 0 skipped (10.0s of test time)
[run_tests] JUnit report: artifacts/resource-growth/final-master/integration-first.xml (55 cases)
