master-vs-shared8
  dense 30 TPS 0.25 -0.38 2.31 CPU 11.39 10.3 12.01
  multi 10 TPS 45.07 39.82 55.62 CPU 4.74 1.05 8.61
  ai512 30 TPS -0.94 -1.81 -0.31 CPU 2.35 0.87 3.74
  disabled512 30 TPS 1.75 0.1 3.15 CPU 2.73 1.5 4.21
  sparse 30 TPS -2.32 -5.6 -0.19 CPU 0.22 -3.76 2.31
  saturated 30 TPS -0.77 -2.69 0.92 CPU 10.46 8.44 12.21
  harvested 10 TPS 5.97 4.55 6.84 CPU 0.83 0.44 1.95
  fragmented 10 TPS 6.68 3.94 7.75 CPU 3.79 2.21 4.56
owner-vs-shared8
  dense 30 TPS -1.98 -2.92 -0.75 CPU 3.13 2.21 4.92
  multi 30 TPS 8.79 3.12 12.91 CPU -4.28 -5.47 -3.51
  ai512 30 TPS -0.4 -1.46 0.96 CPU -0.09 -1.33 1.66
  disabled512 30 TPS -0.25 -2.24 0.89 CPU -0.08 -1.9 1.54
{
  "master-vs-shared8": {
    "same_behavior": false,
    "wins": [
      [
        "dense",
        "cpu_reduction"
      ],
      [
        "multi",
        "tps_gain"
      ],
      [
        "multi",
        "cpu_reduction"
      ],
      [
        "ai512",
        "cpu_reduction"
      ],
      [
        "disabled512",
        "tps_gain"
      ],
      [
        "disabled512",
        "cpu_reduction"
      ],
      [
        "saturated",
        "cpu_reduction"
      ],
      [
        "harvested",
        "tps_gain"
      ],
      [
        "fragmented",
        "tps_gain"
      ],
      [
        "fragmented",
        "cpu_reduction"
      ]
    ],
    "rules_out_primary_regressions": true,
    "blockers": [],
    "demonstrated_regressions": [],
    "investigate": [
      [
        "dense",
        "p99_change"
      ],
      [
        "multi",
        "rss_change"
      ],
      [
        "ai512",
        "p99_change"
      ],
      [
        "saturated",
        "p99_change"
      ],
      [
        "harvested",
        "p99_change"
      ],
      [
        "fragmented",
        "p99_change"
      ],
      [
        "fragmented",
        "rss_change"
      ]
    ],
    "qualifies_numerically": true
  },
  "owner-vs-shared8": {
    "same_behavior": true,
    "wins": [
      [
        "dense",
        "cpu_reduction"
      ],
      [
        "multi",
        "tps_gain"
      ]
    ],
    "rules_out_primary_regressions": false,
    "blockers": [
      [
        "dense",
        "tps_gain",
        30
      ],
      [
        "multi",
        "cpu_reduction",
        30
      ],
      [
        "disabled512",
        "tps_gain",
        30
      ]
    ],
    "demonstrated_regressions": [
      [
        "multi",
        "cpu_reduction"
      ]
    ],
    "investigate": [
      [
        "dense",
        "p99_change"
      ],
      [
        "ai512",
        "p99_change"
      ]
    ],
    "qualifies_numerically": false
  }
}
