paired dense owner-vs-shared8 10 reference 543 ms
paired dense owner-vs-shared8 10 candidate 575 ms
paired dense master-vs-shared8 10 candidate 563 ms
paired dense master-vs-shared8 10 reference 578 ms
paired dense master-vs-shared8 11 reference 551 ms
paired dense master-vs-shared8 11 candidate 538 ms
paired dense owner-vs-shared8 11 candidate 542 ms
paired dense owner-vs-shared8 11 reference 545 ms
paired dense owner-vs-shared8 12 reference 518 ms
paired dense owner-vs-shared8 12 candidate 566 ms
paired dense master-vs-shared8 12 candidate 576 ms
paired dense master-vs-shared8 12 reference 574 ms
paired dense master-vs-shared8 13 reference 542 ms
paired dense master-vs-shared8 13 candidate 541 ms
paired dense owner-vs-shared8 13 candidate 557 ms
paired dense owner-vs-shared8 13 reference 556 ms
paired dense owner-vs-shared8 14 reference 555 ms
paired dense owner-vs-shared8 14 candidate 566 ms
paired dense master-vs-shared8 14 candidate 546 ms
paired dense master-vs-shared8 14 reference 571 ms
paired dense master-vs-shared8 15 reference 581 ms
paired dense master-vs-shared8 15 candidate 561 ms
paired dense owner-vs-shared8 15 candidate 547 ms
paired dense owner-vs-shared8 15 reference 545 ms
paired dense owner-vs-shared8 16 reference 522 ms
paired dense owner-vs-shared8 16 candidate 707 ms
paired dense master-vs-shared8 16 candidate 549 ms
paired dense master-vs-shared8 16 reference 568 ms
paired dense master-vs-shared8 17 reference 563 ms
paired dense master-vs-shared8 17 candidate 562 ms
paired dense owner-vs-shared8 17 candidate 561 ms
paired dense owner-vs-shared8 17 reference 570 ms
paired dense owner-vs-shared8 18 reference 527 ms
paired dense owner-vs-shared8 18 candidate 541 ms
paired dense master-vs-shared8 18 candidate 550 ms
paired dense master-vs-shared8 18 reference 557 ms
paired dense master-vs-shared8 19 reference 556 ms
paired dense master-vs-shared8 19 candidate 564 ms
paired dense owner-vs-shared8 19 candidate 568 ms
paired dense owner-vs-shared8 19 reference 565 ms
paired dense owner-vs-shared8 20 reference 560 ms
paired dense owner-vs-shared8 20 candidate 582 ms
paired dense master-vs-shared8 20 candidate 537 ms
paired dense master-vs-shared8 20 reference 544 ms
paired dense master-vs-shared8 21 reference 539 ms
paired dense master-vs-shared8 21 candidate 572 ms
paired dense owner-vs-shared8 21 candidate 552 ms
paired dense owner-vs-shared8 21 reference 561 ms
paired dense owner-vs-shared8 22 reference 525 ms
paired dense owner-vs-shared8 22 candidate 570 ms
paired dense master-vs-shared8 22 candidate 548 ms
paired dense master-vs-shared8 22 reference 586 ms
paired dense master-vs-shared8 23 reference 542 ms
paired dense master-vs-shared8 23 candidate 540 ms
paired dense owner-vs-shared8 23 candidate 549 ms
paired dense owner-vs-shared8 23 reference 545 ms
paired dense owner-vs-shared8 24 reference 576 ms
paired dense owner-vs-shared8 24 candidate 590 ms
paired dense master-vs-shared8 24 candidate 568 ms
paired dense master-vs-shared8 24 reference 566 ms
paired dense master-vs-shared8 25 reference 559 ms
paired dense master-vs-shared8 25 candidate 574 ms
paired dense owner-vs-shared8 25 candidate 585 ms
paired dense owner-vs-shared8 25 reference 583 ms
paired dense owner-vs-shared8 26 reference 570 ms
paired dense owner-vs-shared8 26 candidate 580 ms
paired dense master-vs-shared8 26 candidate 587 ms
paired dense master-vs-shared8 26 reference 588 ms
paired dense master-vs-shared8 27 reference 588 ms
paired dense master-vs-shared8 27 candidate 594 ms
paired dense owner-vs-shared8 27 candidate 566 ms
paired dense owner-vs-shared8 27 reference 557 ms
paired dense owner-vs-shared8 28 reference 575 ms
paired dense owner-vs-shared8 28 candidate 568 ms
paired dense master-vs-shared8 28 candidate 611 ms
paired dense master-vs-shared8 28 reference 596 ms
paired dense master-vs-shared8 29 reference 564 ms
paired dense master-vs-shared8 29 candidate 574 ms
paired dense owner-vs-shared8 29 candidate 553 ms
paired dense owner-vs-shared8 29 reference 533 ms
paired multi owner-vs-shared8 10 reference 4608 ms
paired multi owner-vs-shared8 10 candidate 4550 ms
paired multi owner-vs-shared8 11 candidate 4466 ms
paired multi owner-vs-shared8 11 reference 4957 ms
paired multi owner-vs-shared8 12 reference 4865 ms
paired multi owner-vs-shared8 12 candidate 4935 ms
paired multi owner-vs-shared8 13 candidate 4334 ms
paired multi owner-vs-shared8 13 reference 4719 ms
paired multi owner-vs-shared8 14 reference 4479 ms
paired multi owner-vs-shared8 14 candidate 4164 ms
paired multi owner-vs-shared8 15 candidate 4582 ms
paired multi owner-vs-shared8 15 reference 5185 ms
paired multi owner-vs-shared8 16 reference 5246 ms
paired multi owner-vs-shared8 16 candidate 4618 ms
paired multi owner-vs-shared8 17 candidate 4646 ms
paired multi owner-vs-shared8 17 reference 5050 ms
paired multi owner-vs-shared8 18 reference 5221 ms
paired multi owner-vs-shared8 18 candidate 4464 ms
paired multi owner-vs-shared8 19 candidate 4305 ms
paired multi owner-vs-shared8 19 reference 5047 ms
paired multi owner-vs-shared8 20 reference 5122 ms
paired multi owner-vs-shared8 20 candidate 4547 ms
paired multi owner-vs-shared8 21 candidate 4683 ms
paired multi owner-vs-shared8 21 reference 5595 ms
paired multi owner-vs-shared8 22 reference 5351 ms
paired multi owner-vs-shared8 22 candidate 4682 ms
paired multi owner-vs-shared8 23 candidate 4513 ms
paired multi owner-vs-shared8 23 reference 4617 ms
paired multi owner-vs-shared8 24 reference 4570 ms
paired multi owner-vs-shared8 24 candidate 4358 ms
paired multi owner-vs-shared8 25 candidate 4071 ms
paired multi owner-vs-shared8 25 reference 4481 ms
paired multi owner-vs-shared8 26 reference 4512 ms
paired multi owner-vs-shared8 26 candidate 3766 ms
paired multi owner-vs-shared8 27 candidate 4358 ms
paired multi owner-vs-shared8 27 reference 4556 ms
paired multi owner-vs-shared8 28 reference 4627 ms
paired multi owner-vs-shared8 28 candidate 4246 ms
paired multi owner-vs-shared8 29 candidate 4811 ms
paired multi owner-vs-shared8 29 reference 4751 ms
paired ai512 owner-vs-shared8 10 reference 1345 ms
paired ai512 owner-vs-shared8 10 candidate 1333 ms
paired ai512 master-vs-shared8 10 candidate 1346 ms
paired ai512 master-vs-shared8 10 reference 1336 ms
paired ai512 master-vs-shared8 11 reference 1221 ms
paired ai512 master-vs-shared8 11 candidate 1278 ms
paired ai512 owner-vs-shared8 11 candidate 1302 ms
paired ai512 owner-vs-shared8 11 reference 1268 ms
paired ai512 owner-vs-shared8 12 reference 1303 ms
paired ai512 owner-vs-shared8 12 candidate 1326 ms
paired ai512 master-vs-shared8 12 candidate 1340 ms
paired ai512 master-vs-shared8 12 reference 1297 ms
paired ai512 master-vs-shared8 13 reference 1302 ms
paired ai512 master-vs-shared8 13 candidate 1274 ms
paired ai512 owner-vs-shared8 13 candidate 1290 ms
paired ai512 owner-vs-shared8 13 reference 1275 ms
paired ai512 owner-vs-shared8 14 reference 1332 ms
paired ai512 owner-vs-shared8 14 candidate 1262 ms
paired ai512 master-vs-shared8 14 candidate 1331 ms
paired ai512 master-vs-shared8 14 reference 1250 ms
paired ai512 master-vs-shared8 15 reference 1319 ms
paired ai512 master-vs-shared8 15 candidate 1268 ms
paired ai512 owner-vs-shared8 15 candidate 1310 ms
paired ai512 owner-vs-shared8 15 reference 1301 ms
paired ai512 owner-vs-shared8 16 reference 1336 ms
paired ai512 owner-vs-shared8 16 candidate 1336 ms
paired ai512 master-vs-shared8 16 candidate 1332 ms
paired ai512 master-vs-shared8 16 reference 1315 ms
paired ai512 master-vs-shared8 17 reference 1317 ms
paired ai512 master-vs-shared8 17 candidate 1349 ms
paired ai512 owner-vs-shared8 17 candidate 1323 ms
paired ai512 owner-vs-shared8 17 reference 1439 ms
paired ai512 owner-vs-shared8 18 reference 1407 ms
paired ai512 owner-vs-shared8 18 candidate 1459 ms
paired ai512 master-vs-shared8 18 candidate 1379 ms
paired ai512 master-vs-shared8 18 reference 1366 ms
paired ai512 master-vs-shared8 19 reference 1350 ms
paired ai512 master-vs-shared8 19 candidate 1357 ms
paired ai512 owner-vs-shared8 19 candidate 1352 ms
paired ai512 owner-vs-shared8 19 reference 1383 ms
paired ai512 owner-vs-shared8 20 reference 1377 ms
paired ai512 owner-vs-shared8 20 candidate 1394 ms
paired ai512 master-vs-shared8 20 candidate 1378 ms
paired ai512 master-vs-shared8 20 reference 1379 ms
paired ai512 master-vs-shared8 21 reference 1449 ms
paired ai512 master-vs-shared8 21 candidate 1468 ms
paired ai512 owner-vs-shared8 21 candidate 1406 ms
paired ai512 owner-vs-shared8 21 reference 1479 ms
paired ai512 owner-vs-shared8 22 reference 1459 ms
paired ai512 owner-vs-shared8 22 candidate 1462 ms
paired ai512 master-vs-shared8 22 candidate 1388 ms
paired ai512 master-vs-shared8 22 reference 1399 ms
paired ai512 master-vs-shared8 23 reference 1376 ms
paired ai512 master-vs-shared8 23 candidate 1428 ms
paired ai512 owner-vs-shared8 23 candidate 1399 ms
paired ai512 owner-vs-shared8 23 reference 1394 ms
paired ai512 owner-vs-shared8 24 reference 1400 ms
paired ai512 owner-vs-shared8 24 candidate 1435 ms
paired ai512 master-vs-shared8 24 candidate 1440 ms
paired ai512 master-vs-shared8 24 reference 1324 ms
paired ai512 master-vs-shared8 25 reference 1365 ms
paired ai512 master-vs-shared8 25 candidate 1411 ms
paired ai512 owner-vs-shared8 25 candidate 1331 ms
paired ai512 owner-vs-shared8 25 reference 1346 ms
paired ai512 owner-vs-shared8 26 reference 1343 ms
paired ai512 owner-vs-shared8 26 candidate 1349 ms
paired ai512 master-vs-shared8 26 candidate 1348 ms
paired ai512 master-vs-shared8 26 reference 1348 ms
paired ai512 master-vs-shared8 27 reference 1346 ms
paired ai512 master-vs-shared8 27 candidate 1323 ms
paired ai512 owner-vs-shared8 27 candidate 1301 ms
paired ai512 owner-vs-shared8 27 reference 1357 ms
paired ai512 owner-vs-shared8 28 reference 1314 ms
paired ai512 owner-vs-shared8 28 candidate 1403 ms
paired ai512 master-vs-shared8 28 candidate 1325 ms
paired ai512 master-vs-shared8 28 reference 1313 ms
paired ai512 master-vs-shared8 29 reference 1324 ms
paired ai512 master-vs-shared8 29 candidate 1307 ms
paired ai512 owner-vs-shared8 29 candidate 1366 ms
paired ai512 owner-vs-shared8 29 reference 1273 ms
paired disabled512 owner-vs-shared8 10 reference 1041 ms
paired disabled512 owner-vs-shared8 10 candidate 1033 ms
paired disabled512 master-vs-shared8 10 candidate 1000 ms
paired disabled512 master-vs-shared8 10 reference 1075 ms
paired disabled512 master-vs-shared8 11 reference 1144 ms
paired disabled512 master-vs-shared8 11 candidate 1047 ms
paired disabled512 owner-vs-shared8 11 candidate 996 ms
paired disabled512 owner-vs-shared8 11 reference 1054 ms
paired disabled512 owner-vs-shared8 12 reference 1071 ms
paired disabled512 owner-vs-shared8 12 candidate 1069 ms
paired disabled512 master-vs-shared8 12 candidate 1005 ms
paired disabled512 master-vs-shared8 12 reference 1015 ms
paired disabled512 master-vs-shared8 13 reference 1042 ms
paired disabled512 master-vs-shared8 13 candidate 1021 ms
paired disabled512 owner-vs-shared8 13 candidate 1022 ms
paired disabled512 owner-vs-shared8 13 reference 1065 ms
paired disabled512 owner-vs-shared8 14 reference 1065 ms
paired disabled512 owner-vs-shared8 14 candidate 1093 ms
paired disabled512 master-vs-shared8 14 candidate 1036 ms
paired disabled512 master-vs-shared8 14 reference 1036 ms
paired disabled512 master-vs-shared8 15 reference 1030 ms
paired disabled512 master-vs-shared8 15 candidate 1104 ms
paired disabled512 owner-vs-shared8 15 candidate 1117 ms
paired disabled512 owner-vs-shared8 15 reference 1043 ms
paired disabled512 owner-vs-shared8 16 reference 1072 ms
paired disabled512 owner-vs-shared8 16 candidate 1064 ms
paired disabled512 master-vs-shared8 16 candidate 1032 ms
paired disabled512 master-vs-shared8 16 reference 1089 ms
paired disabled512 master-vs-shared8 17 reference 1072 ms
paired disabled512 master-vs-shared8 17 candidate 1031 ms
paired disabled512 owner-vs-shared8 17 candidate 1049 ms
paired disabled512 owner-vs-shared8 17 reference 1019 ms
paired disabled512 owner-vs-shared8 18 reference 1035 ms
paired disabled512 owner-vs-shared8 18 candidate 1044 ms
paired disabled512 master-vs-shared8 18 candidate 1077 ms
paired disabled512 master-vs-shared8 18 reference 1052 ms
paired disabled512 master-vs-shared8 19 reference 1066 ms
paired disabled512 master-vs-shared8 19 candidate 1067 ms
paired disabled512 owner-vs-shared8 19 candidate 1060 ms
paired disabled512 owner-vs-shared8 19 reference 1073 ms
paired disabled512 owner-vs-shared8 20 reference 1027 ms
paired disabled512 owner-vs-shared8 20 candidate 1059 ms
paired disabled512 master-vs-shared8 20 candidate 1040 ms
paired disabled512 master-vs-shared8 20 reference 1078 ms
paired disabled512 master-vs-shared8 21 reference 1076 ms
paired disabled512 master-vs-shared8 21 candidate 1074 ms
paired disabled512 owner-vs-shared8 21 candidate 1132 ms
paired disabled512 owner-vs-shared8 21 reference 1058 ms
paired disabled512 owner-vs-shared8 22 reference 1077 ms
paired disabled512 owner-vs-shared8 22 candidate 1039 ms
paired disabled512 master-vs-shared8 22 candidate 1012 ms
paired disabled512 master-vs-shared8 22 reference 1085 ms
paired disabled512 master-vs-shared8 23 reference 1098 ms
paired disabled512 master-vs-shared8 23 candidate 1030 ms
paired disabled512 owner-vs-shared8 23 candidate 1049 ms
paired disabled512 owner-vs-shared8 23 reference 1039 ms
paired disabled512 owner-vs-shared8 24 reference 997 ms
paired disabled512 owner-vs-shared8 24 candidate 1077 ms
paired disabled512 master-vs-shared8 24 candidate 1032 ms
paired disabled512 master-vs-shared8 24 reference 1036 ms
paired disabled512 master-vs-shared8 25 reference 1076 ms
paired disabled512 master-vs-shared8 25 candidate 1058 ms
paired disabled512 owner-vs-shared8 25 candidate 1064 ms
paired disabled512 owner-vs-shared8 25 reference 1120 ms
paired disabled512 owner-vs-shared8 26 reference 1024 ms
paired disabled512 owner-vs-shared8 26 candidate 1045 ms
paired disabled512 master-vs-shared8 26 candidate 1052 ms
paired disabled512 master-vs-shared8 26 reference 1019 ms
paired disabled512 master-vs-shared8 27 reference 1077 ms
paired disabled512 master-vs-shared8 27 candidate 1085 ms
paired disabled512 owner-vs-shared8 27 candidate 1086 ms
paired disabled512 owner-vs-shared8 27 reference 1059 ms
paired disabled512 owner-vs-shared8 28 reference 1090 ms
paired disabled512 owner-vs-shared8 28 candidate 1104 ms
paired disabled512 master-vs-shared8 28 candidate 1125 ms
paired disabled512 master-vs-shared8 28 reference 1155 ms
paired disabled512 master-vs-shared8 29 reference 1165 ms
paired disabled512 master-vs-shared8 29 candidate 1135 ms
paired disabled512 owner-vs-shared8 29 candidate 1130 ms
paired disabled512 owner-vs-shared8 29 reference 1083 ms
paired sparse master-vs-shared8 10 candidate 99 ms
paired sparse master-vs-shared8 10 reference 93 ms
paired sparse master-vs-shared8 11 reference 100 ms
paired sparse master-vs-shared8 11 candidate 102 ms
paired sparse master-vs-shared8 12 candidate 111 ms
paired sparse master-vs-shared8 12 reference 107 ms
paired sparse master-vs-shared8 13 reference 104 ms
paired sparse master-vs-shared8 13 candidate 110 ms
paired sparse master-vs-shared8 14 candidate 108 ms
paired sparse master-vs-shared8 14 reference 99 ms
paired sparse master-vs-shared8 15 reference 95 ms
paired sparse master-vs-shared8 15 candidate 105 ms
paired sparse master-vs-shared8 16 candidate 105 ms
paired sparse master-vs-shared8 16 reference 100 ms
paired sparse master-vs-shared8 17 reference 98 ms
paired sparse master-vs-shared8 17 candidate 100 ms
paired sparse master-vs-shared8 18 candidate 97 ms
paired sparse master-vs-shared8 18 reference 105 ms
paired sparse master-vs-shared8 19 reference 104 ms
paired sparse master-vs-shared8 19 candidate 105 ms
paired sparse master-vs-shared8 20 candidate 99 ms
paired sparse master-vs-shared8 20 reference 113 ms
paired sparse master-vs-shared8 21 reference 104 ms
paired sparse master-vs-shared8 21 candidate 101 ms
paired sparse master-vs-shared8 22 candidate 108 ms
paired sparse master-vs-shared8 22 reference 102 ms
paired sparse master-vs-shared8 23 reference 100 ms
paired sparse master-vs-shared8 23 candidate 115 ms
paired sparse master-vs-shared8 24 candidate 104 ms
paired sparse master-vs-shared8 24 reference 113 ms
paired sparse master-vs-shared8 25 reference 98 ms
paired sparse master-vs-shared8 25 candidate 101 ms
paired sparse master-vs-shared8 26 candidate 107 ms
paired sparse master-vs-shared8 26 reference 112 ms
paired sparse master-vs-shared8 27 reference 113 ms
paired sparse master-vs-shared8 27 candidate 105 ms
paired sparse master-vs-shared8 28 candidate 111 ms
paired sparse master-vs-shared8 28 reference 96 ms
paired sparse master-vs-shared8 29 reference 94 ms
paired sparse master-vs-shared8 29 candidate 105 ms
paired saturated master-vs-shared8 10 candidate 576 ms
paired saturated master-vs-shared8 10 reference 555 ms
paired saturated master-vs-shared8 11 reference 549 ms
paired saturated master-vs-shared8 11 candidate 555 ms
paired saturated master-vs-shared8 12 candidate 566 ms
paired saturated master-vs-shared8 12 reference 554 ms
paired saturated master-vs-shared8 13 reference 574 ms
paired saturated master-vs-shared8 13 candidate 543 ms
paired saturated master-vs-shared8 14 candidate 553 ms
paired saturated master-vs-shared8 14 reference 592 ms
paired saturated master-vs-shared8 15 reference 555 ms
paired saturated master-vs-shared8 15 candidate 559 ms
paired saturated master-vs-shared8 16 candidate 558 ms
paired saturated master-vs-shared8 16 reference 541 ms
paired saturated master-vs-shared8 17 reference 533 ms
paired saturated master-vs-shared8 17 candidate 583 ms
paired saturated master-vs-shared8 18 candidate 573 ms
paired saturated master-vs-shared8 18 reference 567 ms
paired saturated master-vs-shared8 19 reference 539 ms
paired saturated master-vs-shared8 19 candidate 563 ms
paired saturated master-vs-shared8 20 candidate 575 ms
paired saturated master-vs-shared8 20 reference 552 ms
paired saturated master-vs-shared8 21 reference 603 ms
paired saturated master-vs-shared8 21 candidate 549 ms
paired saturated master-vs-shared8 22 candidate 587 ms
paired saturated master-vs-shared8 22 reference 551 ms
paired saturated master-vs-shared8 23 reference 573 ms
paired saturated master-vs-shared8 23 candidate 577 ms
paired saturated master-vs-shared8 24 candidate 578 ms
paired saturated master-vs-shared8 24 reference 579 ms
paired saturated master-vs-shared8 25 reference 610 ms
paired saturated master-vs-shared8 25 candidate 586 ms
paired saturated master-vs-shared8 26 candidate 603 ms
paired saturated master-vs-shared8 26 reference 574 ms
paired saturated master-vs-shared8 27 reference 606 ms
paired saturated master-vs-shared8 27 candidate 594 ms
paired saturated master-vs-shared8 28 candidate 591 ms
paired saturated master-vs-shared8 28 reference 615 ms
paired saturated master-vs-shared8 29 reference 583 ms
paired saturated master-vs-shared8 29 candidate 632 ms
