paired dense master-vs-shared8 -1 reference 545 ms
paired dense master-vs-shared8 -1 candidate 559 ms
paired dense owner-vs-shared8 -1 candidate 595 ms
paired dense owner-vs-shared8 -1 reference 586 ms
paired dense owner-vs-shared8 0 reference 582 ms
paired dense owner-vs-shared8 0 candidate 588 ms
paired dense master-vs-shared8 0 candidate 600 ms
paired dense master-vs-shared8 0 reference 593 ms
paired dense master-vs-shared8 1 reference 616 ms
paired dense master-vs-shared8 1 candidate 598 ms
paired dense owner-vs-shared8 1 candidate 620 ms
paired dense owner-vs-shared8 1 reference 595 ms
paired dense owner-vs-shared8 2 reference 587 ms
paired dense owner-vs-shared8 2 candidate 600 ms
paired dense master-vs-shared8 2 candidate 613 ms
paired dense master-vs-shared8 2 reference 627 ms
paired dense master-vs-shared8 3 reference 606 ms
paired dense master-vs-shared8 3 candidate 612 ms
paired dense owner-vs-shared8 3 candidate 608 ms
paired dense owner-vs-shared8 3 reference 574 ms
paired dense owner-vs-shared8 4 reference 594 ms
paired dense owner-vs-shared8 4 candidate 574 ms
paired dense master-vs-shared8 4 candidate 576 ms
paired dense master-vs-shared8 4 reference 570 ms
paired dense master-vs-shared8 5 reference 599 ms
paired dense master-vs-shared8 5 candidate 553 ms
paired dense owner-vs-shared8 5 candidate 548 ms
paired dense owner-vs-shared8 5 reference 536 ms
paired dense owner-vs-shared8 6 reference 515 ms
paired dense owner-vs-shared8 6 candidate 532 ms
paired dense master-vs-shared8 6 candidate 521 ms
paired dense master-vs-shared8 6 reference 520 ms
paired dense master-vs-shared8 7 reference 540 ms
paired dense master-vs-shared8 7 candidate 525 ms
paired dense owner-vs-shared8 7 candidate 517 ms
paired dense owner-vs-shared8 7 reference 493 ms
paired dense owner-vs-shared8 8 reference 523 ms
paired dense owner-vs-shared8 8 candidate 522 ms
paired dense master-vs-shared8 8 candidate 517 ms
paired dense master-vs-shared8 8 reference 519 ms
paired dense master-vs-shared8 9 reference 560 ms
paired dense master-vs-shared8 9 candidate 522 ms
paired dense owner-vs-shared8 9 candidate 529 ms
paired dense owner-vs-shared8 9 reference 517 ms
paired multi master-vs-shared8 -1 reference 5357 ms
paired multi master-vs-shared8 -1 candidate 3785 ms
paired multi owner-vs-shared8 -1 candidate 3637 ms
paired multi owner-vs-shared8 -1 reference 4228 ms
paired multi owner-vs-shared8 0 reference 4926 ms
paired multi owner-vs-shared8 0 candidate 5979 ms
paired multi master-vs-shared8 0 candidate 5195 ms
paired multi master-vs-shared8 0 reference 7277 ms
paired multi master-vs-shared8 1 reference 6558 ms
paired multi master-vs-shared8 1 candidate 4178 ms
paired multi owner-vs-shared8 1 candidate 4694 ms
paired multi owner-vs-shared8 1 reference 4590 ms
paired multi owner-vs-shared8 2 reference 4653 ms
paired multi owner-vs-shared8 2 candidate 4842 ms
paired multi master-vs-shared8 2 candidate 4127 ms
paired multi master-vs-shared8 2 reference 6367 ms
paired multi master-vs-shared8 3 reference 5917 ms
paired multi master-vs-shared8 3 candidate 4228 ms
paired multi owner-vs-shared8 3 candidate 4619 ms
paired multi owner-vs-shared8 3 reference 4744 ms
paired multi owner-vs-shared8 4 reference 4494 ms
paired multi owner-vs-shared8 4 candidate 3773 ms
paired multi master-vs-shared8 4 candidate 4054 ms
paired multi master-vs-shared8 4 reference 6065 ms
paired multi master-vs-shared8 5 reference 6155 ms
paired multi master-vs-shared8 5 candidate 3576 ms
paired multi owner-vs-shared8 5 candidate 4103 ms
paired multi owner-vs-shared8 5 reference 4248 ms
paired multi owner-vs-shared8 6 reference 4488 ms
paired multi owner-vs-shared8 6 candidate 4924 ms
paired multi master-vs-shared8 6 candidate 4460 ms
paired multi master-vs-shared8 6 reference 6900 ms
paired multi master-vs-shared8 7 reference 7879 ms
paired multi master-vs-shared8 7 candidate 5645 ms
paired multi owner-vs-shared8 7 candidate 5032 ms
paired multi owner-vs-shared8 7 reference 5960 ms
paired multi owner-vs-shared8 8 reference 5444 ms
paired multi owner-vs-shared8 8 candidate 4773 ms
paired multi master-vs-shared8 8 candidate 4345 ms
paired multi master-vs-shared8 8 reference 5285 ms
paired multi master-vs-shared8 9 reference 6001 ms
paired multi master-vs-shared8 9 candidate 4270 ms
paired multi owner-vs-shared8 9 candidate 4902 ms
paired multi owner-vs-shared8 9 reference 4497 ms
paired ai512 master-vs-shared8 -1 reference 1263 ms
paired ai512 master-vs-shared8 -1 candidate 1274 ms
paired ai512 owner-vs-shared8 -1 candidate 1269 ms
paired ai512 owner-vs-shared8 -1 reference 1297 ms
paired ai512 owner-vs-shared8 0 reference 1305 ms
paired ai512 owner-vs-shared8 0 candidate 1354 ms
paired ai512 master-vs-shared8 0 candidate 1271 ms
paired ai512 master-vs-shared8 0 reference 1264 ms
paired ai512 master-vs-shared8 1 reference 1290 ms
paired ai512 master-vs-shared8 1 candidate 1271 ms
paired ai512 owner-vs-shared8 1 candidate 1275 ms
paired ai512 owner-vs-shared8 1 reference 1287 ms
paired ai512 owner-vs-shared8 2 reference 1286 ms
paired ai512 owner-vs-shared8 2 candidate 1298 ms
paired ai512 master-vs-shared8 2 candidate 1300 ms
paired ai512 master-vs-shared8 2 reference 1247 ms
paired ai512 master-vs-shared8 3 reference 1290 ms
paired ai512 master-vs-shared8 3 candidate 1247 ms
paired ai512 owner-vs-shared8 3 candidate 1368 ms
paired ai512 owner-vs-shared8 3 reference 1382 ms
paired ai512 owner-vs-shared8 4 reference 1450 ms
paired ai512 owner-vs-shared8 4 candidate 1488 ms
paired ai512 master-vs-shared8 4 candidate 1483 ms
paired ai512 master-vs-shared8 4 reference 1461 ms
paired ai512 master-vs-shared8 5 reference 1452 ms
paired ai512 master-vs-shared8 5 candidate 1461 ms
paired ai512 owner-vs-shared8 5 candidate 1479 ms
paired ai512 owner-vs-shared8 5 reference 1425 ms
paired ai512 owner-vs-shared8 6 reference 1291 ms
paired ai512 owner-vs-shared8 6 candidate 1334 ms
paired ai512 master-vs-shared8 6 candidate 1336 ms
paired ai512 master-vs-shared8 6 reference 1308 ms
paired ai512 master-vs-shared8 7 reference 1264 ms
paired ai512 master-vs-shared8 7 candidate 1265 ms
paired ai512 owner-vs-shared8 7 candidate 1293 ms
paired ai512 owner-vs-shared8 7 reference 1303 ms
paired ai512 owner-vs-shared8 8 reference 1335 ms
paired ai512 owner-vs-shared8 8 candidate 1296 ms
paired ai512 master-vs-shared8 8 candidate 1332 ms
paired ai512 master-vs-shared8 8 reference 1240 ms
paired ai512 master-vs-shared8 9 reference 1252 ms
paired ai512 master-vs-shared8 9 candidate 1269 ms
paired ai512 owner-vs-shared8 9 candidate 1282 ms
paired ai512 owner-vs-shared8 9 reference 1299 ms
paired disabled512 master-vs-shared8 -1 reference 1025 ms
paired disabled512 master-vs-shared8 -1 candidate 1051 ms
paired disabled512 owner-vs-shared8 -1 candidate 1033 ms
paired disabled512 owner-vs-shared8 -1 reference 1073 ms
paired disabled512 owner-vs-shared8 0 reference 1068 ms
paired disabled512 owner-vs-shared8 0 candidate 1096 ms
paired disabled512 master-vs-shared8 0 candidate 1066 ms
paired disabled512 master-vs-shared8 0 reference 1085 ms
paired disabled512 master-vs-shared8 1 reference 1031 ms
paired disabled512 master-vs-shared8 1 candidate 1034 ms
paired disabled512 owner-vs-shared8 1 candidate 1025 ms
paired disabled512 owner-vs-shared8 1 reference 1024 ms
paired disabled512 owner-vs-shared8 2 reference 1059 ms
paired disabled512 owner-vs-shared8 2 candidate 1088 ms
paired disabled512 master-vs-shared8 2 candidate 1062 ms
paired disabled512 master-vs-shared8 2 reference 1063 ms
paired disabled512 master-vs-shared8 3 reference 1086 ms
paired disabled512 master-vs-shared8 3 candidate 1039 ms
paired disabled512 owner-vs-shared8 3 candidate 1032 ms
paired disabled512 owner-vs-shared8 3 reference 1028 ms
paired disabled512 owner-vs-shared8 4 reference 1080 ms
paired disabled512 owner-vs-shared8 4 candidate 1052 ms
paired disabled512 master-vs-shared8 4 candidate 1083 ms
paired disabled512 master-vs-shared8 4 reference 1099 ms
paired disabled512 master-vs-shared8 5 reference 1091 ms
paired disabled512 master-vs-shared8 5 candidate 1101 ms
paired disabled512 owner-vs-shared8 5 candidate 1164 ms
paired disabled512 owner-vs-shared8 5 reference 1174 ms
paired disabled512 owner-vs-shared8 6 reference 1136 ms
paired disabled512 owner-vs-shared8 6 candidate 1094 ms
paired disabled512 master-vs-shared8 6 candidate 1157 ms
paired disabled512 master-vs-shared8 6 reference 1112 ms
paired disabled512 master-vs-shared8 7 reference 1165 ms
paired disabled512 master-vs-shared8 7 candidate 1107 ms
paired disabled512 owner-vs-shared8 7 candidate 1163 ms
paired disabled512 owner-vs-shared8 7 reference 1218 ms
paired disabled512 owner-vs-shared8 8 reference 1157 ms
paired disabled512 owner-vs-shared8 8 candidate 1147 ms
paired disabled512 master-vs-shared8 8 candidate 1078 ms
paired disabled512 master-vs-shared8 8 reference 1146 ms
paired disabled512 master-vs-shared8 9 reference 1166 ms
paired disabled512 master-vs-shared8 9 candidate 1141 ms
paired disabled512 owner-vs-shared8 9 candidate 1156 ms
paired disabled512 owner-vs-shared8 9 reference 1198 ms
paired sparse master-vs-shared8 -1 reference 108 ms
paired sparse master-vs-shared8 -1 candidate 119 ms
paired sparse master-vs-shared8 0 candidate 111 ms
paired sparse master-vs-shared8 0 reference 109 ms
paired sparse master-vs-shared8 1 reference 117 ms
paired sparse master-vs-shared8 1 candidate 107 ms
paired sparse master-vs-shared8 2 candidate 109 ms
paired sparse master-vs-shared8 2 reference 106 ms
paired sparse master-vs-shared8 3 reference 108 ms
paired sparse master-vs-shared8 3 candidate 121 ms
paired sparse master-vs-shared8 4 candidate 106 ms
paired sparse master-vs-shared8 4 reference 107 ms
paired sparse master-vs-shared8 5 reference 99 ms
paired sparse master-vs-shared8 5 candidate 108 ms
paired sparse master-vs-shared8 6 candidate 110 ms
paired sparse master-vs-shared8 6 reference 102 ms
paired sparse master-vs-shared8 7 reference 107 ms
paired sparse master-vs-shared8 7 candidate 97 ms
paired sparse master-vs-shared8 8 candidate 108 ms
paired sparse master-vs-shared8 8 reference 114 ms
paired sparse master-vs-shared8 9 reference 102 ms
paired sparse master-vs-shared8 9 candidate 105 ms
paired saturated master-vs-shared8 -1 reference 628 ms
paired saturated master-vs-shared8 -1 candidate 598 ms
paired saturated master-vs-shared8 0 candidate 584 ms
paired saturated master-vs-shared8 0 reference 570 ms
paired saturated master-vs-shared8 1 reference 604 ms
paired saturated master-vs-shared8 1 candidate 556 ms
paired saturated master-vs-shared8 2 candidate 541 ms
paired saturated master-vs-shared8 2 reference 546 ms
paired saturated master-vs-shared8 3 reference 526 ms
paired saturated master-vs-shared8 3 candidate 526 ms
paired saturated master-vs-shared8 4 candidate 558 ms
paired saturated master-vs-shared8 4 reference 520 ms
paired saturated master-vs-shared8 5 reference 552 ms
paired saturated master-vs-shared8 5 candidate 557 ms
paired saturated master-vs-shared8 6 candidate 521 ms
paired saturated master-vs-shared8 6 reference 526 ms
paired saturated master-vs-shared8 7 reference 556 ms
paired saturated master-vs-shared8 7 candidate 539 ms
paired saturated master-vs-shared8 8 candidate 527 ms
paired saturated master-vs-shared8 8 reference 572 ms
paired saturated master-vs-shared8 9 reference 523 ms
paired saturated master-vs-shared8 9 candidate 551 ms
paired harvested master-vs-shared8 -1 reference 422 ms
paired harvested master-vs-shared8 -1 candidate 395 ms
paired harvested master-vs-shared8 0 candidate 395 ms
paired harvested master-vs-shared8 0 reference 425 ms
paired harvested master-vs-shared8 1 reference 428 ms
paired harvested master-vs-shared8 1 candidate 398 ms
paired harvested master-vs-shared8 2 candidate 403 ms
paired harvested master-vs-shared8 2 reference 420 ms
paired harvested master-vs-shared8 3 reference 419 ms
paired harvested master-vs-shared8 3 candidate 395 ms
paired harvested master-vs-shared8 4 candidate 399 ms
paired harvested master-vs-shared8 4 reference 416 ms
paired harvested master-vs-shared8 5 reference 417 ms
paired harvested master-vs-shared8 5 candidate 394 ms
paired harvested master-vs-shared8 6 candidate 395 ms
paired harvested master-vs-shared8 6 reference 420 ms
paired harvested master-vs-shared8 7 reference 416 ms
paired harvested master-vs-shared8 7 candidate 398 ms
paired harvested master-vs-shared8 8 candidate 396 ms
paired harvested master-vs-shared8 8 reference 418 ms
paired harvested master-vs-shared8 9 reference 425 ms
paired harvested master-vs-shared8 9 candidate 399 ms
paired fragmented master-vs-shared8 -1 reference 2887 ms
paired fragmented master-vs-shared8 -1 candidate 2653 ms
paired fragmented master-vs-shared8 0 candidate 2695 ms
paired fragmented master-vs-shared8 0 reference 2925 ms
paired fragmented master-vs-shared8 1 reference 3055 ms
paired fragmented master-vs-shared8 1 candidate 2668 ms
paired fragmented master-vs-shared8 2 candidate 2698 ms
paired fragmented master-vs-shared8 2 reference 2886 ms
paired fragmented master-vs-shared8 3 reference 3046 ms
paired fragmented master-vs-shared8 3 candidate 2930 ms
paired fragmented master-vs-shared8 4 candidate 2804 ms
paired fragmented master-vs-shared8 4 reference 2807 ms
paired fragmented master-vs-shared8 5 reference 2934 ms
paired fragmented master-vs-shared8 5 candidate 2724 ms
paired fragmented master-vs-shared8 6 candidate 2735 ms
paired fragmented master-vs-shared8 6 reference 2917 ms
paired fragmented master-vs-shared8 7 reference 2877 ms
paired fragmented master-vs-shared8 7 candidate 2731 ms
paired fragmented master-vs-shared8 8 candidate 2717 ms
paired fragmented master-vs-shared8 8 reference 2900 ms
paired fragmented master-vs-shared8 9 reference 2747 ms
paired fragmented master-vs-shared8 9 candidate 2676 ms
