src/map/generator/generators/ShatteredCoastGenerator.h:19:31: error: code should be clang-formatted [-Wclang-format-violations]
                return resourceType == WHEAT    ? wheat
                                            ^
src/map/generator/MapHomogen.cpp:17:12: error: code should be clang-formatted [-Wclang-format-violations]
        for (int y=0; y<h; y++)
                  ^
src/map/generator/MapHomogen.cpp:17:13: error: code should be clang-formatted [-Wclang-format-violations]
        for (int y=0; y<h; y++)
                   ^
src/map/generator/MapHomogen.cpp:17:17: error: code should be clang-formatted [-Wclang-format-violations]
        for (int y=0; y<h; y++)
                       ^
src/map/generator/MapHomogen.cpp:17:18: error: code should be clang-formatted [-Wclang-format-violations]
        for (int y=0; y<h; y++)
                        ^
src/map/generator/MapHomogen.cpp:18:13: error: code should be clang-formatted [-Wclang-format-violations]
                for (int x=0; x<w; x++)
                          ^
src/map/generator/MapHomogen.cpp:18:14: error: code should be clang-formatted [-Wclang-format-violations]
                for (int x=0; x<w; x++)
                           ^
src/map/generator/MapHomogen.cpp:18:18: error: code should be clang-formatted [-Wclang-format-violations]
                for (int x=0; x<w; x++)
                               ^
src/map/generator/MapHomogen.cpp:18:19: error: code should be clang-formatted [-Wclang-format-violations]
                for (int x=0; x<w; x++)
                                ^
src/map/generator/MapHomogen.cpp:19:14: error: code should be clang-formatted [-Wclang-format-violations]
                        undermap[y*w+x]=terrainType;
                                  ^
src/map/generator/MapHomogen.cpp:19:15: error: code should be clang-formatted [-Wclang-format-violations]
                        undermap[y*w+x]=terrainType;
                                   ^
src/map/generator/MapHomogen.cpp:19:16: error: code should be clang-formatted [-Wclang-format-violations]
                        undermap[y*w+x]=terrainType;
                                    ^
src/map/generator/MapHomogen.cpp:19:17: error: code should be clang-formatted [-Wclang-format-violations]
                        undermap[y*w+x]=terrainType;
                                     ^
src/map/generator/MapHomogen.cpp:19:19: error: code should be clang-formatted [-Wclang-format-violations]
                        undermap[y*w+x]=terrainType;
                                       ^
src/map/generator/MapHomogen.cpp:19:20: error: code should be clang-formatted [-Wclang-format-violations]
                        undermap[y*w+x]=terrainType;
                                        ^
src/map/generator/MapHomogen.cpp:26:12: error: code should be clang-formatted [-Wclang-format-violations]
        for (int y=0; y<h; y++)
                  ^
src/map/generator/MapHomogen.cpp:26:13: error: code should be clang-formatted [-Wclang-format-violations]
        for (int y=0; y<h; y++)
                   ^
src/map/generator/MapHomogen.cpp:26:17: error: code should be clang-formatted [-Wclang-format-violations]
        for (int y=0; y<h; y++)
                       ^
src/map/generator/MapHomogen.cpp:26:18: error: code should be clang-formatted [-Wclang-format-violations]
        for (int y=0; y<h; y++)
                        ^
src/map/generator/MapHomogen.cpp:27:13: error: code should be clang-formatted [-Wclang-format-violations]
                for (int x=0; x<w; x++)
                          ^
src/map/generator/MapHomogen.cpp:27:14: error: code should be clang-formatted [-Wclang-format-violations]
                for (int x=0; x<w; x++)
                           ^
src/map/generator/MapHomogen.cpp:27:18: error: code should be clang-formatted [-Wclang-format-violations]
                for (int x=0; x<w; x++)
                               ^
src/map/generator/MapHomogen.cpp:27:19: error: code should be clang-formatted [-Wclang-format-violations]
                for (int x=0; x<w; x++)
                                ^
src/map/generator/MapHomogen.cpp:29:10: error: code should be clang-formatted [-Wclang-format-violations]
                        int tt=(int)undermap[y*w+x];
                              ^
src/map/generator/MapHomogen.cpp:29:11: error: code should be clang-formatted [-Wclang-format-violations]
                        int tt=(int)undermap[y*w+x];
                               ^
src/map/generator/MapHomogen.cpp:29:26: error: code should be clang-formatted [-Wclang-format-violations]
                        int tt=(int)undermap[y*w+x];
                                              ^
src/map/generator/MapHomogen.cpp:29:27: error: code should be clang-formatted [-Wclang-format-violations]
                        int tt=(int)undermap[y*w+x];
                                               ^
src/map/generator/MapHomogen.cpp:29:28: error: code should be clang-formatted [-Wclang-format-violations]
                        int tt=(int)undermap[y*w+x];
                                                ^
src/map/generator/MapHomogen.cpp:29:29: error: code should be clang-formatted [-Wclang-format-violations]
                        int tt=(int)undermap[y*w+x];
                                                 ^
src/map/generator/MapHomogen.cpp:31:5: error: code should be clang-formatted [-Wclang-format-violations]
                        {
                         ^
src/map/generator/MapHomogen.cpp:32:62: error: code should be clang-formatted [-Wclang-format-violations]
                                case WATER: //the direct neighbours get checked for GRASS
                                                                                         ^
src/map/generator/MapHomogen.cpp:33:17: error: code should be clang-formatted [-Wclang-format-violations]
                                        for (int dy=-1; dy<=1; dy++)
                                                   ^
src/map/generator/MapHomogen.cpp:33:18: error: code should be clang-formatted [-Wclang-format-violations]
                                        for (int dy=-1; dy<=1; dy++)
                                                    ^
src/map/generator/MapHomogen.cpp:33:24: error: code should be clang-formatted [-Wclang-format-violations]
                                        for (int dy=-1; dy<=1; dy++)
                                                          ^
src/map/generator/MapHomogen.cpp:33:26: error: code should be clang-formatted [-Wclang-format-violations]
                                        for (int dy=-1; dy<=1; dy++)
                                                            ^
src/map/generator/MapHomogen.cpp:33:34: error: code should be clang-formatted [-Wclang-format-violations]
                                        for (int dy=-1; dy<=1; dy++)
                                                                    ^
src/map/generator/MapHomogen.cpp:34:18: error: code should be clang-formatted [-Wclang-format-violations]
                                                for (int dx=-1; dx<=1; dx++)
                                                           ^
src/map/generator/MapHomogen.cpp:34:19: error: code should be clang-formatted [-Wclang-format-violations]
                                                for (int dx=-1; dx<=1; dx++)
                                                            ^
src/map/generator/MapHomogen.cpp:34:25: error: code should be clang-formatted [-Wclang-format-violations]
                                                for (int dx=-1; dx<=1; dx++)
                                                                  ^
src/map/generator/MapHomogen.cpp:34:27: error: code should be clang-formatted [-Wclang-format-violations]
                                                for (int dx=-1; dx<=1; dx++)
                                                                    ^
src/map/generator/MapHomogen.cpp:34:35: error: code should be clang-formatted [-Wclang-format-violations]
                                                for (int dx=-1; dx<=1; dx++)
                                                                            ^
src/map/generator/MapHomogen.cpp:35:26: error: code should be clang-formatted [-Wclang-format-violations]
                                                        if (getUMTerrain(x+dx, y+dy)==GRASS)
                                                                          ^
src/map/generator/MapHomogen.cpp:35:27: error: code should be clang-formatted [-Wclang-format-violations]
                                                        if (getUMTerrain(x+dx, y+dy)==GRASS)
                                                                           ^
src/map/generator/MapHomogen.cpp:35:32: error: code should be clang-formatted [-Wclang-format-violations]
                                                        if (getUMTerrain(x+dx, y+dy)==GRASS)
                                                                                ^
src/map/generator/MapHomogen.cpp:35:33: error: code should be clang-formatted [-Wclang-format-violations]
                                                        if (getUMTerrain(x+dx, y+dy)==GRASS)
                                                                                 ^
src/map/generator/MapHomogen.cpp:35:36: error: code should be clang-formatted [-Wclang-format-violations]
                                                        if (getUMTerrain(x+dx, y+dy)==GRASS)
                                                                                    ^
src/map/generator/MapHomogen.cpp:35:38: error: code should be clang-formatted [-Wclang-format-violations]
                                                        if (getUMTerrain(x+dx, y+dy)==GRASS)
                                                                                      ^
src/map/generator/MapHomogen.cpp:35:44: error: code should be clang-formatted [-Wclang-format-violations]
                                                        if (getUMTerrain(x+dx, y+dy)==GRASS)
                                                                                            ^
src/map/generator/MapHomogen.cpp:36:19: error: code should be clang-formatted [-Wclang-format-violations]
                                                                undermap[y*w+x]=SAND;
                                                                          ^
src/map/generator/MapHomogen.cpp:36:20: error: code should be clang-formatted [-Wclang-format-violations]
                                                                undermap[y*w+x]=SAND;
                                                                           ^
src/map/generator/MapHomogen.cpp:36:21: error: code should be clang-formatted [-Wclang-format-violations]
                                                                undermap[y*w+x]=SAND;
                                                                            ^
src/map/generator/MapHomogen.cpp:36:22: error: code should be clang-formatted [-Wclang-format-violations]
                                                                undermap[y*w+x]=SAND;
                                                                             ^
src/map/generator/MapHomogen.cpp:36:24: error: code should be clang-formatted [-Wclang-format-violations]
                                                                undermap[y*w+x]=SAND;
                                                                               ^
src/map/generator/MapHomogen.cpp:36:25: error: code should be clang-formatted [-Wclang-format-violations]
                                                                undermap[y*w+x]=SAND;
                                                                                ^
src/map/generator/MapHomogen.cpp:36:30: error: code should be clang-formatted [-Wclang-format-violations]
                                                                undermap[y*w+x]=SAND;
                                                                                     ^
src/map/generator/MapHomogen.cpp:37:12: error: code should be clang-formatted [-Wclang-format-violations]
                                        break;
                                              ^
src/map/generator/MapHomogen.cpp:38:15: error: code should be clang-formatted [-Wclang-format-violations]
                                case SAND:
                                          ^
src/map/generator/MapHomogen.cpp:39:12: error: code should be clang-formatted [-Wclang-format-violations]
                                        break;
                                              ^
src/map/generator/MapHomogen.cpp:40:62: error: code should be clang-formatted [-Wclang-format-violations]
                                case GRASS: //the direct neighbours get checked for WATER
                                                                                         ^
src/map/generator/MapHomogen.cpp:41:17: error: code should be clang-formatted [-Wclang-format-violations]
                                        for (int dy=-1; dy<=1; dy++)
                                                   ^
src/map/generator/MapHomogen.cpp:41:18: error: code should be clang-formatted [-Wclang-format-violations]
                                        for (int dy=-1; dy<=1; dy++)
                                                    ^
src/map/generator/MapHomogen.cpp:41:24: error: code should be clang-formatted [-Wclang-format-violations]
                                        for (int dy=-1; dy<=1; dy++)
                                                          ^
src/map/generator/MapHomogen.cpp:41:26: error: code should be clang-formatted [-Wclang-format-violations]
                                        for (int dy=-1; dy<=1; dy++)
                                                            ^
src/map/generator/MapHomogen.cpp:41:34: error: code should be clang-formatted [-Wclang-format-violations]
                                        for (int dy=-1; dy<=1; dy++)
                                                                    ^
src/map/generator/MapHomogen.cpp:42:18: error: code should be clang-formatted [-Wclang-format-violations]
                                                for (int dx=-1; dx<=1; dx++)
                                                           ^
src/map/generator/MapHomogen.cpp:42:19: error: code should be clang-formatted [-Wclang-format-violations]
                                                for (int dx=-1; dx<=1; dx++)
                                                            ^
src/map/generator/MapHomogen.cpp:42:25: error: code should be clang-formatted [-Wclang-format-violations]
                                                for (int dx=-1; dx<=1; dx++)
                                                                  ^
src/map/generator/MapHomogen.cpp:42:27: error: code should be clang-formatted [-Wclang-format-violations]
                                                for (int dx=-1; dx<=1; dx++)
                                                                    ^
src/map/generator/MapHomogen.cpp:42:35: error: code should be clang-formatted [-Wclang-format-violations]
                                                for (int dx=-1; dx<=1; dx++)
                                                                            ^
src/map/generator/MapHomogen.cpp:43:26: error: code should be clang-formatted [-Wclang-format-violations]
                                                        if (getUMTerrain(x+dx, y+dy)==WATER)
                                                                          ^
src/map/generator/MapHomogen.cpp:43:27: error: code should be clang-formatted [-Wclang-format-violations]
                                                        if (getUMTerrain(x+dx, y+dy)==WATER)
                                                                           ^
src/map/generator/MapHomogen.cpp:43:32: error: code should be clang-formatted [-Wclang-format-violations]
                                                        if (getUMTerrain(x+dx, y+dy)==WATER)
                                                                                ^
src/map/generator/MapHomogen.cpp:43:33: error: code should be clang-formatted [-Wclang-format-violations]
                                                        if (getUMTerrain(x+dx, y+dy)==WATER)
                                                                                 ^
src/map/generator/MapHomogen.cpp:43:36: error: code should be clang-formatted [-Wclang-format-violations]
                                                        if (getUMTerrain(x+dx, y+dy)==WATER)
                                                                                    ^
src/map/generator/MapHomogen.cpp:43:38: error: code should be clang-formatted [-Wclang-format-violations]
                                                        if (getUMTerrain(x+dx, y+dy)==WATER)
                                                                                      ^
src/map/generator/MapHomogen.cpp:43:44: error: code should be clang-formatted [-Wclang-format-violations]
                                                        if (getUMTerrain(x+dx, y+dy)==WATER)
                                                                                            ^
src/map/generator/MapHomogen.cpp:44:19: error: code should be clang-formatted [-Wclang-format-violations]
                                                                undermap[y*w+x]=SAND;
                                                                          ^
src/map/generator/MapHomogen.cpp:44:20: error: code should be clang-formatted [-Wclang-format-violations]
                                                                undermap[y*w+x]=SAND;
                                                                           ^
src/map/generator/MapHomogen.cpp:44:21: error: code should be clang-formatted [-Wclang-format-violations]
                                                                undermap[y*w+x]=SAND;
                                                                            ^
src/map/generator/MapHomogen.cpp:44:22: error: code should be clang-formatted [-Wclang-format-violations]
                                                                undermap[y*w+x]=SAND;
                                                                             ^
src/map/generator/MapHomogen.cpp:44:24: error: code should be clang-formatted [-Wclang-format-violations]
                                                                undermap[y*w+x]=SAND;
                                                                               ^
src/map/generator/MapHomogen.cpp:44:25: error: code should be clang-formatted [-Wclang-format-violations]
                                                                undermap[y*w+x]=SAND;
                                                                                ^
src/map/generator/MapHomogen.cpp:44:30: error: code should be clang-formatted [-Wclang-format-violations]
                                                                undermap[y*w+x]=SAND;
                                                                                     ^
src/map/generator/MapHomogen.cpp:62:12: error: code should be clang-formatted [-Wclang-format-violations]
        for (int s=0; s<times; s++)
                  ^
src/map/generator/MapHomogen.cpp:62:13: error: code should be clang-formatted [-Wclang-format-violations]
        for (int s=0; s<times; s++)
                   ^
src/map/generator/MapHomogen.cpp:62:17: error: code should be clang-formatted [-Wclang-format-violations]
        for (int s=0; s<times; s++)
                       ^
src/map/generator/MapHomogen.cpp:62:18: error: code should be clang-formatted [-Wclang-format-violations]
        for (int s=0; s<times; s++)
                        ^
src/map/generator/MapHomogen.cpp:63:13: error: code should be clang-formatted [-Wclang-format-violations]
                for (int y=0; y<h; y++)
                          ^
src/map/generator/MapHomogen.cpp:63:14: error: code should be clang-formatted [-Wclang-format-violations]
                for (int y=0; y<h; y++)
                           ^
src/map/generator/MapHomogen.cpp:63:18: error: code should be clang-formatted [-Wclang-format-violations]
                for (int y=0; y<h; y++)
                               ^
src/map/generator/MapHomogen.cpp:63:19: error: code should be clang-formatted [-Wclang-format-violations]
                for (int y=0; y<h; y++)
                                ^
src/map/generator/MapHomogen.cpp:64:14: error: code should be clang-formatted [-Wclang-format-violations]
                        for (int x=0; x<w; x++)
                                  ^
src/map/generator/MapHomogen.cpp:64:15: error: code should be clang-formatted [-Wclang-format-violations]
                        for (int x=0; x<w; x++)
                                   ^
src/map/generator/MapHomogen.cpp:64:19: error: code should be clang-formatted [-Wclang-format-violations]
                        for (int x=0; x<w; x++)
                                       ^
src/map/generator/MapHomogen.cpp:64:20: error: code should be clang-formatted [-Wclang-format-violations]
                        for (int x=0; x<w; x++)
                                        ^
src/map/generator/MapHomogen.cpp:66:16: error: code should be clang-formatted [-Wclang-format-violations]
                                Resource &r=tiles[coordToIndex(x, y)].resource;
                                           ^
src/map/generator/MapHomogen.cpp:66:17: error: code should be clang-formatted [-Wclang-format-violations]
                                Resource &r=tiles[coordToIndex(x, y)].resource;
                                            ^
src/map/generator/MapHomogen.cpp:67:15: error: code should be clang-formatted [-Wclang-format-violations]
                                if (r.type!=WOOD && r.type!=WHEAT && r.type!=STONE && r.type!=ALGA)
                                          ^
src/map/generator/MapHomogen.cpp:67:17: error: code should be clang-formatted [-Wclang-format-violations]
                                if (r.type!=WOOD && r.type!=WHEAT && r.type!=STONE && r.type!=ALGA)
                                            ^
src/map/generator/MapHomogen.cpp:67:31: error: code should be clang-formatted [-Wclang-format-violations]
                                if (r.type!=WOOD && r.type!=WHEAT && r.type!=STONE && r.type!=ALGA)
                                                          ^
src/map/generator/MapHomogen.cpp:67:33: error: code should be clang-formatted [-Wclang-format-violations]
                                if (r.type!=WOOD && r.type!=WHEAT && r.type!=STONE && r.type!=ALGA)
                                                            ^
src/map/generator/MapHomogen.cpp:67:48: error: code should be clang-formatted [-Wclang-format-violations]
                                if (r.type!=WOOD && r.type!=WHEAT && r.type!=STONE && r.type!=ALGA)
                                                                           ^
src/map/generator/MapHomogen.cpp:67:50: error: code should be clang-formatted [-Wclang-format-violations]
                                if (r.type!=WOOD && r.type!=WHEAT && r.type!=STONE && r.type!=ALGA)
                                                                             ^
src/map/generator/MapHomogen.cpp:67:65: error: code should be clang-formatted [-Wclang-format-violations]
                                if (r.type!=WOOD && r.type!=WHEAT && r.type!=STONE && r.type!=ALGA)
                                                                                            ^
src/map/generator/MapHomogen.cpp:67:67: error: code should be clang-formatted [-Wclang-format-violations]
                                if (r.type!=WOOD && r.type!=WHEAT && r.type!=STONE && r.type!=ALGA)
                                                                                              ^
src/map/generator/MapHomogen.cpp:69:21: error: code should be clang-formatted [-Wclang-format-violations]
                                if (!(syncRand()&4))
                                                ^
src/map/generator/MapHomogen.cpp:69:22: error: code should be clang-formatted [-Wclang-format-violations]
                                if (!(syncRand()&4))
                                                 ^
src/map/generator/MapHomogen.cpp:71:27: error: code should be clang-formatted [-Wclang-format-violations]
                                const ResourceType *rt=globalContainer->resourcesTypes.get(r.type);
                                                      ^
src/map/generator/MapHomogen.cpp:71:28: error: code should be clang-formatted [-Wclang-format-violations]
                                const ResourceType *rt=globalContainer->resourcesTypes.get(r.type);
                                                       ^
src/map/generator/MapHomogen.cpp:72:22: error: code should be clang-formatted [-Wclang-format-violations]
                                if (int(r.amount)-RESOURCE_INITIAL_AMOUNT<=int(syncRand()&3))
                                                 ^
src/map/generator/MapHomogen.cpp:72:23: error: code should be clang-formatted [-Wclang-format-violations]
                                if (int(r.amount)-RESOURCE_INITIAL_AMOUNT<=int(syncRand()&3))
                                                  ^
src/map/generator/MapHomogen.cpp:72:46: error: code should be clang-formatted [-Wclang-format-violations]
                                if (int(r.amount)-RESOURCE_INITIAL_AMOUNT<=int(syncRand()&3))
                                                                         ^
src/map/generator/MapHomogen.cpp:72:48: error: code should be clang-formatted [-Wclang-format-violations]
                                if (int(r.amount)-RESOURCE_INITIAL_AMOUNT<=int(syncRand()&3))
                                                                           ^
src/map/generator/MapHomogen.cpp:72:62: error: code should be clang-formatted [-Wclang-format-violations]
                                if (int(r.amount)-RESOURCE_INITIAL_AMOUNT<=int(syncRand()&3))
                                                                                         ^
src/map/generator/MapHomogen.cpp:72:63: error: code should be clang-formatted [-Wclang-format-violations]
                                if (int(r.amount)-RESOURCE_INITIAL_AMOUNT<=int(syncRand()&3))
                                                                                          ^
src/map/generator/MapHomogen.cpp:74:18: error: code should be clang-formatted [-Wclang-format-violations]
                                        if (r.amount<rt->sizesCount)
                                                    ^
src/map/generator/MapHomogen.cpp:74:19: error: code should be clang-formatted [-Wclang-format-violations]
                                        if (r.amount<rt->sizesCount)
                                                     ^
src/map/generator/MapHomogen.cpp:80:40: error: code should be clang-formatted [-Wclang-format-violations]
                                        Unit::dxDyFromDirection(syncRand()&7, &dx, &dy);
                                                                          ^
src/map/generator/MapHomogen.cpp:80:41: error: code should be clang-formatted [-Wclang-format-violations]
                                        Unit::dxDyFromDirection(syncRand()&7, &dx, &dy);
                                                                           ^
src/map/generator/MapHomogen.cpp:81:18: error: code should be clang-formatted [-Wclang-format-violations]
                                        const int nx=normalizeX(x+dx), ny=normalizeY(y+dy);
                                                    ^
src/map/generator/MapHomogen.cpp:81:19: error: code should be clang-formatted [-Wclang-format-violations]
                                        const int nx=normalizeX(x+dx), ny=normalizeY(y+dy);
                                                     ^
src/map/generator/MapHomogen.cpp:81:31: error: code should be clang-formatted [-Wclang-format-violations]
                                        const int nx=normalizeX(x+dx), ny=normalizeY(y+dy);
                                                                 ^
src/map/generator/MapHomogen.cpp:81:32: error: code should be clang-formatted [-Wclang-format-violations]
                                        const int nx=normalizeX(x+dx), ny=normalizeY(y+dy);
                                                                  ^
src/map/generator/MapHomogen.cpp:81:39: error: code should be clang-formatted [-Wclang-format-violations]
                                        const int nx=normalizeX(x+dx), ny=normalizeY(y+dy);
                                                                         ^
src/map/generator/MapHomogen.cpp:81:40: error: code should be clang-formatted [-Wclang-format-violations]
                                        const int nx=normalizeX(x+dx), ny=normalizeY(y+dy);
                                                                          ^
src/map/generator/MapHomogen.cpp:81:52: error: code should be clang-formatted [-Wclang-format-violations]
                                        const int nx=normalizeX(x+dx), ny=normalizeY(y+dy);
                                                                                      ^
src/map/generator/MapHomogen.cpp:81:53: error: code should be clang-formatted [-Wclang-format-violations]
                                        const int nx=normalizeX(x+dx), ny=normalizeY(y+dy);
                                                                                       ^
src/map/generator/MapHomogen.cpp:82:34: error: code should be clang-formatted [-Wclang-format-violations]
                                        if (getResource(nx, ny).type==NO_RES_TYPE && isResourceAllowed(nx, ny, r.type))
                                                                    ^
src/map/generator/MapHomogen.cpp:82:36: error: code should be clang-formatted [-Wclang-format-violations]
                                        if (getResource(nx, ny).type==NO_RES_TYPE && isResourceAllowed(nx, ny, r.type))
                                                                      ^
src/map/generator/MapHomogen.cpp:82:50: error: code should be clang-formatted [-Wclang-format-violations]
                                        if (getResource(nx, ny).type==NO_RES_TYPE && isResourceAllowed(nx, ny, r.type))
                                                                                    ^
src/map/generator/MapHomogen.cpp:84:23: error: code should be clang-formatted [-Wclang-format-violations]
                                                Resource &sprout=tiles[coordToIndex(nx, ny)].resource;
                                                                ^
src/map/generator/MapHomogen.cpp:84:24: error: code should be clang-formatted [-Wclang-format-violations]
                                                Resource &sprout=tiles[coordToIndex(nx, ny)].resource;
                                                                 ^
src/map/generator/MapHomogen.cpp:85:18: error: code should be clang-formatted [-Wclang-format-violations]
                                                sprout.type=r.type;
                                                           ^
src/map/generator/MapHomogen.cpp:85:19: error: code should be clang-formatted [-Wclang-format-violations]
                                                sprout.type=r.type;
                                                            ^
src/map/generator/MapHomogen.cpp:86:21: error: code should be clang-formatted [-Wclang-format-violations]
                                                sprout.variety=syncRand()%rt->varietiesCount;
                                                              ^
src/map/generator/MapHomogen.cpp:86:22: error: code should be clang-formatted [-Wclang-format-violations]
                                                sprout.variety=syncRand()%rt->varietiesCount;
                                                               ^
src/map/generator/MapHomogen.cpp:86:32: error: code should be clang-formatted [-Wclang-format-violations]
                                                sprout.variety=syncRand()%rt->varietiesCount;
                                                                         ^
src/map/generator/MapHomogen.cpp:86:33: error: code should be clang-formatted [-Wclang-format-violations]
                                                sprout.variety=syncRand()%rt->varietiesCount;
                                                                          ^
src/map/generator/MapHomogen.cpp:87:20: error: code should be clang-formatted [-Wclang-format-violations]
                                                sprout.amount=RESOURCE_INITIAL_AMOUNT;
                                                             ^
src/map/generator/MapHomogen.cpp:87:21: error: code should be clang-formatted [-Wclang-format-violations]
                                                sprout.amount=RESOURCE_INITIAL_AMOUNT;
                                                              ^
src/map/generator/MapHomogen.cpp:88:23: error: code should be clang-formatted [-Wclang-format-violations]
                                                sprout.animation=0;
                                                                ^
src/map/generator/MapHomogen.cpp:88:24: error: code should be clang-formatted [-Wclang-format-violations]
                                                sprout.animation=0;
                                                                 ^
src/map/generator/shared/Geometry.h:66:55: error: code should be clang-formatted [-Wclang-format-violations]
                return {dx * std::cos(angle) + dy * std::sin(angle), -dx * std::sin(angle) + dy * std::cos(angle)};
                                                                    ^
src/map/generator/shared/Walls.cpp:38:71: error: code should be clang-formatted [-Wclang-format-violations]
std::vector<unsigned char> seaVertices(const Map &map, const Torus &t, const std::vector<unsigned char> &lakes)
                                                                      ^
src/map/generator/shared/Walls.cpp:105:88: error: code should be clang-formatted [-Wclang-format-violations]
std::vector<unsigned char> labelBorders(const Torus &t, const std::vector<int> &labels, int thickness)
                                                                                       ^
src/map/generator/shared/Walls.cpp:170:12: error: code should be clang-formatted [-Wclang-format-violations]
                open[i] = !shut[i] && !map.isWater(i % t.w, i / t.w) &&
                         ^
src/map/generator/shared/Walls.cpp:170:58: error: code should be clang-formatted [-Wclang-format-violations]
                open[i] = !shut[i] && !map.isWater(i % t.w, i / t.w) &&
                                                                       ^
src/map/generator/shared/GraphMaze.cpp:106:39: error: code should be clang-formatted [-Wclang-format-violations]
                        nearest[cell] = pockets.size() == 1 ? g.distance2(cell, chosen)
                                                           ^
src/map/generator/shared/GraphMaze.cpp:106:67: error: code should be clang-formatted [-Wclang-format-violations]
                        nearest[cell] = pockets.size() == 1 ? g.distance2(cell, chosen)
                                                                                       ^
src/map/generator/shared/Tessellation.cpp:149:79: error: code should be clang-formatted [-Wclang-format-violations]
                        cell.cornerShifts = {shift(c + 1, r), shift(c + 1, r + 1), shift(c, r + 1), shift(c, r)};
                                                                                                   ^
src/map/generator/shared/Tessellation.cpp:157:21: error: code should be clang-formatted [-Wclang-format-violations]
                g.edges.push_back({{self, g.cellAt(cell.column + 1, cell.row)},
                                  ^
src/map/generator/shared/Tessellation.cpp:157:66: error: code should be clang-formatted [-Wclang-format-violations]
                g.edges.push_back({{self, g.cellAt(cell.column + 1, cell.row)},
                                                                               ^
src/map/generator/shared/Tessellation.cpp:159:21: error: code should be clang-formatted [-Wclang-format-violations]
                g.edges.push_back({{self, g.cellAt(cell.column, cell.row + 1)},
                                  ^
src/map/generator/shared/Tessellation.cpp:159:66: error: code should be clang-formatted [-Wclang-format-violations]
                g.edges.push_back({{self, g.cellAt(cell.column, cell.row + 1)},
                                                                               ^
src/map/generator/shared/Tessellation.cpp:200:33: error: code should be clang-formatted [-Wclang-format-violations]
                        cell.corners = {2 * self + 1,      2 * southEast,        2 * southWest + 1,
                                                     ^^^
src/map/generator/shared/Tessellation.cpp:200:51: error: code should be clang-formatted [-Wclang-format-violations]
                        cell.corners = {2 * self + 1,      2 * southEast,        2 * southWest + 1,
                                                                         ^^^^^^^
src/map/generator/shared/Tessellation.cpp:201:22: error: code should be clang-formatted [-Wclang-format-violations]
                                                        2 * southWest,     2 * west + 1,         2 * self};
                                                                      ^^
src/map/generator/shared/Tessellation.cpp:201:39: error: code should be clang-formatted [-Wclang-format-violations]
                                                        2 * southWest,     2 * west + 1,         2 * self};
                                                                                        ^^^^^^^^
src/map/generator/shared/Tessellation.cpp:206:37: error: code should be clang-formatted [-Wclang-format-violations]
                        cell.cornerShifts = {shift(c, r),                       shift(c + p, r + 1), shift(c + p - 1, r + 1),
                                                         ^^^^^^^
src/map/generator/shared/Tessellation.cpp:206:60: error: code should be clang-formatted [-Wclang-format-violations]
                        cell.cornerShifts = {shift(c, r),                       shift(c + p, r + 1), shift(c + p - 1, r + 1),
                                                                                                    ^
src/map/generator/shared/Tessellation.cpp:207:34: error: code should be clang-formatted [-Wclang-format-violations]
                                                                 shift(c + p - 1, r + 1), shift(c - 1, r),       shift(c, r)};
                                                                                         ^
src/map/generator/shared/Tessellation.cpp:207:51: error: code should be clang-formatted [-Wclang-format-violations]
                                                                 shift(c + p - 1, r + 1), shift(c - 1, r),       shift(c, r)};
                                                                                                          ^^^^^^
src/map/generator/shared/Tessellation.cpp:208:27: error: code should be clang-formatted [-Wclang-format-violations]
                        cell.edges = {3 * self,                 3 * self + 1,      3 * self + 2,
                                               ^
src/map/generator/shared/Tessellation.cpp:208:43: error: code should be clang-formatted [-Wclang-format-violations]
                        cell.edges = {3 * self,                 3 * self + 1,      3 * self + 2,
                                                                             ^^^
src/map/generator/shared/Tessellation.cpp:209:18: error: code should be clang-formatted [-Wclang-format-violations]
                                                  3 * west,                     3 * northWest + 1, 3 * northEast + 2};
                                                           ^^^^^
src/map/generator/shared/Tessellation.cpp:252:13: error: code should be clang-formatted [-Wclang-format-violations]
                                        least = std::min(least, lineDistance(points[k], points[e], points[(e + 1) % n]));
                                               ^
src/map/generator/shared/Drawing.h:254:92: error: code should be clang-formatted [-Wclang-format-violations]
Zigzag zigzagPath(const AxisFrame &, double start, double firstLeg, double pitch, int legs, double span,
                                                                                           ^
src/map/generator/shared/Drawing.h:254:105: error: code should be clang-formatted [-Wclang-format-violations]
Zigzag zigzagPath(const AxisFrame &, double start, double firstLeg, double pitch, int legs, double span,
                                                                                                        ^
src/map/generator/shared/Walls.h:22:65: error: code should be clang-formatted [-Wclang-format-violations]
std::vector<unsigned char> seaMargin(const Map &, const Torus &, const std::vector<unsigned char> &sea,
                                                                ^
src/map/generator/shared/Walls.h:27:67: error: code should be clang-formatted [-Wclang-format-violations]
std::vector<unsigned char> seaVertices(const Map &, const Torus &, const std::vector<unsigned char> &lakes);
                                                                  ^
src/map/generator/shared/Walls.h:65:87: error: code should be clang-formatted [-Wclang-format-violations]
std::vector<unsigned char> labelBorders(const Torus &, const std::vector<int> &labels, int thickness);
                                                                                      ^
src/map/generator/shared/Geometry.cpp:87:92: error: code should be clang-formatted [-Wclang-format-violations]
        stampShape(labels, width, height, label, ShapeTransform({double(x), double(y)}, 0), shape, true);
                                                                                                  ^
