TAP version 13
# Subtest: audio activation ignores missing, running and closed contexts
ok 1 - audio activation ignores missing, running and closed contexts
  ---
  duration_ms: 0.85025
  ...
# Subtest: closing audio during a pending resume does not reject the gesture handler
ok 2 - closing audio during a pending resume does not reject the gesture handler
  ---
  duration_ms: 0.109417
  ...
# Subtest: activation failures are reported and the next gesture can retry
ok 3 - activation failures are reported and the next gesture can retry
  ---
  duration_ms: 0.45675
  ...
# Subtest: only Firefox closed-resume rejection is suppressed after game exit
ok 4 - only Firefox closed-resume rejection is suppressed after game exit
  ---
  duration_ms: 0.173791
  ...
# Subtest: accepts selected bytes without treating the extension as format validation
ok 5 - accepts selected bytes without treating the extension as format validation
  ---
  duration_ms: 1.367542
  ...
# Subtest: rejects paths, control characters, unsupported extensions and oversized inputs before reading
ok 6 - rejects paths, control characters, unsupported extensions and oversized inputs before reading
  ---
  duration_ms: 0.701333
  ...
# Subtest: rejects changed sizes and read failures
ok 7 - rejects changed sizes and read failures
  ---
  duration_ms: 0.306959
  ...
# Subtest: cancellation and disposal cannot publish late file contents
ok 8 - cancellation and disposal cannot publish late file contents
  ---
  duration_ms: 0.194833
  ...
# Subtest: a second selection cannot replace an in-flight read
ok 9 - a second selection cannot replace an in-flight read
  ---
  duration_ms: 0.1555
  ...
# Subtest: picker uses accepted extensions and releases its input on cancellation
ok 10 - picker uses accepted extensions and releases its input on cancellation
  ---
  duration_ms: 2.8155
  ...
# Subtest: disposing an open picker ignores its late change event
ok 11 - disposing an open picker ignores its late change event
  ---
  duration_ms: 0.205208
  ...
# Subtest: accepts gzip containers only for supported map and save types
ok 12 - accepts gzip containers only for supported map and save types
  ---
  duration_ms: 1.711667
  ...
# Subtest: coalesces writes and acknowledges only the completed generation
ok 13 - coalesces writes and acknowledges only the completed generation
  ---
  duration_ms: 0.97625
  ...
# Subtest: quota failure is retained, rejects completion, and allows an explicit retry
ok 14 - quota failure is retained, rejects completion, and allows an explicit retry
  ---
  duration_ms: 0.276542
  ...
# Subtest: restore failure cannot overwrite existing storage
ok 15 - restore failure cannot overwrite existing storage
  ---
  duration_ms: 0.159667
  ...
# Subtest: synchronous adapter errors reject the operation
ok 16 - synchronous adapter errors reject the operation
  ---
  duration_ms: 0.097875
  ...
1..16
# tests 16
# suites 0
# pass 16
# fail 0
# cancelled 0
# skipped 0
# todo 0
# duration_ms 71.6855
