PASS preferences round trip, hidden slots, bounds and corrupt-file recovery
PASS preferences keep every generator option, and older files still load
PASS landscape picker Random order is a real shuffle drawn once per process run, Alphabetical stays stable
Landscape preview:  revision 0 seed 3848717078 [validation]: Unknown generator
Landscape preview:  revision 0 seed 2317516999 [validation]: Unknown generator
Landscape preview: Could not place every colony
PASS deferred viewport priority, reprioritization, stable seeds, yielding retries, restart/reroll
Landscape preview: Could not place every colony
PASS all 67 playable generator landscapes
PASS model: defaults, alliances, restoration, shared control, human movement, limits, presets
PASS generated snapshot round trip: all terrain, resources, and starts identical
PASS order routing: mode 0, every AI once, no duplicate polls
PASS save/load: human/shared
nox::game started
nox::gui.game.checkSum() = db5daceb
automaticEndingGame ended: 500 ticks, 0 minutes, 20 seconds
GLOB2_GAME_END ticks=500 winner_team=-1 seed=1790644257 map="Random test" orders=10 players=team0:local,team1:Numbi,team2:Numbi,team3:Numbi
nox::game started
nox::gui.game.checkSum() = 6936d879
automaticEndingGame ended: 250 ticks, 0 minutes, 10 seconds
GLOB2_GAME_END ticks=250 winner_team=-1 seed=1790644257 map="replayHeader" orders=0 players=team0:None,team1:None,team2:None,team3:None
PASS real match and replay playback: control 0 solo 0
PASS order routing: mode 2, every AI once, no duplicate polls
PASS save/load: human/shared
nox::game started
nox::gui.game.checkSum() = c09fb405
automaticEndingGame ended: 500 ticks, 0 minutes, 20 seconds
GLOB2_GAME_END ticks=500 winner_team=-1 seed=1790644258 map="Random test" orders=11 players=team0:local,team0:Numbi,team1:Numbi,team2:Numbi,team3:Numbi
nox::game started
nox::gui.game.checkSum() = 4cf4597d
automaticEndingGame ended: 250 ticks, 0 minutes, 10 seconds
GLOB2_GAME_END ticks=250 winner_team=-1 seed=1790644258 map="replayHeader" orders=0 players=team0:None,team0:None,team1:None,team2:None,team3:None
PASS real match and replay playback: control 2 solo 0
PASS order routing: mode 1, every AI once, no duplicate polls
PASS save/load: AI-only
nox::game started
nox::gui.game.checkSum() = 750e080a
automaticEndingGame ended: 500 ticks, 0 minutes, 20 seconds
GLOB2_GAME_END ticks=500 winner_team=-1 seed=1790644258 map="Random test" orders=11 players=team0:Numbi,team1:Numbi,team2:Numbi,team3:Numbi
nox::game started
nox::gui.game.checkSum() = 6d96f2fb
automaticEndingGame ended: 250 ticks, 0 minutes, 10 seconds
GLOB2_GAME_END ticks=250 winner_team=-1 seed=1790644258 map="replayHeader" orders=0 players=team0:None,team1:None,team2:None,team3:None
PASS real match and replay playback: control 1 solo 0
nox::game started
nox::gui.localTeam has won
automaticEndingGame ended: 2 ticks, 0 minutes, 0 seconds
GLOB2_GAME_END ticks=2 winner_team=0 seed=1790644259 map="FourSquares1" orders=0 players=team0:local
nox::game started
nox::gui.localTeam has won
automaticEndingGame ended: 2 ticks, 0 minutes, 0 seconds
GLOB2_GAME_END ticks=2 winner_team=0 seed=1790644259 map="replayHeader" orders=0 players=team0:None
PASS real match and replay playback: control 0 solo 1
nox::game started
nox::gui.game.checkSum() = 44131305
automaticEndingGame ended: 500 ticks, 0 minutes, 20 seconds
GLOB2_GAME_END ticks=500 winner_team=-1 seed=1790644259 map="sierpinski-gardens" orders=8 players=team0:Numbi,team1:Numbi,team2:Numbi,team3:Numbi
nox::game started
nox::gui.game.checkSum() = dbdfbcfa
automaticEndingGame ended: 250 ticks, 0 minutes, 10 seconds
GLOB2_GAME_END ticks=250 winner_team=-1 seed=1790644259 map="replayHeader" orders=0 players=team0:None,team1:None,team2:None,team3:None
PASS real match and replay playback: control 1 solo 0
PASS generated landscape replay: sierpinski-gardens
nox::game started
nox::gui.game.checkSum() = c5695cfb
automaticEndingGame ended: 500 ticks, 0 minutes, 20 seconds
GLOB2_GAME_END ticks=500 winner_team=-1 seed=1790644259 map="hilbert-river" orders=8 players=team0:Numbi,team1:Numbi,team2:Numbi,team3:Numbi
nox::game started
nox::gui.game.checkSum() = a8ea5cfb
automaticEndingGame ended: 250 ticks, 0 minutes, 10 seconds
GLOB2_GAME_END ticks=250 winner_team=-1 seed=1790644259 map="replayHeader" orders=0 players=team0:None,team1:None,team2:None,team3:None
PASS real match and replay playback: control 1 solo 0
PASS generated landscape replay: hilbert-river
nox::game started
nox::gui.game.checkSum() = 9a2d6fdb
automaticEndingGame ended: 500 ticks, 0 minutes, 20 seconds
GLOB2_GAME_END ticks=500 winner_team=-1 seed=1790644260 map="drowned-forest" orders=20 players=team0:Numbi,team1:Numbi,team2:Numbi,team3:Numbi
nox::game started
nox::gui.game.checkSum() = 43c20989
automaticEndingGame ended: 250 ticks, 0 minutes, 10 seconds
GLOB2_GAME_END ticks=250 winner_team=-1 seed=1790644260 map="replayHeader" orders=0 players=team0:None,team1:None,team2:None,team3:None
PASS real match and replay playback: control 1 solo 0
PASS generated landscape replay: drowned-forest
ALL CUSTOM SETUP TESTS PASSED
