sparse -1 d8t4-owner wall=0.505s cpu=0.618s
sparse -1 legacy-t4 wall=0.551s cpu=0.599s
sparse -1 d8t4-shared wall=0.517s cpu=0.616s
sparse 0 legacy-t4 wall=0.564s cpu=0.622s
sparse 0 d8t4-owner wall=0.439s cpu=0.532s
sparse 0 d8t4-shared wall=0.444s cpu=0.516s
sparse 1 legacy-t4 wall=0.514s cpu=0.600s
sparse 1 d8t4-shared wall=0.535s cpu=0.610s
sparse 1 d8t4-owner wall=0.539s cpu=0.647s
sparse 2 d8t4-shared wall=0.575s cpu=0.663s
sparse 2 legacy-t4 wall=0.524s cpu=0.616s
sparse 2 d8t4-owner wall=0.562s cpu=0.659s
sparse 3 d8t4-shared wall=0.643s cpu=0.689s
sparse 3 d8t4-owner wall=0.518s cpu=0.626s
sparse 3 legacy-t4 wall=0.537s cpu=0.660s
sparse 4 d8t4-owner wall=0.581s cpu=0.692s
sparse 4 d8t4-shared wall=0.596s cpu=0.654s
sparse 4 legacy-t4 wall=0.582s cpu=0.668s
sparse 5 d8t4-owner wall=0.485s cpu=0.580s
sparse 5 legacy-t4 wall=0.505s cpu=0.618s
sparse 5 d8t4-shared wall=0.527s cpu=0.645s
sparse 6 legacy-t4 wall=0.564s cpu=0.610s
sparse 6 d8t4-owner wall=0.635s cpu=0.703s
sparse 6 d8t4-shared wall=0.668s cpu=0.710s
sparse 7 legacy-t4 wall=0.604s cpu=0.657s
sparse 7 d8t4-shared wall=0.535s cpu=0.659s
sparse 7 d8t4-owner wall=0.508s cpu=0.615s
sparse 8 d8t4-shared wall=0.486s cpu=0.577s
sparse 8 legacy-t4 wall=0.536s cpu=0.634s
sparse 8 d8t4-owner wall=0.491s cpu=0.591s
sparse 9 d8t4-shared wall=0.400s cpu=0.503s
sparse 9 d8t4-owner wall=0.694s cpu=0.776s
sparse 9 legacy-t4 wall=0.576s cpu=0.664s
dense -1 d8t4-owner wall=0.910s cpu=1.403s
dense -1 legacy-t4 wall=0.887s cpu=1.424s
dense -1 d8t4-shared wall=0.997s cpu=1.525s
dense 0 legacy-t4 wall=0.947s cpu=1.395s
dense 0 d8t4-owner wall=0.851s cpu=1.325s
dense 0 d8t4-shared wall=0.737s cpu=1.383s
dense 1 legacy-t4 wall=0.695s cpu=1.240s
dense 1 d8t4-shared wall=0.823s cpu=1.425s
dense 1 d8t4-owner wall=0.873s cpu=1.465s
dense 2 d8t4-shared wall=0.831s cpu=1.378s
dense 2 legacy-t4 wall=0.880s cpu=1.494s
dense 2 d8t4-owner wall=0.967s cpu=1.536s
dense 3 d8t4-shared wall=0.847s cpu=1.527s
dense 3 d8t4-owner wall=0.902s cpu=1.458s
dense 3 legacy-t4 wall=1.033s cpu=1.467s
dense 4 d8t4-owner wall=0.865s cpu=1.435s
dense 4 d8t4-shared wall=0.778s cpu=1.394s
dense 4 legacy-t4 wall=0.836s cpu=1.417s
dense 5 d8t4-owner wall=0.910s cpu=1.453s
dense 5 legacy-t4 wall=0.767s cpu=1.285s
dense 5 d8t4-shared wall=0.666s cpu=1.230s
dense 6 legacy-t4 wall=0.717s cpu=1.287s
dense 6 d8t4-owner wall=0.858s cpu=1.589s
dense 6 d8t4-shared wall=0.784s cpu=1.473s
dense 7 legacy-t4 wall=0.703s cpu=1.269s
dense 7 d8t4-shared wall=0.654s cpu=1.284s
dense 7 d8t4-owner wall=0.901s cpu=1.521s
dense 8 d8t4-shared wall=0.904s cpu=1.545s
dense 8 legacy-t4 wall=0.743s cpu=1.329s
dense 8 d8t4-owner wall=0.859s cpu=1.470s
dense 9 d8t4-shared wall=0.789s cpu=1.412s
dense 9 d8t4-owner wall=0.718s cpu=1.328s
dense 9 legacy-t4 wall=0.570s cpu=1.150s
saturated -1 d8t4-owner wall=1.796s cpu=4.446s
saturated -1 legacy-t4 wall=1.690s cpu=3.806s
saturated -1 d8t4-shared wall=1.779s cpu=4.296s
saturated 0 legacy-t4 wall=1.816s cpu=4.078s
saturated 0 d8t4-owner wall=2.097s cpu=4.299s
saturated 0 d8t4-shared wall=1.838s cpu=4.148s
saturated 1 legacy-t4 wall=1.643s cpu=4.088s
saturated 1 d8t4-shared wall=1.644s cpu=4.207s
saturated 1 d8t4-owner wall=1.970s cpu=4.486s
saturated 2 d8t4-shared wall=1.712s cpu=4.407s
saturated 2 legacy-t4 wall=1.518s cpu=3.884s
saturated 2 d8t4-owner wall=2.187s cpu=4.518s
saturated 3 d8t4-shared wall=1.828s cpu=4.491s
saturated 3 d8t4-owner wall=1.843s cpu=4.097s
saturated 3 legacy-t4 wall=1.656s cpu=3.939s
saturated 4 d8t4-owner wall=1.821s cpu=4.241s
saturated 4 d8t4-shared wall=1.550s cpu=4.431s
saturated 4 legacy-t4 wall=1.608s cpu=3.921s
saturated 5 d8t4-owner wall=1.824s cpu=4.281s
saturated 5 legacy-t4 wall=1.444s cpu=3.776s
saturated 5 d8t4-shared wall=1.506s cpu=3.847s
saturated 6 legacy-t4 wall=1.379s cpu=3.424s
saturated 6 d8t4-owner wall=1.679s cpu=4.000s
saturated 6 d8t4-shared wall=1.361s cpu=3.710s
saturated 7 legacy-t4 wall=1.127s cpu=3.248s
saturated 7 d8t4-shared wall=1.447s cpu=3.742s
saturated 7 d8t4-owner wall=1.681s cpu=4.055s
saturated 8 d8t4-shared wall=1.529s cpu=3.935s
saturated 8 legacy-t4 wall=1.335s cpu=3.384s
saturated 8 d8t4-owner wall=1.973s cpu=4.668s
saturated 9 d8t4-shared wall=1.808s cpu=4.124s
saturated 9 d8t4-owner wall=2.058s cpu=4.203s
saturated 9 legacy-t4 wall=1.809s cpu=3.977s
harvested -1 d8t4-owner wall=1.100s cpu=1.346s
harvested -1 legacy-t4 wall=0.881s cpu=1.299s
harvested -1 d8t4-shared wall=1.021s cpu=1.343s
harvested 0 legacy-t4 wall=0.953s cpu=1.362s
harvested 0 d8t4-owner wall=1.035s cpu=1.298s
harvested 0 d8t4-shared wall=0.810s cpu=1.211s
harvested 1 legacy-t4 wall=0.922s cpu=1.328s
harvested 1 d8t4-shared wall=1.111s cpu=1.491s
harvested 1 d8t4-owner wall=1.175s cpu=1.461s
harvested 2 d8t4-shared wall=0.792s cpu=1.234s
harvested 2 legacy-t4 wall=0.873s cpu=1.301s
harvested 2 d8t4-owner wall=1.112s cpu=1.414s
harvested 3 d8t4-shared wall=0.868s cpu=1.251s
harvested 3 d8t4-owner wall=0.846s cpu=1.275s
harvested 3 legacy-t4 wall=0.861s cpu=1.251s
harvested 4 d8t4-owner wall=1.081s cpu=1.319s
harvested 4 d8t4-shared wall=0.925s cpu=1.347s
harvested 4 legacy-t4 wall=0.836s cpu=1.229s
harvested 5 d8t4-owner wall=1.149s cpu=1.449s
harvested 5 legacy-t4 wall=1.012s cpu=1.353s
harvested 5 d8t4-shared wall=1.051s cpu=1.377s
harvested 6 legacy-t4 wall=0.870s cpu=1.222s
harvested 6 d8t4-owner wall=1.069s cpu=1.366s
harvested 6 d8t4-shared wall=1.111s cpu=1.305s
harvested 7 legacy-t4 wall=0.857s cpu=1.206s
harvested 7 d8t4-shared wall=0.776s cpu=1.222s
harvested 7 d8t4-owner wall=0.986s cpu=1.332s
harvested 8 d8t4-shared wall=0.933s cpu=1.280s
harvested 8 legacy-t4 wall=0.873s cpu=1.239s
harvested 8 d8t4-owner wall=0.972s cpu=1.362s
harvested 9 d8t4-shared wall=0.896s cpu=1.321s
harvested 9 d8t4-owner wall=1.139s cpu=1.369s
harvested 9 legacy-t4 wall=0.796s cpu=1.155s
blocked -1 d8t4-owner wall=0.514s cpu=0.636s
blocked -1 legacy-t4 wall=0.478s cpu=0.612s
blocked -1 d8t4-shared wall=0.593s cpu=0.658s
blocked 0 legacy-t4 wall=0.692s cpu=0.683s
blocked 0 d8t4-owner wall=0.479s cpu=0.628s
blocked 0 d8t4-shared wall=0.521s cpu=0.665s
blocked 1 legacy-t4 wall=0.526s cpu=0.637s
blocked 1 d8t4-shared wall=0.421s cpu=0.541s
blocked 1 d8t4-owner wall=0.510s cpu=0.638s
blocked 2 d8t4-shared wall=0.501s cpu=0.578s
blocked 2 legacy-t4 wall=0.581s cpu=0.652s
blocked 2 d8t4-owner wall=0.469s cpu=0.586s
blocked 3 d8t4-shared wall=0.493s cpu=0.587s
blocked 3 d8t4-owner wall=0.372s cpu=0.495s
blocked 3 legacy-t4 wall=0.350s cpu=0.462s
blocked 4 d8t4-owner wall=0.444s cpu=0.575s
blocked 4 d8t4-shared wall=0.434s cpu=0.567s
blocked 4 legacy-t4 wall=0.535s cpu=0.612s
blocked 5 d8t4-owner wall=0.528s cpu=0.630s
blocked 5 legacy-t4 wall=0.437s cpu=0.529s
blocked 5 d8t4-shared wall=0.496s cpu=0.588s
blocked 6 legacy-t4 wall=0.412s cpu=0.522s
blocked 6 d8t4-owner wall=0.349s cpu=0.492s
blocked 6 d8t4-shared wall=0.463s cpu=0.567s
blocked 7 legacy-t4 wall=0.548s cpu=0.695s
blocked 7 d8t4-shared wall=0.722s cpu=0.723s
blocked 7 d8t4-owner wall=0.555s cpu=0.693s
blocked 8 d8t4-shared wall=0.498s cpu=0.611s
blocked 8 legacy-t4 wall=0.433s cpu=0.557s
blocked 8 d8t4-owner wall=0.384s cpu=0.507s
blocked 9 d8t4-shared wall=0.553s cpu=0.699s
blocked 9 d8t4-owner wall=0.514s cpu=0.666s
blocked 9 legacy-t4 wall=0.427s cpu=0.541s
multi -1 d8t4-owner wall=2.314s cpu=4.804s
multi -1 legacy-t4 wall=2.059s cpu=4.854s
multi -1 d8t4-shared wall=2.338s cpu=4.916s
multi 0 legacy-t4 wall=2.551s cpu=5.073s
multi 0 d8t4-owner wall=2.673s cpu=5.168s
multi 0 d8t4-shared wall=2.541s cpu=5.539s
multi 1 legacy-t4 wall=1.710s cpu=4.077s
multi 1 d8t4-shared wall=1.831s cpu=4.787s
multi 1 d8t4-owner wall=1.870s cpu=4.014s
multi 2 d8t4-shared wall=1.384s cpu=3.404s
multi 2 legacy-t4 wall=1.469s cpu=3.553s
multi 2 d8t4-owner wall=1.700s cpu=3.799s
multi 3 d8t4-shared wall=1.302s cpu=3.409s
multi 3 d8t4-owner wall=1.693s cpu=3.979s
multi 3 legacy-t4 wall=1.331s cpu=3.483s
multi 4 d8t4-owner wall=1.529s cpu=3.549s
multi 4 d8t4-shared wall=1.380s cpu=3.456s
multi 4 legacy-t4 wall=1.243s cpu=3.129s
multi 5 d8t4-owner wall=1.649s cpu=3.752s
multi 5 legacy-t4 wall=1.340s cpu=3.376s
multi 5 d8t4-shared wall=1.416s cpu=3.405s
multi 6 legacy-t4 wall=1.487s cpu=3.771s
multi 6 d8t4-owner wall=1.957s cpu=4.298s
multi 6 d8t4-shared wall=1.920s cpu=4.338s
multi 7 legacy-t4 wall=1.598s cpu=3.879s
multi 7 d8t4-shared wall=1.632s cpu=4.078s
multi 7 d8t4-owner wall=2.177s cpu=4.523s
multi 8 d8t4-shared wall=1.831s cpu=4.414s
multi 8 legacy-t4 wall=1.989s cpu=4.426s
multi 8 d8t4-owner wall=2.203s cpu=4.651s
multi 9 d8t4-shared wall=2.188s cpu=4.823s
multi 9 d8t4-owner wall=2.310s cpu=4.803s
multi 9 legacy-t4 wall=2.109s cpu=4.647s
disabled -1 d8t4-owner wall=0.694s cpu=0.954s
disabled -1 legacy-t4 wall=0.747s cpu=1.094s
disabled -1 d8t4-shared wall=0.610s cpu=0.930s
disabled 0 legacy-t4 wall=0.490s cpu=0.765s
disabled 0 d8t4-owner wall=0.479s cpu=0.806s
disabled 0 d8t4-shared wall=0.565s cpu=0.880s
disabled 1 legacy-t4 wall=0.665s cpu=1.005s
disabled 1 d8t4-shared wall=0.629s cpu=0.929s
disabled 1 d8t4-owner wall=0.548s cpu=0.847s
disabled 2 d8t4-shared wall=0.492s cpu=0.817s
disabled 2 legacy-t4 wall=0.593s cpu=0.933s
disabled 2 d8t4-owner wall=0.627s cpu=0.938s
disabled 3 d8t4-shared wall=0.598s cpu=0.924s
disabled 3 d8t4-owner wall=0.570s cpu=0.899s
disabled 3 legacy-t4 wall=0.538s cpu=0.869s
disabled 4 d8t4-owner wall=0.640s cpu=0.948s
disabled 4 d8t4-shared wall=0.579s cpu=0.901s
disabled 4 legacy-t4 wall=0.618s cpu=0.949s
disabled 5 d8t4-owner wall=0.568s cpu=0.871s
disabled 5 legacy-t4 wall=0.542s cpu=0.842s
disabled 5 d8t4-shared wall=0.507s cpu=0.823s
disabled 6 legacy-t4 wall=0.532s cpu=0.825s
disabled 6 d8t4-owner wall=0.621s cpu=0.944s
disabled 6 d8t4-shared wall=0.564s cpu=0.896s
disabled 7 legacy-t4 wall=0.544s cpu=0.853s
disabled 7 d8t4-shared wall=0.556s cpu=0.854s
disabled 7 d8t4-owner wall=0.500s cpu=0.812s
disabled 8 d8t4-shared wall=0.538s cpu=0.811s
disabled 8 legacy-t4 wall=0.650s cpu=0.985s
disabled 8 d8t4-owner wall=0.536s cpu=0.840s
disabled 9 d8t4-shared wall=0.445s cpu=0.714s
disabled 9 d8t4-owner wall=0.459s cpu=0.728s
disabled 9 legacy-t4 wall=0.487s cpu=0.764s
