PASS AIRules/restored controller queues discard unavailable work and release prerequisites (0.0s)
PASS AIRules/Cabino migrates legacy warrior reservations only when training is disabled (0.0s)
PASS AIRules/retained tournament replay contains no unavailable orders (0.0s)
PASS AIRules/engine prevents training and upgrades while retaining repairs and starting levels (0.0s)
PASS AIRules/rule parser and script observations use effective match values (0.0s)
PASS AIRules/no growth farms harvest their finite seed rather than waiting forever (0.0s)
PASS AIRules/Cortex excludes unavailable technology from scoring and feeding prerequisites (0.0s)
PASS AIRules/JavaScript profiles can inspect rules and issue useful orders (0.0s)
PASS AIRules/Maxima removes disabled reserves while retaining finite production supply (0.0s)
PASS glob2-unit-tests TextMetrics (1 cases) (0.2s)
PASS glob2-unit-tests RecordingSession (9 cases) (0.2s)
PASS AITelemetryUI/telemetry selection filtering samples and access changes preserve safe state (0.2s)
PASS AITelemetryUI/telemetry waits for touch coasting and scrolls long details independently (0.3s)
PASS AITelemetryUI/telemetry layout and painting stay bounded with full schemas (0.3s)
PASS MapGeneratorDefaults/Explicit designs preserve pre-Random golden worlds (0.7s)
PASS GameplayRecording.Integration/global recording shortcut toggles and shutdown awaits finalization [artifacts][writes-preferences] (1.6s)
PASS AITelemetryUI/telemetry full-game timings and desktop phone captures [display:1280x800] [artifacts] (2.5s)
PASS glob2-unit-tests GameplayRecording (5 cases) (2.6s)
PASS Settings/layout; persistence; live display changes; bindings and localization at 1280x900 in OpenGL [display:1600x1400][artifacts][writes-preferences] (7.6s)
PASS AIRules/native controllers exclude disabled work and continue after reload [slow] (13.3s)
PASS ThemeCatalog/colours parse and print as #rrggbb[aa] (0.0s)
PASS ThemeCatalog/shipped themes load, and light and dark match the compiled defaults (0.0s)
PASS ThemeCatalog/every shipped theme keeps text readable (0.0s)
PASS ThemeCatalog/inheritance, player themes and broken files (0.0s)
PASS ThemeCatalog/shipped themes win over player files with the same id (0.0s)
PASS ThemeCatalog/menu and in-game slots switch independently and keep their addresses (0.0s)
PASS ThemeCatalog/theme choices persist in preferences (0.0s)
PASS Settings/layout; persistence; live display changes; bindings and localization with expanded wording at 640x480 in OpenGL [display:1600x1400][artifacts][writes-preferences] (3.9s)
PASS WindowResize/native display and live preferences in OpenGL [display] (0.6s)
PASS WindowResize/cache; callbacks; reflow; context lifetime; input; minimum size and recreation in software rendering [display:1600x1400] (0.9s)
PASS WindowResize/cache; callbacks; reflow; context lifetime; input; minimum size and recreation in OpenGL [display:1600x1400] (0.8s)
PASS GameplayRecording.Integration/production presentation records menus and gameplay without changing per-tick state [display][artifacts][recording] (4.4s)
PASS Settings/layout; persistence; live display changes; bindings and localization at 1000x700 in software rendering [display:1600x1400][artifacts][writes-preferences] (2.4s)
PASS GameplayRecording.Integration/threaded scene recording preserves baseline per-tick checksums [display][artifacts][recording] (6.1s)
PASS WindowResize/native display and live preferences in software [display] (0.6s)
PASS Settings/layout; persistence; live display changes; bindings and localization at 640x480 in OpenGL [display:1600x1400][artifacts][writes-preferences] (3.9s)
PASS Settings/layout; persistence; live display changes; bindings and localization at 800x600 in OpenGL [display:1600x1400][artifacts][writes-preferences] (4.7s)
PASS Settings/layout; persistence; live display changes; bindings and localization at 1000x700 in OpenGL [display:1600x1400][artifacts][writes-preferences] (5.4s)

38 passed, 0 failed, 0 skipped (63.4s of test time)
[run_tests] JUnit report: artifacts/ci-repair/theme-stack-native.xml (50 cases)
