Settings::load("preferences.txt") : error, can't open file.
generator,seed,off_ms,on_ms,records,status
fingerprint,1,53.458,93.308,55,ok
fingerprint,2,97.827,130.154,55,ok
fingerprint,3,137.949,153.188,55,ok
old-town,1,279.178,299.062,58,ok
old-town,2,188.400,204.922,58,ok
old-town,3,221.753,314.732,58,ok
symmetric-arena,1,129.344,196.493,11,ok
symmetric-arena,2,188.629,132.682,11,ok
symmetric-arena,3,147.266,170.422,11,ok
swamp,1,62.544,61.385,115,ok
swamp,2,73.826,64.837,115,ok
swamp,3,75.376,45.304,115,ok
tidal-flats,1,356.149,321.308,63,ok
tidal-flats,2,344.225,710.711,63,ok
tidal-flats,3,358.132,323.084,64,ok
river,1,70.866,64.021,115,ok
river,2,76.707,78.938,115,ok
river,3,95.786,77.024,115,ok
isles,1,168.977,126.094,64,ok
isles,2,167.875,128.947,64,ok
isles,3,102.092,148.676,64,ok
ring-world,1,85.665,86.683,71,ok
ring-world,2,76.778,67.904,71,ok
ring-world,3,74.147,119.399,72,ok
amphitheatre,1,121.509,110.561,78,ok
amphitheatre,2,139.442,127.969,78,ok
amphitheatre,3,183.023,115.952,78,ok
shattered-coast,1,91.419,85.139,89,ok
shattered-coast,2,78.798,100.738,89,ok
shattered-coast,3,80.630,58.903,89,ok
crater-lakes,1,82.472,95.228,115,ok
crater-lakes,2,73.666,121.807,115,ok
crater-lakes,3,117.166,112.956,115,ok
fjord-continent,1,116.211,102.740,129,ok
fjord-continent,2,83.001,90.347,129,ok
fjord-continent,3,176.266,92.913,129,ok
spider-web,1,113.547,95.333,59,ok
spider-web,2,79.239,87.010,59,ok
spider-web,3,117.475,61.827,59,ok
concrete-islands,1,118.972,152.319,59,ok
concrete-islands,2,191.915,125.931,59,ok
concrete-islands,3,157.961,152.360,59,ok
watershed,1,184.662,154.499,76,ok
watershed,2,198.220,278.194,76,ok
watershed,3,288.978,189.607,76,ok
maze,1,59.253,39.814,33,ok
maze,2,19.688,44.863,33,ok
maze,3,31.200,69.398,33,ok
islands,1,109.992,102.027,114,ok
islands,2,149.364,186.692,114,ok
islands,3,141.351,100.692,114,ok
stone-highlands,1,183.326,128.501,256,ok
stone-highlands,2,163.011,143.295,244,ok
stone-highlands,3,186.563,171.218,254,ok
switchbacks,1,342.709,332.416,89,ok
switchbacks,2,389.861,376.462,89,ok
switchbacks,3,391.193,369.972,89,ok
city-states,1,337.938,322.017,62,ok
city-states,2,330.015,244.857,62,ok
city-states,3,279.648,291.056,62,ok
canals,1,130.672,185.807,86,ok
canals,2,235.851,185.473,86,ok
canals,3,137.360,200.152,88,ok
sierpinski-gardens,1,201.583,195.081,149,ok
sierpinski-gardens,2,237.743,182.253,149,ok
sierpinski-gardens,3,271.691,261.031,149,ok
hilbert-river,1,290.637,287.067,161,ok
hilbert-river,2,234.806,189.570,159,ok
hilbert-river,3,306.967,378.802,161,ok
lava-shield,1,461.798,533.887,96,ok
lava-shield,2,576.214,580.596,96,ok
lava-shield,3,616.756,595.082,96,ok
honeycomb-isle,1,102.746,91.480,156,ok
honeycomb-isle,2,45.282,126.248,156,ok
honeycomb-isle,3,77.906,59.874,160,ok
karst-towers,1,88.617,155.257,70,ok
karst-towers,2,246.557,116.058,70,ok
karst-towers,3,107.432,163.006,70,ok
bajada,1,271.644,193.726,70,ok
bajada,2,206.894,222.067,69,ok
bajada,3,195.108,229.470,70,ok
central-quarry,1,218.416,629.879,96,ok
central-quarry,2,638.134,256.434,94,ok
central-quarry,3,202.068,687.794,94,ok
hidden-oasis,1,562.038,220.623,114,ok
hidden-oasis,2,166.825,685.010,118,ok
hidden-oasis,3,464.659,210.277,116,ok
orchard-commons,1,127.294,159.044,129,ok
orchard-commons,2,139.991,123.591,129,ok
orchard-commons,3,158.241,189.326,129,ok
even-ground,1,988.483,1033.696,109,ok
even-ground,2,1036.255,1124.345,109,ok
even-ground,3,937.869,1005.685,109,ok
marchland,1,482.699,429.887,96,ok
marchland,2,531.310,475.523,96,ok
marchland,3,482.552,430.219,84,ok
rugged-archipelago,1,81.121,95.253,77,ok
rugged-archipelago,2,97.948,63.735,77,ok
rugged-archipelago,3,119.673,102.435,77,ok
contested-commons,1,202.904,273.936,91,ok
contested-commons,2,216.890,205.041,91,ok
contested-commons,3,222.939,186.552,91,ok
rain-shadow,1,166.009,164.007,57,ok
rain-shadow,2,131.821,125.868,57,ok
rain-shadow,3,184.374,174.661,57,ok
everglades,1,209.661,239.226,60,ok
everglades,2,264.834,204.595,60,ok
everglades,3,231.702,216.231,60,ok
polder,1,290.896,241.533,62,ok
polder,2,194.523,186.355,62,ok
polder,3,244.432,255.945,62,ok
carousel,1,418.608,385.153,81,ok
carousel,2,427.731,459.315,81,ok
carousel,3,459.381,422.337,81,ok
old-growth,1,230.628,255.093,61,ok
old-growth,2,253.011,234.909,61,ok
old-growth,3,248.177,288.283,61,ok
anthill,1,194.149,221.181,60,ok
anthill,2,192.247,171.601,60,ok
anthill,3,160.364,189.500,60,ok
coral,1,169.576,175.931,63,ok
coral,2,178.642,136.097,63,ok
coral,3,170.772,153.933,63,ok
emoji,1,87.499,96.482,83,ok
emoji,2,180.035,150.633,83,ok
emoji,3,147.174,178.158,83,ok
forts,1,326.732,388.579,122,ok
forts,2,296.930,374.532,126,ok
forts,3,375.815,355.168,126,ok
braided-delta,1,138.601,182.803,63,ok
braided-delta,2,166.518,161.347,63,ok
braided-delta,3,171.937,163.633,63,ok
breachable-highlands,1,128.346,102.264,133,ok
breachable-highlands,2,150.258,153.912,129,ok
breachable-highlands,3,123.576,130.667,133,ok
hedgerow-country,1,196.908,189.078,64,ok
hedgerow-country,2,208.062,197.155,64,ok
hedgerow-country,3,169.601,127.999,64,ok
glacis,1,238.148,333.697,90,ok
glacis,2,269.848,253.586,90,ok
glacis,3,334.103,293.995,90,ok
allotments,1,90.724,112.180,60,ok
allotments,2,30.620,81.703,60,ok
allotments,3,110.935,109.615,60,ok
caravanserai,1,318.826,294.189,75,ok
caravanserai,2,280.205,239.353,69,ok
caravanserai,3,326.209,303.479,69,ok
braided-river,1,284.023,210.686,99,ok
braided-river,2,165.766,198.008,99,ok
braided-river,3,137.850,145.791,99,ok
drumlin-field,1,759.897,807.276,64,ok
drumlin-field,2,946.666,836.140,64,ok
drumlin-field,3,1027.137,1167.833,64,ok
continents,1,584.859,655.228,82,ok
continents,2,581.530,534.400,81,ok
continents,3,567.476,595.120,83,ok
savannah,1,394.736,344.166,244,ok
savannah,2,313.700,364.433,246,ok
savannah,3,370.991,352.901,244,ok
hills,1,161.210,137.287,82,ok
hills,2,115.249,145.643,82,ok
hills,3,172.191,159.440,82,ok
rice-terraces,1,120.001,81.459,74,ok
rice-terraces,2,169.654,183.513,74,ok
rice-terraces,3,117.011,238.514,74,ok
locust,1,219.467,225.955,92,ok
locust,2,188.785,194.509,92,ok
locust,3,263.426,174.749,92,ok
plantations,1,587.634,614.869,96,ok
plantations,2,454.056,734.271,96,ok
plantations,3,474.372,522.795,96,ok
uniform,1,0.923,0.862,4,ok
uniform,2,0.863,2.134,4,ok
uniform,3,0.860,1.480,4,ok
# telemetry: 174 cases, 174 generated, 0 semantic failures, off 41734.685 ms, on 42780.589 ms
