idle128 -1 d8t4-shared wall=0.295s cpu=0.396s
idle128 -1 d8t2-shared wall=0.330s cpu=0.401s
idle128 -1 d8t1-shared wall=0.421s cpu=0.420s
idle128 -1 d8t8-owner wall=0.310s cpu=0.456s
idle128 -1 d8t4-owner wall=0.298s cpu=0.412s
idle128 -1 d8t2-owner wall=0.324s cpu=0.386s
idle128 -1 d8t1-owner wall=0.339s cpu=0.338s
idle128 -1 d3t8-shared wall=0.341s cpu=0.492s
idle128 -1 d3t4-shared wall=0.305s cpu=0.393s
idle128 -1 d3t2-shared wall=0.318s cpu=0.379s
idle128 -1 d3t1-shared wall=0.384s cpu=0.383s
idle128 -1 d3t8-owner wall=0.296s cpu=0.442s
idle128 -1 d3t4-owner wall=0.306s cpu=0.400s
idle128 -1 d3t2-owner wall=0.301s cpu=0.348s
idle128 -1 d3t1-owner wall=0.365s cpu=0.365s
idle128 -1 d1t8-shared wall=0.301s cpu=0.464s
idle128 -1 d1t4-shared wall=0.302s cpu=0.403s
idle128 -1 d1t2-shared wall=0.310s cpu=0.358s
idle128 -1 d1t1-shared wall=0.359s cpu=0.359s
idle128 -1 d1t8-owner wall=0.323s cpu=0.472s
idle128 -1 d1t4-owner wall=0.301s cpu=0.387s
idle128 -1 d1t2-owner wall=0.334s cpu=0.399s
idle128 -1 d1t1-owner wall=0.384s cpu=0.384s
idle128 -1 legacy-t8 wall=0.345s cpu=0.475s
idle128 -1 legacy-t4 wall=0.301s cpu=0.405s
idle128 -1 legacy-t2 wall=0.336s cpu=0.399s
idle128 -1 legacy-t1 wall=0.427s cpu=0.426s
idle128 -1 d8t8-shared wall=0.492s cpu=0.631s
idle128 0 legacy-t1 wall=0.444s cpu=0.442s
idle128 0 legacy-t2 wall=0.380s cpu=0.451s
idle128 0 legacy-t4 wall=0.415s cpu=0.536s
idle128 0 legacy-t8 wall=0.378s cpu=0.536s
idle128 0 d1t1-owner wall=0.430s cpu=0.429s
idle128 0 d1t2-owner wall=0.383s cpu=0.452s
idle128 0 d1t4-owner wall=0.347s cpu=0.446s
idle128 0 d1t8-owner wall=0.340s cpu=0.491s
idle128 0 d1t1-shared wall=0.420s cpu=0.419s
idle128 0 d1t2-shared wall=0.363s cpu=0.427s
idle128 0 d1t4-shared wall=0.341s cpu=0.463s
idle128 0 d1t8-shared wall=0.350s cpu=0.509s
idle128 0 d3t1-owner wall=0.388s cpu=0.388s
idle128 0 d3t2-owner wall=0.343s cpu=0.406s
idle128 0 d3t4-owner wall=0.306s cpu=0.410s
idle128 0 d3t8-owner wall=0.329s cpu=0.483s
idle128 0 d3t1-shared wall=0.390s cpu=0.390s
idle128 0 d3t2-shared wall=0.362s cpu=0.426s
idle128 0 d3t4-shared wall=0.311s cpu=0.409s
idle128 0 d3t8-shared wall=0.289s cpu=0.440s
idle128 0 d8t1-owner wall=0.364s cpu=0.364s
idle128 0 d8t2-owner wall=0.339s cpu=0.408s
idle128 0 d8t4-owner wall=0.343s cpu=0.453s
idle128 0 d8t8-owner wall=0.338s cpu=0.476s
idle128 0 d8t1-shared wall=0.394s cpu=0.394s
idle128 0 d8t2-shared wall=0.335s cpu=0.403s
idle128 0 d8t4-shared wall=0.300s cpu=0.407s
idle128 0 d8t8-shared wall=0.321s cpu=0.485s
idle128 1 legacy-t1 wall=0.377s cpu=0.376s
idle128 1 d8t8-shared wall=0.332s cpu=0.489s
idle128 1 d8t4-shared wall=0.302s cpu=0.417s
idle128 1 d8t2-shared wall=0.348s cpu=0.418s
idle128 1 d8t1-shared wall=0.370s cpu=0.370s
idle128 1 d8t8-owner wall=0.292s cpu=0.400s
idle128 1 d8t4-owner wall=0.337s cpu=0.458s
idle128 1 d8t2-owner wall=0.358s cpu=0.423s
idle128 1 d8t1-owner wall=0.350s cpu=0.350s
idle128 1 d3t8-shared wall=0.315s cpu=0.447s
idle128 1 d3t4-shared wall=0.288s cpu=0.366s
idle128 1 d3t2-shared wall=0.343s cpu=0.404s
idle128 1 d3t1-shared wall=0.403s cpu=0.402s
idle128 1 d3t8-owner wall=0.344s cpu=0.486s
idle128 1 d3t4-owner wall=0.312s cpu=0.417s
idle128 1 d3t2-owner wall=0.335s cpu=0.395s
idle128 1 d3t1-owner wall=0.376s cpu=0.376s
idle128 1 d1t8-shared wall=0.298s cpu=0.435s
idle128 1 d1t4-shared wall=0.293s cpu=0.378s
idle128 1 d1t2-shared wall=0.306s cpu=0.354s
idle128 1 d1t1-shared wall=0.350s cpu=0.349s
idle128 1 d1t8-owner wall=0.293s cpu=0.400s
idle128 1 d1t4-owner wall=0.305s cpu=0.409s
idle128 1 d1t2-owner wall=0.313s cpu=0.371s
idle128 1 d1t1-owner wall=0.341s cpu=0.340s
idle128 1 legacy-t8 wall=0.263s cpu=0.372s
idle128 1 legacy-t4 wall=0.278s cpu=0.369s
idle128 1 legacy-t2 wall=0.285s cpu=0.332s
idle128 2 legacy-t4 wall=0.288s cpu=0.382s
idle128 2 legacy-t8 wall=0.263s cpu=0.384s
idle128 2 d1t1-owner wall=0.322s cpu=0.322s
idle128 2 d1t2-owner wall=0.292s cpu=0.342s
idle128 2 d1t4-owner wall=0.300s cpu=0.391s
idle128 2 d1t8-owner wall=0.283s cpu=0.398s
idle128 2 d1t1-shared wall=0.373s cpu=0.372s
idle128 2 d1t2-shared wall=0.299s cpu=0.349s
idle128 2 d1t4-shared wall=0.296s cpu=0.395s
idle128 2 d1t8-shared wall=0.344s cpu=0.477s
idle128 2 d3t1-owner wall=0.445s cpu=0.444s
idle128 2 d3t2-owner wall=0.442s cpu=0.505s
idle128 2 d3t4-owner wall=0.362s cpu=0.470s
idle128 2 d3t8-owner wall=0.354s cpu=0.497s
idle128 2 d3t1-shared wall=0.365s cpu=0.363s
idle128 2 d3t2-shared wall=0.332s cpu=0.387s
idle128 2 d3t4-shared wall=0.297s cpu=0.408s
idle128 2 d3t8-shared wall=0.312s cpu=0.444s
idle128 2 d8t1-owner wall=0.381s cpu=0.380s
idle128 2 d8t2-owner wall=0.312s cpu=0.363s
idle128 2 d8t4-owner wall=0.350s cpu=0.460s
idle128 2 d8t8-owner wall=0.331s cpu=0.480s
idle128 2 d8t1-shared wall=0.388s cpu=0.387s
idle128 2 d8t2-shared wall=0.344s cpu=0.411s
idle128 2 d8t4-shared wall=0.320s cpu=0.432s
idle128 2 d8t8-shared wall=0.414s cpu=0.559s
idle128 2 legacy-t1 wall=0.476s cpu=0.475s
idle128 2 legacy-t2 wall=0.318s cpu=0.367s
idle128 3 legacy-t4 wall=0.314s cpu=0.416s
idle128 3 legacy-t2 wall=0.375s cpu=0.444s
idle128 3 legacy-t1 wall=0.408s cpu=0.408s
idle128 3 d8t8-shared wall=0.321s cpu=0.465s
idle128 3 d8t4-shared wall=0.310s cpu=0.417s
idle128 3 d8t2-shared wall=0.349s cpu=0.405s
idle128 3 d8t1-shared wall=0.395s cpu=0.394s
idle128 3 d8t8-owner wall=0.295s cpu=0.421s
idle128 3 d8t4-owner wall=0.299s cpu=0.395s
idle128 3 d8t2-owner wall=0.321s cpu=0.385s
idle128 3 d8t1-owner wall=0.383s cpu=0.382s
idle128 3 d3t8-shared wall=0.329s cpu=0.478s
idle128 3 d3t4-shared wall=0.351s cpu=0.447s
idle128 3 d3t2-shared wall=0.311s cpu=0.361s
idle128 3 d3t1-shared wall=0.364s cpu=0.364s
idle128 3 d3t8-owner wall=0.386s cpu=0.526s
idle128 3 d3t4-owner wall=0.315s cpu=0.404s
idle128 3 d3t2-owner wall=0.355s cpu=0.417s
idle128 3 d3t1-owner wall=0.427s cpu=0.426s
idle128 3 d1t8-shared wall=0.361s cpu=0.499s
idle128 3 d1t4-shared wall=0.349s cpu=0.451s
idle128 3 d1t2-shared wall=0.355s cpu=0.416s
idle128 3 d1t1-shared wall=0.412s cpu=0.410s
idle128 3 d1t8-owner wall=0.403s cpu=0.543s
idle128 3 d1t4-owner wall=0.334s cpu=0.433s
idle128 3 d1t2-owner wall=0.395s cpu=0.469s
idle128 3 d1t1-owner wall=0.440s cpu=0.439s
idle128 3 legacy-t8 wall=0.357s cpu=0.464s
idle128 4 d1t1-owner wall=0.439s cpu=0.438s
idle128 4 d1t2-owner wall=0.407s cpu=0.469s
idle128 4 d1t4-owner wall=0.363s cpu=0.448s
idle128 4 d1t8-owner wall=0.415s cpu=0.549s
idle128 4 d1t1-shared wall=0.467s cpu=0.465s
idle128 4 d1t2-shared wall=0.429s cpu=0.489s
idle128 4 d1t4-shared wall=0.362s cpu=0.450s
idle128 4 d1t8-shared wall=0.366s cpu=0.505s
idle128 4 d3t1-owner wall=0.404s cpu=0.403s
idle128 4 d3t2-owner wall=0.397s cpu=0.458s
idle128 4 d3t4-owner wall=0.373s cpu=0.466s
idle128 4 d3t8-owner wall=0.367s cpu=0.501s
idle128 4 d3t1-shared wall=0.460s cpu=0.459s
idle128 4 d3t2-shared wall=0.406s cpu=0.479s
idle128 4 d3t4-shared wall=0.414s cpu=0.522s
idle128 4 d3t8-shared wall=0.391s cpu=0.520s
idle128 4 d8t1-owner wall=0.522s cpu=0.519s
idle128 4 d8t2-owner wall=0.530s cpu=0.571s
idle128 4 d8t4-owner wall=0.453s cpu=0.548s
idle128 4 d8t8-owner wall=0.437s cpu=0.562s
idle128 4 d8t1-shared wall=0.524s cpu=0.511s
idle128 4 d8t2-shared wall=0.429s cpu=0.501s
idle128 4 d8t4-shared wall=0.402s cpu=0.523s
idle128 4 d8t8-shared wall=0.393s cpu=0.503s
idle128 4 legacy-t1 wall=0.443s cpu=0.438s
idle128 4 legacy-t2 wall=0.415s cpu=0.487s
idle128 4 legacy-t4 wall=0.384s cpu=0.481s
idle128 4 legacy-t8 wall=0.408s cpu=0.504s
idle128 5 d1t1-owner wall=0.422s cpu=0.421s
idle128 5 legacy-t8 wall=0.389s cpu=0.517s
idle128 5 legacy-t4 wall=0.381s cpu=0.469s
idle128 5 legacy-t2 wall=0.421s cpu=0.501s
idle128 5 legacy-t1 wall=0.475s cpu=0.473s
idle128 5 d8t8-shared wall=0.429s cpu=0.570s
idle128 5 d8t4-shared wall=0.417s cpu=0.516s
idle128 5 d8t2-shared wall=0.393s cpu=0.470s
idle128 5 d8t1-shared wall=0.501s cpu=0.498s
idle128 5 d8t8-owner wall=0.416s cpu=0.544s
idle128 5 d8t4-owner wall=0.393s cpu=0.502s
idle128 5 d8t2-owner wall=0.456s cpu=0.526s
idle128 5 d8t1-owner wall=0.500s cpu=0.485s
idle128 5 d3t8-shared wall=0.448s cpu=0.573s
idle128 5 d3t4-shared wall=0.358s cpu=0.456s
idle128 5 d3t2-shared wall=0.435s cpu=0.510s
idle128 5 d3t1-shared wall=0.479s cpu=0.473s
idle128 5 d3t8-owner wall=0.425s cpu=0.536s
idle128 5 d3t4-owner wall=0.415s cpu=0.491s
idle128 5 d3t2-owner wall=0.461s cpu=0.519s
idle128 5 d3t1-owner wall=0.515s cpu=0.509s
idle128 5 d1t8-shared wall=0.445s cpu=0.546s
idle128 5 d1t4-shared wall=0.372s cpu=0.460s
idle128 5 d1t2-shared wall=0.436s cpu=0.494s
idle128 5 d1t1-shared wall=0.421s cpu=0.421s
idle128 5 d1t8-owner wall=0.443s cpu=0.557s
idle128 5 d1t4-owner wall=0.433s cpu=0.524s
idle128 5 d1t2-owner wall=0.401s cpu=0.461s
idle128 6 d1t4-owner wall=0.412s cpu=0.493s
idle128 6 d1t8-owner wall=0.416s cpu=0.537s
idle128 6 d1t1-shared wall=0.452s cpu=0.449s
idle128 6 d1t2-shared wall=0.393s cpu=0.441s
idle128 6 d1t4-shared wall=0.365s cpu=0.443s
idle128 6 d1t8-shared wall=0.431s cpu=0.565s
idle128 6 d3t1-owner wall=0.456s cpu=0.454s
idle128 6 d3t2-owner wall=0.416s cpu=0.481s
idle128 6 d3t4-owner wall=0.370s cpu=0.475s
idle128 6 d3t8-owner wall=0.411s cpu=0.529s
idle128 6 d3t1-shared wall=0.479s cpu=0.472s
idle128 6 d3t2-shared wall=0.489s cpu=0.552s
idle128 6 d3t4-shared wall=0.444s cpu=0.552s
idle128 6 d3t8-shared wall=0.435s cpu=0.570s
idle128 6 d8t1-owner wall=0.498s cpu=0.494s
idle128 6 d8t2-owner wall=0.480s cpu=0.557s
idle128 6 d8t4-owner wall=0.425s cpu=0.520s
idle128 6 d8t8-owner wall=0.458s cpu=0.574s
idle128 6 d8t1-shared wall=0.464s cpu=0.458s
idle128 6 d8t2-shared wall=0.421s cpu=0.500s
idle128 6 d8t4-shared wall=0.416s cpu=0.517s
idle128 6 d8t8-shared wall=0.442s cpu=0.561s
idle128 6 legacy-t1 wall=0.471s cpu=0.464s
idle128 6 legacy-t2 wall=0.425s cpu=0.495s
idle128 6 legacy-t4 wall=0.403s cpu=0.502s
idle128 6 legacy-t8 wall=0.419s cpu=0.521s
idle128 6 d1t1-owner wall=0.455s cpu=0.449s
idle128 6 d1t2-owner wall=0.446s cpu=0.512s
idle128 7 d1t4-owner wall=0.387s cpu=0.471s
idle128 7 d1t2-owner wall=0.400s cpu=0.465s
idle128 7 d1t1-owner wall=0.407s cpu=0.406s
idle128 7 legacy-t8 wall=0.357s cpu=0.471s
idle128 7 legacy-t4 wall=0.390s cpu=0.503s
idle128 7 legacy-t2 wall=0.363s cpu=0.415s
idle128 7 legacy-t1 wall=0.424s cpu=0.422s
idle128 7 d8t8-shared wall=0.409s cpu=0.508s
idle128 7 d8t4-shared wall=0.377s cpu=0.460s
idle128 7 d8t2-shared wall=0.387s cpu=0.442s
idle128 7 d8t1-shared wall=0.469s cpu=0.468s
idle128 7 d8t8-owner wall=0.436s cpu=0.554s
idle128 7 d8t4-owner wall=0.455s cpu=0.507s
idle128 7 d8t2-owner wall=0.421s cpu=0.482s
idle128 7 d8t1-owner wall=0.456s cpu=0.444s
idle128 7 d3t8-shared wall=0.421s cpu=0.535s
idle128 7 d3t4-shared wall=0.411s cpu=0.491s
idle128 7 d3t2-shared wall=0.410s cpu=0.465s
idle128 7 d3t1-shared wall=0.440s cpu=0.439s
idle128 7 d3t8-owner wall=0.420s cpu=0.520s
idle128 7 d3t4-owner wall=0.392s cpu=0.454s
idle128 7 d3t2-owner wall=0.447s cpu=0.509s
idle128 7 d3t1-owner wall=0.486s cpu=0.478s
idle128 7 d1t8-shared wall=0.461s cpu=0.561s
idle128 7 d1t4-shared wall=0.452s cpu=0.497s
idle128 7 d1t2-shared wall=0.455s cpu=0.493s
idle128 7 d1t1-shared wall=0.468s cpu=0.465s
idle128 7 d1t8-owner wall=0.444s cpu=0.506s
idle128 8 d1t1-shared wall=0.477s cpu=0.465s
idle128 8 d1t2-shared wall=0.486s cpu=0.511s
idle128 8 d1t4-shared wall=0.422s cpu=0.491s
idle128 8 d1t8-shared wall=0.538s cpu=0.595s
idle128 8 d3t1-owner wall=0.464s cpu=0.463s
idle128 8 d3t2-owner wall=0.418s cpu=0.463s
idle128 8 d3t4-owner wall=0.479s cpu=0.529s
idle128 8 d3t8-owner wall=0.501s cpu=0.579s
idle128 8 d3t1-shared wall=0.614s cpu=0.549s
idle128 8 d3t2-shared wall=0.453s cpu=0.495s
idle128 8 d3t4-shared wall=0.414s cpu=0.504s
idle128 8 d3t8-shared wall=0.440s cpu=0.543s
idle128 8 d8t1-owner wall=0.494s cpu=0.488s
idle128 8 d8t2-owner wall=0.433s cpu=0.494s
idle128 8 d8t4-owner wall=0.414s cpu=0.516s
idle128 8 d8t8-owner wall=0.443s cpu=0.535s
idle128 8 d8t1-shared wall=0.499s cpu=0.480s
idle128 8 d8t2-shared wall=0.409s cpu=0.482s
idle128 8 d8t4-shared wall=0.569s cpu=0.611s
idle128 8 d8t8-shared wall=0.488s cpu=0.582s
idle128 8 legacy-t1 wall=0.519s cpu=0.500s
idle128 8 legacy-t2 wall=0.467s cpu=0.538s
idle128 8 legacy-t4 wall=0.474s cpu=0.539s
idle128 8 legacy-t8 wall=0.481s cpu=0.565s
idle128 8 d1t1-owner wall=0.506s cpu=0.493s
idle128 8 d1t2-owner wall=0.440s cpu=0.472s
idle128 8 d1t4-owner wall=0.456s cpu=0.516s
idle128 8 d1t8-owner wall=0.473s cpu=0.554s
idle128 9 d1t1-shared wall=0.481s cpu=0.464s
idle128 9 d1t8-owner wall=0.434s cpu=0.528s
idle128 9 d1t4-owner wall=0.481s cpu=0.544s
idle128 9 d1t2-owner wall=0.423s cpu=0.487s
idle128 9 d1t1-owner wall=0.475s cpu=0.461s
idle128 9 legacy-t8 wall=0.450s cpu=0.536s
idle128 9 legacy-t4 wall=0.428s cpu=0.499s
idle128 9 legacy-t2 wall=0.442s cpu=0.480s
idle128 9 legacy-t1 wall=0.475s cpu=0.454s
idle128 9 d8t8-shared wall=0.440s cpu=0.537s
idle128 9 d8t4-shared wall=0.430s cpu=0.512s
idle128 9 d8t2-shared wall=0.429s cpu=0.465s
idle128 9 d8t1-shared wall=0.449s cpu=0.445s
idle128 9 d8t8-owner wall=0.525s cpu=0.624s
idle128 9 d8t4-owner wall=0.453s cpu=0.524s
idle128 9 d8t2-owner wall=0.483s cpu=0.538s
idle128 9 d8t1-owner wall=0.471s cpu=0.456s
idle128 9 d3t8-shared wall=0.452s cpu=0.552s
idle128 9 d3t4-shared wall=0.429s cpu=0.513s
idle128 9 d3t2-shared wall=0.419s cpu=0.480s
idle128 9 d3t1-shared wall=0.499s cpu=0.481s
idle128 9 d3t8-owner wall=0.431s cpu=0.506s
idle128 9 d3t4-owner wall=0.435s cpu=0.494s
idle128 9 d3t2-owner wall=0.452s cpu=0.502s
idle128 9 d3t1-owner wall=0.489s cpu=0.485s
idle128 9 d1t8-shared wall=0.448s cpu=0.535s
idle128 9 d1t4-shared wall=0.412s cpu=0.491s
idle128 9 d1t2-shared wall=0.448s cpu=0.496s
idle256 -1 d8t4-shared wall=0.554s cpu=0.924s
idle256 -1 d8t2-shared wall=0.650s cpu=0.828s
idle256 -1 d8t1-shared wall=0.860s cpu=0.847s
idle256 -1 d8t8-owner wall=0.608s cpu=0.932s
idle256 -1 d8t4-owner wall=0.632s cpu=0.941s
idle256 -1 d8t2-owner wall=0.653s cpu=0.859s
idle256 -1 d8t1-owner wall=0.896s cpu=0.876s
idle256 -1 d3t8-shared wall=0.580s cpu=0.948s
idle256 -1 d3t4-shared wall=0.576s cpu=0.884s
idle256 -1 d3t2-shared wall=0.646s cpu=0.893s
idle256 -1 d3t1-shared wall=0.908s cpu=0.869s
idle256 -1 d3t8-owner wall=0.735s cpu=1.037s
idle256 -1 d3t4-owner wall=2.629s cpu=1.179s
idle256 -1 d3t2-owner wall=1.675s cpu=1.105s
idle256 -1 d3t1-owner wall=2.617s cpu=1.116s
idle256 -1 d1t8-shared wall=1.385s cpu=1.216s
idle256 -1 d1t4-shared wall=1.236s cpu=1.164s
idle256 -1 d1t2-shared wall=1.188s cpu=1.098s
idle256 -1 d1t1-shared wall=1.147s cpu=1.057s
idle256 -1 d1t8-owner wall=0.927s cpu=1.114s
idle256 -1 d1t4-owner wall=0.972s cpu=1.109s
idle256 -1 d1t2-owner wall=1.004s cpu=1.006s
idle256 -1 d1t1-owner wall=1.118s cpu=0.954s
idle256 -1 legacy-t8 wall=0.878s cpu=1.062s
idle256 -1 legacy-t4 wall=0.699s cpu=1.032s
idle256 -1 legacy-t2 wall=0.788s cpu=0.973s
idle256 -1 legacy-t1 wall=0.847s cpu=0.832s
idle256 -1 d8t8-shared wall=0.718s cpu=1.082s
idle256 0 legacy-t1 wall=0.963s cpu=0.937s
idle256 0 legacy-t2 wall=0.691s cpu=0.915s
idle256 0 legacy-t4 wall=0.615s cpu=0.909s
idle256 0 legacy-t8 wall=0.707s cpu=1.010s
idle256 0 d1t1-owner wall=0.891s cpu=0.862s
idle256 0 d1t2-owner wall=0.727s cpu=0.927s
idle256 0 d1t4-owner wall=0.622s cpu=0.893s
idle256 0 d1t8-owner wall=0.740s cpu=1.033s
idle256 0 d1t1-shared wall=0.854s cpu=0.834s
idle256 0 d1t2-shared wall=0.771s cpu=0.912s
idle256 0 d1t4-shared wall=0.755s cpu=1.010s
idle256 0 d1t8-shared wall=0.654s cpu=1.001s
idle256 0 d3t1-owner wall=0.860s cpu=0.836s
idle256 0 d3t2-owner wall=0.636s cpu=0.841s
idle256 0 d3t4-owner wall=0.590s cpu=0.886s
idle256 0 d3t8-owner wall=0.650s cpu=0.996s
idle256 0 d3t1-shared wall=0.927s cpu=0.873s
idle256 0 d3t2-shared wall=0.695s cpu=0.919s
idle256 0 d3t4-shared wall=0.568s cpu=0.905s
idle256 0 d3t8-shared wall=0.616s cpu=1.011s
idle256 0 d8t1-owner wall=0.910s cpu=0.900s
idle256 0 d8t2-owner wall=0.712s cpu=0.965s
idle256 0 d8t4-owner wall=0.638s cpu=0.924s
idle256 0 d8t8-owner wall=0.615s cpu=0.974s
idle256 0 d8t1-shared wall=0.861s cpu=0.829s
idle256 0 d8t2-shared wall=0.614s cpu=0.857s
idle256 0 d8t4-shared wall=0.575s cpu=0.888s
idle256 0 d8t8-shared wall=0.605s cpu=0.935s
idle256 1 legacy-t1 wall=0.808s cpu=0.785s
idle256 1 d8t8-shared wall=0.637s cpu=0.998s
idle256 1 d8t4-shared wall=0.599s cpu=0.918s
idle256 1 d8t2-shared wall=0.734s cpu=0.960s
idle256 1 d8t1-shared wall=0.877s cpu=0.830s
idle256 1 d8t8-owner wall=0.679s cpu=0.993s
idle256 1 d8t4-owner wall=0.651s cpu=0.990s
idle256 1 d8t2-owner wall=0.678s cpu=0.881s
idle256 1 d8t1-owner wall=0.879s cpu=0.856s
idle256 1 d3t8-shared wall=0.658s cpu=0.987s
idle256 1 d3t4-shared wall=0.601s cpu=0.962s
idle256 1 d3t2-shared wall=0.611s cpu=0.824s
idle256 1 d3t1-shared wall=0.946s cpu=0.932s
idle256 1 d3t8-owner wall=0.645s cpu=1.018s
idle256 1 d3t4-owner wall=0.626s cpu=0.933s
idle256 1 d3t2-owner wall=0.660s cpu=0.867s
idle256 1 d3t1-owner wall=0.926s cpu=0.874s
idle256 1 d1t8-shared wall=0.645s cpu=0.970s
idle256 1 d1t4-shared wall=0.648s cpu=0.933s
idle256 1 d1t2-shared wall=0.749s cpu=0.930s
idle256 1 d1t1-shared wall=0.919s cpu=0.859s
idle256 1 d1t8-owner wall=0.672s cpu=1.026s
idle256 1 d1t4-owner wall=0.705s cpu=0.992s
idle256 1 d1t2-owner wall=0.673s cpu=0.896s
idle256 1 d1t1-owner wall=0.874s cpu=0.858s
idle256 1 legacy-t8 wall=0.640s cpu=0.960s
idle256 1 legacy-t4 wall=0.611s cpu=0.946s
idle256 1 legacy-t2 wall=0.738s cpu=0.945s
idle256 2 legacy-t4 wall=0.572s cpu=0.912s
idle256 2 legacy-t8 wall=0.649s cpu=0.958s
idle256 2 d1t1-owner wall=0.843s cpu=0.832s
idle256 2 d1t2-owner wall=0.617s cpu=0.814s
idle256 2 d1t4-owner wall=0.593s cpu=0.885s
idle256 2 d1t8-owner wall=0.696s cpu=0.982s
idle256 2 d1t1-shared wall=0.806s cpu=0.770s
idle256 2 d1t2-shared wall=0.625s cpu=0.819s
idle256 2 d1t4-shared wall=0.607s cpu=0.906s
idle256 2 d1t8-shared wall=0.756s cpu=1.056s
idle256 2 d3t1-owner wall=0.939s cpu=0.903s
idle256 2 d3t2-owner wall=0.674s cpu=0.930s
idle256 2 d3t4-owner wall=0.628s cpu=0.940s
idle256 2 d3t8-owner wall=0.632s cpu=1.002s
idle256 2 d3t1-shared wall=0.890s cpu=0.833s
idle256 2 d3t2-shared wall=0.658s cpu=0.906s
idle256 2 d3t4-shared wall=0.666s cpu=0.958s
idle256 2 d3t8-shared wall=0.685s cpu=0.980s
idle256 2 d8t1-owner wall=0.905s cpu=0.863s
idle256 2 d8t2-owner wall=0.628s cpu=0.859s
idle256 2 d8t4-owner wall=0.533s cpu=0.890s
idle256 2 d8t8-owner wall=0.687s cpu=1.046s
idle256 2 d8t1-shared wall=0.956s cpu=0.932s
idle256 2 d8t2-shared wall=0.705s cpu=0.937s
idle256 2 d8t4-shared wall=0.733s cpu=1.024s
idle256 2 d8t8-shared wall=0.675s cpu=1.047s
idle256 2 legacy-t1 wall=0.977s cpu=0.948s
idle256 2 legacy-t2 wall=0.712s cpu=0.955s
idle256 3 legacy-t4 wall=0.602s cpu=0.903s
idle256 3 legacy-t2 wall=0.726s cpu=0.962s
idle256 3 legacy-t1 wall=0.940s cpu=0.933s
idle256 3 d8t8-shared wall=0.653s cpu=0.998s
idle256 3 d8t4-shared wall=0.564s cpu=0.927s
idle256 3 d8t2-shared wall=0.648s cpu=0.862s
idle256 3 d8t1-shared wall=0.899s cpu=0.881s
idle256 3 d8t8-owner wall=0.663s cpu=0.987s
idle256 3 d8t4-owner wall=1.443s cpu=1.073s
idle256 3 d8t2-owner wall=1.783s cpu=1.146s
idle256 3 d8t1-owner wall=2.871s cpu=1.175s
idle256 3 d3t8-shared wall=1.200s cpu=1.118s
idle256 3 d3t4-shared wall=1.680s cpu=1.068s
idle256 3 d3t2-shared wall=1.172s cpu=1.101s
idle256 3 d3t1-shared wall=1.453s cpu=1.105s
idle256 3 d3t8-owner wall=1.118s cpu=1.177s
idle256 3 d3t4-owner wall=1.173s cpu=1.131s
idle256 3 d3t2-owner wall=1.020s cpu=1.037s
idle256 3 d3t1-owner wall=1.011s cpu=0.997s
idle256 3 d1t8-shared wall=1.140s cpu=1.160s
idle256 3 d1t4-shared wall=1.078s cpu=1.091s
idle256 3 d1t2-shared wall=0.944s cpu=0.992s
idle256 3 d1t1-shared wall=1.229s cpu=1.002s
idle256 3 d1t8-owner wall=0.844s cpu=1.130s
idle256 3 d1t4-owner wall=0.920s cpu=1.101s
idle256 3 d1t2-owner wall=0.756s cpu=0.971s
idle256 3 d1t1-owner wall=0.871s cpu=0.839s
idle256 3 legacy-t8 wall=0.708s cpu=1.004s
idle256 4 d1t1-owner wall=0.847s cpu=0.831s
idle256 4 d1t2-owner wall=0.668s cpu=0.859s
idle256 4 d1t4-owner wall=0.612s cpu=0.866s
idle256 4 d1t8-owner wall=0.622s cpu=0.964s
idle256 4 d1t1-shared wall=0.855s cpu=0.835s
idle256 4 d1t2-shared wall=0.648s cpu=0.836s
idle256 4 d1t4-shared wall=0.609s cpu=0.893s
idle256 4 d1t8-shared wall=0.655s cpu=1.023s
idle256 4 d3t1-owner wall=0.855s cpu=0.828s
idle256 4 d3t2-owner wall=0.702s cpu=0.949s
idle256 4 d3t4-owner wall=0.677s cpu=0.997s
idle256 4 d3t8-owner wall=0.634s cpu=0.985s
idle256 4 d3t1-shared wall=0.856s cpu=0.805s
idle256 4 d3t2-shared wall=0.688s cpu=0.948s
idle256 4 d3t4-shared wall=0.586s cpu=0.910s
idle256 4 d3t8-shared wall=0.601s cpu=0.969s
idle256 4 d8t1-owner wall=0.924s cpu=0.885s
idle256 4 d8t2-owner wall=0.713s cpu=0.909s
idle256 4 d8t4-owner wall=0.579s cpu=0.920s
idle256 4 d8t8-owner wall=0.654s cpu=0.961s
idle256 4 d8t1-shared wall=0.909s cpu=0.895s
idle256 4 d8t2-shared wall=0.630s cpu=0.845s
idle256 4 d8t4-shared wall=0.633s cpu=0.924s
idle256 4 d8t8-shared wall=0.613s cpu=0.966s
idle256 4 legacy-t1 wall=0.818s cpu=0.798s
idle256 4 legacy-t2 wall=0.719s cpu=0.968s
idle256 4 legacy-t4 wall=0.614s cpu=0.963s
idle256 4 legacy-t8 wall=0.638s cpu=0.973s
idle256 5 d1t1-owner wall=1.064s cpu=0.937s
idle256 5 legacy-t8 wall=0.615s cpu=0.984s
idle256 5 legacy-t4 wall=0.638s cpu=0.927s
idle256 5 legacy-t2 wall=0.703s cpu=0.893s
idle256 5 legacy-t1 wall=0.994s cpu=0.922s
idle256 5 d8t8-shared wall=0.696s cpu=1.095s
idle256 5 d8t4-shared wall=0.604s cpu=0.964s
idle256 5 d8t2-shared wall=0.673s cpu=0.948s
idle256 5 d8t1-shared wall=0.970s cpu=0.963s
idle256 5 d8t8-owner wall=0.639s cpu=1.025s
idle256 5 d8t4-owner wall=0.663s cpu=1.001s
idle256 5 d8t2-owner wall=0.843s cpu=1.078s
idle256 5 d8t1-owner wall=0.999s cpu=0.974s
idle256 5 d3t8-shared wall=0.645s cpu=1.033s
idle256 5 d3t4-shared wall=0.644s cpu=0.956s
idle256 5 d3t2-shared wall=0.636s cpu=0.885s
idle256 5 d3t1-shared wall=0.913s cpu=0.873s
idle256 5 d3t8-owner wall=0.583s cpu=0.916s
idle256 5 d3t4-owner wall=0.565s cpu=0.888s
idle256 5 d3t2-owner wall=0.607s cpu=0.836s
idle256 5 d3t1-owner wall=0.810s cpu=0.778s
idle256 5 d1t8-shared wall=0.597s cpu=0.966s
idle256 5 d1t4-shared wall=0.616s cpu=0.892s
idle256 5 d1t2-shared wall=0.623s cpu=0.818s
idle256 5 d1t1-shared wall=0.838s cpu=0.819s
idle256 5 d1t8-owner wall=0.607s cpu=0.959s
idle256 5 d1t4-owner wall=0.600s cpu=0.914s
idle256 5 d1t2-owner wall=0.701s cpu=0.919s
idle256 6 d1t4-owner wall=0.652s cpu=0.936s
idle256 6 d1t8-owner wall=0.730s cpu=1.098s
idle256 6 d1t1-shared wall=0.892s cpu=0.883s
idle256 6 d1t2-shared wall=0.627s cpu=0.847s
idle256 6 d1t4-shared wall=0.645s cpu=0.988s
idle256 6 d1t8-shared wall=0.720s cpu=1.122s
idle256 6 d3t1-owner wall=0.852s cpu=0.836s
idle256 6 d3t2-owner wall=0.631s cpu=0.873s
idle256 6 d3t4-owner wall=0.593s cpu=0.925s
idle256 6 d3t8-owner wall=0.584s cpu=0.973s
idle256 6 d3t1-shared wall=0.891s cpu=0.876s
idle256 6 d3t2-shared wall=0.656s cpu=0.897s
idle256 6 d3t4-shared wall=0.502s cpu=0.825s
idle256 6 d3t8-shared wall=0.565s cpu=0.947s
idle256 6 d8t1-owner wall=0.791s cpu=0.778s
idle256 6 d8t2-owner wall=0.628s cpu=0.871s
idle256 6 d8t4-owner wall=0.611s cpu=0.930s
idle256 6 d8t8-owner wall=0.588s cpu=0.911s
idle256 6 d8t1-shared wall=0.897s cpu=0.888s
idle256 6 d8t2-shared wall=0.663s cpu=0.876s
idle256 6 d8t4-shared wall=0.531s cpu=0.897s
idle256 6 d8t8-shared wall=0.601s cpu=1.000s
idle256 6 legacy-t1 wall=0.874s cpu=0.862s
idle256 6 legacy-t2 wall=0.662s cpu=0.889s
idle256 6 legacy-t4 wall=0.531s cpu=0.855s
idle256 6 legacy-t8 wall=0.585s cpu=0.918s
idle256 6 d1t1-owner wall=0.730s cpu=0.725s
idle256 6 d1t2-owner wall=0.737s cpu=0.898s
idle256 7 d1t4-owner wall=1.352s cpu=1.132s
idle256 7 d1t2-owner wall=1.059s cpu=1.063s
idle256 7 d1t1-owner wall=1.140s cpu=0.988s
idle256 7 legacy-t8 wall=0.680s cpu=1.003s
idle256 7 legacy-t4 wall=0.622s cpu=0.920s
idle256 7 legacy-t2 wall=0.679s cpu=0.900s
idle256 7 legacy-t1 wall=0.888s cpu=0.877s
idle256 7 d8t8-shared wall=0.645s cpu=1.039s
idle256 7 d8t4-shared wall=0.518s cpu=0.868s
idle256 7 d8t2-shared wall=0.635s cpu=0.865s
idle256 7 d8t1-shared wall=0.885s cpu=0.861s
idle256 7 d8t8-owner wall=0.659s cpu=1.022s
idle256 7 d8t4-owner wall=0.539s cpu=0.862s
idle256 7 d8t2-owner wall=0.606s cpu=0.845s
idle256 7 d8t1-owner wall=0.868s cpu=0.867s
idle256 7 d3t8-shared wall=0.581s cpu=0.939s
idle256 7 d3t4-shared wall=0.535s cpu=0.876s
idle256 7 d3t2-shared wall=0.644s cpu=0.880s
idle256 7 d3t1-shared wall=0.790s cpu=0.788s
idle256 7 d3t8-owner wall=0.570s cpu=0.951s
idle256 7 d3t4-owner wall=0.575s cpu=0.932s
idle256 7 d3t2-owner wall=0.653s cpu=0.902s
idle256 7 d3t1-owner wall=0.803s cpu=0.796s
idle256 7 d1t8-shared wall=0.567s cpu=0.908s
idle256 7 d1t4-shared wall=0.561s cpu=0.861s
idle256 7 d1t2-shared wall=0.614s cpu=0.817s
idle256 7 d1t1-shared wall=0.760s cpu=0.758s
idle256 7 d1t8-owner wall=0.492s cpu=0.866s
idle256 8 d1t1-shared wall=0.760s cpu=0.755s
idle256 8 d1t2-shared wall=0.568s cpu=0.753s
idle256 8 d1t4-shared wall=0.574s cpu=0.887s
idle256 8 d1t8-shared wall=0.698s cpu=1.149s
idle256 8 d3t1-owner wall=0.684s cpu=0.684s
idle256 8 d3t2-owner wall=0.565s cpu=0.764s
idle256 8 d3t4-owner wall=0.473s cpu=0.806s
idle256 8 d3t8-owner wall=0.479s cpu=0.856s
idle256 8 d3t1-shared wall=0.720s cpu=0.716s
idle256 8 d3t2-shared wall=0.539s cpu=0.737s
idle256 8 d3t4-shared wall=0.466s cpu=0.816s
idle256 8 d3t8-shared wall=0.464s cpu=0.852s
idle256 8 d8t1-owner wall=0.774s cpu=0.773s
idle256 8 d8t2-owner wall=0.582s cpu=0.807s
idle256 8 d8t4-owner wall=0.488s cpu=0.830s
idle256 8 d8t8-owner wall=0.474s cpu=0.859s
idle256 8 d8t1-shared wall=0.768s cpu=0.767s
idle256 8 d8t2-shared wall=0.621s cpu=0.894s
idle256 8 d8t4-shared wall=0.531s cpu=0.911s
idle256 8 d8t8-shared wall=0.531s cpu=0.910s
idle256 8 legacy-t1 wall=1.232s cpu=0.993s
idle256 8 legacy-t2 wall=1.460s cpu=1.111s
idle256 8 legacy-t4 wall=0.854s cpu=1.090s
idle256 8 legacy-t8 wall=0.638s cpu=1.015s
idle256 8 d1t1-owner wall=0.962s cpu=0.929s
idle256 8 d1t2-owner wall=0.672s cpu=0.898s
idle256 8 d1t4-owner wall=0.658s cpu=0.971s
idle256 8 d1t8-owner wall=0.607s cpu=1.007s
idle256 9 d1t1-shared wall=0.819s cpu=0.811s
idle256 9 d1t8-owner wall=0.532s cpu=0.892s
idle256 9 d1t4-owner wall=0.519s cpu=0.819s
idle256 9 d1t2-owner wall=0.537s cpu=0.731s
idle256 9 d1t1-owner wall=0.733s cpu=0.731s
idle256 9 legacy-t8 wall=0.510s cpu=0.845s
idle256 9 legacy-t4 wall=0.472s cpu=0.808s
idle256 9 legacy-t2 wall=0.578s cpu=0.798s
idle256 9 legacy-t1 wall=0.765s cpu=0.764s
idle256 9 d8t8-shared wall=0.522s cpu=0.915s
idle256 9 d8t4-shared wall=0.467s cpu=0.824s
idle256 9 d8t2-shared wall=0.614s cpu=0.870s
idle256 9 d8t1-shared wall=0.808s cpu=0.804s
idle256 9 d8t8-owner wall=0.527s cpu=0.940s
idle256 9 d8t4-owner wall=0.518s cpu=0.884s
idle256 9 d8t2-owner wall=0.578s cpu=0.796s
idle256 9 d8t1-owner wall=0.840s cpu=0.836s
idle256 9 d3t8-shared wall=0.513s cpu=0.953s
idle256 9 d3t4-shared wall=0.545s cpu=0.905s
idle256 9 d3t2-shared wall=0.556s cpu=0.764s
idle256 9 d3t1-shared wall=0.794s cpu=0.793s
idle256 9 d3t8-owner wall=0.507s cpu=0.896s
idle256 9 d3t4-owner wall=0.478s cpu=0.805s
idle256 9 d3t2-owner wall=0.556s cpu=0.762s
idle256 9 d3t1-owner wall=0.769s cpu=0.766s
idle256 9 d1t8-shared wall=0.508s cpu=0.855s
idle256 9 d1t4-shared wall=0.495s cpu=0.801s
idle256 9 d1t2-shared wall=0.530s cpu=0.728s
idle512 -1 d8t4-shared wall=1.032s cpu=2.547s
idle512 -1 d8t2-shared wall=1.820s cpu=2.729s
idle512 -1 d8t1-shared wall=3.112s cpu=2.720s
idle512 -1 d8t8-owner wall=1.330s cpu=3.066s
idle512 -1 d8t4-owner wall=1.162s cpu=2.605s
idle512 -1 d8t2-owner wall=1.593s cpu=2.595s
idle512 -1 d8t1-owner wall=2.038s cpu=2.032s
idle512 -1 d3t8-shared wall=0.864s cpu=2.358s
idle512 -1 d3t4-shared wall=0.884s cpu=2.113s
idle512 -1 d3t2-shared wall=1.263s cpu=2.115s
idle512 -1 d3t1-shared wall=1.978s cpu=1.970s
idle512 -1 d3t8-owner wall=2.058s cpu=3.245s
idle512 -1 d3t4-owner wall=2.590s cpu=3.208s
idle512 -1 d3t2-owner wall=1.996s cpu=2.967s
idle512 -1 d3t1-owner wall=2.654s cpu=2.497s
idle512 -1 d1t8-shared wall=1.475s cpu=2.979s
idle512 -1 d1t4-shared wall=1.274s cpu=2.644s
idle512 -1 d1t2-shared wall=1.463s cpu=2.380s
idle512 -1 d1t1-shared wall=2.044s cpu=2.038s
idle512 -1 d1t8-owner wall=0.930s cpu=2.388s
idle512 -1 d1t4-owner wall=0.966s cpu=2.075s
idle512 -1 d1t2-owner wall=1.162s cpu=1.884s
idle512 -1 d1t1-owner wall=1.875s cpu=1.870s
idle512 -1 legacy-t8 wall=0.920s cpu=2.495s
idle512 -1 legacy-t4 wall=0.875s cpu=2.087s
idle512 -1 legacy-t2 wall=1.272s cpu=2.063s
idle512 -1 legacy-t1 wall=1.988s cpu=1.986s
idle512 -1 d8t8-shared wall=0.847s cpu=2.407s
idle512 0 legacy-t1 wall=2.005s cpu=2.001s
idle512 0 legacy-t2 wall=1.239s cpu=2.013s
idle512 0 legacy-t4 wall=0.850s cpu=2.005s
idle512 0 legacy-t8 wall=0.796s cpu=2.179s
idle512 0 d1t1-owner wall=1.966s cpu=1.955s
idle512 0 d1t2-owner wall=1.250s cpu=2.027s
idle512 0 d1t4-owner wall=1.021s cpu=2.182s
idle512 0 d1t8-owner wall=0.888s cpu=2.426s
idle512 0 d1t1-shared wall=1.905s cpu=1.903s
idle512 0 d1t2-shared wall=1.162s cpu=1.905s
idle512 0 d1t4-shared wall=0.905s cpu=2.007s
idle512 0 d1t8-shared wall=0.921s cpu=2.421s
idle512 0 d3t1-owner wall=2.059s cpu=2.059s
idle512 0 d3t2-owner wall=1.269s cpu=2.098s
idle512 0 d3t4-owner wall=0.842s cpu=2.048s
idle512 0 d3t8-owner wall=0.722s cpu=2.198s
idle512 0 d3t1-shared wall=1.732s cpu=1.731s
idle512 0 d3t2-shared wall=1.034s cpu=1.712s
idle512 0 d3t4-shared wall=0.784s cpu=1.972s
idle512 0 d3t8-shared wall=0.722s cpu=2.249s
idle512 0 d8t1-owner wall=1.861s cpu=1.861s
idle512 0 d8t2-owner wall=1.140s cpu=1.901s
idle512 0 d8t4-owner wall=0.818s cpu=2.050s
idle512 0 d8t8-owner wall=0.774s cpu=2.300s
idle512 0 d8t1-shared wall=1.815s cpu=1.814s
idle512 0 d8t2-shared wall=1.118s cpu=1.870s
idle512 0 d8t4-shared wall=0.757s cpu=1.917s
idle512 0 d8t8-shared wall=0.733s cpu=2.335s
idle512 1 legacy-t1 wall=1.944s cpu=1.944s
idle512 1 d8t8-shared wall=0.751s cpu=2.354s
idle512 1 d8t4-shared wall=0.778s cpu=1.949s
idle512 1 d8t2-shared wall=1.188s cpu=1.977s
idle512 1 d8t1-shared wall=1.772s cpu=1.771s
idle512 1 d8t8-owner wall=1.764s cpu=2.905s
idle512 1 d8t4-owner wall=1.653s cpu=2.674s
idle512 1 d8t2-owner wall=2.047s cpu=2.645s
idle512 1 d8t1-owner wall=2.460s cpu=2.448s
idle512 1 d3t8-shared wall=0.998s cpu=2.858s
idle512 1 d3t4-shared wall=1.064s cpu=2.591s
idle512 1 d3t2-shared wall=1.338s cpu=2.177s
idle512 1 d3t1-shared wall=2.081s cpu=2.079s
idle512 1 d3t8-owner wall=0.808s cpu=2.393s
idle512 1 d3t4-owner wall=0.952s cpu=2.372s
idle512 1 d3t2-owner wall=1.197s cpu=1.991s
idle512 1 d3t1-owner wall=1.744s cpu=1.744s
idle512 1 d1t8-shared wall=0.753s cpu=2.142s
idle512 1 d1t4-shared wall=0.833s cpu=1.869s
idle512 1 d1t2-shared wall=1.175s cpu=1.958s
idle512 1 d1t1-shared wall=1.897s cpu=1.890s
idle512 1 d1t8-owner wall=0.759s cpu=2.174s
idle512 1 d1t4-owner wall=0.898s cpu=2.026s
idle512 1 d1t2-owner wall=1.073s cpu=1.765s
idle512 1 d1t1-owner wall=1.687s cpu=1.687s
idle512 1 legacy-t8 wall=0.733s cpu=2.154s
idle512 1 legacy-t4 wall=0.766s cpu=1.910s
idle512 1 legacy-t2 wall=1.035s cpu=1.716s
idle512 2 legacy-t4 wall=0.719s cpu=1.801s
idle512 2 legacy-t8 wall=0.715s cpu=2.122s
idle512 2 d1t1-owner wall=1.755s cpu=1.755s
idle512 2 d1t2-owner wall=1.080s cpu=1.774s
idle512 2 d1t4-owner wall=0.893s cpu=1.945s
idle512 2 d1t8-owner wall=0.783s cpu=2.231s
idle512 2 d1t1-shared wall=1.705s cpu=1.705s
idle512 2 d1t2-shared wall=1.044s cpu=1.715s
idle512 2 d1t4-shared wall=0.859s cpu=1.995s
idle512 2 d1t8-shared wall=0.804s cpu=2.213s
idle512 2 d3t1-owner wall=1.779s cpu=1.778s
idle512 2 d3t2-owner wall=1.018s cpu=1.684s
idle512 2 d3t4-owner wall=0.805s cpu=1.968s
idle512 2 d3t8-owner wall=0.736s cpu=2.219s
idle512 2 d3t1-shared wall=1.658s cpu=1.657s
idle512 2 d3t2-shared wall=1.026s cpu=1.698s
idle512 2 d3t4-shared wall=0.764s cpu=1.892s
idle512 2 d3t8-shared wall=0.765s cpu=2.284s
idle512 2 d8t1-owner wall=1.751s cpu=1.750s
idle512 2 d8t2-owner wall=1.126s cpu=1.878s
idle512 2 d8t4-owner wall=0.809s cpu=2.044s
idle512 2 d8t8-owner wall=0.742s cpu=2.182s
idle512 2 d8t1-shared wall=1.843s cpu=1.842s
idle512 2 d8t2-shared wall=1.219s cpu=2.028s
idle512 2 d8t4-shared wall=0.809s cpu=2.041s
idle512 2 d8t8-shared wall=0.754s cpu=2.345s
idle512 2 legacy-t1 wall=1.789s cpu=1.789s
idle512 2 legacy-t2 wall=1.109s cpu=1.822s
idle512 3 legacy-t4 wall=0.751s cpu=1.802s
idle512 3 legacy-t2 wall=1.043s cpu=1.725s
idle512 3 legacy-t1 wall=1.780s cpu=1.780s
idle512 3 d8t8-shared wall=0.731s cpu=2.267s
idle512 3 d8t4-shared wall=0.762s cpu=1.945s
idle512 3 d8t2-shared wall=1.076s cpu=1.793s
idle512 3 d8t1-shared wall=1.703s cpu=1.702s
idle512 3 d8t8-owner wall=0.782s cpu=2.353s
idle512 3 d8t4-owner wall=0.845s cpu=2.021s
idle512 3 d8t2-owner wall=1.282s cpu=2.104s
idle512 3 d8t1-owner wall=1.796s cpu=1.796s
idle512 3 d3t8-shared wall=0.766s cpu=2.379s
idle512 3 d3t4-shared wall=0.870s cpu=2.085s
idle512 3 d3t2-shared wall=1.113s cpu=1.823s
idle512 3 d3t1-shared wall=1.614s cpu=1.613s
idle512 3 d3t8-owner wall=0.760s cpu=2.311s
idle512 3 d3t4-owner wall=0.803s cpu=2.007s
idle512 3 d3t2-owner wall=1.130s cpu=1.888s
idle512 3 d3t1-owner wall=1.682s cpu=1.681s
idle512 3 d1t8-shared wall=0.821s cpu=2.397s
idle512 3 d1t4-shared wall=0.887s cpu=1.997s
idle512 3 d1t2-shared wall=1.158s cpu=1.883s
idle512 3 d1t1-shared wall=2.253s cpu=2.165s
idle512 3 d1t8-owner wall=1.603s cpu=2.898s
idle512 3 d1t4-owner wall=1.439s cpu=2.690s
idle512 3 d1t2-owner wall=1.800s cpu=2.569s
idle512 3 d1t1-owner wall=2.595s cpu=2.524s
idle512 3 legacy-t8 wall=1.323s cpu=3.114s
idle512 4 d1t1-owner wall=2.694s cpu=2.600s
idle512 4 d1t2-owner wall=1.709s cpu=2.600s
idle512 4 d1t4-owner wall=1.638s cpu=2.885s
idle512 4 d1t8-owner wall=1.449s cpu=3.057s
idle512 4 d1t1-shared wall=2.439s cpu=2.379s
idle512 4 d1t2-shared wall=2.128s cpu=2.720s
idle512 4 d1t4-shared wall=1.774s cpu=2.943s
idle512 4 d1t8-shared wall=1.515s cpu=3.198s
idle512 4 d3t1-owner wall=2.711s cpu=2.663s
idle512 4 d3t2-owner wall=1.604s cpu=2.570s
idle512 4 d3t4-owner wall=1.101s cpu=2.620s
idle512 4 d3t8-owner wall=2.006s cpu=3.090s
idle512 4 d3t1-shared wall=2.595s cpu=2.402s
idle512 4 d3t2-shared wall=1.269s cpu=2.090s
idle512 4 d3t4-shared wall=0.925s cpu=2.243s
idle512 4 d3t8-shared wall=0.877s cpu=2.598s
idle512 4 d8t1-owner wall=2.769s cpu=2.430s
idle512 4 d8t2-owner wall=3.257s cpu=2.867s
idle512 4 d8t4-owner wall=1.768s cpu=2.969s
idle512 4 d8t8-owner wall=1.612s cpu=3.250s
idle512 4 d8t1-shared wall=2.664s cpu=2.572s
idle512 4 d8t2-shared wall=2.358s cpu=3.704s
idle512 4 d8t4-shared wall=1.274s cpu=3.108s
idle512 4 d8t8-shared wall=0.788s cpu=2.499s
idle512 4 legacy-t1 wall=1.752s cpu=1.751s
idle512 4 legacy-t2 wall=1.169s cpu=1.925s
idle512 4 legacy-t4 wall=0.901s cpu=2.282s
idle512 4 legacy-t8 wall=0.765s cpu=2.310s
idle512 5 d1t1-owner wall=1.676s cpu=1.676s
idle512 5 legacy-t8 wall=0.799s cpu=2.321s
idle512 5 legacy-t4 wall=0.807s cpu=1.997s
idle512 5 legacy-t2 wall=1.321s cpu=2.201s
idle512 5 legacy-t1 wall=2.157s cpu=2.155s
idle512 5 d8t8-shared wall=0.741s cpu=2.412s
idle512 5 d8t4-shared wall=0.960s cpu=2.459s
idle512 5 d8t2-shared wall=1.705s cpu=2.803s
idle512 5 d8t1-shared wall=2.388s cpu=2.382s
idle512 5 d8t8-owner wall=0.917s cpu=2.531s
idle512 5 d8t4-owner wall=0.884s cpu=2.140s
idle512 5 d8t2-owner wall=1.212s cpu=2.028s
idle512 5 d8t1-owner wall=1.860s cpu=1.860s
idle512 5 d3t8-shared wall=0.769s cpu=2.305s
idle512 5 d3t4-shared wall=0.830s cpu=2.070s
idle512 5 d3t2-shared wall=1.235s cpu=2.036s
idle512 5 d3t1-shared wall=1.739s cpu=1.738s
idle512 5 d3t8-owner wall=0.765s cpu=2.310s
idle512 5 d3t4-owner wall=0.776s cpu=1.917s
idle512 5 d3t2-owner wall=1.073s cpu=1.764s
idle512 5 d3t1-owner wall=1.781s cpu=1.781s
idle512 5 d1t8-shared wall=0.870s cpu=2.352s
idle512 5 d1t4-shared wall=0.788s cpu=1.777s
idle512 5 d1t2-shared wall=1.147s cpu=1.902s
idle512 5 d1t1-shared wall=1.700s cpu=1.699s
idle512 5 d1t8-owner wall=0.769s cpu=2.384s
idle512 5 d1t4-owner wall=0.828s cpu=1.869s
idle512 5 d1t2-owner wall=1.081s cpu=1.752s
idle512 6 d1t4-owner wall=0.831s cpu=1.864s
idle512 6 d1t8-owner wall=0.746s cpu=2.151s
idle512 6 d1t1-shared wall=1.633s cpu=1.633s
idle512 6 d1t2-shared wall=1.061s cpu=1.741s
idle512 6 d1t4-shared wall=0.860s cpu=1.963s
idle512 6 d1t8-shared wall=0.785s cpu=2.310s
idle512 6 d3t1-owner wall=1.786s cpu=1.786s
idle512 6 d3t2-owner wall=1.219s cpu=2.023s
idle512 6 d3t4-owner wall=0.907s cpu=2.140s
idle512 6 d3t8-owner wall=0.800s cpu=2.432s
idle512 6 d3t1-shared wall=2.482s cpu=2.075s
idle512 6 d3t2-shared wall=2.766s cpu=2.679s
idle512 6 d3t4-shared wall=2.851s cpu=2.873s
idle512 6 d3t8-shared wall=1.643s cpu=2.952s
idle512 6 d8t1-owner wall=2.833s cpu=2.588s
idle512 6 d8t2-owner wall=1.615s cpu=2.629s
idle512 6 d8t4-owner wall=1.232s cpu=2.754s
idle512 6 d8t8-owner wall=1.062s cpu=2.797s
idle512 6 d8t1-shared wall=1.941s cpu=1.940s
idle512 6 d8t2-shared wall=1.211s cpu=2.032s
idle512 6 d8t4-shared wall=0.852s cpu=2.063s
idle512 6 d8t8-shared wall=0.762s cpu=2.346s
idle512 6 legacy-t1 wall=1.931s cpu=1.930s
idle512 6 legacy-t2 wall=1.378s cpu=2.204s
idle512 6 legacy-t4 wall=0.899s cpu=2.232s
idle512 6 legacy-t8 wall=0.997s cpu=2.655s
idle512 6 d1t1-owner wall=1.684s cpu=1.683s
idle512 6 d1t2-owner wall=1.147s cpu=1.898s
idle512 7 d1t4-owner wall=0.864s cpu=1.934s
idle512 7 d1t2-owner wall=1.033s cpu=1.683s
idle512 7 d1t1-owner wall=1.636s cpu=1.636s
idle512 7 legacy-t8 wall=0.880s cpu=2.582s
idle512 7 legacy-t4 wall=0.835s cpu=1.994s
idle512 7 legacy-t2 wall=1.097s cpu=1.813s
idle512 7 legacy-t1 wall=1.846s cpu=1.846s
idle512 7 d8t8-shared wall=0.752s cpu=2.247s
idle512 7 d8t4-shared wall=0.735s cpu=1.846s
idle512 7 d8t2-shared wall=1.103s cpu=1.842s
idle512 7 d8t1-shared wall=1.900s cpu=1.900s
idle512 7 d8t8-owner wall=1.029s cpu=2.795s
idle512 7 d8t4-owner wall=0.888s cpu=2.107s
idle512 7 d8t2-owner wall=1.165s cpu=1.939s
idle512 7 d8t1-owner wall=1.851s cpu=1.850s
idle512 7 d3t8-shared wall=0.815s cpu=2.473s
idle512 7 d3t4-shared wall=0.833s cpu=1.940s
idle512 7 d3t2-shared wall=1.176s cpu=1.952s
idle512 7 d3t1-shared wall=1.759s cpu=1.758s
idle512 7 d3t8-owner wall=1.230s cpu=2.730s
idle512 7 d3t4-owner wall=1.239s cpu=2.720s
idle512 7 d3t2-owner wall=1.596s cpu=2.467s
idle512 7 d3t1-owner wall=2.348s cpu=2.332s
idle512 7 d1t8-shared wall=1.190s cpu=2.920s
idle512 7 d1t4-shared wall=1.184s cpu=2.570s
idle512 7 d1t2-shared wall=1.595s cpu=2.559s
idle512 7 d1t1-shared wall=2.587s cpu=2.505s
idle512 7 d1t8-owner wall=1.231s cpu=3.067s
idle512 8 d1t1-shared wall=2.148s cpu=2.145s
idle512 8 d1t2-shared wall=1.378s cpu=2.262s
idle512 8 d1t4-shared wall=2.564s cpu=3.029s
idle512 8 d1t8-shared wall=1.735s cpu=3.102s
idle512 8 d3t1-owner wall=2.580s cpu=2.556s
idle512 8 d3t2-owner wall=1.735s cpu=2.743s
idle512 8 d3t4-owner wall=1.273s cpu=2.884s
idle512 8 d3t8-owner wall=2.574s cpu=3.250s
idle512 8 d3t1-shared wall=2.959s cpu=2.635s
idle512 8 d3t2-shared wall=2.161s cpu=2.729s
idle512 8 d3t4-shared wall=1.314s cpu=2.894s
idle512 8 d3t8-shared wall=0.791s cpu=2.402s
idle512 8 d8t1-owner wall=1.854s cpu=1.853s
idle512 8 d8t2-owner wall=1.178s cpu=1.973s
idle512 8 d8t4-owner wall=0.793s cpu=1.996s
idle512 8 d8t8-owner wall=0.716s cpu=2.090s
idle512 8 d8t1-shared wall=1.910s cpu=1.908s
idle512 8 d8t2-shared wall=1.145s cpu=1.914s
idle512 8 d8t4-shared wall=0.814s cpu=2.000s
idle512 8 d8t8-shared wall=0.807s cpu=2.447s
idle512 8 legacy-t1 wall=1.701s cpu=1.700s
idle512 8 legacy-t2 wall=1.109s cpu=1.846s
idle512 8 legacy-t4 wall=0.770s cpu=1.917s
idle512 8 legacy-t8 wall=0.716s cpu=2.123s
idle512 8 d1t1-owner wall=1.716s cpu=1.716s
idle512 8 d1t2-owner wall=1.046s cpu=1.723s
idle512 8 d1t4-owner wall=0.827s cpu=1.866s
idle512 8 d1t8-owner wall=0.765s cpu=2.231s
idle512 9 d1t1-shared wall=1.578s cpu=1.577s
idle512 9 d1t8-owner wall=0.756s cpu=2.186s
idle512 9 d1t4-owner wall=0.872s cpu=1.996s
idle512 9 d1t2-owner wall=1.087s cpu=1.768s
idle512 9 d1t1-owner wall=1.713s cpu=1.713s
idle512 9 legacy-t8 wall=0.746s cpu=2.201s
idle512 9 legacy-t4 wall=0.767s cpu=1.886s
idle512 9 legacy-t2 wall=1.090s cpu=1.770s
idle512 9 legacy-t1 wall=1.693s cpu=1.692s
idle512 9 d8t8-shared wall=0.698s cpu=2.123s
idle512 9 d8t4-shared wall=0.763s cpu=1.930s
idle512 9 d8t2-shared wall=1.059s cpu=1.768s
idle512 9 d8t1-shared wall=1.691s cpu=1.690s
idle512 9 d8t8-owner wall=0.731s cpu=2.199s
idle512 9 d8t4-owner wall=0.762s cpu=1.875s
idle512 9 d8t2-owner wall=1.064s cpu=1.759s
idle512 9 d8t1-owner wall=1.714s cpu=1.714s
idle512 9 d3t8-shared wall=0.745s cpu=2.151s
idle512 9 d3t4-shared wall=0.765s cpu=1.900s
idle512 9 d3t2-shared wall=1.120s cpu=1.856s
idle512 9 d3t1-shared wall=1.833s cpu=1.833s
idle512 9 d3t8-owner wall=0.764s cpu=2.196s
idle512 9 d3t4-owner wall=0.738s cpu=1.831s
idle512 9 d3t2-owner wall=1.044s cpu=1.740s
idle512 9 d3t1-owner wall=1.613s cpu=1.613s
idle512 9 d1t8-shared wall=0.777s cpu=2.176s
idle512 9 d1t4-shared wall=0.825s cpu=1.898s
idle512 9 d1t2-shared wall=1.046s cpu=1.721s
ai128 -1 d8t4-shared wall=0.283s cpu=0.363s
ai128 -1 d8t2-shared wall=0.297s cpu=0.342s
ai128 -1 d8t1-shared wall=0.311s cpu=0.311s
ai128 -1 d8t8-owner wall=0.343s cpu=0.436s
ai128 -1 d8t4-owner wall=0.339s cpu=0.433s
ai128 -1 d8t2-owner wall=0.311s cpu=0.356s
ai128 -1 d8t1-owner wall=0.353s cpu=0.353s
ai128 -1 d3t8-shared wall=0.334s cpu=0.447s
ai128 -1 d3t4-shared wall=0.302s cpu=0.371s
ai128 -1 d3t2-shared wall=0.326s cpu=0.373s
ai128 -1 d3t1-shared wall=0.330s cpu=0.330s
ai128 -1 d3t8-owner wall=0.313s cpu=0.403s
ai128 -1 d3t4-owner wall=0.270s cpu=0.316s
ai128 -1 d3t2-owner wall=0.274s cpu=0.301s
ai128 -1 d3t1-owner wall=0.307s cpu=0.306s
ai128 -1 d1t8-shared wall=0.301s cpu=0.401s
ai128 -1 d1t4-shared wall=0.273s cpu=0.338s
ai128 -1 d1t2-shared wall=0.273s cpu=0.302s
ai128 -1 d1t1-shared wall=0.303s cpu=0.303s
ai128 -1 d1t8-owner wall=0.302s cpu=0.377s
ai128 -1 d1t4-owner wall=0.305s cpu=0.373s
ai128 -1 d1t2-owner wall=0.296s cpu=0.326s
ai128 -1 d1t1-owner wall=0.319s cpu=0.319s
ai128 -1 legacy-t8 wall=0.290s cpu=0.378s
ai128 -1 legacy-t4 wall=0.283s cpu=0.360s
ai128 -1 legacy-t2 wall=0.284s cpu=0.319s
ai128 -1 legacy-t1 wall=0.331s cpu=0.331s
ai128 -1 d8t8-shared wall=0.301s cpu=0.411s
ai128 0 legacy-t1 wall=0.321s cpu=0.319s
ai128 0 legacy-t2 wall=0.332s cpu=0.379s
ai128 0 legacy-t4 wall=0.297s cpu=0.357s
ai128 0 legacy-t8 wall=0.299s cpu=0.394s
ai128 0 d1t1-owner wall=0.303s cpu=0.303s
ai128 0 d1t2-owner wall=0.303s cpu=0.338s
ai128 0 d1t4-owner wall=0.284s cpu=0.333s
ai128 0 d1t8-owner wall=0.308s cpu=0.421s
ai128 0 d1t1-shared wall=0.289s cpu=0.289s
ai128 0 d1t2-shared wall=0.290s cpu=0.329s
ai128 0 d1t4-shared wall=0.294s cpu=0.349s
ai128 0 d1t8-shared wall=0.305s cpu=0.397s
ai128 0 d3t1-owner wall=0.308s cpu=0.308s
ai128 0 d3t2-owner wall=0.320s cpu=0.354s
ai128 0 d3t4-owner wall=0.340s cpu=0.412s
ai128 0 d3t8-owner wall=0.298s cpu=0.380s
ai128 0 d3t1-shared wall=0.320s cpu=0.320s
ai128 0 d3t2-shared wall=0.329s cpu=0.372s
ai128 0 d3t4-shared wall=0.304s cpu=0.372s
ai128 0 d3t8-shared wall=0.294s cpu=0.398s
ai128 0 d8t1-owner wall=0.359s cpu=0.359s
ai128 0 d8t2-owner wall=0.343s cpu=0.392s
ai128 0 d8t4-owner wall=0.339s cpu=0.411s
ai128 0 d8t8-owner wall=0.312s cpu=0.401s
ai128 0 d8t1-shared wall=0.323s cpu=0.323s
ai128 0 d8t2-shared wall=0.314s cpu=0.362s
ai128 0 d8t4-shared wall=0.300s cpu=0.360s
ai128 0 d8t8-shared wall=0.339s cpu=0.427s
ai128 1 legacy-t1 wall=0.312s cpu=0.312s
ai128 1 d8t8-shared wall=0.340s cpu=0.425s
ai128 1 d8t4-shared wall=0.341s cpu=0.404s
ai128 1 d8t2-shared wall=0.325s cpu=0.373s
ai128 1 d8t1-shared wall=0.321s cpu=0.321s
ai128 1 d8t8-owner wall=0.295s cpu=0.386s
ai128 1 d8t4-owner wall=0.300s cpu=0.370s
ai128 1 d8t2-owner wall=0.301s cpu=0.337s
ai128 1 d8t1-owner wall=0.331s cpu=0.330s
ai128 1 d3t8-shared wall=0.300s cpu=0.379s
ai128 1 d3t4-shared wall=0.272s cpu=0.328s
ai128 1 d3t2-shared wall=0.307s cpu=0.341s
ai128 1 d3t1-shared wall=0.327s cpu=0.326s
ai128 1 d3t8-owner wall=0.322s cpu=0.415s
ai128 1 d3t4-owner wall=0.314s cpu=0.382s
ai128 1 d3t2-owner wall=0.327s cpu=0.368s
ai128 1 d3t1-owner wall=0.306s cpu=0.305s
ai128 1 d1t8-shared wall=0.307s cpu=0.403s
ai128 1 d1t4-shared wall=0.336s cpu=0.390s
ai128 1 d1t2-shared wall=0.299s cpu=0.327s
ai128 1 d1t1-shared wall=0.326s cpu=0.325s
ai128 1 d1t8-owner wall=0.315s cpu=0.409s
ai128 1 d1t4-owner wall=0.291s cpu=0.347s
ai128 1 d1t2-owner wall=0.312s cpu=0.357s
ai128 1 d1t1-owner wall=0.329s cpu=0.329s
ai128 1 legacy-t8 wall=0.314s cpu=0.409s
ai128 1 legacy-t4 wall=0.315s cpu=0.370s
ai128 1 legacy-t2 wall=0.331s cpu=0.363s
ai128 2 legacy-t4 wall=0.292s cpu=0.340s
ai128 2 legacy-t8 wall=0.301s cpu=0.374s
ai128 2 d1t1-owner wall=0.324s cpu=0.323s
ai128 2 d1t2-owner wall=0.319s cpu=0.351s
ai128 2 d1t4-owner wall=0.287s cpu=0.336s
ai128 2 d1t8-owner wall=0.303s cpu=0.402s
ai128 2 d1t1-shared wall=0.396s cpu=0.395s
ai128 2 d1t2-shared wall=0.341s cpu=0.384s
ai128 2 d1t4-shared wall=0.325s cpu=0.407s
ai128 2 d1t8-shared wall=0.275s cpu=0.349s
ai128 2 d3t1-owner wall=0.302s cpu=0.302s
ai128 2 d3t2-owner wall=0.323s cpu=0.363s
ai128 2 d3t4-owner wall=0.297s cpu=0.360s
ai128 2 d3t8-owner wall=0.319s cpu=0.419s
ai128 2 d3t1-shared wall=0.304s cpu=0.304s
ai128 2 d3t2-shared wall=0.287s cpu=0.323s
ai128 2 d3t4-shared wall=0.312s cpu=0.383s
ai128 2 d3t8-shared wall=0.290s cpu=0.370s
ai128 2 d8t1-owner wall=0.308s cpu=0.307s
ai128 2 d8t2-owner wall=0.314s cpu=0.359s
ai128 2 d8t4-owner wall=0.303s cpu=0.371s
ai128 2 d8t8-owner wall=0.313s cpu=0.401s
ai128 2 d8t1-shared wall=0.316s cpu=0.315s
ai128 2 d8t2-shared wall=0.308s cpu=0.340s
ai128 2 d8t4-shared wall=0.291s cpu=0.352s
ai128 2 d8t8-shared wall=0.300s cpu=0.401s
ai128 2 legacy-t1 wall=0.364s cpu=0.364s
ai128 2 legacy-t2 wall=0.304s cpu=0.339s
ai128 3 legacy-t4 wall=0.330s cpu=0.396s
ai128 3 legacy-t2 wall=0.362s cpu=0.401s
ai128 3 legacy-t1 wall=0.418s cpu=0.416s
ai128 3 d8t8-shared wall=0.318s cpu=0.391s
ai128 3 d8t4-shared wall=0.325s cpu=0.385s
ai128 3 d8t2-shared wall=0.368s cpu=0.421s
ai128 3 d8t1-shared wall=0.372s cpu=0.372s
ai128 3 d8t8-owner wall=0.331s cpu=0.418s
ai128 3 d8t4-owner wall=0.356s cpu=0.423s
ai128 3 d8t2-owner wall=0.389s cpu=0.456s
ai128 3 d8t1-owner wall=0.323s cpu=0.322s
ai128 3 d3t8-shared wall=0.304s cpu=0.395s
ai128 3 d3t4-shared wall=0.290s cpu=0.351s
ai128 3 d3t2-shared wall=0.290s cpu=0.328s
ai128 3 d3t1-shared wall=0.321s cpu=0.320s
ai128 3 d3t8-owner wall=0.286s cpu=0.361s
ai128 3 d3t4-owner wall=0.308s cpu=0.393s
ai128 3 d3t2-owner wall=0.310s cpu=0.354s
ai128 3 d3t1-owner wall=0.319s cpu=0.319s
ai128 3 d1t8-shared wall=0.293s cpu=0.395s
ai128 3 d1t4-shared wall=0.309s cpu=0.386s
ai128 3 d1t2-shared wall=0.303s cpu=0.337s
ai128 3 d1t1-shared wall=0.367s cpu=0.367s
ai128 3 d1t8-owner wall=0.479s cpu=0.561s
ai128 3 d1t4-owner wall=0.463s cpu=0.526s
ai128 3 d1t2-owner wall=0.365s cpu=0.395s
ai128 3 d1t1-owner wall=0.374s cpu=0.373s
ai128 3 legacy-t8 wall=0.332s cpu=0.416s
ai128 4 d1t1-owner wall=0.417s cpu=0.416s
ai128 4 d1t2-owner wall=0.420s cpu=0.463s
ai128 4 d1t4-owner wall=0.507s cpu=0.574s
ai128 4 d1t8-owner wall=0.459s cpu=0.562s
ai128 4 d1t1-shared wall=0.401s cpu=0.401s
ai128 4 d1t2-shared wall=0.307s cpu=0.343s
ai128 4 d1t4-shared wall=0.349s cpu=0.414s
ai128 4 d1t8-shared wall=0.409s cpu=0.513s
ai128 4 d3t1-owner wall=0.394s cpu=0.394s
ai128 4 d3t2-owner wall=0.339s cpu=0.385s
ai128 4 d3t4-owner wall=0.327s cpu=0.396s
ai128 4 d3t8-owner wall=0.315s cpu=0.401s
ai128 4 d3t1-shared wall=0.344s cpu=0.344s
ai128 4 d3t2-shared wall=0.302s cpu=0.330s
ai128 4 d3t4-shared wall=0.297s cpu=0.350s
ai128 4 d3t8-shared wall=0.323s cpu=0.415s
ai128 4 d8t1-owner wall=0.374s cpu=0.374s
ai128 4 d8t2-owner wall=0.318s cpu=0.361s
ai128 4 d8t4-owner wall=0.313s cpu=0.387s
ai128 4 d8t8-owner wall=0.303s cpu=0.368s
ai128 4 d8t1-shared wall=0.306s cpu=0.306s
ai128 4 d8t2-shared wall=0.316s cpu=0.366s
ai128 4 d8t4-shared wall=0.269s cpu=0.326s
ai128 4 d8t8-shared wall=0.285s cpu=0.364s
ai128 4 legacy-t1 wall=0.303s cpu=0.303s
ai128 4 legacy-t2 wall=0.288s cpu=0.321s
ai128 4 legacy-t4 wall=0.274s cpu=0.321s
ai128 4 legacy-t8 wall=0.287s cpu=0.354s
ai128 5 d1t1-owner wall=0.326s cpu=0.325s
ai128 5 legacy-t8 wall=0.293s cpu=0.370s
ai128 5 legacy-t4 wall=0.308s cpu=0.361s
ai128 5 legacy-t2 wall=0.323s cpu=0.366s
ai128 5 legacy-t1 wall=0.322s cpu=0.322s
ai128 5 d8t8-shared wall=0.294s cpu=0.375s
ai128 5 d8t4-shared wall=0.341s cpu=0.412s
ai128 5 d8t2-shared wall=0.359s cpu=0.407s
ai128 5 d8t1-shared wall=0.334s cpu=0.333s
ai128 5 d8t8-owner wall=0.304s cpu=0.388s
ai128 5 d8t4-owner wall=0.326s cpu=0.375s
ai128 5 d8t2-owner wall=0.358s cpu=0.409s
ai128 5 d8t1-owner wall=0.371s cpu=0.371s
ai128 5 d3t8-shared wall=0.324s cpu=0.426s
ai128 5 d3t4-shared wall=0.388s cpu=0.475s
ai128 5 d3t2-shared wall=0.352s cpu=0.403s
ai128 5 d3t1-shared wall=0.435s cpu=0.434s
ai128 5 d3t8-owner wall=0.377s cpu=0.458s
ai128 5 d3t4-owner wall=0.365s cpu=0.421s
ai128 5 d3t2-owner wall=0.317s cpu=0.346s
ai128 5 d3t1-owner wall=0.329s cpu=0.329s
ai128 5 d1t8-shared wall=0.272s cpu=0.340s
ai128 5 d1t4-shared wall=0.317s cpu=0.379s
ai128 5 d1t2-shared wall=0.353s cpu=0.397s
ai128 5 d1t1-shared wall=0.404s cpu=0.404s
ai128 5 d1t8-owner wall=0.380s cpu=0.463s
ai128 5 d1t4-owner wall=0.357s cpu=0.415s
ai128 5 d1t2-owner wall=0.346s cpu=0.382s
ai128 6 d1t4-owner wall=0.330s cpu=0.400s
ai128 6 d1t8-owner wall=0.312s cpu=0.409s
ai128 6 d1t1-shared wall=0.309s cpu=0.309s
ai128 6 d1t2-shared wall=0.305s cpu=0.345s
ai128 6 d1t4-shared wall=0.330s cpu=0.398s
ai128 6 d1t8-shared wall=0.329s cpu=0.435s
ai128 6 d3t1-owner wall=0.345s cpu=0.345s
ai128 6 d3t2-owner wall=0.305s cpu=0.343s
ai128 6 d3t4-owner wall=0.321s cpu=0.388s
ai128 6 d3t8-owner wall=0.319s cpu=0.405s
ai128 6 d3t1-shared wall=0.335s cpu=0.335s
ai128 6 d3t2-shared wall=0.292s cpu=0.320s
ai128 6 d3t4-shared wall=0.279s cpu=0.323s
ai128 6 d3t8-shared wall=0.271s cpu=0.338s
ai128 6 d8t1-owner wall=0.326s cpu=0.326s
ai128 6 d8t2-owner wall=0.313s cpu=0.357s
ai128 6 d8t4-owner wall=0.357s cpu=0.421s
ai128 6 d8t8-owner wall=0.331s cpu=0.415s
ai128 6 d8t1-shared wall=0.339s cpu=0.338s
ai128 6 d8t2-shared wall=0.313s cpu=0.342s
ai128 6 d8t4-shared wall=0.303s cpu=0.357s
ai128 6 d8t8-shared wall=0.311s cpu=0.380s
ai128 6 legacy-t1 wall=0.326s cpu=0.325s
ai128 6 legacy-t2 wall=0.326s cpu=0.370s
ai128 6 legacy-t4 wall=0.273s cpu=0.327s
ai128 6 legacy-t8 wall=0.303s cpu=0.380s
ai128 6 d1t1-owner wall=0.353s cpu=0.353s
ai128 6 d1t2-owner wall=0.389s cpu=0.421s
ai128 7 d1t4-owner wall=0.341s cpu=0.393s
ai128 7 d1t2-owner wall=0.312s cpu=0.342s
ai128 7 d1t1-owner wall=0.370s cpu=0.369s
ai128 7 legacy-t8 wall=0.290s cpu=0.361s
ai128 7 legacy-t4 wall=0.293s cpu=0.344s
ai128 7 legacy-t2 wall=0.279s cpu=0.308s
ai128 7 legacy-t1 wall=0.312s cpu=0.311s
ai128 7 d8t8-shared wall=0.310s cpu=0.414s
ai128 7 d8t4-shared wall=0.311s cpu=0.391s
ai128 7 d8t2-shared wall=0.388s cpu=0.439s
ai128 7 d8t1-shared wall=0.376s cpu=0.376s
ai128 7 d8t8-owner wall=0.360s cpu=0.439s
ai128 7 d8t4-owner wall=0.345s cpu=0.406s
ai128 7 d8t2-owner wall=0.335s cpu=0.387s
ai128 7 d8t1-owner wall=0.327s cpu=0.327s
ai128 7 d3t8-shared wall=0.313s cpu=0.405s
ai128 7 d3t4-shared wall=0.327s cpu=0.399s
ai128 7 d3t2-shared wall=0.322s cpu=0.365s
ai128 7 d3t1-shared wall=0.357s cpu=0.357s
ai128 7 d3t8-owner wall=0.315s cpu=0.393s
ai128 7 d3t4-owner wall=0.301s cpu=0.355s
ai128 7 d3t2-owner wall=0.323s cpu=0.361s
ai128 7 d3t1-owner wall=0.374s cpu=0.373s
ai128 7 d1t8-shared wall=0.314s cpu=0.408s
ai128 7 d1t4-shared wall=0.303s cpu=0.369s
ai128 7 d1t2-shared wall=0.305s cpu=0.340s
ai128 7 d1t1-shared wall=0.338s cpu=0.338s
ai128 7 d1t8-owner wall=0.369s cpu=0.459s
ai128 8 d1t1-shared wall=0.374s cpu=0.374s
ai128 8 d1t2-shared wall=0.365s cpu=0.408s
ai128 8 d1t4-shared wall=0.344s cpu=0.402s
ai128 8 d1t8-shared wall=0.331s cpu=0.412s
ai128 8 d3t1-owner wall=0.375s cpu=0.374s
ai128 8 d3t2-owner wall=0.316s cpu=0.353s
ai128 8 d3t4-owner wall=0.332s cpu=0.396s
ai128 8 d3t8-owner wall=0.358s cpu=0.446s
ai128 8 d3t1-shared wall=0.330s cpu=0.330s
ai128 8 d3t2-shared wall=0.322s cpu=0.366s
ai128 8 d3t4-shared wall=0.292s cpu=0.351s
ai128 8 d3t8-shared wall=0.303s cpu=0.396s
ai128 8 d8t1-owner wall=0.329s cpu=0.329s
ai128 8 d8t2-owner wall=0.292s cpu=0.322s
ai128 8 d8t4-owner wall=0.274s cpu=0.325s
ai128 8 d8t8-owner wall=0.292s cpu=0.376s
ai128 8 d8t1-shared wall=0.329s cpu=0.329s
ai128 8 d8t2-shared wall=0.308s cpu=0.352s
ai128 8 d8t4-shared wall=0.290s cpu=0.356s
ai128 8 d8t8-shared wall=0.276s cpu=0.364s
ai128 8 legacy-t1 wall=0.311s cpu=0.311s
ai128 8 legacy-t2 wall=0.303s cpu=0.338s
ai128 8 legacy-t4 wall=0.289s cpu=0.355s
ai128 8 legacy-t8 wall=0.285s cpu=0.375s
ai128 8 d1t1-owner wall=0.295s cpu=0.294s
ai128 8 d1t2-owner wall=0.282s cpu=0.311s
ai128 8 d1t4-owner wall=0.306s cpu=0.369s
ai128 8 d1t8-owner wall=0.282s cpu=0.361s
ai128 9 d1t1-shared wall=0.316s cpu=0.316s
ai128 9 d1t8-owner wall=0.280s cpu=0.376s
ai128 9 d1t4-owner wall=0.283s cpu=0.345s
ai128 9 d1t2-owner wall=0.298s cpu=0.336s
ai128 9 d1t1-owner wall=0.332s cpu=0.331s
ai128 9 legacy-t8 wall=0.286s cpu=0.367s
ai128 9 legacy-t4 wall=0.275s cpu=0.325s
ai128 9 legacy-t2 wall=0.280s cpu=0.309s
ai128 9 legacy-t1 wall=0.301s cpu=0.300s
ai128 9 d8t8-shared wall=0.288s cpu=0.383s
ai128 9 d8t4-shared wall=0.306s cpu=0.381s
ai128 9 d8t2-shared wall=0.321s cpu=0.358s
ai128 9 d8t1-shared wall=0.327s cpu=0.323s
ai128 9 d8t8-owner wall=0.326s cpu=0.422s
ai128 9 d8t4-owner wall=0.313s cpu=0.376s
ai128 9 d8t2-owner wall=0.298s cpu=0.338s
ai128 9 d8t1-owner wall=0.348s cpu=0.348s
ai128 9 d3t8-shared wall=0.283s cpu=0.356s
ai128 9 d3t4-shared wall=0.295s cpu=0.358s
ai128 9 d3t2-shared wall=0.329s cpu=0.359s
ai128 9 d3t1-shared wall=0.363s cpu=0.362s
ai128 9 d3t8-owner wall=0.371s cpu=0.458s
ai128 9 d3t4-owner wall=0.368s cpu=0.429s
ai128 9 d3t2-owner wall=0.329s cpu=0.371s
ai128 9 d3t1-owner wall=0.328s cpu=0.328s
ai128 9 d1t8-shared wall=0.314s cpu=0.419s
ai128 9 d1t4-shared wall=0.290s cpu=0.344s
ai128 9 d1t2-shared wall=0.305s cpu=0.340s
ai256 -1 d8t4-shared wall=0.385s cpu=0.581s
ai256 -1 d8t2-shared wall=0.453s cpu=0.598s
ai256 -1 d8t1-shared wall=0.526s cpu=0.526s
ai256 -1 d8t8-owner wall=0.399s cpu=0.656s
ai256 -1 d8t4-owner wall=0.445s cpu=0.706s
ai256 -1 d8t2-owner wall=0.467s cpu=0.619s
ai256 -1 d8t1-owner wall=0.559s cpu=0.558s
ai256 -1 d3t8-shared wall=0.421s cpu=0.737s
ai256 -1 d3t4-shared wall=0.486s cpu=0.776s
ai256 -1 d3t2-shared wall=0.508s cpu=0.653s
ai256 -1 d3t1-shared wall=0.563s cpu=0.563s
ai256 -1 d3t8-owner wall=0.459s cpu=0.754s
ai256 -1 d3t4-owner wall=0.412s cpu=0.639s
ai256 -1 d3t2-owner wall=0.443s cpu=0.588s
ai256 -1 d3t1-owner wall=0.518s cpu=0.517s
ai256 -1 d1t8-shared wall=0.381s cpu=0.663s
ai256 -1 d1t4-shared wall=0.399s cpu=0.592s
ai256 -1 d1t2-shared wall=0.432s cpu=0.540s
ai256 -1 d1t1-shared wall=0.514s cpu=0.514s
ai256 -1 d1t8-owner wall=0.387s cpu=0.677s
ai256 -1 d1t4-owner wall=0.393s cpu=0.586s
ai256 -1 d1t2-owner wall=0.427s cpu=0.528s
ai256 -1 d1t1-owner wall=0.595s cpu=0.594s
ai256 -1 legacy-t8 wall=0.541s cpu=0.880s
ai256 -1 legacy-t4 wall=0.487s cpu=0.724s
ai256 -1 legacy-t2 wall=0.492s cpu=0.638s
ai256 -1 legacy-t1 wall=0.531s cpu=0.531s
ai256 -1 d8t8-shared wall=0.410s cpu=0.739s
ai256 0 legacy-t1 wall=0.568s cpu=0.568s
ai256 0 legacy-t2 wall=0.446s cpu=0.582s
ai256 0 legacy-t4 wall=0.394s cpu=0.593s
ai256 0 legacy-t8 wall=0.392s cpu=0.648s
ai256 0 d1t1-owner wall=0.489s cpu=0.489s
ai256 0 d1t2-owner wall=0.474s cpu=0.609s
ai256 0 d1t4-owner wall=0.436s cpu=0.645s
ai256 0 d1t8-owner wall=0.377s cpu=0.634s
ai256 0 d1t1-shared wall=0.526s cpu=0.525s
ai256 0 d1t2-shared wall=0.504s cpu=0.643s
ai256 0 d1t4-shared wall=0.426s cpu=0.607s
ai256 0 d1t8-shared wall=0.413s cpu=0.706s
ai256 0 d3t1-owner wall=0.578s cpu=0.578s
ai256 0 d3t2-owner wall=0.437s cpu=0.575s
ai256 0 d3t4-owner wall=0.430s cpu=0.655s
ai256 0 d3t8-owner wall=0.455s cpu=0.755s
ai256 0 d3t1-shared wall=0.530s cpu=0.529s
ai256 0 d3t2-shared wall=0.490s cpu=0.626s
ai256 0 d3t4-shared wall=0.433s cpu=0.674s
ai256 0 d3t8-shared wall=0.398s cpu=0.680s
ai256 0 d8t1-owner wall=0.590s cpu=0.590s
ai256 0 d8t2-owner wall=0.488s cpu=0.646s
ai256 0 d8t4-owner wall=0.386s cpu=0.586s
ai256 0 d8t8-owner wall=0.378s cpu=0.636s
ai256 0 d8t1-shared wall=0.539s cpu=0.539s
ai256 0 d8t2-shared wall=0.433s cpu=0.558s
ai256 0 d8t4-shared wall=0.413s cpu=0.646s
ai256 0 d8t8-shared wall=0.406s cpu=0.720s
ai256 1 legacy-t1 wall=0.580s cpu=0.579s
ai256 1 d8t8-shared wall=0.389s cpu=0.706s
ai256 1 d8t4-shared wall=0.381s cpu=0.603s
ai256 1 d8t2-shared wall=0.407s cpu=0.527s
ai256 1 d8t1-shared wall=0.556s cpu=0.556s
ai256 1 d8t8-owner wall=0.416s cpu=0.735s
ai256 1 d8t4-owner wall=0.400s cpu=0.653s
ai256 1 d8t2-owner wall=0.450s cpu=0.594s
ai256 1 d8t1-owner wall=0.519s cpu=0.518s
ai256 1 d3t8-shared wall=0.413s cpu=0.721s
ai256 1 d3t4-shared wall=0.388s cpu=0.605s
ai256 1 d3t2-shared wall=0.436s cpu=0.567s
ai256 1 d3t1-shared wall=0.527s cpu=0.527s
ai256 1 d3t8-owner wall=0.445s cpu=0.764s
ai256 1 d3t4-owner wall=0.472s cpu=0.719s
ai256 1 d3t2-owner wall=0.429s cpu=0.547s
ai256 1 d3t1-owner wall=0.538s cpu=0.538s
ai256 1 d1t8-shared wall=0.403s cpu=0.705s
ai256 1 d1t4-shared wall=0.455s cpu=0.684s
ai256 1 d1t2-shared wall=0.440s cpu=0.559s
ai256 1 d1t1-shared wall=0.491s cpu=0.491s
ai256 1 d1t8-owner wall=0.424s cpu=0.714s
ai256 1 d1t4-owner wall=0.402s cpu=0.609s
ai256 1 d1t2-owner wall=0.457s cpu=0.577s
ai256 1 d1t1-owner wall=0.533s cpu=0.533s
ai256 1 legacy-t8 wall=0.444s cpu=0.711s
ai256 1 legacy-t4 wall=0.402s cpu=0.630s
ai256 1 legacy-t2 wall=0.481s cpu=0.626s
ai256 2 legacy-t4 wall=0.412s cpu=0.647s
ai256 2 legacy-t8 wall=0.489s cpu=0.771s
ai256 2 d1t1-owner wall=0.543s cpu=0.543s
ai256 2 d1t2-owner wall=0.485s cpu=0.618s
ai256 2 d1t4-owner wall=0.422s cpu=0.627s
ai256 2 d1t8-owner wall=0.434s cpu=0.711s
ai256 2 d1t1-shared wall=0.548s cpu=0.548s
ai256 2 d1t2-shared wall=0.478s cpu=0.608s
ai256 2 d1t4-shared wall=0.502s cpu=0.746s
ai256 2 d1t8-shared wall=0.483s cpu=0.825s
ai256 2 d3t1-owner wall=0.555s cpu=0.554s
ai256 2 d3t2-owner wall=0.583s cpu=0.775s
ai256 2 d3t4-owner wall=0.451s cpu=0.681s
ai256 2 d3t8-owner wall=0.476s cpu=0.816s
ai256 2 d3t1-shared wall=0.598s cpu=0.597s
ai256 2 d3t2-shared wall=0.501s cpu=0.641s
ai256 2 d3t4-shared wall=0.483s cpu=0.741s
ai256 2 d3t8-shared wall=0.457s cpu=0.781s
ai256 2 d8t1-owner wall=0.590s cpu=0.589s
ai256 2 d8t2-owner wall=0.453s cpu=0.605s
ai256 2 d8t4-owner wall=0.577s cpu=0.871s
ai256 2 d8t8-owner wall=0.529s cpu=0.870s
ai256 2 d8t1-shared wall=0.679s cpu=0.679s
ai256 2 d8t2-shared wall=0.538s cpu=0.722s
ai256 2 d8t4-shared wall=0.441s cpu=0.722s
ai256 2 d8t8-shared wall=0.450s cpu=0.765s
ai256 2 legacy-t1 wall=0.603s cpu=0.602s
ai256 2 legacy-t2 wall=0.716s cpu=0.953s
ai256 3 legacy-t4 wall=0.585s cpu=0.899s
ai256 3 legacy-t2 wall=0.755s cpu=0.984s
ai256 3 legacy-t1 wall=1.182s cpu=1.178s
ai256 3 d8t8-shared wall=0.727s cpu=1.227s
ai256 3 d8t4-shared wall=0.640s cpu=0.981s
ai256 3 d8t2-shared wall=0.595s cpu=0.804s
ai256 3 d8t1-shared wall=0.690s cpu=0.690s
ai256 3 d8t8-owner wall=0.555s cpu=0.978s
ai256 3 d8t4-owner wall=0.645s cpu=0.948s
ai256 3 d8t2-owner wall=0.614s cpu=0.837s
ai256 3 d8t1-owner wall=0.772s cpu=0.770s
ai256 3 d3t8-shared wall=0.618s cpu=1.020s
ai256 3 d3t4-shared wall=0.549s cpu=0.870s
ai256 3 d3t2-shared wall=0.638s cpu=0.866s
ai256 3 d3t1-shared wall=0.942s cpu=0.933s
ai256 3 d3t8-owner wall=0.593s cpu=0.996s
ai256 3 d3t4-owner wall=0.623s cpu=0.939s
ai256 3 d3t2-owner wall=0.789s cpu=1.017s
ai256 3 d3t1-owner wall=0.781s cpu=0.779s
ai256 3 d1t8-shared wall=0.628s cpu=1.058s
ai256 3 d1t4-shared wall=0.553s cpu=0.899s
ai256 3 d1t2-shared wall=0.694s cpu=0.944s
ai256 3 d1t1-shared wall=0.749s cpu=0.746s
ai256 3 d1t8-owner wall=0.519s cpu=0.961s
ai256 3 d1t4-owner wall=0.760s cpu=1.093s
ai256 3 d1t2-owner wall=0.648s cpu=0.813s
ai256 3 d1t1-owner wall=0.764s cpu=0.763s
ai256 3 legacy-t8 wall=0.531s cpu=0.903s
ai256 4 d1t1-owner wall=0.666s cpu=0.665s
ai256 4 d1t2-owner wall=0.584s cpu=0.784s
ai256 4 d1t4-owner wall=0.519s cpu=0.798s
ai256 4 d1t8-owner wall=0.580s cpu=0.974s
ai256 4 d1t1-shared wall=0.661s cpu=0.657s
ai256 4 d1t2-shared wall=0.822s cpu=1.159s
ai256 4 d1t4-shared wall=0.676s cpu=0.987s
ai256 4 d1t8-shared wall=0.853s cpu=1.307s
ai256 4 d3t1-owner wall=1.004s cpu=0.998s
ai256 4 d3t2-owner wall=0.827s cpu=1.075s
ai256 4 d3t4-owner wall=0.730s cpu=1.097s
ai256 4 d3t8-owner wall=0.779s cpu=1.249s
ai256 4 d3t1-shared wall=0.622s cpu=0.622s
ai256 4 d3t2-shared wall=0.674s cpu=0.865s
ai256 4 d3t4-shared wall=0.512s cpu=0.839s
ai256 4 d3t8-shared wall=0.579s cpu=1.022s
ai256 4 d8t1-owner wall=0.670s cpu=0.669s
ai256 4 d8t2-owner wall=0.614s cpu=0.840s
ai256 4 d8t4-owner wall=0.742s cpu=1.149s
ai256 4 d8t8-owner wall=0.749s cpu=1.212s
ai256 4 d8t1-shared wall=1.049s cpu=1.017s
ai256 4 d8t2-shared wall=0.583s cpu=0.787s
ai256 4 d8t4-shared wall=0.559s cpu=0.907s
ai256 4 d8t8-shared wall=0.660s cpu=1.099s
ai256 4 legacy-t1 wall=0.962s cpu=0.961s
ai256 4 legacy-t2 wall=0.744s cpu=0.954s
ai256 4 legacy-t4 wall=0.635s cpu=0.985s
ai256 4 legacy-t8 wall=0.552s cpu=0.941s
ai256 5 d1t1-owner wall=0.757s cpu=0.756s
ai256 5 legacy-t8 wall=0.527s cpu=0.972s
ai256 5 legacy-t4 wall=0.676s cpu=1.008s
ai256 5 legacy-t2 wall=0.556s cpu=0.769s
ai256 5 legacy-t1 wall=0.687s cpu=0.686s
ai256 5 d8t8-shared wall=0.527s cpu=0.947s
ai256 5 d8t4-shared wall=0.736s cpu=1.072s
ai256 5 d8t2-shared wall=0.808s cpu=1.088s
ai256 5 d8t1-shared wall=0.884s cpu=0.883s
ai256 5 d8t8-owner wall=0.565s cpu=0.944s
ai256 5 d8t4-owner wall=0.534s cpu=0.838s
ai256 5 d8t2-owner wall=0.501s cpu=0.669s
ai256 5 d8t1-owner wall=0.617s cpu=0.617s
ai256 5 d3t8-shared wall=0.541s cpu=0.971s
ai256 5 d3t4-shared wall=0.581s cpu=0.908s
ai256 5 d3t2-shared wall=0.792s cpu=1.020s
ai256 5 d3t1-shared wall=0.693s cpu=0.692s
ai256 5 d3t8-owner wall=0.576s cpu=0.961s
ai256 5 d3t4-owner wall=0.734s cpu=1.112s
ai256 5 d3t2-owner wall=0.766s cpu=0.967s
ai256 5 d3t1-owner wall=0.712s cpu=0.709s
ai256 5 d1t8-shared wall=0.616s cpu=1.011s
ai256 5 d1t4-shared wall=0.696s cpu=0.965s
ai256 5 d1t2-shared wall=0.603s cpu=0.771s
ai256 5 d1t1-shared wall=1.041s cpu=1.040s
ai256 5 d1t8-owner wall=0.644s cpu=1.027s
ai256 5 d1t4-owner wall=0.597s cpu=0.883s
ai256 5 d1t2-owner wall=0.526s cpu=0.702s
ai256 6 d1t4-owner wall=0.502s cpu=0.797s
ai256 6 d1t8-owner wall=0.499s cpu=0.882s
ai256 6 d1t1-shared wall=0.844s cpu=0.844s
ai256 6 d1t2-shared wall=0.914s cpu=1.136s
ai256 6 d1t4-shared wall=0.554s cpu=0.853s
ai256 6 d1t8-shared wall=0.545s cpu=1.005s
ai256 6 d3t1-owner wall=0.607s cpu=0.607s
ai256 6 d3t2-owner wall=0.522s cpu=0.707s
ai256 6 d3t4-owner wall=0.510s cpu=0.775s
ai256 6 d3t8-owner wall=0.450s cpu=0.812s
ai256 6 d3t1-shared wall=0.591s cpu=0.590s
ai256 6 d3t2-shared wall=0.553s cpu=0.748s
ai256 6 d3t4-shared wall=0.635s cpu=0.929s
ai256 6 d3t8-shared wall=0.685s cpu=1.161s
ai256 6 d8t1-owner wall=0.663s cpu=0.662s
ai256 6 d8t2-owner wall=0.505s cpu=0.670s
ai256 6 d8t4-owner wall=0.555s cpu=0.870s
ai256 6 d8t8-owner wall=0.539s cpu=0.953s
ai256 6 d8t1-shared wall=0.711s cpu=0.710s
ai256 6 d8t2-shared wall=0.510s cpu=0.661s
ai256 6 d8t4-shared wall=0.481s cpu=0.798s
ai256 6 d8t8-shared wall=0.552s cpu=0.947s
ai256 6 legacy-t1 wall=0.625s cpu=0.624s
ai256 6 legacy-t2 wall=0.853s cpu=1.105s
ai256 6 legacy-t4 wall=0.758s cpu=1.163s
ai256 6 legacy-t8 wall=0.567s cpu=0.958s
ai256 6 d1t1-owner wall=0.812s cpu=0.805s
ai256 6 d1t2-owner wall=0.540s cpu=0.695s
ai256 7 d1t4-owner wall=0.468s cpu=0.713s
ai256 7 d1t2-owner wall=0.613s cpu=0.790s
ai256 7 d1t1-owner wall=0.680s cpu=0.680s
ai256 7 legacy-t8 wall=0.527s cpu=0.897s
ai256 7 legacy-t4 wall=0.510s cpu=0.815s
ai256 7 legacy-t2 wall=0.547s cpu=0.763s
ai256 7 legacy-t1 wall=0.740s cpu=0.740s
ai256 7 d8t8-shared wall=0.754s cpu=1.184s
ai256 7 d8t4-shared wall=0.742s cpu=1.112s
ai256 7 d8t2-shared wall=0.580s cpu=0.793s
ai256 7 d8t1-shared wall=0.675s cpu=0.675s
ai256 7 d8t8-owner wall=0.550s cpu=0.968s
ai256 7 d8t4-owner wall=0.635s cpu=0.964s
ai256 7 d8t2-owner wall=0.678s cpu=0.893s
ai256 7 d8t1-owner wall=1.017s cpu=1.013s
ai256 7 d3t8-shared wall=0.661s cpu=1.035s
ai256 7 d3t4-shared wall=0.580s cpu=0.918s
ai256 7 d3t2-shared wall=0.614s cpu=0.818s
ai256 7 d3t1-shared wall=0.883s cpu=0.880s
ai256 7 d3t8-owner wall=0.829s cpu=1.122s
ai256 7 d3t4-owner wall=0.847s cpu=1.054s
ai256 7 d3t2-owner wall=0.918s cpu=1.067s
ai256 7 d3t1-owner wall=0.880s cpu=0.872s
ai256 7 d1t8-shared wall=0.724s cpu=1.032s
ai256 7 d1t4-shared wall=0.867s cpu=1.170s
ai256 7 d1t2-shared wall=0.895s cpu=1.127s
ai256 7 d1t1-shared wall=1.139s cpu=1.089s
ai256 7 d1t8-owner wall=0.774s cpu=1.083s
ai256 8 d1t1-shared wall=0.884s cpu=0.872s
ai256 8 d1t2-shared wall=0.892s cpu=1.058s
ai256 8 d1t4-shared wall=0.780s cpu=1.057s
ai256 8 d1t8-shared wall=0.783s cpu=1.126s
ai256 8 d3t1-owner wall=1.006s cpu=0.987s
ai256 8 d3t2-owner wall=0.709s cpu=0.922s
ai256 8 d3t4-owner wall=0.798s cpu=0.976s
ai256 8 d3t8-owner wall=0.703s cpu=1.087s
ai256 8 d3t1-shared wall=0.931s cpu=0.919s
ai256 8 d3t2-shared wall=0.767s cpu=0.925s
ai256 8 d3t4-shared wall=0.784s cpu=1.108s
ai256 8 d3t8-shared wall=0.581s cpu=1.005s
ai256 8 d8t1-owner wall=0.933s cpu=0.933s
ai256 8 d8t2-owner wall=0.711s cpu=0.929s
ai256 8 d8t4-owner wall=0.761s cpu=1.137s
ai256 8 d8t8-owner wall=0.722s cpu=1.134s
ai256 8 d8t1-shared wall=0.948s cpu=0.944s
ai256 8 d8t2-shared wall=0.832s cpu=1.106s
ai256 8 d8t4-shared wall=0.736s cpu=1.117s
ai256 8 d8t8-shared wall=0.719s cpu=1.116s
ai256 8 legacy-t1 wall=0.964s cpu=0.962s
ai256 8 legacy-t2 wall=0.657s cpu=0.870s
ai256 8 legacy-t4 wall=0.769s cpu=1.124s
ai256 8 legacy-t8 wall=0.853s cpu=1.340s
ai256 8 d1t1-owner wall=1.194s cpu=1.190s
ai256 8 d1t2-owner wall=0.718s cpu=0.923s
ai256 8 d1t4-owner wall=0.581s cpu=0.911s
ai256 8 d1t8-owner wall=0.834s cpu=1.267s
ai256 9 d1t1-shared wall=0.653s cpu=0.653s
ai256 9 d1t8-owner wall=0.767s cpu=1.172s
ai256 9 d1t4-owner wall=1.063s cpu=1.214s
ai256 9 d1t2-owner wall=0.854s cpu=0.943s
ai256 9 d1t1-owner wall=0.864s cpu=0.836s
ai256 9 legacy-t8 wall=0.886s cpu=1.252s
ai256 9 legacy-t4 wall=0.794s cpu=1.028s
ai256 9 legacy-t2 wall=0.802s cpu=1.029s
ai256 9 legacy-t1 wall=1.390s cpu=1.367s
ai256 9 d8t8-shared wall=0.959s cpu=1.128s
ai256 9 d8t4-shared wall=0.717s cpu=0.970s
ai256 9 d8t2-shared wall=0.840s cpu=1.020s
ai256 9 d8t1-shared wall=0.866s cpu=0.856s
ai256 9 d8t8-owner wall=0.733s cpu=1.021s
ai256 9 d8t4-owner wall=0.764s cpu=1.067s
ai256 9 d8t2-owner wall=0.734s cpu=0.858s
ai256 9 d8t1-owner wall=0.718s cpu=0.718s
ai256 9 d3t8-shared wall=0.586s cpu=0.955s
ai256 9 d3t4-shared wall=0.831s cpu=1.077s
ai256 9 d3t2-shared wall=1.206s cpu=1.469s
ai256 9 d3t1-shared wall=0.814s cpu=0.814s
ai256 9 d3t8-owner wall=0.698s cpu=1.152s
ai256 9 d3t4-owner wall=0.828s cpu=1.023s
ai256 9 d3t2-owner wall=0.890s cpu=1.123s
ai256 9 d3t1-owner wall=0.776s cpu=0.773s
ai256 9 d1t8-shared wall=0.588s cpu=1.016s
ai256 9 d1t4-shared wall=0.619s cpu=0.938s
ai256 9 d1t2-shared wall=0.753s cpu=0.946s
ai512 -1 d8t4-shared wall=1.292s cpu=2.553s
ai512 -1 d8t2-shared wall=1.327s cpu=2.032s
ai512 -1 d8t1-shared wall=1.926s cpu=1.922s
ai512 -1 d8t8-owner wall=1.448s cpu=2.946s
ai512 -1 d8t4-owner wall=1.172s cpu=2.314s
ai512 -1 d8t2-owner wall=1.464s cpu=2.291s
ai512 -1 d8t1-owner wall=2.851s cpu=2.753s
ai512 -1 d3t8-shared wall=1.614s cpu=2.954s
ai512 -1 d3t4-shared wall=1.437s cpu=2.679s
ai512 -1 d3t2-shared wall=1.719s cpu=2.350s
ai512 -1 d3t1-shared wall=1.707s cpu=1.706s
ai512 -1 d3t8-owner wall=1.334s cpu=2.933s
ai512 -1 d3t4-owner wall=1.281s cpu=2.633s
ai512 -1 d3t2-owner wall=1.417s cpu=2.218s
ai512 -1 d3t1-owner wall=1.784s cpu=1.783s
ai512 -1 d1t8-shared wall=1.194s cpu=2.889s
ai512 -1 d1t4-shared wall=1.137s cpu=2.193s
ai512 -1 d1t2-shared wall=1.421s cpu=2.110s
ai512 -1 d1t1-shared wall=1.519s cpu=1.519s
ai512 -1 d1t8-owner wall=1.273s cpu=2.886s
ai512 -1 d1t4-owner wall=1.630s cpu=2.298s
ai512 -1 d1t2-owner wall=1.335s cpu=2.023s
ai512 -1 d1t1-owner wall=1.506s cpu=1.505s
ai512 -1 legacy-t8 wall=0.985s cpu=2.235s
ai512 -1 legacy-t4 wall=1.012s cpu=2.135s
ai512 -1 legacy-t2 wall=1.012s cpu=1.530s
ai512 -1 legacy-t1 wall=1.498s cpu=1.498s
ai512 -1 d8t8-shared wall=1.053s cpu=2.544s
ai512 0 legacy-t1 wall=1.519s cpu=1.518s
ai512 0 legacy-t2 wall=1.008s cpu=1.525s
ai512 0 legacy-t4 wall=0.913s cpu=1.870s
ai512 0 legacy-t8 wall=1.009s cpu=2.336s
ai512 0 d1t1-owner wall=1.720s cpu=1.715s
ai512 0 d1t2-owner wall=1.268s cpu=1.836s
ai512 0 d1t4-owner wall=1.074s cpu=2.039s
ai512 0 d1t8-owner wall=1.164s cpu=2.528s
ai512 0 d1t1-shared wall=1.590s cpu=1.584s
ai512 0 d1t2-shared wall=1.110s cpu=1.590s
ai512 0 d1t4-shared wall=1.086s cpu=2.001s
ai512 0 d1t8-shared wall=0.911s cpu=2.216s
ai512 0 d3t1-owner wall=1.483s cpu=1.483s
ai512 0 d3t2-owner wall=1.079s cpu=1.609s
ai512 0 d3t4-owner wall=0.915s cpu=1.820s
ai512 0 d3t8-owner wall=0.903s cpu=2.111s
ai512 0 d3t1-shared wall=1.482s cpu=1.481s
ai512 0 d3t2-shared wall=1.158s cpu=1.739s
ai512 0 d3t4-shared wall=0.997s cpu=2.080s
ai512 0 d3t8-shared wall=0.983s cpu=2.380s
ai512 0 d8t1-owner wall=2.491s cpu=2.358s
ai512 0 d8t2-owner wall=1.906s cpu=2.300s
ai512 0 d8t4-owner wall=1.355s cpu=2.644s
ai512 0 d8t8-owner wall=1.150s cpu=2.520s
ai512 0 d8t1-shared wall=1.752s cpu=1.752s
ai512 0 d8t2-shared wall=1.143s cpu=1.708s
ai512 0 d8t4-shared wall=1.145s cpu=2.287s
ai512 0 d8t8-shared wall=1.486s cpu=2.803s
ai512 1 legacy-t1 wall=1.877s cpu=1.870s
ai512 1 d8t8-shared wall=1.282s cpu=2.753s
ai512 1 d8t4-shared wall=1.594s cpu=2.870s
ai512 1 d8t2-shared wall=2.135s cpu=2.306s
ai512 1 d8t1-shared wall=2.170s cpu=2.134s
ai512 1 d8t8-owner wall=1.073s cpu=2.345s
ai512 1 d8t4-owner wall=1.082s cpu=2.099s
ai512 1 d8t2-owner wall=1.252s cpu=1.853s
ai512 1 d8t1-owner wall=1.741s cpu=1.739s
ai512 1 d3t8-shared wall=1.323s cpu=2.691s
ai512 1 d3t4-shared wall=0.954s cpu=1.949s
ai512 1 d3t2-shared wall=1.171s cpu=1.742s
ai512 1 d3t1-shared wall=1.546s cpu=1.546s
ai512 1 d3t8-owner wall=1.425s cpu=2.750s
ai512 1 d3t4-owner wall=1.390s cpu=2.605s
ai512 1 d3t2-owner wall=1.426s cpu=2.170s
ai512 1 d3t1-owner wall=1.591s cpu=1.591s
ai512 1 d1t8-shared wall=1.119s cpu=2.540s
ai512 1 d1t4-shared wall=1.176s cpu=2.214s
ai512 1 d1t2-shared wall=1.346s cpu=2.023s
ai512 1 d1t1-shared wall=1.653s cpu=1.652s
ai512 1 d1t8-owner wall=1.003s cpu=2.201s
ai512 1 d1t4-owner wall=1.025s cpu=2.038s
ai512 1 d1t2-owner wall=1.219s cpu=1.736s
ai512 1 d1t1-owner wall=1.430s cpu=1.430s
ai512 1 legacy-t8 wall=0.936s cpu=2.181s
ai512 1 legacy-t4 wall=0.928s cpu=1.751s
ai512 1 legacy-t2 wall=1.004s cpu=1.534s
ai512 2 legacy-t4 wall=0.917s cpu=1.766s
ai512 2 legacy-t8 wall=0.932s cpu=2.134s
ai512 2 d1t1-owner wall=1.362s cpu=1.361s
ai512 2 d1t2-owner wall=1.085s cpu=1.575s
ai512 2 d1t4-owner wall=0.922s cpu=1.733s
ai512 2 d1t8-owner wall=0.926s cpu=2.226s
ai512 2 d1t1-shared wall=1.431s cpu=1.431s
ai512 2 d1t2-shared wall=1.152s cpu=1.722s
ai512 2 d1t4-shared wall=0.947s cpu=1.785s
ai512 2 d1t8-shared wall=0.911s cpu=2.164s
ai512 2 d3t1-owner wall=1.451s cpu=1.451s
ai512 2 d3t2-owner wall=1.052s cpu=1.577s
ai512 2 d3t4-owner wall=0.941s cpu=1.969s
ai512 2 d3t8-owner wall=1.224s cpu=2.627s
ai512 2 d3t1-shared wall=1.742s cpu=1.742s
ai512 2 d3t2-shared wall=1.248s cpu=1.860s
ai512 2 d3t4-shared wall=1.129s cpu=2.301s
ai512 2 d3t8-shared wall=1.412s cpu=3.056s
ai512 2 d8t1-owner wall=1.642s cpu=1.641s
ai512 2 d8t2-owner wall=1.247s cpu=1.924s
ai512 2 d8t4-owner wall=1.095s cpu=2.228s
ai512 2 d8t8-owner wall=1.266s cpu=2.695s
ai512 2 d8t1-shared wall=1.598s cpu=1.597s
ai512 2 d8t2-shared wall=1.244s cpu=1.823s
ai512 2 d8t4-shared wall=1.049s cpu=2.222s
ai512 2 d8t8-shared wall=1.010s cpu=2.433s
ai512 2 legacy-t1 wall=1.495s cpu=1.495s
ai512 2 legacy-t2 wall=1.083s cpu=1.645s
ai512 3 legacy-t4 wall=0.990s cpu=2.011s
ai512 3 legacy-t2 wall=1.049s cpu=1.598s
ai512 3 legacy-t1 wall=1.482s cpu=1.482s
ai512 3 d8t8-shared wall=0.923s cpu=2.176s
ai512 3 d8t4-shared wall=0.953s cpu=1.886s
ai512 3 d8t2-shared wall=1.075s cpu=1.632s
ai512 3 d8t1-shared wall=1.678s cpu=1.677s
ai512 3 d8t8-owner wall=0.995s cpu=2.344s
ai512 3 d8t4-owner wall=0.992s cpu=2.080s
ai512 3 d8t2-owner wall=1.053s cpu=1.589s
ai512 3 d8t1-owner wall=1.560s cpu=1.560s
ai512 3 d3t8-shared wall=0.872s cpu=2.137s
ai512 3 d3t4-shared wall=0.900s cpu=1.839s
ai512 3 d3t2-shared wall=1.026s cpu=1.528s
ai512 3 d3t1-shared wall=1.472s cpu=1.472s
ai512 3 d3t8-owner wall=0.962s cpu=2.336s
ai512 3 d3t4-owner wall=0.973s cpu=1.968s
ai512 3 d3t2-owner wall=1.147s cpu=1.729s
ai512 3 d3t1-owner wall=1.451s cpu=1.451s
ai512 3 d1t8-shared wall=1.006s cpu=2.475s
ai512 3 d1t4-shared wall=1.198s cpu=2.341s
ai512 3 d1t2-shared wall=1.311s cpu=1.969s
ai512 3 d1t1-shared wall=2.126s cpu=2.087s
ai512 3 d1t8-owner wall=1.584s cpu=3.109s
ai512 3 d1t4-owner wall=1.566s cpu=2.655s
ai512 3 d1t2-owner wall=1.925s cpu=2.648s
ai512 3 d1t1-owner wall=2.045s cpu=2.044s
ai512 3 legacy-t8 wall=1.205s cpu=2.639s
ai512 4 d1t1-owner wall=1.748s cpu=1.747s
ai512 4 d1t2-owner wall=1.304s cpu=1.920s
ai512 4 d1t4-owner wall=1.048s cpu=2.041s
ai512 4 d1t8-owner wall=0.966s cpu=2.173s
ai512 4 d1t1-shared wall=1.408s cpu=1.408s
ai512 4 d1t2-shared wall=1.125s cpu=1.660s
ai512 4 d1t4-shared wall=1.038s cpu=1.972s
ai512 4 d1t8-shared wall=1.015s cpu=2.448s
ai512 4 d3t1-owner wall=1.478s cpu=1.477s
ai512 4 d3t2-owner wall=1.093s cpu=1.640s
ai512 4 d3t4-owner wall=1.022s cpu=2.133s
ai512 4 d3t8-owner wall=0.979s cpu=2.331s
ai512 4 d3t1-shared wall=1.466s cpu=1.465s
ai512 4 d3t2-shared wall=1.134s cpu=1.731s
ai512 4 d3t4-shared wall=0.973s cpu=1.997s
ai512 4 d3t8-shared wall=0.954s cpu=2.321s
ai512 4 d8t1-owner wall=1.931s cpu=1.929s
ai512 4 d8t2-owner wall=1.164s cpu=1.786s
ai512 4 d8t4-owner wall=1.194s cpu=2.352s
ai512 4 d8t8-owner wall=1.122s cpu=2.641s
ai512 4 d8t1-shared wall=1.639s cpu=1.638s
ai512 4 d8t2-shared wall=1.189s cpu=1.804s
ai512 4 d8t4-shared wall=0.993s cpu=2.101s
ai512 4 d8t8-shared wall=1.066s cpu=2.504s
ai512 4 legacy-t1 wall=1.503s cpu=1.503s
ai512 4 legacy-t2 wall=1.083s cpu=1.630s
ai512 4 legacy-t4 wall=1.025s cpu=2.046s
ai512 4 legacy-t8 wall=1.245s cpu=2.519s
ai512 5 d1t1-owner wall=1.602s cpu=1.602s
ai512 5 legacy-t8 wall=0.869s cpu=1.995s
ai512 5 legacy-t4 wall=0.893s cpu=1.802s
ai512 5 legacy-t2 wall=1.159s cpu=1.759s
ai512 5 legacy-t1 wall=1.683s cpu=1.683s
ai512 5 d8t8-shared wall=0.883s cpu=2.142s
ai512 5 d8t4-shared wall=0.947s cpu=1.928s
ai512 5 d8t2-shared wall=1.061s cpu=1.593s
ai512 5 d8t1-shared wall=1.512s cpu=1.512s
ai512 5 d8t8-owner wall=0.929s cpu=2.106s
ai512 5 d8t4-owner wall=0.937s cpu=1.818s
ai512 5 d8t2-owner wall=1.114s cpu=1.680s
ai512 5 d8t1-owner wall=1.626s cpu=1.625s
ai512 5 d3t8-shared wall=0.830s cpu=1.927s
ai512 5 d3t4-shared wall=0.823s cpu=1.659s
ai512 5 d3t2-shared wall=1.043s cpu=1.573s
ai512 5 d3t1-shared wall=1.348s cpu=1.347s
ai512 5 d3t8-owner wall=0.899s cpu=2.074s
ai512 5 d3t4-owner wall=0.793s cpu=1.558s
ai512 5 d3t2-owner wall=1.006s cpu=1.493s
ai512 5 d3t1-owner wall=1.331s cpu=1.331s
ai512 5 d1t8-shared wall=0.938s cpu=2.129s
ai512 5 d1t4-shared wall=0.892s cpu=1.646s
ai512 5 d1t2-shared wall=1.263s cpu=1.878s
ai512 5 d1t1-shared wall=2.026s cpu=1.995s
ai512 5 d1t8-owner wall=1.693s cpu=2.937s
ai512 5 d1t4-owner wall=2.175s cpu=2.709s
ai512 5 d1t2-owner wall=2.368s cpu=2.792s
ai512 6 d1t4-owner wall=2.252s cpu=2.936s
ai512 6 d1t8-owner wall=1.986s cpu=3.027s
ai512 6 d1t1-shared wall=2.220s cpu=2.125s
ai512 6 d1t2-shared wall=1.785s cpu=2.363s
ai512 6 d1t4-shared wall=1.719s cpu=2.899s
ai512 6 d1t8-shared wall=1.790s cpu=2.920s
ai512 6 d3t1-owner wall=2.301s cpu=2.257s
ai512 6 d3t2-owner wall=1.692s cpu=2.364s
ai512 6 d3t4-owner wall=1.360s cpu=2.598s
ai512 6 d3t8-owner wall=1.314s cpu=2.644s
ai512 6 d3t1-shared wall=2.182s cpu=2.156s
ai512 6 d3t2-shared wall=1.469s cpu=2.200s
ai512 6 d3t4-shared wall=1.198s cpu=2.370s
ai512 6 d3t8-shared wall=1.131s cpu=2.513s
ai512 6 d8t1-owner wall=1.979s cpu=1.975s
ai512 6 d8t2-owner wall=1.403s cpu=2.123s
ai512 6 d8t4-owner wall=1.130s cpu=2.209s
ai512 6 d8t8-owner wall=1.021s cpu=2.296s
ai512 6 d8t1-shared wall=1.608s cpu=1.607s
ai512 6 d8t2-shared wall=1.021s cpu=1.545s
ai512 6 d8t4-shared wall=0.850s cpu=1.694s
ai512 6 d8t8-shared wall=0.894s cpu=2.028s
ai512 6 legacy-t1 wall=1.590s cpu=1.588s
ai512 6 legacy-t2 wall=1.035s cpu=1.569s
ai512 6 legacy-t4 wall=1.030s cpu=2.109s
ai512 6 legacy-t8 wall=0.841s cpu=1.907s
ai512 6 d1t1-owner wall=1.488s cpu=1.487s
ai512 6 d1t2-owner wall=1.158s cpu=1.716s
ai512 7 d1t4-owner wall=0.916s cpu=1.752s
ai512 7 d1t2-owner wall=1.092s cpu=1.596s
ai512 7 d1t1-owner wall=1.407s cpu=1.406s
ai512 7 legacy-t8 wall=0.803s cpu=1.800s
ai512 7 legacy-t4 wall=0.824s cpu=1.589s
ai512 7 legacy-t2 wall=1.004s cpu=1.515s
ai512 7 legacy-t1 wall=1.665s cpu=1.664s
ai512 7 d8t8-shared wall=0.850s cpu=2.008s
ai512 7 d8t4-shared wall=0.913s cpu=1.857s
ai512 7 d8t2-shared wall=1.088s cpu=1.655s
ai512 7 d8t1-shared wall=1.467s cpu=1.466s
ai512 7 d8t8-owner wall=0.940s cpu=2.065s
ai512 7 d8t4-owner wall=0.857s cpu=1.685s
ai512 7 d8t2-owner wall=1.020s cpu=1.540s
ai512 7 d8t1-owner wall=1.526s cpu=1.526s
ai512 7 d3t8-shared wall=0.865s cpu=2.087s
ai512 7 d3t4-shared wall=0.828s cpu=1.581s
ai512 7 d3t2-shared wall=0.997s cpu=1.501s
ai512 7 d3t1-shared wall=1.389s cpu=1.389s
ai512 7 d3t8-owner wall=0.914s cpu=2.071s
ai512 7 d3t4-owner wall=0.905s cpu=1.829s
ai512 7 d3t2-owner wall=1.361s cpu=2.001s
ai512 7 d3t1-owner wall=1.481s cpu=1.481s
ai512 7 d1t8-shared wall=0.838s cpu=1.933s
ai512 7 d1t4-shared wall=0.844s cpu=1.604s
ai512 7 d1t2-shared wall=0.945s cpu=1.370s
ai512 7 d1t1-shared wall=1.332s cpu=1.331s
ai512 7 d1t8-owner wall=0.867s cpu=1.954s
ai512 8 d1t1-shared wall=1.254s cpu=1.253s
ai512 8 d1t2-shared wall=0.992s cpu=1.417s
ai512 8 d1t4-shared wall=0.916s cpu=1.663s
ai512 8 d1t8-shared wall=0.806s cpu=1.875s
ai512 8 d3t1-owner wall=1.404s cpu=1.404s
ai512 8 d3t2-owner wall=1.046s cpu=1.554s
ai512 8 d3t4-owner wall=0.853s cpu=1.696s
ai512 8 d3t8-owner wall=0.797s cpu=1.839s
ai512 8 d3t1-shared wall=1.333s cpu=1.332s
ai512 8 d3t2-shared wall=1.039s cpu=1.573s
ai512 8 d3t4-shared wall=0.962s cpu=1.949s
ai512 8 d3t8-shared wall=0.991s cpu=2.295s
ai512 8 d8t1-owner wall=1.480s cpu=1.479s
ai512 8 d8t2-owner wall=1.094s cpu=1.668s
ai512 8 d8t4-owner wall=0.864s cpu=1.781s
ai512 8 d8t8-owner wall=0.943s cpu=2.111s
ai512 8 d8t1-shared wall=1.461s cpu=1.461s
ai512 8 d8t2-shared wall=1.108s cpu=1.695s
ai512 8 d8t4-shared wall=0.908s cpu=1.820s
ai512 8 d8t8-shared wall=0.831s cpu=1.955s
ai512 8 legacy-t1 wall=1.411s cpu=1.411s
ai512 8 legacy-t2 wall=0.910s cpu=1.358s
ai512 8 legacy-t4 wall=0.800s cpu=1.587s
ai512 8 legacy-t8 wall=0.827s cpu=1.874s
ai512 8 d1t1-owner wall=1.284s cpu=1.280s
ai512 8 d1t2-owner wall=0.968s cpu=1.430s
ai512 8 d1t4-owner wall=0.869s cpu=1.661s
ai512 8 d1t8-owner wall=0.851s cpu=1.967s
ai512 9 d1t1-shared wall=1.411s cpu=1.410s
ai512 9 d1t8-owner wall=0.881s cpu=2.045s
ai512 9 d1t4-owner wall=0.876s cpu=1.657s
ai512 9 d1t2-owner wall=1.041s cpu=1.523s
ai512 9 d1t1-owner wall=1.300s cpu=1.299s
ai512 9 legacy-t8 wall=0.822s cpu=1.829s
ai512 9 legacy-t4 wall=0.774s cpu=1.509s
ai512 9 legacy-t2 wall=0.937s cpu=1.398s
ai512 9 legacy-t1 wall=1.289s cpu=1.289s
ai512 9 d8t8-shared wall=0.822s cpu=1.997s
ai512 9 d8t4-shared wall=0.849s cpu=1.658s
ai512 9 d8t2-shared wall=1.020s cpu=1.539s
ai512 9 d8t1-shared wall=1.463s cpu=1.463s
ai512 9 d8t8-owner wall=0.963s cpu=2.125s
ai512 9 d8t4-owner wall=0.921s cpu=1.811s
ai512 9 d8t2-owner wall=1.060s cpu=1.591s
ai512 9 d8t1-owner wall=1.493s cpu=1.492s
ai512 9 d3t8-shared wall=0.949s cpu=2.243s
ai512 9 d3t4-shared wall=1.016s cpu=2.083s
ai512 9 d3t2-shared wall=1.096s cpu=1.638s
ai512 9 d3t1-shared wall=1.490s cpu=1.487s
ai512 9 d3t8-owner wall=0.871s cpu=1.950s
ai512 9 d3t4-owner wall=0.879s cpu=1.748s
ai512 9 d3t2-owner wall=1.094s cpu=1.662s
ai512 9 d3t1-owner wall=1.566s cpu=1.564s
ai512 9 d1t8-shared wall=0.887s cpu=2.126s
ai512 9 d1t4-shared wall=0.900s cpu=1.679s
ai512 9 d1t2-shared wall=1.035s cpu=1.510s
disabled512 -1 d8t4-shared wall=0.770s cpu=1.365s
disabled512 -1 d8t2-shared wall=0.859s cpu=1.243s
disabled512 -1 d8t1-shared wall=1.141s cpu=1.141s
disabled512 -1 d8t8-owner wall=0.685s cpu=1.467s
disabled512 -1 d8t4-owner wall=0.704s cpu=1.272s
disabled512 -1 d8t2-owner wall=0.860s cpu=1.219s
disabled512 -1 d8t1-owner wall=1.116s cpu=1.116s
disabled512 -1 d3t8-shared wall=0.780s cpu=1.579s
disabled512 -1 d3t4-shared wall=0.737s cpu=1.269s
disabled512 -1 d3t2-shared wall=0.820s cpu=1.165s
disabled512 -1 d3t1-shared wall=1.147s cpu=1.146s
disabled512 -1 d3t8-owner wall=0.797s cpu=1.712s
disabled512 -1 d3t4-owner wall=0.799s cpu=1.336s
disabled512 -1 d3t2-owner wall=0.832s cpu=1.220s
disabled512 -1 d3t1-owner wall=1.214s cpu=1.213s
disabled512 -1 d1t8-shared wall=0.692s cpu=1.443s
disabled512 -1 d1t4-shared wall=0.740s cpu=1.410s
disabled512 -1 d1t2-shared wall=0.843s cpu=1.226s
disabled512 -1 d1t1-shared wall=1.220s cpu=1.220s
disabled512 -1 d1t8-owner wall=0.791s cpu=1.704s
disabled512 -1 d1t4-owner wall=0.758s cpu=1.378s
disabled512 -1 d1t2-owner wall=0.867s cpu=1.255s
disabled512 -1 d1t1-owner wall=1.350s cpu=1.347s
disabled512 -1 legacy-t8 wall=0.725s cpu=1.574s
disabled512 -1 legacy-t4 wall=0.687s cpu=1.238s
disabled512 -1 legacy-t2 wall=0.825s cpu=1.188s
disabled512 -1 legacy-t1 wall=1.144s cpu=1.144s
disabled512 -1 d8t8-shared wall=0.715s cpu=1.406s
disabled512 0 legacy-t1 wall=1.225s cpu=1.224s
disabled512 0 legacy-t2 wall=0.819s cpu=1.195s
disabled512 0 legacy-t4 wall=0.712s cpu=1.256s
disabled512 0 legacy-t8 wall=0.736s cpu=1.461s
disabled512 0 d1t1-owner wall=1.116s cpu=1.115s
disabled512 0 d1t2-owner wall=0.914s cpu=1.304s
disabled512 0 d1t4-owner wall=0.705s cpu=1.256s
disabled512 0 d1t8-owner wall=0.794s cpu=1.678s
disabled512 0 d1t1-shared wall=1.150s cpu=1.150s
disabled512 0 d1t2-shared wall=1.794s cpu=1.985s
disabled512 0 d1t4-shared wall=1.809s cpu=1.965s
disabled512 0 d1t8-shared wall=1.131s cpu=1.920s
disabled512 0 d3t1-owner wall=1.436s cpu=1.432s
disabled512 0 d3t2-owner wall=1.109s cpu=1.632s
disabled512 0 d3t4-owner wall=0.948s cpu=1.702s
disabled512 0 d3t8-owner wall=0.972s cpu=1.892s
disabled512 0 d3t1-shared wall=1.559s cpu=1.556s
disabled512 0 d3t2-shared wall=1.343s cpu=1.793s
disabled512 0 d3t4-shared wall=1.265s cpu=2.213s
disabled512 0 d3t8-shared wall=0.969s cpu=1.994s
disabled512 0 d8t1-owner wall=1.476s cpu=1.459s
disabled512 0 d8t2-owner wall=0.907s cpu=1.296s
disabled512 0 d8t4-owner wall=0.867s cpu=1.605s
disabled512 0 d8t8-owner wall=0.878s cpu=1.858s
disabled512 0 d8t1-shared wall=1.999s cpu=1.997s
disabled512 0 d8t2-shared wall=1.429s cpu=2.077s
disabled512 0 d8t4-shared wall=1.136s cpu=1.938s
disabled512 0 d8t8-shared wall=1.159s cpu=2.284s
disabled512 1 legacy-t1 wall=1.470s cpu=1.464s
disabled512 1 d8t8-shared wall=1.041s cpu=2.047s
disabled512 1 d8t4-shared wall=0.959s cpu=1.724s
disabled512 1 d8t2-shared wall=1.616s cpu=2.255s
disabled512 1 d8t1-shared wall=1.958s cpu=1.944s
disabled512 1 d8t8-owner wall=1.314s cpu=2.279s
disabled512 1 d8t4-owner wall=1.402s cpu=2.147s
disabled512 1 d8t2-owner wall=1.449s cpu=1.992s
disabled512 1 d8t1-owner wall=1.958s cpu=1.948s
disabled512 1 d3t8-shared wall=1.281s cpu=2.381s
disabled512 1 d3t4-shared wall=1.256s cpu=2.121s
disabled512 1 d3t2-shared wall=1.377s cpu=1.927s
disabled512 1 d3t1-shared wall=2.077s cpu=1.990s
disabled512 1 d3t8-owner wall=1.138s cpu=2.167s
disabled512 1 d3t4-owner wall=1.162s cpu=2.063s
disabled512 1 d3t2-owner wall=1.373s cpu=2.022s
disabled512 1 d3t1-owner wall=1.687s cpu=1.685s
disabled512 1 d1t8-shared wall=1.413s cpu=2.391s
disabled512 1 d1t4-shared wall=1.272s cpu=2.152s
disabled512 1 d1t2-shared wall=1.154s cpu=1.734s
disabled512 1 d1t1-shared wall=1.513s cpu=1.512s
disabled512 1 d1t8-owner wall=1.199s cpu=2.432s
disabled512 1 d1t4-owner wall=1.291s cpu=2.300s
disabled512 1 d1t2-owner wall=1.157s cpu=1.725s
disabled512 1 d1t1-owner wall=2.461s cpu=2.431s
disabled512 1 legacy-t8 wall=1.139s cpu=2.201s
disabled512 1 legacy-t4 wall=1.374s cpu=2.463s
disabled512 1 legacy-t2 wall=1.542s cpu=2.162s
disabled512 2 legacy-t4 wall=1.408s cpu=2.384s
disabled512 2 legacy-t8 wall=1.179s cpu=2.322s
disabled512 2 d1t1-owner wall=2.162s cpu=2.159s
disabled512 2 d1t2-owner wall=1.654s cpu=2.395s
disabled512 2 d1t4-owner wall=1.247s cpu=2.226s
disabled512 2 d1t8-owner wall=1.147s cpu=2.264s
disabled512 2 d1t1-shared wall=1.313s cpu=1.313s
disabled512 2 d1t2-shared wall=1.189s cpu=1.806s
disabled512 2 d1t4-shared wall=1.280s cpu=2.121s
disabled512 2 d1t8-shared wall=1.027s cpu=2.089s
disabled512 2 d3t1-owner wall=2.138s cpu=2.137s
disabled512 2 d3t2-owner wall=1.757s cpu=2.413s
disabled512 2 d3t4-owner wall=1.188s cpu=2.167s
disabled512 2 d3t8-owner wall=1.165s cpu=2.275s
disabled512 2 d3t1-shared wall=1.423s cpu=1.422s
disabled512 2 d3t2-shared wall=1.131s cpu=1.672s
disabled512 2 d3t4-shared wall=1.165s cpu=1.990s
disabled512 2 d3t8-shared wall=0.980s cpu=2.057s
disabled512 2 d8t1-owner wall=1.412s cpu=1.412s
disabled512 2 d8t2-owner wall=1.004s cpu=1.479s
disabled512 2 d8t4-owner wall=1.372s cpu=2.031s
disabled512 2 d8t8-owner wall=1.338s cpu=2.253s
disabled512 2 d8t1-shared wall=2.200s cpu=2.137s
disabled512 2 d8t2-shared wall=2.600s cpu=2.009s
disabled512 2 d8t4-shared wall=2.161s cpu=1.948s
disabled512 2 d8t8-shared wall=1.862s cpu=2.145s
disabled512 2 legacy-t1 wall=2.284s cpu=2.082s
disabled512 2 legacy-t2 wall=1.568s cpu=1.923s
disabled512 3 legacy-t4 wall=1.729s cpu=2.203s
disabled512 3 legacy-t2 wall=1.500s cpu=1.972s
disabled512 3 legacy-t1 wall=2.025s cpu=1.922s
disabled512 3 d8t8-shared wall=1.415s cpu=2.140s
disabled512 3 d8t4-shared wall=1.175s cpu=1.948s
disabled512 3 d8t2-shared wall=1.247s cpu=1.854s
disabled512 3 d8t1-shared wall=2.136s cpu=2.119s
disabled512 3 d8t8-owner wall=1.136s cpu=2.364s
disabled512 3 d8t4-owner wall=1.265s cpu=2.211s
disabled512 3 d8t2-owner wall=1.643s cpu=2.394s
disabled512 3 d8t1-owner wall=2.323s cpu=2.266s
disabled512 3 d3t8-shared wall=1.500s cpu=2.396s
disabled512 3 d3t4-shared wall=1.410s cpu=2.156s
disabled512 3 d3t2-shared wall=1.556s cpu=2.125s
disabled512 3 d3t1-shared wall=2.127s cpu=2.080s
disabled512 3 d3t8-owner wall=1.452s cpu=2.631s
disabled512 3 d3t4-owner wall=1.399s cpu=2.330s
disabled512 3 d3t2-owner wall=1.530s cpu=2.190s
disabled512 3 d3t1-owner wall=1.736s cpu=1.736s
disabled512 3 d1t8-shared wall=1.313s cpu=2.528s
disabled512 3 d1t4-shared wall=1.340s cpu=2.361s
disabled512 3 d1t2-shared wall=1.110s cpu=1.669s
disabled512 3 d1t1-shared wall=1.426s cpu=1.425s
disabled512 3 d1t8-owner wall=1.257s cpu=2.379s
disabled512 3 d1t4-owner wall=1.539s cpu=2.350s
disabled512 3 d1t2-owner wall=1.504s cpu=2.132s
disabled512 3 d1t1-owner wall=2.338s cpu=2.280s
disabled512 3 legacy-t8 wall=1.529s cpu=2.257s
disabled512 4 d1t1-owner wall=2.224s cpu=2.138s
disabled512 4 d1t2-owner wall=1.736s cpu=2.210s
disabled512 4 d1t4-owner wall=1.324s cpu=2.144s
disabled512 4 d1t8-owner wall=1.169s cpu=2.208s
disabled512 4 d1t1-shared wall=2.599s cpu=2.568s
disabled512 4 d1t2-shared wall=1.580s cpu=2.194s
disabled512 4 d1t4-shared wall=1.477s cpu=2.284s
disabled512 4 d1t8-shared wall=1.545s cpu=2.193s
disabled512 4 d3t1-owner wall=2.158s cpu=2.092s
disabled512 4 d3t2-owner wall=1.873s cpu=2.276s
disabled512 4 d3t4-owner wall=1.508s cpu=2.468s
disabled512 4 d3t8-owner wall=1.523s cpu=2.317s
disabled512 4 d3t1-shared wall=2.351s cpu=2.235s
disabled512 4 d3t2-shared wall=1.574s cpu=2.104s
disabled512 4 d3t4-shared wall=1.525s cpu=2.232s
disabled512 4 d3t8-shared wall=1.356s cpu=2.496s
disabled512 4 d8t1-owner wall=1.861s cpu=1.849s
disabled512 4 d8t2-owner wall=1.348s cpu=1.912s
disabled512 4 d8t4-owner wall=1.236s cpu=2.168s
disabled512 4 d8t8-owner wall=1.506s cpu=2.496s
disabled512 4 d8t1-shared wall=2.073s cpu=1.968s
disabled512 4 d8t2-shared wall=1.519s cpu=2.103s
disabled512 4 d8t4-shared wall=1.494s cpu=2.164s
disabled512 4 d8t8-shared wall=1.327s cpu=2.271s
disabled512 4 legacy-t1 wall=2.247s cpu=2.228s
disabled512 4 legacy-t2 wall=1.335s cpu=1.909s
disabled512 4 legacy-t4 wall=1.235s cpu=2.058s
disabled512 4 legacy-t8 wall=1.287s cpu=2.124s
disabled512 5 d1t1-owner wall=2.262s cpu=2.237s
disabled512 5 legacy-t8 wall=1.425s cpu=2.454s
disabled512 5 legacy-t4 wall=1.363s cpu=2.218s
disabled512 5 legacy-t2 wall=1.508s cpu=2.076s
disabled512 5 legacy-t1 wall=1.820s cpu=1.801s
disabled512 5 d8t8-shared wall=1.415s cpu=2.317s
disabled512 5 d8t4-shared wall=1.820s cpu=2.417s
disabled512 5 d8t2-shared wall=1.349s cpu=1.852s
disabled512 5 d8t1-shared wall=2.137s cpu=2.093s
disabled512 5 d8t8-owner wall=1.337s cpu=2.452s
disabled512 5 d8t4-owner wall=1.396s cpu=2.253s
disabled512 5 d8t2-owner wall=1.976s cpu=2.378s
disabled512 5 d8t1-owner wall=1.831s cpu=1.803s
disabled512 5 d3t8-shared wall=1.158s cpu=2.149s
disabled512 5 d3t4-shared wall=1.351s cpu=2.245s
disabled512 5 d3t2-shared wall=1.142s cpu=1.691s
disabled512 5 d3t1-shared wall=1.873s cpu=1.873s
disabled512 5 d3t8-owner wall=1.171s cpu=2.397s
disabled512 5 d3t4-owner wall=1.422s cpu=2.318s
disabled512 5 d3t2-owner wall=1.132s cpu=1.685s
disabled512 5 d3t1-owner wall=1.872s cpu=1.861s
disabled512 5 d1t8-shared wall=1.056s cpu=2.043s
disabled512 5 d1t4-shared wall=1.300s cpu=2.084s
disabled512 5 d1t2-shared wall=1.127s cpu=1.677s
disabled512 5 d1t1-shared wall=1.687s cpu=1.677s
disabled512 5 d1t8-owner wall=1.051s cpu=2.155s
disabled512 5 d1t4-owner wall=1.312s cpu=2.167s
disabled512 5 d1t2-owner wall=1.234s cpu=1.808s
disabled512 6 d1t4-owner wall=1.165s cpu=2.097s
disabled512 6 d1t8-owner wall=1.248s cpu=2.334s
disabled512 6 d1t1-shared wall=1.664s cpu=1.640s
disabled512 6 d1t2-shared wall=1.148s cpu=1.711s
disabled512 6 d1t4-shared wall=1.258s cpu=2.090s
disabled512 6 d1t8-shared wall=1.212s cpu=2.279s
disabled512 6 d3t1-owner wall=1.889s cpu=1.887s
disabled512 6 d3t2-owner wall=1.456s cpu=2.110s
disabled512 6 d3t4-owner wall=1.204s cpu=2.074s
disabled512 6 d3t8-owner wall=1.311s cpu=2.472s
disabled512 6 d3t1-shared wall=1.750s cpu=1.748s
disabled512 6 d3t2-shared wall=1.163s cpu=1.695s
disabled512 6 d3t4-shared wall=1.353s cpu=2.353s
disabled512 6 d3t8-shared wall=1.508s cpu=2.927s
disabled512 6 d8t1-owner wall=1.647s cpu=1.639s
disabled512 6 d8t2-owner wall=1.510s cpu=2.118s
disabled512 6 d8t4-owner wall=1.162s cpu=2.105s
disabled512 6 d8t8-owner wall=1.287s cpu=2.177s
disabled512 6 d8t1-shared wall=2.078s cpu=2.061s
disabled512 6 d8t2-shared wall=1.454s cpu=1.961s
disabled512 6 d8t4-shared wall=1.460s cpu=2.301s
disabled512 6 d8t8-shared wall=1.473s cpu=2.302s
disabled512 6 legacy-t1 wall=2.226s cpu=2.155s
disabled512 6 legacy-t2 wall=1.415s cpu=1.950s
disabled512 6 legacy-t4 wall=1.396s cpu=2.197s
disabled512 6 legacy-t8 wall=1.569s cpu=2.461s
disabled512 6 d1t1-owner wall=2.683s cpu=2.617s
disabled512 6 d1t2-owner wall=1.608s cpu=2.229s
disabled512 7 d1t4-owner wall=1.336s cpu=2.181s
disabled512 7 d1t2-owner wall=1.622s cpu=2.227s
disabled512 7 d1t1-owner wall=2.019s cpu=1.974s
disabled512 7 legacy-t8 wall=1.368s cpu=2.349s
disabled512 7 legacy-t4 wall=1.219s cpu=1.964s
disabled512 7 legacy-t2 wall=1.547s cpu=2.090s
disabled512 7 legacy-t1 wall=2.042s cpu=1.967s
disabled512 7 d8t8-shared wall=1.562s cpu=2.404s
disabled512 7 d8t4-shared wall=1.486s cpu=2.398s
disabled512 7 d8t2-shared wall=1.577s cpu=2.217s
disabled512 7 d8t1-shared wall=2.083s cpu=2.053s
disabled512 7 d8t8-owner wall=1.473s cpu=2.391s
disabled512 7 d8t4-owner wall=1.466s cpu=2.313s
disabled512 7 d8t2-owner wall=1.612s cpu=2.213s
disabled512 7 d8t1-owner wall=2.921s cpu=2.906s
disabled512 7 d3t8-shared wall=1.656s cpu=2.664s
disabled512 7 d3t4-shared wall=1.651s cpu=2.682s
disabled512 7 d3t2-shared wall=1.618s cpu=2.295s
disabled512 7 d3t1-shared wall=2.015s cpu=1.988s
disabled512 7 d3t8-owner wall=1.617s cpu=2.651s
disabled512 7 d3t4-owner wall=1.826s cpu=2.875s
disabled512 7 d3t2-owner wall=1.668s cpu=2.291s
disabled512 7 d3t1-owner wall=2.322s cpu=2.289s
disabled512 7 d1t8-shared wall=1.594s cpu=2.581s
disabled512 7 d1t4-shared wall=1.508s cpu=2.287s
disabled512 7 d1t2-shared wall=1.606s cpu=2.254s
disabled512 7 d1t1-shared wall=2.167s cpu=2.160s
disabled512 7 d1t8-owner wall=1.763s cpu=2.746s
disabled512 8 d1t1-shared wall=2.218s cpu=2.201s
disabled512 8 d1t2-shared wall=1.757s cpu=2.489s
disabled512 8 d1t4-shared wall=1.511s cpu=2.405s
disabled512 8 d1t8-shared wall=1.441s cpu=2.456s
disabled512 8 d3t1-owner wall=1.906s cpu=1.893s
disabled512 8 d3t2-owner wall=1.556s cpu=2.166s
disabled512 8 d3t4-owner wall=1.356s cpu=2.204s
disabled512 8 d3t8-owner wall=1.475s cpu=2.412s
disabled512 8 d3t1-shared wall=2.561s cpu=2.532s
disabled512 8 d3t2-shared wall=1.695s cpu=2.324s
disabled512 8 d3t4-shared wall=1.410s cpu=2.185s
disabled512 8 d3t8-shared wall=1.635s cpu=2.607s
disabled512 8 d8t1-owner wall=2.307s cpu=2.266s
disabled512 8 d8t2-owner wall=1.578s cpu=2.312s
disabled512 8 d8t4-owner wall=1.408s cpu=2.245s
disabled512 8 d8t8-owner wall=1.591s cpu=2.628s
disabled512 8 d8t1-shared wall=2.290s cpu=2.256s
disabled512 8 d8t2-shared wall=1.684s cpu=2.386s
disabled512 8 d8t4-shared wall=1.399s cpu=2.255s
disabled512 8 d8t8-shared wall=1.413s cpu=2.250s
disabled512 8 legacy-t1 wall=1.932s cpu=1.881s
disabled512 8 legacy-t2 wall=1.556s cpu=2.030s
disabled512 8 legacy-t4 wall=1.410s cpu=2.104s
disabled512 8 legacy-t8 wall=1.717s cpu=2.665s
disabled512 8 d1t1-owner wall=2.751s cpu=2.327s
disabled512 8 d1t2-owner wall=1.972s cpu=2.406s
disabled512 8 d1t4-owner wall=1.624s cpu=2.302s
disabled512 8 d1t8-owner wall=1.531s cpu=2.470s
disabled512 9 d1t1-shared wall=2.218s cpu=2.176s
disabled512 9 d1t8-owner wall=1.567s cpu=2.473s
disabled512 9 d1t4-owner wall=1.452s cpu=2.300s
disabled512 9 d1t2-owner wall=1.411s cpu=1.990s
disabled512 9 d1t1-owner wall=2.117s cpu=2.081s
disabled512 9 legacy-t8 wall=1.454s cpu=2.377s
disabled512 9 legacy-t4 wall=1.621s cpu=2.272s
disabled512 9 legacy-t2 wall=1.567s cpu=2.221s
disabled512 9 legacy-t1 wall=2.824s cpu=2.739s
disabled512 9 d8t8-shared wall=1.634s cpu=2.412s
disabled512 9 d8t4-shared wall=1.644s cpu=2.363s
disabled512 9 d8t2-shared wall=1.743s cpu=2.223s
disabled512 9 d8t1-shared wall=2.024s cpu=2.004s
disabled512 9 d8t8-owner wall=1.571s cpu=2.493s
disabled512 9 d8t4-owner wall=1.437s cpu=2.222s
disabled512 9 d8t2-owner wall=1.644s cpu=2.215s
disabled512 9 d8t1-owner wall=2.399s cpu=2.390s
disabled512 9 d3t8-shared wall=1.657s cpu=2.306s
disabled512 9 d3t4-shared wall=1.581s cpu=2.391s
disabled512 9 d3t2-shared wall=1.671s cpu=2.241s
disabled512 9 d3t1-shared wall=2.159s cpu=2.101s
disabled512 9 d3t8-owner wall=1.570s cpu=2.271s
disabled512 9 d3t4-owner wall=1.625s cpu=2.350s
disabled512 9 d3t2-owner wall=1.482s cpu=2.046s
disabled512 9 d3t1-owner wall=2.034s cpu=1.956s
disabled512 9 d1t8-shared wall=1.462s cpu=2.272s
disabled512 9 d1t4-shared wall=1.798s cpu=2.515s
disabled512 9 d1t2-shared wall=1.552s cpu=1.963s
