410362371 0 3102350950 b84bf391a9f0665bf93d6a35c0f3079ce5e59e1808239055817c84592b90e9e1
410362371 1 1146438555 beb73b55b811ae22c6536451096724ea79398f71ba537f63b96729ebe9f9a324
410362371 2 751434979 8ff02fe6461eb97a68f43c09027d08cf145370699cfc45fca12d0eb3337696ad
410362371 3 2039437839 269e75e2cfec35b5ab77d2a2781f5e9a760f55c9fc321330619b42d8a2265d68
410362371 4 122151063 70f2b5a072e30d647634cb9fcb6cb03b152c128238cb4aa2a03e9eb81a113528
410362371 5 2806388379 39437b6aaeeca039b33d294a4847faaae758469d32b446c60fe1d9dc2c4bbb77
410362371 6 3577502445 0d370282112f795a4b11c762261297e7008c1a816e824920397a0a87559c3291
410362371 7 790451131 fb2c88628594125d947d6a3ff42e1c4b875e123a846544fae72611babb501c11
410362371 8 825586515 cacdec5571f620e4b5682ee3c7b9d00422b9d4af4cc9d4be8ae73a3e914564d4
410362371 9 874700966 ac5d554e7e29e89dd8b317b788641fd4cc79f358a82dac521648e76379810a25
410362371 10 2872228798 179016463bfb17df2ef05143392cd99b3bbd7f24649094ff7a7f94fe9071ab26
410362371 11 4267650165 70938c19586370e445db598a61f0a59fc24e8a5b67be16d2f454531f74c88d00
410362371 12 2386705077 7c1f1a3a44dcf98ea2e43693db36e3352d738b1e4ce8c86b8db6d9c8ea4b2e91
410362371 13 3338041782 b2762ce56867d8df14e7e06551f69f11111ecdaf6248292823ac7b46f0b3dfcf
410362371 14 3711290511 e002cac296cc8a120d417c5d4c2f4accb212e5e8911994f9f621cafdd57e8402
410362371 15 2675620968 8417d0c215c60b7e30006ed0c2247d91939581d0d14edf2d4c0f22ddb000070c
410362371 16 46567514 97a860c81dec2464d80a14590822c915fa5aab10a5d26c90add5c91cfe66e6ef
410362371 17 2112164214 84c84be5098c1db53108077206619ad87fb714085f9ab9429781259527dbd909
410362371 18 1410317925 a59deb59281b81ec327c68dd667075a56018db90d81cdc4813737d5146b745d2
410362371 19 1900105623 dd80030996ee8d59d62b94365fa276eb460df26fb5ffdfe5f67f182d07b8ea52
410362371 20 3196007101 98b225fa4f3bc72de1d4295fbe1c14938b68a9c1b47599c44f734c9434af84f1
410362371 21 4235977529 4967673942ea5cbba09569955c5b60dacfb54a1bc73443a3131dd7ec97768a37
410362371 22 1249408799 3701ea2ab7441c303962ea99373a1e862d1e9c19dcfcb075ac90c10316953aa5
410362371 23 362738108 82595573a34c439e8b352b10e83ea9eaf89e3049f38cad560b41ec4d7a7584fa
410362371 24 4025657778 d94dc14d5338dc683266d8eb33101a5efd53048f2b8373606e4295bc59a99d08
410362371 25 639114391 da477733b66dcac8b6d8e669a5a24e788b0575ad3c72ab20d26656c18d9235cb
410362371 26 3520776165 90ef42664a669bea7a5fcef3c2eb0f2964fdb9c017f04acceac5d993875e7572
410362371 27 2522786852 7c4f7155e0bff64d520a69846cdd277d6c9579cea8baec5f6077be5c6e053c15
410362371 28 3101791326 c86d9ee296f73a4c6fb0a5790d950504c21caec0512c9c87eea1a190ba493979
410362371 29 1857490215 94ff7a9b858ffc602e6101531c7328e08630292293b917798c9cc606fe375087
410362371 30 3063451478 9a4761268ccc611d950bc88b7e552c3b85e41921a9efb2c62093c18f4fcbff4b
410362371 31 342137688 b575f9807155dbc2825c9b434b28960a2d1ac0c04a81d780cf41441648da9dbe
410362371 32 3065739606 c83cf4170f97d90f24f38921e7edf84657067e70bc50aca387f000daa1ced96f
410362371 33 2281971896 adfd1c441676d2e4683829d70c83cd9816d12c6c62fe8506a66de173e7eafb01
410362371 34 3429443543 90d2292059868333ea6fc9d7d99694e5d2b7a745da277e27e54fcfbfc5a03d20
410362371 35 2217865449 2d4576ec003415d0dd4a6caee0b6e90427b70a76890f23ed7610a175a0e20e8e
410362371 36 3387077545 22e7d16b07b3191ba3228f9ba5612d49bd477c7bc5215fe7a754bb870e75a8e7
410362371 37 4186325065 982afcc09d23e4f9723d6145ccdd6ef2eb82f5c4ad5baa4f94aba31ea60005c1
410362371 38 2529738726 d6dc6ffd8cff82212955b3af2e97bba0c2c2b9ed0a8f3db0546e49ef8d0fb937
410362371 39 3938789998 ecbf871aaccc42196e2ce68939a0a41edc3d50684b97c0b7fee6505b21541d57
410362371 40 1660798678 69313ae3302dc58503a2fbfd7c2db7b128e64008b77d12bf0bc377028823b185
410362371 41 1815767187 2b88eadf9bb6b5cda5a88153be8f78831fcbe83949e62e82cbc28b1f6e8147d2
410362371 42 2192362693 b08f4308ae2f4519301af584dde04e3775989db707dd72a659f88def3aac728d
410362371 43 4202161460 3bcda9a3921af85d6527e6daa0eb8f2d2018ec63f6de77fe710988ac238de130
410362371 44 4155902306 bb4ad47abc4210a63836827cbe74caea45b820ad8fa20f0c92ca86e16c383267
410362371 45 1480513168 56f0bd49e59ad96baa6f7bd38a3347b5a5743066dbfd125dd4bd29137e6ce4d5
410362371 46 2332201876 6ccb38bb9207e4ef105027cf9f43b3a2fce212379f914ac653662af4baf7f573
410362371 47 1996760559 50db21e758e2ae968cb2d54b20d70257e23ed94cc32f10a465663b12f8a37302
410362371 48 1759244577 3d23d72bdcc1536e2ae445ed2665b50df85012409ad2f8084bd4073aff10f6d8
410362371 49 2091708269 25b66bced5506844681fc8eeb158375e5fee1d6266f4d56c67d894f19b183b01
1274675741 0 857062662 6ed432a89885966edf69499ea36bcd14f71c6b35e8ed01e9002704400a8f2520
1274675741 1 412939702 95640be8c037ebb9f50cab0804234b07391d189b32745da4a15917788a412643
1274675741 2 3937119372 9092fe102cf146dc3b56d89ef92dc722b992db8a814d4919ca11a234950ba2de
1274675741 3 2597559180 f4b7014a6a3205f23a80c0257e402cd6a22de657502ac7aba435f92b972427bf
1274675741 4 1164725764 c4418e4e1ffd8dc93102d38bf2f1a705f12ee9c0bc3bbe6f5f2df68be566c20e
1274675741 5 2068309729 858e76fc1ac03467334a9c23b45088665a66b0461d13b0fa6156a4730a659abe
1274675741 6 1753338022 799e255fc96864d317ccd6fbc640f203746c51000bfea00bfab2a4c451824187
1274675741 7 2765142219 dafafa1977395c7fe6b3e62b05eb172da3b77909e824fd44aabff2cb96938304
1274675741 8 2605890202 b02dd95e474015f7d9d99d228d9d791b932ff0a5a52829b387dab044ceab3c76
1274675741 9 3529454476 6688e5edfea534255218d18525b799daa39da5cb14c6cd479d3250f857fb2e68
1274675741 10 1001957915 d4789736de2830816479f67dab43acf9c95f52eee61a411acbff4f5d0964d002
1274675741 11 1146741059 c71dca2e44e17cc9799623e97cd1836c879538dd8fb660c65a4d15c844ff6603
1274675741 12 2922599013 5d09d67bbfb898c744b1dcbd70e8dc98400252e1cbb785b5a58eabf50418b521
1274675741 13 3148788576 1398cf4b2bfb17bae9088e171fa58c4ee8f3de02c77ecd4338980e622a124056
1274675741 14 308777763 4e7d91d69cc27e74a1f2da2cff4f063606d7bdc3d734349557c554b41263aef5
1274675741 15 3658473397 196eda8f4558ea4f875095c528c55284304001c2cb2ed8fb0f63142e5f8c430c
1274675741 16 999612502 9fb406e23599f54d0ce89ab4a62e1eaa93b93ff6529d5732e5383544d122d941
1274675741 17 1458295979 3991ae81c6d0f8221c72178497190c34e9de9595945149d80dfc16556e6a8c87
1274675741 18 1056715939 c0cddfa0d6874c3cb53796b9bdb9124d6a7892d201757bbb8cfa13c48bebe326
1274675741 19 3047278974 d49db5c46c433eee26f53e08d931bb73733d84391ffefce1d8dec016edae596e
1274675741 20 4085983683 15097a4f0ef4de55ed70a3dc036a640d1f06e9957231f974a0a176870c8715d1
1274675741 21 3427654314 a2909303fdd6b50196056f2bf5c8580c991c2e45aa6a8963d0368ad5e7438892
1274675741 22 998679461 cf5815987a83cdedde10a15e5f429c244b1ab391e38ce7a67d928931879c213a
1274675741 23 364690717 b3b79bbfe00b9da19134264d24f69fe089e5d6b626b1ff20b24625506852ea23
1274675741 24 3979459221 cc3007c71198b01214218b38a99fd072e548b11f3bc55800eea0657f8492aaac
1274675741 25 3697540169 dad897ae8d3a89eac2b171b27a64779a059af1a1aecfd98b0437b7b4a51e2693
1274675741 26 1716134540 1600fbac4e151ed8c11095cd69fbfae3e84305d2d546973491bb92371a30235c
1274675741 27 3737938310 3d1fb65b8f79a3e8adfb730588b372296d275beb9483421c1b9ad2c33a1e810d
1274675741 28 3767044238 dc4d9829000e3fe19f273a02aeddc649fafb65b728532ebb945806e6ca860b5c
1274675741 29 1417591724 ab9e51f4336f0636a9cb342653c0b6cecdfa5e15eedcb4645416e24441d10ec3
1274675741 30 1413490772 decdbcf3a3b52ca7ae91a8559ecabb5700bc90a116329d39e114b34e7b18a03b
1274675741 31 2126896323 c7d2ecaccfc0a1defdf53dfb0c9b861ae764214e485832b0fab63d4d2e9396f7
1274675741 32 553296009 b5019e048c1f33e887dee0572cae21072a22d168dfbccb82c50433f09bcea1dc
1274675741 33 1611459428 cabf51d0faaa75881de1367c8e3225d2dcfe2757d0d893a869e1e1189f9769ce
1274675741 34 1864621142 a4438b47e87d327bd2c245f87db44797920e16515159198cb69b6f3505de3154
1274675741 35 975787424 7ab20c21ddf64b31297f69c3e756ada9ea78978223dce71431f6b9c94b96dfad
1274675741 36 644347804 fb1b7a853844a09ce84c7bca3ea469787920d1b134ff40da89c9b629128f2f71
1274675741 37 683541370 7aef10a6c7053aea0920eb76fe3849dbe63501d1bf92b187b4764ef525e6948d
1274675741 38 3037250084 4ea7844d8391fab6adab95131c4b7ad868487ee0e3c1b325efc8a34b604e826d
1274675741 39 2655668021 52e8f1a25220d234e1e05f65fca6f4acc965357b2aed4d566c45c3e263048843
1274675741 40 2349995209 98a0e06b31563271d361b85925828406c2343532551fbf391496ee22890f32d2
1274675741 41 2876218779 8631a8aa96d959affbcdf3f8d159802826003dbb4a68c9e704d55da45f20fdbd
1274675741 42 2014719183 be6f8483473767f41b9ae3929fb19298a2b5895f0997c10e8bfad7983c4ed5d8
1274675741 43 2545975452 c2318ff66d437b7140ee0c1e514cdc3772031ea5104659cf51f85175ff089b1d
1274675741 44 2605717185 05af6a53fa4d5f1cbfdbf8494e3fe75eab477ddadef7a4519ec555fa8b9d3215
1274675741 45 4215492227 cf528efb48287eb2f11eafef260548a23ef343676d9e456d7cf10d19fe18caba
1274675741 46 3947792417 526f8cbd57cb8128dea16a9b2ed8780cb7532458bdf21593c023de4d311a46e0
1274675741 47 3402046886 b9893a95b738b9bd845117202394ecbd881d4ff57beb142a4f6410bc040ef9fc
1274675741 48 433046757 6aff58d49c2269008be40466c25e57822feba84ed836ecfb45b67b24f15561b5
1274675741 49 91390768 5d69e6457e0659f2785eddef6ddb8db7e501cbbcbdfbb476cd88d1025afa5b6b
2956435871 0 4174474164 92633952088c4994cf8a8d63a4f1789c1ae259a1d3665bae493525e8c9de149d
2956435871 1 376210472 fb084854b11ff58391d4d2811d3929555ffa16cb2155b341f646029589086bf6
2956435871 2 2999158124 105243c48e81686c78b3c113e098a5d612e5eca1d0bc237f5f33fbbe0e338275
2956435871 3 4081185956 4a25225627bb3ec9a1ea736233c12a0daafdd6ee6e6e5eaf6ab6bc7cda83403b
2956435871 4 3755416896 138f88b14b54e0c2af1a74bb89cc4161128af6e158580af884552bafc3bd2276
2956435871 5 778090960 b367fc1d5881aef88b71e188a37dfc0e67a93a52432cad122b23bacfbc6f10d6
2956435871 6 4072835157 62f19c3d5d1e9ad0dde0aacc7b2e2e1b67b74ddefeda94670499b838a231e68a
2956435871 7 2207501614 8273e79c34c97d791202694c4292da605a04ee5e695e86b97cf6b15fa4c7b969
2956435871 8 2190558728 3b72930a2ac0ec9877b3360b6de4d62ea615ffb5804c4317e7463a82dac2a08a
2956435871 9 3823189439 5659ba1e763657bb6d4fea4b7b7b8bf7627e8316f8110c0925ab6f44a51ff275
2956435871 10 34113642 0b7452d5893e77cc754dff976a37408bbd4032e809389d48c5e2965195d2b690
2956435871 11 3514274260 9ababf4263a095749a1311a72864b308abd40023583c485f7032b23183c8df42
2956435871 12 2936567086 4bf1af1e39151cfa096f7ca5b4fe1f5f635c7f0384099683863c9ed7e24ba1be
2956435871 13 325125464 635bd415820cf514b5d0c2d4d41175e86e9e5065c59f8be9ecea143b1763ddae
2956435871 14 2449328923 65743e84a8feb8890a59094600510a57ce361440ba52287880fa72d27a313c6a
2956435871 15 3512958278 9a91bc0b844075f60c8886bff7d6a5ad8229a790f4fabd10a4a13eb1ab6e8e85
2956435871 16 265719362 759a64ad6b4cf886a01c9f8b4a4bc8312a4a1dac92b5adcb8676b5597061da64
2956435871 17 872456873 f9f4d26c30b62232a3e94b887b06dd5b8df5ea39d1eab174715a486ecc2784bf
2956435871 18 2472814394 b351cd4a3453b014dc713aad8d71baf52e8d4b6caf7e4cb4ea5de7949b303752
2956435871 19 3501823681 a84de4c82d4996301533919f0e29bc9e1c70324feb15b8c85ac5b1c76832b46f
2956435871 20 1936701373 f27bb6d386c8270c9cebb4a4835f9e18dae6237ae3424750f7546a9c0e220137
2956435871 21 2523619542 801eee38891fba2b744ccf7b40114968919a342e54f3dc840966c3992c6ac2b4
2956435871 22 1166737505 2a3f845f37f4cbed057d63f5f325b71d91f8fc4e57612b8fe031013f481410a9
2956435871 23 2523059196 b0e00b0f2812ce55a84ea00d5a4e145e397666f376bfa0f55412d54e0369ade6
2956435871 24 2362421810 9c9cf39a31c183977ddbf0d725a2f8db1c54ef9c842456de34acaf9cb0687ea2
2956435871 25 2548787974 23db60eefc00d28200c2c89c3e5db6227550966ddb950abcaa74134af35b16f0
2956435871 26 2795896221 8565f605319a8af5bbd750448beb9a777ab6ce0b7df4d92e18018e98f38a4ead
2956435871 27 1397629598 9109f5b53abe33dbfcf96b34d3db674a8667e2190b2092b80675f0faeae15e97
2956435871 28 736999850 8c9c0980d4abceb6185b0fe0edd45aee7180a1e1575920ec4b774ab70a9f435b
2956435871 29 4290373500 4ca1ab6e1626768870c17301db0256f1f53c2e9bd881194dacbdfa45659eb0a9
2956435871 30 1541108821 8426fe425e7d60ac3eecaf3d47feaec95b3ce9def952879336fe0cae974ea636
2956435871 31 243900594 a3bee1dc6d46f2e694d63c7c258cff0979e72f5f0a8b881bdad3ffddad88d380
2956435871 32 3763573087 f3d7675959d7b0fdca9b0237c8b5a680ba5c382ad5a8d35f33dad8d15d9f80d6
2956435871 33 2280346180 368c9077400156b0c27319675d5767970a270c13a5528c627f359567f045a346
2956435871 34 2416837406 fbc3c387b9d3e4e674b795f0e8ee2cdf82d7ac17722fda3c19c03f4d0b6c8d29
2956435871 35 2231686446 a1a31d45794ea9980e0cbc26453f0baa2440d133b328307216487c26ca44c14b
2956435871 36 1989732109 1d40ebf074a7dd125f907f924b848f2a814782eb3d67cfeec471ee43790c77bf
2956435871 37 4016954988 474a1b8c25c844a054cd599c1969ca0f13b9b09e8691d4e06ef5bea83aeaff67
2956435871 38 3244613738 a0ed54bcb8de99607462fd8c760402e3b8ab0e4c386a573a8648d0ab33b6038b
2956435871 39 905286537 d732a2cca4ed0ae002c2641737f14ac683d8de7caf393a06aafddca8c4bbf2ff
2956435871 40 4158408117 be161d60a560089c9e4ab3f6e2694a9f31c5376ebf3e83b4808862b07137e276
2956435871 41 3676270784 1eb72452ae9c749c30975a27eb3cb8505005bca3411ba809ccae2bef32f26c2a
2956435871 42 2487024762 084ede7c7cd4e04bb8b6cf233c98260b72db1042b29f8dc432503ef802d52794
2956435871 43 860845234 ecde43f3db4f7ee48deab501be4c9f0e8ae19bbea22f1238c3221fd45d268a2c
2956435871 44 1323504973 dca594459fce5fb4e8077e0af3d36445c8441db5af53d8c989ba393d9ddd32cd
2956435871 45 4253067555 d48cc53300d2bdaf847c1b3dbf901866bb6e5ca7c0128c7499449a9349ba4852
2956435871 46 2130754811 56e674a48cc6645018d24e9587d725a491e7cd5f01d1ce1b0578ca46bde7fd0f
2956435871 47 3950069440 9d491d2de23f6dbc598990283ecaee74035a7485d3e3443445d97814bae31436
2956435871 48 3491382179 17d4a19d772b92e59fcb9a716f9be7f276f40987f10853089255ab0e3441a905
2956435871 49 1287681929 2f533391d350c0db832c6ddafe7e9d12acb4517ca2efb5c3f090264e27b08986
