RUN warmup-before Now drawing from 'AC Power'
DONE warmup-before 3.024 CPU seconds
RUN warmup-after Now drawing from 'AC Power'
DONE warmup-after 2.957 CPU seconds
RUN warmup-before-profile Now drawing from 'AC Power'
DONE warmup-before-profile 3.008 CPU seconds
RUN warmup-after-profile Now drawing from 'AC Power'
DONE warmup-after-profile 2.993 CPU seconds
RUN arena256-2-r0-after Now drawing from 'AC Power'
DONE arena256-2-r0-after 8.955 CPU seconds
RUN arena256-2-r0-before Now drawing from 'AC Power'
DONE arena256-2-r0-before 9.007 CPU seconds
RUN arena128-2-r0-before Now drawing from 'AC Power'
DONE arena128-2-r0-before 2.992 CPU seconds
RUN arena128-2-r0-after Now drawing from 'AC Power'
DONE arena128-2-r0-after 2.93 CPU seconds
RUN lakes256-4-r0-after Now drawing from 'AC Power'
DONE lakes256-4-r0-after 13.563 CPU seconds
RUN lakes256-4-r0-before Now drawing from 'AC Power'
DONE lakes256-4-r0-before 13.796 CPU seconds
RUN arena512-4-r0-before Now drawing from 'AC Power'
DONE arena512-4-r0-before 42.671 CPU seconds
RUN arena512-4-r0-after Now drawing from 'AC Power'
DONE arena512-4-r0-after 41.839 CPU seconds
RUN arena512-4-r1-after Now drawing from 'AC Power'
DONE arena512-4-r1-after 41.69 CPU seconds
RUN arena512-4-r1-before Now drawing from 'AC Power'
DONE arena512-4-r1-before 42.191 CPU seconds
RUN lakes256-4-r1-before Now drawing from 'AC Power'
DONE lakes256-4-r1-before 13.738 CPU seconds
RUN lakes256-4-r1-after Now drawing from 'AC Power'
DONE lakes256-4-r1-after 13.565 CPU seconds
RUN arena128-2-r1-after Now drawing from 'AC Power'
DONE arena128-2-r1-after 2.936 CPU seconds
RUN arena128-2-r1-before Now drawing from 'AC Power'
DONE arena128-2-r1-before 2.986 CPU seconds
RUN arena256-2-r1-before Now drawing from 'AC Power'
DONE arena256-2-r1-before 9.015 CPU seconds
RUN arena256-2-r1-after Now drawing from 'AC Power'
DONE arena256-2-r1-after 8.95 CPU seconds
RUN arena256-2-r2-after Now drawing from 'AC Power'
DONE arena256-2-r2-after 9.006 CPU seconds
RUN arena256-2-r2-before Now drawing from 'AC Power'
DONE arena256-2-r2-before 9.024 CPU seconds
RUN arena128-2-r2-before Now drawing from 'AC Power'
DONE arena128-2-r2-before 2.981 CPU seconds
RUN arena128-2-r2-after Now drawing from 'AC Power'
DONE arena128-2-r2-after 2.928 CPU seconds
RUN lakes256-4-r2-after Now drawing from 'AC Power'
DONE lakes256-4-r2-after 13.575 CPU seconds
RUN lakes256-4-r2-before Now drawing from 'AC Power'
DONE lakes256-4-r2-before 13.755 CPU seconds
RUN arena512-4-r2-before Now drawing from 'AC Power'
DONE arena512-4-r2-before 42.064 CPU seconds
RUN arena512-4-r2-after Now drawing from 'AC Power'
DONE arena512-4-r2-after 41.593 CPU seconds
RUN arena256-2-r3-before Now drawing from 'AC Power'
DONE arena256-2-r3-before 9.01 CPU seconds
RUN arena256-2-r3-after Now drawing from 'AC Power'
DONE arena256-2-r3-after 8.953 CPU seconds
RUN arena128-2-r3-after Now drawing from 'AC Power'
DONE arena128-2-r3-after 2.937 CPU seconds
RUN arena128-2-r3-before Now drawing from 'AC Power'
DONE arena128-2-r3-before 2.973 CPU seconds
RUN lakes256-4-r3-before Now drawing from 'AC Power'
DONE lakes256-4-r3-before 13.761 CPU seconds
RUN lakes256-4-r3-after Now drawing from 'AC Power'
DONE lakes256-4-r3-after 13.51 CPU seconds
RUN arena512-4-r3-after Now drawing from 'AC Power'
DONE arena512-4-r3-after 41.597 CPU seconds
RUN arena512-4-r3-before Now drawing from 'AC Power'
DONE arena512-4-r3-before 42.198 CPU seconds
RUN arena128-2-r0-before-profile Now drawing from 'AC Power'
DONE arena128-2-r0-before-profile 2.985 CPU seconds
RUN arena128-2-r0-after-profile Now drawing from 'AC Power'
DONE arena128-2-r0-after-profile 2.93 CPU seconds
RUN arena256-2-r0-before-profile Now drawing from 'AC Power'
DONE arena256-2-r0-before-profile 9.061 CPU seconds
RUN arena256-2-r0-after-profile Now drawing from 'AC Power'
DONE arena256-2-r0-after-profile 8.975 CPU seconds
RUN arena512-4-r0-before-profile Now drawing from 'AC Power'
DONE arena512-4-r0-before-profile 42.514 CPU seconds
RUN arena512-4-r0-after-profile Now drawing from 'AC Power'
DONE arena512-4-r0-after-profile 41.72 CPU seconds
RUN lakes256-4-r0-before-profile Now drawing from 'AC Power'
DONE lakes256-4-r0-before-profile 13.941 CPU seconds
RUN lakes256-4-r0-after-profile Now drawing from 'AC Power'
DONE lakes256-4-r0-after-profile 13.597 CPU seconds
RUN arena128-2-r1-after-profile Now drawing from 'AC Power'
DONE arena128-2-r1-after-profile 2.959 CPU seconds
RUN arena128-2-r1-before-profile Now drawing from 'AC Power'
DONE arena128-2-r1-before-profile 2.963 CPU seconds
RUN arena256-2-r1-after-profile Now drawing from 'AC Power'
DONE arena256-2-r1-after-profile 8.969 CPU seconds
RUN arena256-2-r1-before-profile Now drawing from 'AC Power'
DONE arena256-2-r1-before-profile 9.065 CPU seconds
RUN arena512-4-r1-after-profile Now drawing from 'AC Power'
DONE arena512-4-r1-after-profile 41.682 CPU seconds
RUN arena512-4-r1-before-profile Now drawing from 'AC Power'
DONE arena512-4-r1-before-profile 42.525 CPU seconds
RUN lakes256-4-r1-after-profile Now drawing from 'AC Power'
DONE lakes256-4-r1-after-profile 13.587 CPU seconds
RUN lakes256-4-r1-before-profile Now drawing from 'AC Power'
DONE lakes256-4-r1-before-profile 13.911 CPU seconds
COMPLETE 48 measured runs
