PASS glob2-unit-tests CommunityAssets (1 cases) (0.0s)
PASS glob2-unit-tests AssetLoader (10 cases) (0.1s)
PASS BuildingCatalog/shipped JSON preserves all 55 frozen variants and exact canonical stock snapshot (0.1s)
PASS BuildingCatalog/documented experimental field kitchen loads from its authored files (0.1s)
PASS BuildingCatalog/snapshot roundtrip owns independent descriptors and ignores runtime gates (0.1s)
PASS BuildingCatalog/manifest parsing identifies the broken definition file without publishing a catalog (0.1s)
PASS BuildingCatalog/assignment limits compile staffing capability independently for each stage (0.0s)
PASS BuildingCatalog/stable keys need no compatibility family alias and defaults are bounded preferences (0.0s)
PASS BuildingCatalog/compiled runtime rows are dense aligned value copies and refresh gates in place (0.0s)
PASS BuildingCatalog/renamed composite variant and added feature survive embedded snapshot (0.1s)
PASS BuildingCatalog/compact runtime traits preserve validated numeric boundaries (0.0s)
PASS BuildingCatalog/legacy inventory vocabulary imports and ambiguous material aliases fail atomically (0.0s)
PASS BuildingCatalog/new materials retain high bits through catalogs and compact runtime rows (0.0s)
PASS BuildingCatalog/experiment metadata obeys the same contract before startup and transport (0.1s)
PASS BuildingCatalog/invalid catalog reports the rejected field and preserves the active catalog (0.2s)
PASS BuildingPackages/composition sorts packages and preserves the stock IDs and starting building (0.1s)
PASS BuildingPackages/artwork hashes bind catalog identity and custom frame indices are checked (0.1s)
PASS BuildingFamilyLinks/family links stay on the selected instance and normalize bounded IDs (0.1s)
PASS BuildingFamilyLinks/unlisted family detail uses the instance client and rejects changed identity (0.1s)
PASS BuildingPackages/rejected package composition preserves descriptors and canonical stock bytes (0.1s)
PASS glob2-unit-tests GameHeaderTextSaveLoad (6 cases) (0.3s)
PASS BuildingCatalog/expanded canonical snapshots must fit transport before catalog publication (0.3s)
PASS CustomGameSetup/local building experiments are filtered by the destination catalog while saves retain theirs (0.1s)
PASS BuildingLibrary/installed families are explicitly selected and corrupt updates never replace a release (0.3s)
PASS CustomGameSetup/custom AI library identities and released preferences round trip (0.3s)
PASS CustomGameSetup/catalog local launch loads the exact cached version and rejects invalid maps [writes-preferences] (0.3s)
PASS MapSets/invalid packages fail atomically and reimports preserve local edits (0.1s)
PASS MapSets/selected terrain includes custom resources and explicit updates replace local copies (0.1s)
PASS CustomGameSetup/map previews retain embedded experimental catalogs through cache hits (0.5s)
PASS CustomGameSetup/preview queue priority and restart (0.4s)
PASS CustomGameSetup/generated map snapshot launches from memory (0.4s)
PASS BuildingArtwork/portable bundle verifies image bytes and catalog frame references (0.7s)
PASS CustomGameSetup/experiments from settings are baked into a new game; a save keeps them; campaigns never take them (0.6s)
PASS MapSets/custom artwork properties and credits survive offline save and load [artifacts] (0.5s)

34 passed, 0 failed, 0 skipped (6.2s of test time)
[run_tests] JUnit report: artifacts/building-library-final-focused.xml (48 cases)
