PASS preferences round trip, hidden slots, bounds and corrupt-file recovery
PASS preferences keep every generator option, and older files still load
PASS all 31 playable generator landscapes
PASS model: defaults, alliances, restoration, shared control, human movement, limits, presets
PASS generated snapshot round trip: all terrain, resources, and starts identical
PASS order routing: mode 0, every AI once, no duplicate polls
PASS save/load: human/shared
nox::game started
nox::gui.game.checkSum() = aa40a9b0
automaticEndingGame ended: 500 ticks, 0 minutes, 20 seconds
GLOB2_GAME_END ticks=500 winner_team=-1 seed=1789477524 map="Random test" orders=6 players=team0:local,team1:Numbi,team2:Numbi,team3:Numbi
nox::game started
nox::gui.game.checkSum() = ed5eb4fa
automaticEndingGame ended: 250 ticks, 0 minutes, 10 seconds
GLOB2_GAME_END ticks=250 winner_team=-1 seed=1789477524 map="replayHeader" orders=0 players=team0:None,team1:None,team2:None,team3:None
PASS real match and replay playback: control 0 solo 0
PASS order routing: mode 2, every AI once, no duplicate polls
PASS save/load: human/shared
nox::game started
nox::gui.game.checkSum() = eff80750
automaticEndingGame ended: 500 ticks, 0 minutes, 20 seconds
GLOB2_GAME_END ticks=500 winner_team=-1 seed=1789477525 map="Random test" orders=8 players=team0:local,team0:Numbi,team1:Numbi,team2:Numbi,team3:Numbi
nox::game started
nox::gui.game.checkSum() = 41830182
automaticEndingGame ended: 250 ticks, 0 minutes, 10 seconds
GLOB2_GAME_END ticks=250 winner_team=-1 seed=1789477525 map="replayHeader" orders=0 players=team0:None,team0:None,team1:None,team2:None,team3:None
PASS real match and replay playback: control 2 solo 0
PASS order routing: mode 1, every AI once, no duplicate polls
PASS save/load: AI-only
nox::game started
nox::gui.game.checkSum() = 2b9e6ea0
automaticEndingGame ended: 500 ticks, 0 minutes, 20 seconds
GLOB2_GAME_END ticks=500 winner_team=-1 seed=1789477525 map="Random test" orders=8 players=team0:Numbi,team1:Numbi,team2:Numbi,team3:Numbi
nox::game started
nox::gui.game.checkSum() = 77784305
automaticEndingGame ended: 250 ticks, 0 minutes, 10 seconds
GLOB2_GAME_END ticks=250 winner_team=-1 seed=1789477525 map="replayHeader" orders=0 players=team0:None,team1:None,team2:None,team3:None
PASS real match and replay playback: control 1 solo 0
nox::game started
nox::gui.localTeam has won
automaticEndingGame ended: 2 ticks, 0 minutes, 0 seconds
GLOB2_GAME_END ticks=2 winner_team=0 seed=1789477526 map="FourSquares1" orders=0 players=team0:local
nox::game started
nox::gui.localTeam has won
automaticEndingGame ended: 2 ticks, 0 minutes, 0 seconds
GLOB2_GAME_END ticks=2 winner_team=0 seed=1789477526 map="replayHeader" orders=0 players=team0:None
PASS real match and replay playback: control 0 solo 1
ALL CUSTOM SETUP TESTS PASSED
