PASS Maxima.Economy/counted opponent records preserve slot fifteen and load the legacy twelve-record layout [save-format] (0.1s)
PASS MapTiling/rejects invalid requests without mutating the source [save-format] (0.2s)
PASS MapTiling/copies colonies, painted areas and clearing settings [save-format] (0.2s)
PASS BuildingFootprint/the retained fixture loads [save-format] (0.2s)
PASS MapTiling/wraps swimmers, buildings and team areas together across the source seam [save-format] (0.1s)
PASS MapTiling/refuses over-capacity bases before replacing the source [save-format] (0.1s)
PASS TeamLimit/sixteen controller slots survive binary and text headers [save-format] (0.1s)
PASS FarmAreas/a farm area survives a save and load [save-format] (0.5s)
PASS MapTiling/a repeated starting map has portable per-tick checksums [save-format][golden] (0.4s)
PASS RuntimeContinuation/gradient manager state survives binary and text round trips [save-format] (0.6s)
PASS MapTiling/writes a compressed source as a reloadable ordinary map [save-format] (0.6s)
PASS TeamStatsSave/older saves load with labour coverage starting at the loaded tick [save-format] (0.2s)
PASS TeamStatsSave/labour, combat and defence measurements survive a save [save-format] (0.6s)
PASS GuardAreaBalance/a saved game continues identically for 1000 ticks after loading [save-format] (1.4s)
PASS TeamStatsSave/legacy version 88 fixture replays the golden trace [save-format][golden] (0.2s)
PASS TeamLimit/sixteen team saves continue identically and preserve entity generations [save-format][artifacts] (1.1s)
PASS TeamStatsSave/legacy version 84 fixture replays the golden trace [save-format][golden] (0.3s)
PASS EnteringUnitSave/the retained fixture loads [save-format] (0.2s)
PASS BuildingFootprint/generated fixtures round-trip through binary saves [save-format] (2.1s)
PASS TeamLimit/script generation slot counts reject missing capacity and truncated planes [save-format] (1.9s)
PASS LegacyRoundTripSave/a format-143 save with live round-trip fields plays on greedily [golden][save-format] (3.7s)
PASS TeamLimit/retained format126 Maxima save preserves identities and subsequent AI decisions [save-format][artifacts] (5.2s)
PASS MarketFetch/market fields and pending publications survive binary and text saves [save-format] (3.7s)
PASS MarketsV2/legacy workers already travelling to markets continue after migration [golden][save-format] (0.3s)
PASS TeamStatsSave/AI telemetry continues across a save [save-format] (5.6s)
PASS MarketFetch/upgraded market IDs and stock survive binary and text saves [save-format] (4.6s)
PASS UntrustedFiles/terrain loaders reject invalid resources occupants and sector dimensions [save-format] (0.1s)
PASS UntrustedFiles/entity loaders reject malicious indices before using them [save-format] (0.1s)
PASS UntrustedFiles/legacy saved instruction pointers must identify statement boundaries [save-format] (0.1s)
PASS UntrustedFiles/complete saved game rejects poisoned unit state and retains a reproducible fixture [save-format][artifacts] (0.7s)
PASS MarketsV2/disabled fruit deliveries have a stable per-tick trace and save continuation [golden][save-format][artifacts] (3.0s)
PASS ResourceGrowth/both format 144 and 145 lineages and compact growth saves retain continuation [save-format] (9.6s)
PASS MarketsV2/enabled supply networks repeat deterministically with save continuation [golden][save-format][artifacts] (5.5s)
PASS EnteringUnitSave/generated fixtures round-trip through binary saves [save-format] (12.9s)
PASS TeamStatsSave/32 sampling phases; ring wrap; repeated loads; text streams and corruption controls [save-format] (22.9s)
PASS SavegameSafety/autosave defaults; atomic and background writes; truncated and malformed loads; imports and campaign progress [save-format][writes-preferences] (27.9s)

36 passed, 0 failed, 0 skipped (116.9s of test time)
[run_tests] JUnit report: artifacts/30tps/save-format.xml (36 cases)
