PASS RuntimeBuildingOrderSaveLoad/UnregisteredOrderRoundTrips (0.0s)
PASS glob2-unit-tests ReplayStepCounter (7 cases) (0.0s)
PASS RuntimeBuildingOrderSaveLoad/Pre96StreamLeavesSentinel (0.0s)
PASS RuntimeBuildingOrderSaveLoad/RoundTripCurrentVersion (0.0s)
PASS glob2-unit-tests ExperimentalFeatures (10 cases) (0.0s)
PASS InnSwap/the later booker trades with the one it would cross (0.1s)
PASS InnSwap/a good booking stays (0.1s)
PASS BuildingGradientInvalidation/a rival teams ring cuts off a cached field (0.1s)
PASS BuildingGradientInvalidation/ring placed around an existing field (0.1s)
PASS BuildingGradientInvalidation/centre placed inside an existing ring (0.1s)
PASS BuildingGradientInvalidation/a ring cuts off a virtual flags field (0.1s)
PASS BuildingGradientInvalidation/a paused field keeps its original obstacles (0.1s)
PASS BuildingGradientInvalidation/parallel fields (0.1s)
PASS BuildingGradientInvalidation/public reads resolve their inputs (0.1s)
PASS glob2-unit-tests GameHeaderTextSaveLoad (5 cases) (0.2s)
PASS BuildingGradientInvalidation/idle field storage is reused without stale routes (0.1s)
PASS ClearingFlagGradient/material switches; declarative clearing; empty tiles; padding independence and swimming variants (0.1s)
PASS ClearingFlagGradient/passable clearing sources respect forbidden paint buildings and immobile units (0.1s)
PASS ClearingFlagGradient/empty persistent deposits remain clearing flag goals and worker targets (0.1s)
PASS GradientPreparation/warm preparation keeps custom supplier unions exclusions penalties and overlays live (0.1s)
PASS GradientPreparation/supplier seed indexing rejects foreign and invalid building IDs in cached and direct fields (0.1s)
PASS GradientPreparation/cached natural goals follow immobile occupancy and live overlays (0.1s)
PASS GradientPreparation/custom terrain and registry replacement preserve cached and direct seeds (0.1s)
PASS GradientPreparation/concurrent preparation owns buffers and serializes dirty cache refresh (0.1s)
PASS BuildingGradientInvalidation/delayed fields (0.2s)
PASS GradientPreparation/all supported team masks match the scalar fields (0.1s)
PASS GradientPreparation/explicit clearing overrides farm crop protection but never forbidden paint (0.1s)
PASS GradientPreparation/mutation and reset boundaries use current state (0.1s)
PASS GradientPreparation/compound passable material goals track depletion visibility and overlapping suppliers (0.1s)
PASS GradientPreparation/concurrent lazy requests publish one complete resource field (0.1s)
PASS GradientPreparation/resource cache tracks cell writes and falls back through mutation bursts (0.2s)
PASS GradientPreparation/optional cache storage can be unavailable or over budget (0.2s)
PASS GradientPreparation/published plane registry matches a sweep of live material fields (0.1s)
PASS ImmobileUnitGradient/immobile unit blocks its own tile (0.1s)
PASS glob2-unit-tests GradientPipeline (3 cases) (0.5s)
PASS ImmobileUnitGradient/fresh map has no immobile units (0.1s)
PASS ImmobileUnitGradient/painting forbidden area refreshes gradients (0.1s)
PASS GradientPreparation/compact clearing traits preserve custom high-ID property combinations (0.1s)
PASS MatchSetup/AI order delay is optional bounded integer data and round trips through headers (0.0s)
PASS MatchSetup/catalog rules identity partitions ratings without changing the executable identity (0.0s)
PASS MatchSetup/SHA-256 matches the FIPS 180-4 test vectors (0.0s)
PASS MatchSetup/the vendored fixtures match the protocol package when it is present (0.0s)
PASS MatchSetup/every MatchSetup and SimVersion contract fixture is accepted or rejected at its stage (0.1s)
PASS MatchSetup/valid setups become the GameHeader every client and the verifier run (0.0s)
PASS MatchSetup/embedded catalogs carry dynamic experiments independently of installed definitions (0.1s)
PASS MatchSetup/closed seats close their team and follow every player seat (0.0s)
PASS MatchSetup/map-required terrain experiments propagate to setup and cannot be omitted (0.1s)
PASS MatchSetup/unknown experiments, JavaScript AIs and unexpressible headers are refused (0.1s)
PASS MatchSetup/the simulation data hash covers every data file the simulation loads (0.0s)
PASS MapGradientInvalidation/forbidden painting refreshes routes across passable resources (0.3s)
PASS MatchSetup/a map file is found and checked by the hash of its decompressed bytes (0.1s)
PASS MarketFetch/deliverer stays attached and fetches the next market delivery (0.1s)
PASS MarketFetch/stocked markets are resource goals, depleted markets are not (0.1s)
PASS TurnEngineHarness/the committed match record verifies to the committed checksum trace [network-sim][golden] (0.4s)
PASS MarketsV2/legacy workers already travelling to markets continue after migration [golden][save-format] (0.1s)
PASS MarketsV2/disabled gate blocks explicit fetch APIs and upgrade execution (0.1s)
PASS MarketsV2/market routes respect forbidden ground and water across swim classes (0.1s)
PASS MarketsV2/each market level accepts only its resources across all swim classes (0.1s)
PASS MarketsV2/a frequently refreshed market field publishes depletion and restocking (0.1s)
PASS MarketsV2/market repair materials do not overwrite shared stock (0.1s)
PASS MarketsV2/upgrading cancelling and completing preserve shared stock and gate (0.4s)
PASS ResourceFetchTarget/a depleted target is refreshed after its gradient rebuild for every swim class (0.1s)
PASS GradientPreparation/seed cells match scalar predicates across policies and changing overlays (1.4s)
PASS RoundTripHungerGate/a unit is judged on the walk to the resource (0.1s)
PASS RoundTripHungerGate/the fallback scores a whole round trip (0.1s)
PASS MarketsV2/disabled fruit deliveries have a stable per-tick trace and save continuation [golden][save-format][artifacts] (1.0s)
PASS MarketFetch/market fields and pending publications survive binary and text saves [save-format] (1.2s)
PASS MarketsV2/market panels show gated upgrades and shared stock [display][artifacts] (0.7s)
PASS MarketFetch/upgraded market IDs and stock survive binary and text saves [save-format] (1.2s)
PASS MarketsV2/enabled supply networks repeat deterministically with save continuation [golden][save-format][artifacts] (1.6s)
PASS MapGradientInvalidation/forbidden edits invalidate exactly the affected fields and preserve the rest (2.5s)

71 passed, 0 failed, 0 skipped (16.3s of test time)
[run_tests] JUnit report: artifacts/greedy-fetch/default-native.xml (92 cases)
