Settings::load("preferences.txt") : error, can't open file.
generator,seed,off_ms,on_ms,records,status
fingerprint,1,49.985,46.797,55,ok
fingerprint,2,41.262,40.698,55,ok
fingerprint,3,41.016,42.940,55,ok
old-town,1,88.217,90.051,58,ok
old-town,2,89.888,86.850,58,ok
old-town,3,93.424,87.254,58,ok
symmetric-arena,1,52.023,52.038,11,ok
symmetric-arena,2,52.954,61.314,11,ok
symmetric-arena,3,53.573,52.575,11,ok
swamp,1,25.693,24.335,115,ok
swamp,2,24.055,23.612,115,ok
swamp,3,26.204,24.118,115,ok
tidal-flats,1,123.980,123.291,63,ok
tidal-flats,2,125.161,127.578,63,ok
tidal-flats,3,122.157,119.858,64,ok
river,1,24.313,24.060,115,ok
river,2,24.821,25.793,115,ok
river,3,31.771,32.033,115,ok
isles,1,52.148,52.268,64,ok
isles,2,51.670,51.587,64,ok
isles,3,51.894,52.141,64,ok
ring-world,1,31.686,30.268,71,ok
ring-world,2,29.586,29.314,71,ok
ring-world,3,29.398,29.551,72,ok
amphitheatre,1,50.361,48.071,78,ok
amphitheatre,2,47.785,47.359,78,ok
amphitheatre,3,50.336,49.621,78,ok
shattered-coast,1,33.875,33.702,89,ok
shattered-coast,2,33.026,32.672,89,ok
shattered-coast,3,34.610,34.400,89,ok
crater-lakes,1,34.666,32.453,115,ok
crater-lakes,2,34.479,34.110,115,ok
crater-lakes,3,30.029,29.834,115,ok
fjord-continent,1,31.676,31.742,129,ok
fjord-continent,2,32.932,31.972,129,ok
fjord-continent,3,31.587,35.399,129,ok
spider-web,1,37.666,37.566,59,ok
spider-web,2,41.231,39.675,59,ok
spider-web,3,40.195,36.537,59,ok
concrete-islands,1,60.930,65.241,59,ok
concrete-islands,2,60.758,61.462,59,ok
concrete-islands,3,62.864,63.338,59,ok
watershed,1,70.299,72.334,76,ok
watershed,2,69.327,61.872,76,ok
watershed,3,89.260,71.044,76,ok
maze,1,13.376,17.385,33,ok
maze,2,14.705,13.802,33,ok
maze,3,15.265,13.046,33,ok
islands,1,34.357,35.240,114,ok
islands,2,43.038,37.859,114,ok
islands,3,32.690,33.604,114,ok
stone-highlands,1,81.635,67.052,256,ok
stone-highlands,2,60.661,60.841,244,ok
stone-highlands,3,58.290,55.085,254,ok
switchbacks,1,150.778,136.835,89,ok
switchbacks,2,156.311,147.506,89,ok
switchbacks,3,162.340,144.666,89,ok
city-states,1,134.214,113.774,62,ok
city-states,2,112.500,105.143,62,ok
city-states,3,135.575,121.426,62,ok
canals,1,62.745,174.434,86,ok
canals,2,69.323,114.092,86,ok
canals,3,87.492,129.025,88,ok
sierpinski-gardens,1,85.500,71.571,149,ok
sierpinski-gardens,2,177.501,147.617,149,ok
sierpinski-gardens,3,339.278,319.147,149,ok
hilbert-river,1,407.892,497.550,161,ok
hilbert-river,2,328.318,248.092,159,ok
hilbert-river,3,402.591,461.097,161,ok
lava-shield,1,621.920,554.737,96,ok
lava-shield,2,689.790,879.783,96,ok
lava-shield,3,837.543,688.333,96,ok
honeycomb-isle,1,66.409,87.849,156,ok
honeycomb-isle,2,56.112,122.673,156,ok
honeycomb-isle,3,89.058,59.128,160,ok
karst-towers,1,148.080,187.864,70,ok
karst-towers,2,206.677,176.343,70,ok
karst-towers,3,96.051,291.840,70,ok
bajada,1,186.376,292.552,70,ok
bajada,2,286.669,155.184,69,ok
bajada,3,122.986,310.524,70,ok
central-quarry,1,383.141,835.215,96,ok
central-quarry,2,811.513,249.113,94,ok
central-quarry,3,407.876,864.057,94,ok
hidden-oasis,1,1032.917,421.917,114,ok
hidden-oasis,2,249.950,1124.332,118,ok
hidden-oasis,3,900.517,399.101,116,ok
even-ground,1,2082.406,2086.416,105,ok
even-ground,2,2420.855,2462.721,105,ok
even-ground,3,1717.374,1675.179,105,ok
marchland,1,1108.015,844.086,93,ok
marchland,2,1109.607,983.783,93,ok
marchland,3,845.415,746.050,82,ok
rugged-archipelago,1,181.233,202.504,77,ok
rugged-archipelago,2,192.485,216.554,77,ok
rugged-archipelago,3,222.369,314.218,77,ok
contested-commons,1,524.594,477.273,91,ok
contested-commons,2,461.306,430.578,91,ok
contested-commons,3,375.218,483.839,91,ok
rain-shadow,1,256.523,258.128,57,ok
rain-shadow,2,363.912,343.556,57,ok
rain-shadow,3,306.144,353.578,57,ok
everglades,1,492.733,486.129,60,ok
everglades,2,490.465,400.835,60,ok
everglades,3,496.034,521.985,60,ok
polder,1,479.002,478.808,62,ok
polder,2,520.335,525.239,62,ok
polder,3,374.567,444.737,62,ok
carousel,1,806.502,809.261,81,ok
carousel,2,681.906,708.596,81,ok
carousel,3,961.173,791.928,81,ok
old-growth,1,477.562,420.172,61,ok
old-growth,2,428.053,420.040,61,ok
old-growth,3,698.470,342.645,61,ok
anthill,1,462.727,448.844,60,ok
anthill,2,316.943,297.876,60,ok
anthill,3,384.535,476.971,60,ok
coral,1,353.530,299.882,63,ok
coral,2,485.301,287.397,63,ok
coral,3,212.727,337.127,63,ok
emoji,1,230.875,197.539,83,ok
emoji,2,408.113,294.870,83,ok
emoji,3,234.018,355.088,83,ok
forts,1,923.327,867.747,122,ok
forts,2,677.089,690.888,126,ok
forts,3,789.946,816.896,126,ok
braided-delta,1,313.688,307.731,63,ok
braided-delta,2,372.002,257.851,63,ok
braided-delta,3,337.750,335.413,63,ok
breachable-highlands,1,319.445,278.631,133,ok
breachable-highlands,2,492.937,303.806,129,ok
breachable-highlands,3,174.129,412.658,133,ok
hedgerow-country,1,480.862,582.109,64,ok
hedgerow-country,2,543.361,597.616,64,ok
hedgerow-country,3,491.582,528.788,64,ok
glacis,1,833.074,714.369,90,ok
glacis,2,965.285,737.997,90,ok
glacis,3,926.590,853.025,90,ok
allotments,1,233.913,361.994,60,ok
allotments,2,326.413,328.801,60,ok
allotments,3,294.007,202.989,60,ok
caravanserai,1,790.525,699.875,75,ok
caravanserai,2,958.417,698.762,69,ok
caravanserai,3,603.526,742.928,69,ok
braided-river,1,466.432,435.122,99,ok
braided-river,2,500.344,506.438,99,ok
braided-river,3,479.078,569.541,99,ok
drumlin-field,1,2206.620,2180.060,64,ok
drumlin-field,2,2068.008,2087.600,64,ok
drumlin-field,3,1769.745,1985.783,64,ok
continents,1,1191.793,1206.419,82,ok
continents,2,1092.709,1400.911,81,ok
continents,3,889.312,1011.556,83,ok
savannah,1,550.453,584.033,244,ok
savannah,2,613.406,583.556,246,ok
savannah,3,640.458,588.466,244,ok
hills,1,213.130,264.574,82,ok
hills,2,282.935,301.997,82,ok
hills,3,261.020,263.573,82,ok
rice-terraces,1,148.689,324.125,74,ok
rice-terraces,2,190.967,261.539,74,ok
rice-terraces,3,173.221,180.180,74,ok
locust,1,431.808,430.385,92,ok
locust,2,355.277,299.869,92,ok
locust,3,266.240,327.722,92,ok
plantations,1,1008.670,737.332,96,ok
plantations,2,820.364,746.052,96,ok
plantations,3,620.145,591.790,96,ok
uniform,1,0.839,3.377,4,ok
uniform,2,0.893,0.898,4,ok
uniform,3,0.913,5.214,4,ok
# telemetry: 171 cases, 171 generated, 0 semantic failures, off 63929.093 ms, on 63670.581 ms
