PASS glob2-unit-tests FieldGradient (11 cases) (0.0s)
PASS glob2-unit-tests GradientBFS (7 cases) (0.0s)
PASS glob2-unit-tests BasePlayerSaveLoad (5 cases) (0.0s)
PASS glob2-unit-tests CampaignDescriptionCache (1 cases) (0.0s)
PASS glob2-unit-tests ReadOnlyPhase (1 cases) (0.0s)
PASS glob2-unit-tests BulletSaveLoad (2 cases) (0.0s)
PASS glob2-unit-tests ComputeExecutor (2 cases) (0.0s)
PASS glob2-unit-tests ReplayAppearance (2 cases) (0.0s)
PASS glob2-unit-tests MapExploredAreaSaveLoad (2 cases) (0.0s)
PASS glob2-unit-tests ReplayStepCounter (7 cases) (0.0s)
PASS glob2-unit-tests JavaScriptTransactions (3 cases) (0.0s)
PASS glob2-unit-tests GameHeaderTextSaveLoad (4 cases) (0.2s)
PASS glob2-unit-tests JavaScriptNumbers (2 cases) (0.1s)
PASS glob2-unit-tests BaseTeamSaveLoad (2 cases) (0.0s)
PASS glob2-unit-tests TurnHarness (10 cases) (0.2s)
PASS AISavePortability/runtime initialisation; area order serialisation and Maxima reserved telemetry (0.1s)
PASS glob2-unit-tests Gradient (12 cases) (0.3s)
PASS glob2-unit-tests JavaScriptRuntime (20 cases) (0.2s)
PASS glob2-unit-tests PathGradient (5 cases) (0.4s)
PASS glob2-unit-tests GradientPipeline (2 cases) (0.6s)
PASS AIStateContinuation/Cortex economy and food shortage survive save-load (0.7s)
PASS glob2-unit-tests GlobalGradient (3 cases) (1.2s)
PASS LegacyAIState/Warrush timers and constructors round-trip at boundaries (0.1s)
PASS LegacyAIState/Numbi phase clock survives and advances on the original poll (0.1s)
PASS LegacyAIState/old layouts default omitted clocks without consuming the following field (0.1s)
PASS LegacyAIState/new timer records reject out-of-range missing and malformed values (0.1s)
PASS LegacyAIState/pre-fix format 127 writers remain aligned for Cabino Nicowar and Cortex (0.1s)
PASS LegacyAIState/Warrush wrapper preserves the next decision and its random stream (0.1s)
PASS LegacyAIState/Numbi wrapper preserves an active phase clock and the next decision (0.1s)
PASS LegacyAIState/Nicowar explorer phases and full construction counts survive (0.1s)
PASS LegacyAIState/Cabino saving leaves its pending FIFO intact (0.1s)
PASS LegacyAIState/Cabino preserves stale gradients module latches and fruit memories (0.1s)
PASS LegacyAIState/Cortex saved policy and model supersede the current process selection (0.1s)
PASS LegacyAIState/shared runtime reload replaces queues and registrations in binary and text (0.1s)
PASS RuntimeBuildingOrderSaveLoad/RoundTripCurrentVersion (0.0s)
PASS RuntimeBuildingOrderSaveLoad/UnregisteredOrderRoundTrips (0.0s)
PASS RuntimeBuildingOrderSaveLoad/Pre96StreamLeavesSentinel (0.0s)
PASS RuntimeContinuation/gradient manager state survives binary and text round trips [save-format] (0.2s)
PASS RuntimeContinuation/terrain weighted influence retains obstacles and sub-tile trail costs (0.0s)
PASS RuntimeContinuation/irrigation heuristics require a positive enabled fertility contribution (0.0s)
PASS RuntimeContinuation/position entities retain historical binary and text payloads (0.0s)
PASS RuntimeContinuation/recurring input tracking and provider lookup preserve composite membership (0.1s)
PASS AITargetTelemetrySave/target fields are declared in schema version 2 (0.1s)
PASS AITargetTelemetrySave/Cortex flag targets carry the team that owns each building (0.1s)
PASS AITargetTelemetrySave/Cortex records its committed target until the offense stands down, across saves (0.2s)
PASS AITargetTelemetrySave/Numbi reports the highest-numbered enemy its attack searches (0.1s)
PASS AIStateContinuation/Econo shared runtime survives save-load (3.3s)
PASS SystemLanguage/ISO locales map to the historical catalog codes (0.0s)
PASS AIStateContinuation/all controllers continue alongside another AI and a shared-team controller [slow] (3.2s)
PASS SystemLanguage/regional and script variants pick the matching catalog (0.0s)
PASS SystemLanguage/languages without a catalog are not confused with catalog codes (0.0s)
PASS SystemLanguage/the first available preference wins, then English (0.0s)
PASS SharedWorkerLifecycle/background saves finish on a worker and remain readable after teardown (0.1s)
PASS SharedWorkerLifecycle/pending gradient work survives a save and continues at the same deadlines (0.2s)
PASS AIStateContinuation/Castor and Maxima active full games preserve decisions and RNG [slow] (3.3s)
PASS SimulationReadPhase/direct completed steps match deferred preparation across worker counts (0.2s)
PASS GuardAreaBalance/crowding box sum matches brute force across the torus seam (0.1s)
PASS SystemLanguage/startup follows the system only when the profile has no usable language (0.7s)
PASS GuardAreaBalance/without the experiment every warrior takes the nearest area; nobody leaves it; the default game's checksums are unchanged [golden] (0.6s)
PASS GuardAreaBalance/warriors split between a near and a far guard area at every refresh cadence (0.5s)
PASS GuardAreaBalance/an existing clump drains into a newly painted area at every refresh cadence (0.5s)
PASS GuardAreaBalance/two nearby patches count as one position (0.3s)
PASS GuardAreaBalance/a larger painted area takes the larger share (0.3s)
PASS GuardAreaBalance/three areas are all guarded (0.2s)
PASS GuardAreaBalance/a saved game continues identically for 1000 ticks after loading [save-format] (0.3s)
PASS AIStateContinuation/Numbi growth and attack preparation survive save-load (5.3s)
PASS TerrainProperties/exclusive movement modes and bounded compile-time definitions (0.0s)
PASS TerrainProperties/Trail retains legacy identities and terrain behavior (0.0s)
PASS TerrainProperties/canonical terrain survives presentation regeneration and batches snapshot invalidation (0.1s)
PASS GuardAreaBalance/erasing an area releases its warriors to the other one (0.5s)
PASS TerrainProperties/same-size map replacement and legacy import refresh ecology (0.1s)
PASS TerrainProperties/terrain edits refresh escape costs and supersede queued route snapshots (0.1s)
PASS TerrainProperties/required terrain experiments survive tiling and distinguish map headers (0.1s)
PASS TerrainProperties/explorers ignore ice damage and no-permadeath applies to ground hazards (0.1s)
PASS TerrainProperties/ice exposure includes stationary units and preserves fractional health in saves (0.1s)
PASS TerrainProperties/health modifiers clip healing and expose units that have found an exit (0.1s)
PASS TerrainProperties/terrain health profiles choose independent air and ground rates (0.1s)
PASS TerrainProperties/projectile supercover tests intermediate cells corners and wrapped coordinates (0.0s)
PASS TerrainProperties/explorer flag eligibility applies route accessibility and hunger distance (0.1s)
PASS BuildingGradientInvalidation/centre placed inside an existing ring (0.1s)
PASS BuildingGradientInvalidation/ring placed around an existing field (0.1s)
PASS BuildingGradientInvalidation/a rival teams ring cuts off a cached field (0.1s)
PASS BuildingGradientInvalidation/a ring cuts off a virtual flags field (0.1s)
PASS BuildingGradientInvalidation/a paused field keeps its original obstacles (0.1s)
PASS BuildingGradientInvalidation/public reads resolve their inputs (0.1s)
PASS BuildingGradientInvalidation/idle field storage is reused without stale routes (0.1s)
PASS BuildingGradientInvalidation/parallel fields (0.1s)
PASS ClearingFlagGradient/basic switches; all fruit; empty tiles; padding independence and swimming variants (0.1s)
PASS GradientPreparation/warm preparation keeps custom supplier unions exclusions penalties and overlays live (0.1s)
PASS GradientPreparation/supplier seed indexing rejects foreign and invalid building IDs in cached and direct fields (0.1s)
PASS BuildingGradientInvalidation/delayed fields (0.3s)
PASS GradientPreparation/concurrent preparation owns buffers and serializes dirty cache refresh (0.1s)
PASS GradientPreparation/resource cache tracks cell writes and falls back through mutation bursts (0.1s)
PASS GradientPreparation/cached natural goals follow immobile occupancy and live overlays (0.1s)
PASS GradientPreparation/custom terrain and registry replacement preserve cached and direct seeds (0.1s)
PASS GradientPreparation/all supported team masks match the scalar fields (0.1s)
PASS GradientPreparation/optional cache storage can be unavailable or over budget (0.2s)
PASS GradientPreparation/explicit clearing overrides farm crop protection but never forbidden paint (0.1s)
PASS GradientPreparation/mutation and reset boundaries use current state (0.1s)
PASS GradientPreparation/concurrent lazy requests publish one complete resource field (0.1s)
PASS ImmobileUnitGradient/fresh map has no immobile units (0.1s)
PASS ImmobileUnitGradient/immobile unit blocks its own tile (0.1s)
PASS ImmobileUnitGradient/painting forbidden area refreshes gradients (0.1s)
PASS GuardAreaBalance/settled guards keep moving on every paint layout and stay around the area (1.7s)
PASS LanIdentity/a scoped IPv6 LAN address has an unscoped certificate identity (0.0s)
PASS LanMatchHarness/LAN catalog messages fragment and reject malformed fragment streams (0.0s)
PASS LanMatchHarness/LAN departure waits for asynchronous transport writes (0.0s)
PASS GradientPreparation/seed cells match scalar predicates across policies and changing overlays (1.0s)
PASS AIStateContinuation/Cabino specialist modules survive save-load (7.4s)
PASS AIStateContinuation/Nicowar shared runtime survives save-load (7.7s)
PASS AITargetTelemetrySave/target telemetry names only real enemies and leaves the simulation unchanged (4.6s)
PASS TurnEngineHarness/embedded terrain definitions travel with shared matches and verifier replays [network-sim][artifacts] (0.8s)
PASS AIStateContinuation/Warrush growth and attack preparation survive save-load (8.6s)
PASS MapGradientInvalidation/forbidden edits invalidate exactly the affected fields and preserve the rest (2.4s)
PASS TurnEngineHarness/a client that executes a tampered order is repaired by an in-place reload and named by the verifier [network-sim][artifacts] (1.1s)
PASS TurnEngineHarness/two engines with AI seats under latency, jitter and loss agree at every tick and the record verifies [network-sim][artifacts] (1.3s)
PASS LanMatchHarness/custom catalog transfer and execution enforce catalog identity [network][artifacts] (3.3s)
PASS TurnEngineHarness/a player who leaves stays listed as Left, and the one left standing learns why it won [network-sim] (0.4s)
PASS TurnEngineHarness/four engines survive a stall and a restart: the restarted client reloads and fast-forwards [network-sim][artifacts] (1.3s)
PASS TurnEngineHarness/a player who quits leaves through the relay's quit order and the rest play on [network-sim] (0.6s)
PASS TurnEngineHarness/orders a hostile relay forges for a seat are refused by the verifier, which still verifies [network-sim] (0.6s)
PASS TurnEngineHarness/a save with closed seats: reteamed players keep their colonies, closed ones are cleared [network-sim] (0.9s)
PASS TurnEngineHarness/a 10 s flag drag and a held key keep the input delay bounded, without a flood [network-sim][artifacts] (0.8s)
PASS TurnEngineHarness/closed seats are closed colonies: the last player standing wins everywhere and the record verifies [network-sim] (1.9s)
PASS TurnEngineHarness/voice packets do not hold up a player's orders [network-sim][artifacts] (0.9s)
PASS TurnEngineHarness/a pause limit is enforced identically everywhere and the record verifies [network-sim][artifacts] (0.5s)
PASS TurnEngineHarness/without a pause limit a pause lasts until someone resumes it [network-sim] (0.4s)
PASS TurnEngineHarness/one client claiming the game finished does not end it for a player who is reconnecting [network-sim] (0.6s)
PASS JavaScriptCompatibility/JavaScript test environment scopes restore SDL and CRT readers (0.0s)
PASS TurnEngineHarness/the committed match record verifies to the committed checksum trace [network-sim][golden] (0.4s)
PASS JavaScriptCompatibility/Completed-tick simulation rejects released replays and enforces acceptance boundaries (0.2s)
PASS TurnEngineHarness/engines report network telemetry, and its output changes nothing they execute [network-sim][artifacts] (0.8s)
PASS JavaScriptCompatibility/JavaScript pass assigns valid identities to released saves (0.2s)
PASS JavaScriptCompatibility/JavaScript upgrade retains genuine master124 experiments and continuation (0.2s)
PASS JavaScriptIntegration/JavaScript observations visibility memory pagination and stale references (0.2s)
PASS JavaScriptCompatibility/JavaScript current saves reject truncated generation tables (0.4s)
PASS JavaScriptIntegration/JavaScript scenario effects commit atomically and resume (0.2s)
PASS JavaScriptIntegration/JavaScript orders execute and survive save load (0.3s)
PASS JavaScriptIntegration/JavaScript AI state RNG and disabled state survive continuation (0.2s)
PASS JavaScriptIntegration/JavaScript custom library atomic updates and frozen source (0.0s)
PASS JavaScriptIntegration/JavaScript large world observations respect work limits (0.2s)
PASS JavaScriptIntegration/JavaScript upgrade dispatch survives tracking record growth (0.1s)
PASS JavaScriptIntegration/JavaScript profile two spatial cache and queued save continuity (0.1s)
PASS JavaScriptIntegration/JavaScript native spatial answers exclude hidden terrain resources and enemies (0.1s)
PASS JavaScriptIntegration/JavaScript telemetry scene permissions and replay diagnostic roundtrip (0.1s)
PASS JavaScriptIntegration/JavaScript linked sources freeze once and removal retains external files (0.0s)
PASS JavaScriptIntegration/JavaScript queued edits preserve fairness cancellation and stale targets (0.1s)
PASS JavaScriptIntegration/JavaScript placement reserves footprints and explains impossible constraints (0.1s)
PASS JavaScriptIntegration/JavaScript solid attraction placement keeps both radius and footprint reservation (0.1s)
PASS JavaScriptIntegration/JavaScript services reject unsavable transactions without changing state (0.1s)
PASS JavaScriptIntegration/JavaScript farm areas: experiments query, farmArea order and tile field (0.1s)
PASS JavaScriptIntegration/Online AI installs verify bytes and preserve provenance on rollback (0.0s)
PASS JavaScriptIntegration/JavaScript path fields use terrain travel costs and invalidate speed-only changes (0.1s)
PASS JavaScriptIntegration/JavaScript path diagonals retain the neutral strategic metric (0.1s)
PASS JavaScriptIntegration/JavaScript terrain registry exposes immutable property capabilities in both profiles (0.1s)
PASS JavaScriptIntegration/JavaScript custom building descriptors and orders follow services (0.1s)
PASS JavaScriptIntegration/JavaScript managed controls use capabilities and independent bombing filter (0.1s)
PASS JavaScriptCompatibility/JavaScript current text saves validate unused generation counters (2.2s)
PASS JavaScriptPresentation/JavaScript presentation publishes only changed localized messages (0.2s)
PASS JavaScriptPresentation/JavaScript load restores presentation without a callback or history entry (0.2s)
PASS JavaScriptPresentation/Leaving a JavaScript scenario resets choices before loading a legacy map (0.2s)
PASS JavaScriptPresentation/JavaScript leaves stored SGSL execution and victory conditions dormant (0.2s)
PASS JavaScriptPresentation/Prepared SGSL exchanges rebind stories in both runtimes (0.1s)
PASS JavaScriptPresentation/Failed prepared map replacements preserve active globals and language (0.1s)
PASS JavaScriptPresentation/JavaScript does not advance or display a retained SGSL timer (0.2s)
PASS JavaScriptRealistic/JavaScript realistic economic planner and scenario survey (0.1s)
PASS TurnEngineHarness/a client sending hostile orders of every type crashes no one and is refused identically everywhere [network-sim][fuzz][artifacts] (5.1s)
PASS JavaScriptSession/JavaScript fatal failure tears down a live engine session (0.3s)
PASS JavaScriptSession/JavaScript deterministic scenario failure ends the engine session (0.2s)
PASS JavaScriptSession/JavaScript initialization errors reach headless and UI load diagnostics (0.4s)
PASS LanMatchHarness/custom terrain survives LAN map transfer [network][artifacts] (6.6s)
PASS ScriptEditor/JavaScript maps reopen in the editor without resetting live globals (0.2s)
PASS LanMatchHarness/timeout diagnostics tolerate a destroyed guest room [network] (0.3s)
PASS JavaScriptSimulation/JavaScript original fixture executes, resumes and replays 256 ticks (1.7s)
PASS ScriptEditor/Script language drafts survive switching and invalid JavaScript cannot commit (0.2s)
PASS JavaScriptSimulation/JavaScript conversion boundary resumes globals RNG references and complete tick records (1.7s)
PASS ScriptEditor/Cancelling script drafts preserves the source, globals and scenario text (0.3s)
PASS ScriptEditor/JavaScript script file dialogs use js and leave loading as a draft (0.3s)
PASS ScriptEditor/JavaScript file loading preserves embedded NULs for validation (0.2s)
PASS ScriptEditor/Editing legacy SGSL retains the released USL and SGSL payload pairing (0.2s)
PASS LegacyScriptCoverage/supported statements and wait forms compile (0.1s)
PASS ScriptEditor/JavaScript to SGSL prepares both runtimes before committing (0.3s)
PASS LegacyScriptCoverage/truncated arguments fail without accepting incomplete statements (0.1s)
PASS LegacyScriptCoverage/invalid references and value boundaries report typed errors (0.1s)
PASS LegacyScriptCoverage/summons respect painted area capacity and unit attributes (0.1s)
PASS LegacyScriptCoverage/alliance levels preserve unrelated teams and apply vision masks (0.1s)
PASS LegacyScriptCoverage/area waits observe team alliance and negation instead of unrelated units (0.1s)
PASS LegacyScriptCoverage/flag lifecycle and GUI commands change their real game objects (0.1s)
PASS LegacyScriptCoverage/independent stories timers space and saved suspension resume exactly (0.1s)
PASS LegacyScriptCoverage/authored flag aliases resolve game catalog IDs and respect missing definitions (0.1s)
PASS LegacyScriptCoverage/resetAI changes only the chosen player and rejects unsafe indices (0.1s)
PASS LegacyScriptCoverage/resetAI authoring accepts valid slots before an editor map has a player header (0.1s)
PASS LegacyScriptCoverage/legacy resetAI tokens with invalid player or implementation leave players intact (0.1s)
PASS LegacyScriptCoverage/count waits evaluate all building classes exact levels and unit comparisons (0.3s)
PASS LegacyScriptCoverage/named highlights target distinct GUI elements and unhighlight restores state (0.1s)
PASS LegacyScriptCoverage/objectives and hints resolve script numbers and persist in game snapshots (0.1s)
PASS LegacyScriptCoverage/unit and building highlights use map and panel channels independently (0.1s)
PASS TeamStatsSave/every live worker-tick lands in exactly one labour bucket (0.1s)
PASS TeamStatsSave/places: own buildings first, then enemies; allies, flags and new buildings do not count (0.1s)
PASS TeamStatsSave/place lookup agrees with a brute-force scan of every building tile (0.1s)
PASS TeamStatsSave/defence snapshot counts warriors by place and enemy warriors at home (0.1s)
PASS TeamStatsSave/combat deaths are attributed by place and assignment (0.1s)
PASS JavaScriptSimulation/JavaScript profile two actions fields telemetry and construction survive save resume and worker counts (2.3s)
PASS TeamStatsSave/labour, combat and defence measurements survive a save [save-format] (0.2s)
PASS TeamStatsSave/older saves load with labour coverage starting at the loaded tick [save-format] (0.1s)
PASS TeamStatsSave/legacy version 88 fixture replays the golden trace [save-format][golden] (0.1s)
PASS TeamStatsSave/legacy version 84 fixture replays the golden trace [save-format][golden] (0.1s)
PASS JavaScriptLifecycle/Scripting level reset preserves generation counters (0.1s)
PASS JavaScriptLifecycle/Scripting identity survives conversion and save load (0.1s)
PASS JavaScriptLifecycle/Scripting conversion allocates fresh identity in a reused destination slot (0.2s)
PASS JavaScriptLifecycle/Scripting editor deletion and reuse never revive a reference (0.2s)
PASS JavaScriptLifecycle/Scripting building completion upgrade and repair preserve identity (0.3s)
PASS JavaScriptLifecycle/Scripting normal death invalidates lookup before cleanup and slot reuse (0.1s)
PASS JavaScriptLifecycle/Scripting conversion back never resurrects the original reference (0.2s)
PASS TeamStatsSave/AI telemetry continues across a save [save-format] (0.7s)
PASS TeamStatsSave/Compact team histories preserve samples across two batch boundaries (0.3s)
PASS JavaScriptCompatibility/Compact identity tables preserve unused slots and reject invalid entries (0.3s)
PASS TeamStatsSave/Sparse variant snapshot reset clears vanished types without clearing history (0.2s)
PASS EnteringUnitSave/the retained fixture loads [save-format] (0.1s)
PASS TeamStatsSave/Compact telemetry retains every sample across chunk boundaries (0.6s)
PASS MarketFetch/stocked markets are resource goals, depleted markets are not (0.1s)
PASS MarketFetch/deliverer stays attached and fetches the next market delivery (0.1s)
PASS TeamStatsSave/Sparse variant reset accepts refreshed diagnostics and restored snapshots (0.7s)
PASS MarketFetch/market fields and pending publications survive binary and text saves [save-format] (1.1s)
PASS MarketsV2/disabled fruit deliveries match master per tick [golden][save-format][artifacts] (0.9s)
PASS MarketFetch/upgraded market IDs and stock survive binary and text saves [save-format] (1.2s)
PASS MarketsV2/disabled gate blocks explicit fetch APIs and upgrade execution (0.1s)
PASS MarketsV2/legacy workers already travelling to markets continue after migration [golden][save-format] (0.2s)
PASS MarketsV2/market routes respect forbidden ground and water across swim classes (0.1s)
PASS MarketsV2/each market level accepts only its resources across all swim classes (0.1s)
PASS MarketsV2/a frequently refreshed market field publishes depletion and restocking (0.1s)
PASS MarketsV2/market repair materials do not overwrite shared stock (0.1s)
PASS MarketsV2/upgrading cancelling and completing preserve shared stock and gate (0.4s)
PASS EnteringUnitSave/generated fixtures round-trip through binary saves [save-format] (3.3s)
PASS MarketsV2/enabled supply networks repeat deterministically with save continuation [golden][save-format][artifacts] (1.8s)
PASS JavaScriptSimulation/JavaScript economic planners and map survey execute, resume and replay 256 ticks (7.2s)
PASS TeamStatsSave/32 sampling phases; ring wrap; repeated loads; text streams and corruption controls [save-format] (5.8s)
PASS SavegameSafety/autosave defaults; atomic and background writes; truncated and malformed loads; imports and campaign progress [save-format][writes-preferences] (7.6s)
PASS LanMatchHarness/LAN WSS drop, restart and host departure [network][slow][artifacts] (27.6s)
PASS LanMatchHarness/an idle LAN host sleeps and wakes at once for guests and the host [network][artifacts] (1.6s)

240 passed, 0 failed, 5 skipped (173.5s of test time)
[run_tests] JUnit report: artifacts/read-phase/verified.xml (328 cases)
