small-castor serial 962933671
small-castor parallel 962933671
small-castor fallback 962933671
small-castor disabled 962933671
EXACT MATCH small-castor
land-maxima serial 2875248408
land-maxima parallel 2875248408
land-maxima fallback 2875248408
land-maxima disabled 2875248408
EXACT MATCH land-maxima
large-mixed serial 3614299279
large-mixed parallel 3614299279
large-mixed fallback 3614299279
large-mixed disabled 3614299279
EXACT MATCH large-mixed
oazis-maxima serial 764366699
oazis-maxima parallel 764366699
oazis-maxima fallback 764366699
oazis-maxima disabled 764366699
EXACT MATCH oazis-maxima
