	Command being timed: "env LD_LIBRARY_PATH=/home/bradley/glob2-verify/integrator/sdl3/prefix/lib build/linux/client/release/src/glob2 --render-game artifacts/map-cli/diagnostics/large.map.gz --output artifacts/pr344/stack-large.png --render-max-pixels 128"
	User time (seconds): 0.43
	System time (seconds): 0.20
	Percent of CPU this job got: 22%
	Elapsed (wall clock) time (h:mm:ss or m:ss): 0:02.83
	Average shared text size (kbytes): 0
	Average unshared data size (kbytes): 0
	Average stack size (kbytes): 0
	Average total size (kbytes): 0
	Maximum resident set size (kbytes): 83332
	Average resident set size (kbytes): 0
	Major (requiring I/O) page faults: 0
	Minor (reclaiming a frame) page faults: 17014
	Voluntary context switches: 1
	Involuntary context switches: 310
	Swaps: 0
	File system inputs: 0
	File system outputs: 8
	Socket messages sent: 0
	Socket messages received: 0
	Signals delivered: 0
	Page size (bytes): 4096
	Exit status: 0
