PASS AIDecisionCoverage/Cabino specialist modules survive save-load (1.3s)
PASS AIDecisionCoverage/Warrush growth and attack preparation survive save-load (2.3s)
PASS AIDecisionCoverage/Nicowar shared runtime survives save-load (1.5s)
PASS AIDecisionCoverage/Numbi growth and attack preparation survive save-load (2.9s)
PASS AIDecisionCoverage/Cortex economy and food shortage survive save-load (4.4s)
PASS AIDecisionCoverage/Econo shared runtime survives save-load (1.5s)
PASS AIRecoveryCoverage/Cortex shore harvest differs from inaccessible algae and swimming opens islands (0.1s)
PASS AIRecoveryCoverage/Cortex amphibious assessment distinguishes land water and blocked targets (0.1s)
PASS AIRecoveryCoverage/Cortex wheat protection emits real area orders and food burst releases only our paint (0.1s)
PASS AIRecoveryCoverage/Castor projects deduplicate replace and decline already satisfied requests (0.1s)
PASS AIRecoveryCoverage/Castor food lock backs off growth and boot projects wait for their cadence (0.1s)
PASS AIRecoveryCoverage/Nicowar defense flags materialize once and withdraw when the threat disappears (0.1s)
PASS AIRecoveryCoverage/Cabino defense records create assign deduplicate and retire actual flags (0.0s)
PASS AISavePortability/runtime initialisation; area order serialisation and Maxima reserved telemetry (0.1s)
PASS BuildingExpel/steps without any gradient (0.1s)
PASS BuildingExpel/destroyed inn expels everyone (0.1s)
PASS BuildingExpel/no room kills the surplus (0.0s)
PASS BuildingExpel/healing is kept pro rata (0.1s)
PASS BuildingFootprint/generated fixtures round-trip through binary saves [save-format] (0.2s)
PASS BuildingFootprint/the retained fixture loads [save-format] (0.1s)
PASS BuildingGradientInvalidation/centre placed inside an existing ring (0.1s)
PASS BuildingGradientInvalidation/ring placed around an existing field (0.1s)
PASS BuildingGradientInvalidation/a rival teams ring cuts off a cached field (0.1s)
PASS BuildingGradientInvalidation/a ring cuts off a virtual flags field (0.1s)
PASS BuildingGradientInvalidation/a paused field keeps its original obstacles (0.1s)
PASS BuildingGradientInvalidation/public reads resolve their inputs (0.1s)
PASS BuildingGradientInvalidation/parallel fields (0.3s)
PASS BuildingGradientInvalidation/delayed fields (0.3s)
PASS BuildingGradientInvalidation/idle field storage is reused without stale routes (0.1s)
PASS CastorContinuation/Castor boot and active projects survive save-load (4.2s)
PASS CastorContinuation/Castor seeded boot and active decisions repeat exactly (1.0s)
PASS CastorContinuation/binary and text snapshots preserve project fields and cache history (0.4s)
PASS CastorContinuation/historical timer-only AI saves remain readable (0.1s)
PASS AIDecisionCoverage/Castor and Maxima growth and shortage resume at early and active checkpoints (9.3s)
PASS ClearingFlagGradient/basic switches; all fruit; empty tiles; padding independence and swimming variants (0.1s)
PASS ClientChannels/LosslessQueue hands every item over once, in order (0.1s)
PASS ClientChannels/team events reach the GUI exactly once, in order, and age like Team::updateEvents (0.1s)
PASS ClientChannels/order side effects reach the GUI as events (0.1s)
PASS ClientChannels/scripts reach the client only through ClientCommandSink (0.8s)
PASS CombGenerator/feeding courts (3.5s)
PASS CombGenerator/contracts (5.9s)
PASS CortexActionCoverage/live upgrade eligibility and worker columns drive the actual construction order (0.1s)
PASS CortexActionCoverage/build actions reject invalid slots and cooldown suppresses duplicate orders (0.1s)
PASS CortexActionCoverage/war flags create once reconcile force limits and retarget through real orders (0.1s)
PASS CortexActionCoverage/flag rediscovery excludes claimed flags and stale defense teardown is idempotent (0.1s)
PASS CortexActionCoverage/rally selection and bound warrior arrivals respect colony preference and toroidal range (0.1s)
PASS CortexActionCoverage/production clamps ratios applies orders and deduplicates finished swarms (0.1s)
PASS CortexGeometry/placement geometry matches the tile-scan oracle (2.9s)
PASS CortexNetCoverage/integer inference matches an independent two-signal oracle (0.1s)
PASS CortexNetCoverage/equal negative logits select the lowest eligible class (0.1s)
PASS CortexNetCoverage/worker caps mask impossible outputs and clamp depleted wheat (0.0s)
PASS CortexNetCoverage/truncated blobs and invalid header or layer contracts are rejected (0.1s)
PASS CortexNetCoverage/file loaders reject missing empty and wrong-net blobs (0.1s)
PASS CortexPolicyCoverage/learned policies load once retain feasibility masks and fall back on invalid files (0.1s)
PASS CortexPolicyCoverage/tech upgrades require trained units and decline below the boundary (0.1s)
PASS CortexPolicyCoverage/first tech buildings require prerequisites and feasible locations (0.0s)
PASS CortexPolicyCoverage/inn upgrades retain enough feeding capacity and hospitals scale with army (0.1s)
PASS CortexPolicyCoverage/worker tuning respects depletion floors settling and a shared construction budget (0.1s)
PASS CortexPolicyCoverage/combat prioritizes serious defense and respects attack hold and amphibious capacity (0.1s)
PASS CortexPolicyCoverage/protection hunger and bootstrap decisions honor observation validity (0.1s)
PASS CombGenerator/cross-channel firing [artifacts] (7.0s)
PASS CustomGameSetup/custom AI library identities and released preferences round trip (1.0s)
PASS glob2-unit-tests (612 cases) (25.1s)
PASS CustomGameSetup/generated map snapshot launches from memory (0.5s)
PASS CustomGameSetup/preview queue priority and restart (0.5s)
PASS DrawableSurfaceBlend/software alpha blend stays accurate under stacked draws (0.1s)
PASS DrawableSurfaceBlend/icon masks preserve resolution alpha and bounded recolours (0.2s)
PASS CustomGameSetup/experiments from settings are baked into a new game; a save keeps them; campaigns never take them (1.5s)
PASS EngineSession/serial sessions retain chat text across skipped GUI frames (3.7s)
PASS EnteringUnitSave/generated fixtures round-trip through binary saves [save-format] (1.9s)
PASS EnteringUnitSave/the retained fixture loads [save-format] (0.1s)
PASS FarmAreas/without the experiment the default game's checksums are unchanged [golden] (0.2s)
PASS FarmAreas/workers on a farm worked down to its seed carry nothing away (0.3s)
PASS FarmAreas/harvesting a farm takes from the ripest tile of the field, not the touched one (0.1s)
PASS FarmAreas/an empty gap ends the field, so nothing is taken across it (0.1s)
PASS FarmAreas/a worker out of reach of any wheat, or on an exhausted field, gets nothing (0.1s)
PASS FarmAreas/the target emptying during the animation is not a failure while the field is in reach (0.2s)
PASS FarmAreas/standing still flattens what the worker can reach down to the seed, then stops (0.1s)
PASS FarmAreas/a farm gives up its surplus and keeps every tile, where the same unfarmed field loses its rim (0.1s)
PASS FarmAreas/off a farm, and for another team's farm, the original harvest is unchanged, phantom grain included (0.1s)
PASS FarmAreas/wood is not farmed; algae are (0.1s)
PASS FarmAreas/wood inside a farm is a clearing target and the crop never is (0.1s)
PASS FarmAreas/clearing stays on the touched tile inside a farm (0.1s)
PASS FarmAreas/growth ignores the farm mask (0.2s)
PASS FarmAreas/the brush refuses ground that can never grow, and a refused tile connects nothing (0.2s)
PASS FarmAreas/without the experiment the order is rejected and a painted mask is inert (0.1s)
PASS FarmAreas/workers keep every tile of a farmed field alive (1.0s)
PASS FarmAreas/a farm area survives a save and load [save-format] (0.3s)
PASS FetchApportionment/site spreads its fetchers across both resources (0.1s)
PASS FetchApportionment/an empty handed unit wins all else equal (0.1s)
PASS FetchApportionment/a loaded unit far enough ahead is still hired (0.1s)
PASS FontKerning/the bundled SDL3_ttf moves the pen for kerned pairs (0.1s)
PASS FontKerning/pair advances equal the glyph advances plus kerning (0.1s)
PASS FontKerning/kerned words have no gap wider than the same words unkerned (0.1s)
PASS GUIOrderCoverage/worker requests clamp deduplicate and retain newer pending changes (0.1s)
PASS GUIOrderCoverage/priority and radius requests clamp and reconcile against real orders (0.0s)
PASS GUIOrderCoverage/reconciliation is field-specific and replay clears superseded shadows (0.1s)
PASS GameDiagnostics/field reader rejects malformed counts and retains unsigned food values [artifacts] (0.1s)
PASS GameDiagnostics/controller capture follows simulation cadence and preserves unsigned values (0.1s)
PASS GameDiagnostics/controllers sharing a team publish distinct complete captures and recover after failures [artifacts] (0.2s)
PASS EngineSession/incremental sessions; editor decisions; fertility equivalence and cancellation [writes-preferences] (13.0s)
PASS AIDecisionCoverage/long AI campaigns resume with identical orders state and game RNG [slow][artifacts] (36.1s)
PASS GameDiagnostics/capped scene export survives repeated graphics lifetimes and write failures [artifacts] (4.1s)
PASS GameGUISelection/selection clears once its entity is destroyed (0.2s)
PASS GameGUISelection/a building destroyed by a tick clears its selection and pending shadow (0.2s)
PASS GameGUISelection/selection and failing-unit recording do not follow a reused gid (0.2s)
PASS GameSpeed/presets; bounds; legacy settings and persistence (0.1s)
PASS GameGUISelection/a converted unit stays selected (0.2s)
PASS GameplayRecording.Integration/global recording shortcut toggles and shutdown awaits finalization [artifacts][writes-preferences] (0.1s)
PASS GuardAreaBalance/crowding box sum matches brute force across the torus seam (0.2s)
PASS GameDiagnostics/portrait exports cover the whole map after dimension rounding [artifacts] (2.0s)
PASS GuardAreaBalance/without the experiment every warrior takes the nearest area; nobody leaves it; the default game's checksums are unchanged [golden] (6.0s)
PASS GuardAreaBalance/an existing clump drains into a newly painted area at every refresh cadence (6.6s)
PASS GuardAreaBalance/warriors split between a near and a far guard area at every refresh cadence (7.3s)
PASS GuardAreaBalance/two nearby patches count as one position (3.4s)
PASS GuardAreaBalance/a larger painted area takes the larger share (4.1s)
PASS GuardAreaBalance/three areas are all guarded (4.6s)
PASS GuardAreaBalance/a saved game continues identically for 1000 ticks after loading [save-format] (1.3s)
PASS HiringBucket/hiring round is fair (0.1s)
PASS HungryDefeat/feeding reserves the last inn place and defeat controls hold (0.3s)
PASS ImmobileUnitGradient/fresh map has no immobile units (0.1s)
PASS ImmobileUnitGradient/immobile unit blocks its own tile (0.1s)
PASS ImmobileUnitGradient/painting forbidden area refreshes gradients (0.1s)
PASS InnSwap/the later booker trades with the one it would cross (0.2s)
PASS InnSwap/a good booking stays (0.1s)
PASS GuardAreaBalance/erasing an area releases its warriors to the other one (6.5s)
PASS GuardAreaBalance/settled guards keep moving on every paint layout and stay around the area (12.7s)
PASS LegacyAreaWait/legacy setArea waits retain the area name across team-selector tokens (0.1s)
PASS LegacyAreaWait/legacy area negation checks the selected team and wraps map edges (0.1s)
PASS LegacyScriptCoverage/supported statements and wait forms compile (0.2s)
PASS LegacyScriptCoverage/invalid references and value boundaries report typed errors (0.1s)
PASS LegacyScriptCoverage/truncated arguments fail without accepting incomplete statements (0.1s)
PASS LegacyScriptCoverage/summons respect painted area capacity and unit attributes (0.1s)
PASS LegacyScriptCoverage/alliance levels preserve unrelated teams and apply vision masks (0.1s)
PASS LegacyScriptCoverage/area waits observe team alliance and negation instead of unrelated units (0.1s)
PASS LegacyScriptCoverage/count waits evaluate all building classes exact levels and unit comparisons (0.1s)
PASS LegacyScriptCoverage/flag lifecycle and GUI commands change their real game objects (0.1s)
PASS LegacyScriptCoverage/independent stories timers space and saved suspension resume exactly (0.2s)
PASS LegacyScriptCoverage/resetAI changes only the chosen player and rejects unsafe indices (0.1s)
PASS LegacyScriptCoverage/resetAI authoring accepts valid slots before an editor map has a player header (0.1s)
PASS LegacyScriptCoverage/legacy resetAI tokens with invalid player or implementation leave players intact (0.2s)
PASS LegacyScriptCoverage/objectives and hints resolve script numbers and persist in game snapshots (0.2s)
PASS LegacyScriptCoverage/named highlights target distinct GUI elements and unhighlight restores state (0.2s)
PASS LegacyScriptCoverage/unit and building highlights use map and panel channels independently (0.2s)
PASS LevelGate/completed buildings hire any worker while sites keep the schooling gate (0.2s)
PASS LockstepSession/single player executes the local order on the tick after it is submitted (0.1s)
PASS LockstepSession/null local orders are not queued and a tick waits for every player (0.1s)
PASS LockstepSession/mismatched checksums are reported (0.1s)
PASS LockstepSession/flushAllOrders submits every queued local order without a checksum (0.1s)
PASS MapGeneratorDefaults/toolkit geometry; raster; resource and home contracts (5.8s)
PASS MapGeneratorDefaults/Bastion Keys contracts (3.3s)
PASS MapGeneratorDefaults/Who Ate the Map contracts (6.5s)
PASS LanMatchHarness/a LAN host and two guests over loopback WSS play with AIs through a drop, a restart and the host leaving, and agree at every tick [network][slow][artifacts] (29.2s)
PASS LanMatchHarness/an idle LAN host sleeps and wakes at once for guests and the host [network][artifacts] (2.9s)
PASS MapGeneratorDefaults/Gauntlet shapes; request rejection and final-world corruption checks (16.2s)
PASS MapGeneratorDefaults/Hungry Marches contracts (22.3s)
PASS CustomGameSetup/preferences; landscapes; AI catalogue; snapshot round trip; engine; reload and session replay [slow][writes-preferences] (130.7s)
PASS MapGeneratorDefaults/Faulted City contracts (64.5s)
PASS MapGeneratorDefaults/editor and lobby defaults contract [slow][map-generators] (0.6s)
PASS default generation repeatability rectangles and rejection [slow][map-generators]<fingerprint> (4.5s)
PASS default generation repeatability rectangles and rejection [slow][map-generators]<oldTown> (6.9s)
PASS default generation repeatability rectangles and rejection [slow][map-generators]<symmetricArena> (2.7s)
PASS default generation repeatability rectangles and rejection [slow][map-generators]<swamp> (2.7s)
PASS default generation repeatability rectangles and rejection [slow][map-generators]<tidalFlats> (5.3s)
PASS default generation repeatability rectangles and rejection [slow][map-generators]<river> (5.2s)
PASS default generation repeatability rectangles and rejection [slow][map-generators]<isles> (3.4s)
PASS default generation repeatability rectangles and rejection [slow][map-generators]<ringWorld> (3.7s)
PASS default generation repeatability rectangles and rejection [slow][map-generators]<amphitheatre> (7.6s)
PASS default generation repeatability rectangles and rejection [slow][map-generators]<shatteredCoast> (6.5s)
PASS default generation repeatability rectangles and rejection [slow][map-generators]<craterLakes> (4.1s)
PASS default generation repeatability rectangles and rejection [slow][map-generators]<fjordContinent> (1.9s)
PASS default generation repeatability rectangles and rejection [slow][map-generators]<spiderWeb> (2.6s)
PASS default generation repeatability rectangles and rejection [slow][map-generators]<concreteIslands> (4.8s)
PASS MapGeneratorDefaults/Last Treeline checks (74.3s)
PASS default generation repeatability rectangles and rejection [slow][map-generators]<maze> (1.8s)
PASS default generation repeatability rectangles and rejection [slow][map-generators]<islands> (3.1s)
PASS default generation repeatability rectangles and rejection [slow][map-generators]<watershed> (6.8s)
PASS default generation repeatability rectangles and rejection [slow][map-generators]<stoneHighlands> (6.7s)
PASS default generation repeatability rectangles and rejection [slow][map-generators]<switchbacks> (8.7s)
PASS default generation repeatability rectangles and rejection [slow][map-generators]<cityStates> (5.7s)
PASS default generation repeatability rectangles and rejection [slow][map-generators]<canals> (6.3s)
PASS default generation repeatability rectangles and rejection [slow][map-generators]<sierpinskiGardens> (4.5s)
PASS default generation repeatability rectangles and rejection [slow][map-generators]<lavaShield> (4.7s)
PASS default generation repeatability rectangles and rejection [slow][map-generators]<hilbertRiver> (10.7s)
PASS default generation repeatability rectangles and rejection [slow][map-generators]<honeycombIsle> (4.5s)
PASS default generation repeatability rectangles and rejection [slow][map-generators]<karstTowers> (1.7s)
PASS default generation repeatability rectangles and rejection [slow][map-generators]<bajada> (4.5s)
PASS default generation repeatability rectangles and rejection [slow][map-generators]<hiddenOasis> (2.3s)
PASS default generation repeatability rectangles and rejection [slow][map-generators]<centralQuarry> (12.6s)
PASS default generation repeatability rectangles and rejection [slow][map-generators]<drownedForest> (9.6s)
PASS default generation repeatability rectangles and rejection [slow][map-generators]<orchardCommons> (4.9s)
PASS default generation repeatability rectangles and rejection [slow][map-generators]<lastTreeline> (1.7s)
PASS default generation repeatability rectangles and rejection [slow][map-generators]<gauntlet> (2.2s)
PASS default generation repeatability rectangles and rejection [slow][map-generators]<faultedCity> (2.9s)
PASS default generation repeatability rectangles and rejection [slow][map-generators]<comb> (1.6s)
PASS default generation repeatability rectangles and rejection [slow][map-generators]<encircledKingdom> (5.6s)
PASS default generation repeatability rectangles and rejection [slow][map-generators]<bastionKeys> (2.0s)
PASS default generation repeatability rectangles and rejection [slow][map-generators]<portageLakes> (25.3s)
PASS default generation repeatability rectangles and rejection [slow][map-generators]<evenGround> (8.0s)
PASS default generation repeatability rectangles and rejection [slow][map-generators]<marchland> (6.6s)
PASS default generation repeatability rectangles and rejection [slow][map-generators]<whoAteTheMap> (3.9s)
PASS default generation repeatability rectangles and rejection [slow][map-generators]<ruggedArchipelago> (4.8s)
PASS default generation repeatability rectangles and rejection [slow][map-generators]<hungryMarches> (2.9s)
PASS default generation repeatability rectangles and rejection [slow][map-generators]<contestedCommons> (5.1s)
PASS default generation repeatability rectangles and rejection [slow][map-generators]<rainShadow> (4.9s)
PASS default generation repeatability rectangles and rejection [slow][map-generators]<polder> (1.9s)
PASS default generation repeatability rectangles and rejection [slow][map-generators]<carousel> (3.0s)
PASS default generation repeatability rectangles and rejection [slow][map-generators]<everglades> (7.9s)
PASS default generation repeatability rectangles and rejection [slow][map-generators]<oldGrowth> (3.2s)
PASS default generation repeatability rectangles and rejection [slow][map-generators]<coral> (1.5s)
PASS default generation repeatability rectangles and rejection [slow][map-generators]<emoji> (3.9s)
PASS default generation repeatability rectangles and rejection [slow][map-generators]<anthill> (8.6s)
PASS default generation repeatability rectangles and rejection [slow][map-generators]<forts> (2.9s)
PASS default generation repeatability rectangles and rejection [slow][map-generators]<braidedDelta> (1.4s)
PASS default generation repeatability rectangles and rejection [slow][map-generators]<breachableHighlands> (2.6s)
PASS default generation repeatability rectangles and rejection [slow][map-generators]<hedgerowCountry> (4.7s)
PASS default generation repeatability rectangles and rejection [slow][map-generators]<glacis> (3.6s)
PASS default generation repeatability rectangles and rejection [slow][map-generators]<allotments> (5.6s)
PASS default generation repeatability rectangles and rejection [slow][map-generators]<caravanserai> (5.8s)
PASS default generation repeatability rectangles and rejection [slow][map-generators]<braidedRiver> (4.5s)
PASS default generation repeatability rectangles and rejection [slow][map-generators]<drumlinField> (6.4s)
PASS default generation repeatability rectangles and rejection [slow][map-generators]<savannah> (2.7s)
PASS MapGeneratorDefaults/Portage Lakes contracts [slow] (249.6s)
PASS default generation repeatability rectangles and rejection [slow][map-generators]<continents> (11.2s)
PASS default generation repeatability rectangles and rejection [slow][map-generators]<hills> (6.0s)
PASS default generation repeatability rectangles and rejection [slow][map-generators]<locust> (1.8s)
PASS default generation repeatability rectangles and rejection [slow][map-generators]<riceTerraces> (4.2s)
PASS default generation repeatability rectangles and rejection [slow][map-generators]<uniform> (2.1s)
PASS MapGeneratorRegistry/framework contracts [slow][map-generators] (1.8s)
PASS MapGeneratorRegistry/landscape contracts [slow][map-generators] (1.5s)
PASS default generation repeatability rectangles and rejection [slow][map-generators]<plantations> (14.6s)
PASS MapGeneratorRegistry/water algae distribution [slow][map-generators] (0.7s)
PASS MapGradientInvalidation/forbidden edits invalidate exactly the affected fields and preserve the rest (6.2s)
PASS MapPreview/preview geometry (0.8s)
PASS MapPreview/thumbnail codec; envelope limits and corrupt input (2.6s)
PASS MapRenderResize/repeated map copies; settings and credits after resizing in software rendering (3.6s)
PASS MatchSetup/SHA-256 matches the FIPS 180-4 test vectors (0.1s)
PASS MatchSetup/every MatchSetup and SimVersion contract fixture is accepted or rejected at its stage (0.2s)
PASS MatchSetup/the vendored fixtures match the protocol package when it is present (0.2s)
PASS MatchSetup/valid setups become the GameHeader every client and the verifier run (0.2s)
PASS MatchSetup/closed seats close their team and follow every player seat (0.1s)
PASS MatchSetup/unknown experiments, JavaScript AIs and unexpressible headers are refused (0.1s)
PASS MatchSetup/a map file is found and checked by the hash of its decompressed bytes (0.2s)
PASS MatchSetup/the simulation data hash covers every data file the simulation loads (0.2s)
PASS NicowarFarming/zone boundaries; eight-way adjacency; wrap seams; discovery; protection and building clearance (0.2s)
PASS OnlineResult/a result waits for the players, then for the verifier, and says when it is slow (0.1s)
PASS OnlineResult/recent matches: the history page, refreshed and led by live summaries (0.1s)
PASS OnlineWording/queue names, durations and estimates read the same everywhere (1.6s)
PASS OnlineWording/menus read larger on big desktop windows that follow the desktop scale (0.2s)
PASS OnlineWording/a pairing link's fingerprint becomes a short code (0.2s)
PASS MapGeneratorRegistry/stress rejection and registration contracts [slow][map-generators] (31.8s)
PASS OrderValidation/orders a client builds for its own team and buildings pass [orders] (0.3s)
PASS OrderValidation/orders acting for another team, player or building are rejected [orders] (0.5s)
PASS OrderValidation/fields outside what the user interface produces are rejected [orders] (1.9s)
PASS OrderValidation/orders whose building is no longer in a state they apply to are stale [orders] (0.6s)
PASS OrderValidation/every order type survives random payloads through decode, check and execution [orders] (0.5s)
PASS OrderValidation/hostile orders do not stop a game that executes them unchecked [orders] (0.5s)
PASS PointBarRender/status-bar pixel bounds in software rendering (1.5s)
PASS OrchardCommons/contracts; feeding courts and fruit conversion scenarios [artifacts] (11.8s)
PASS RelayTransport/frames split across and coalesced within messages arrive whole (0.2s)
PASS RelayTransport/the transport frames what it sends and reconnects on demand (0.0s)
PASS RelayTransport/a transport destroyed with frames still queued writes them before closing (0.1s)
PASS RelayTransport/relay URLs are accepted WebSocket endpoints (0.1s)
PASS NetFrame/the reader refuses bytes beyond its limit and keeps what it had (0.1s)
PASS NetFrame/the reader hands out frames in place and stays bounded over a long stream (5.3s)
PASS NetFrame/frames carry at most 65535 bytes (0.0s)
PASS ResourceFetchTarget/a depleted target is refreshed after its gradient rebuild for every swim class (0.1s)
PASS RoundTripHungerGate/a unit is judged on the walk to the resource (0.1s)
PASS RoundTripHungerGate/the fallback scores a whole round trip (0.1s)
PASS RuntimeContinuation/gradient manager state survives binary and text round trips [save-format] (0.2s)
PASS RuntimePack/HD runtime pack: logical sizes in software rendering (0.8s)
PASS PortableGame/the portable renderer loads and draws a complete 50-tick game scene (11.4s)
PASS SceneExtract/script area snapshots are opt-in and independent of later map edits (0.1s)
PASS SceneExtract/units and buildings resolve by gid with their drawn fields and the selection (0.1s)
PASS SceneExtract/overlay maps match a direct computation and refresh per 25-tick window or type change (0.2s)
PASS SceneExtract/published scene retains old entity fields while subsequent scenes reflect changes (0.1s)
PASS SceneExtract/stale selection generation never selects a replacement occupying the same gid (0.1s)
PASS SceneExtract/smooth unit motion advances the drawn delta within the current action only (0.1s)
PASS ScreenExecution/screen phases; completion; reuse; quit and compatibility host (0.2s)
PASS JavaScriptCompatibility/JavaScript test environment scopes restore SDL and CRT readers (0.1s)
PASS JavaScriptCompatibility/JavaScript current text saves validate unused generation counters (25.0s)
PASS JavaScriptCompatibility/Team-capacity change rejects released replays and enforces acceptance boundaries (1.4s)
PASS JavaScriptCompatibility/JavaScript pass assigns valid identities to released saves (0.2s)
PASS JavaScriptCompatibility/JavaScript upgrade retains genuine master124 experiments and continuation (0.8s)
PASS JavaScriptCompatibility/JavaScript current saves reject truncated generation tables (0.5s)
PASS ScriptEditor/JavaScript maps reopen in the editor without resetting live globals (0.8s)
PASS ScriptEditor/Script language drafts survive switching and invalid JavaScript cannot commit (0.7s)
PASS ScriptEditor/Cancelling script drafts preserves the source, globals and scenario text (0.5s)
PASS SavegameSafety/autosave defaults; atomic and background writes; truncated and malformed loads; imports and campaign progress [save-format][writes-preferences] (35.7s)
PASS ScriptEditor/JavaScript script file dialogs use js and leave loading as a draft (0.8s)
PASS ScriptEditor/Editing legacy SGSL retains the released USL and SGSL payload pairing (1.0s)
PASS ScriptEditor/JavaScript file loading preserves embedded NULs for validation (1.5s)
PASS ScriptEditor/JavaScript to SGSL prepares both runtimes before committing (0.7s)
PASS JavaScriptIntegration/JavaScript observations visibility memory pagination and stale references (1.4s)
PASS JavaScriptIntegration/JavaScript orders execute and survive save load (1.0s)
PASS JavaScriptIntegration/JavaScript AI state RNG and disabled state survive continuation (0.5s)
PASS JavaScriptIntegration/JavaScript scenario effects commit atomically and resume (1.1s)
PASS JavaScriptIntegration/JavaScript custom library atomic updates and frozen source (0.3s)
PASS JavaScriptIntegration/JavaScript profile two spatial cache and queued save continuity (0.1s)
PASS JavaScriptIntegration/JavaScript upgrade dispatch survives tracking record growth (0.1s)
PASS JavaScriptIntegration/JavaScript telemetry scene permissions and replay diagnostic roundtrip (0.1s)
PASS JavaScriptIntegration/JavaScript native spatial answers exclude hidden terrain resources and enemies (0.2s)
PASS JavaScriptIntegration/JavaScript large world observations respect work limits (1.6s)
PASS JavaScriptIntegration/JavaScript linked sources freeze once and removal retains external files (0.2s)
PASS JavaScriptIntegration/JavaScript queued edits preserve fairness cancellation and stale targets (0.2s)
PASS JavaScriptIntegration/JavaScript placement reserves footprints and explains impossible constraints (0.2s)
PASS JavaScriptIntegration/JavaScript services reject unsavable transactions without changing state (0.1s)
PASS JavaScriptPresentation/JavaScript presentation publishes only changed localized messages (1.3s)
PASS JavaScriptPresentation/JavaScript load restores presentation without a callback or history entry (1.4s)
PASS JavaScriptPresentation/Leaving a JavaScript scenario resets choices before loading a legacy map (0.8s)
PASS JavaScriptPresentation/JavaScript leaves stored SGSL execution and victory conditions dormant (1.0s)
PASS JavaScriptPresentation/Failed prepared map replacements preserve active globals and language (0.2s)
PASS JavaScriptPresentation/Prepared SGSL exchanges rebind stories in both runtimes (0.1s)
PASS JavaScriptRealistic/JavaScript realistic economic planner and scenario survey (0.1s)
PASS JavaScriptPresentation/JavaScript does not advance or display a retained SGSL timer (1.5s)
PASS JavaScriptSession/JavaScript fatal failure tears down a live engine session (1.6s)
PASS JavaScriptSession/JavaScript deterministic scenario failure ends the engine session (0.9s)
PASS JavaScriptSession/JavaScript initialization errors reach headless and UI load diagnostics (1.1s)
PASS MapGeneratorDefaults/Drowned Forest contracts [slow] (380.4s)
PASS JavaScriptSimulation/JavaScript original fixture executes, resumes and replays 256 ticks (7.9s)
PASS JavaScriptSimulation/JavaScript economic planners and map survey execute, resume and replay 256 ticks (15.1s)
PASS SettingsExperiments/every experiment's label and help are in the string tables (0.8s)
PASS SettingsExperiments/preferences keep the enabled experiments and drop unknown keys (0.1s)
PASS SettingsGraphics/text size applies to desktop and touch independently of interface scale (0.1s)
PASS SettingsGraphics/legacy preferences migrate and independent effects round trip (0.1s)
PASS SharedWorkerLifecycle/background saves finish on a worker and remain readable after teardown (0.1s)
PASS SharedWorkerLifecycle/pending gradient work survives a save and continues at the same deadlines (1.1s)
PASS SoftwareRenderer/native display scaling preserves direct pixels through lazy geometry and target rotation (0.1s)
PASS SoftwareRenderer/nearest blits retain sampling under destination clipping and restore source state (0.1s)
PASS JavaScriptSimulation/JavaScript profile two actions fields telemetry and construction survive save resume and worker counts (10.7s)
PASS SoftwareRenderer/opacity classification follows content revisions; opaque copy matches alpha blending (0.1s)
PASS SoftwareRenderer/fractional shared endpoints leave no seams; queued triangles obey direct writes (0.2s)
PASS SoftwareRenderer/opaque row copies retain SDL clipping and color modulation (0.1s)
PASS SoftwareRenderer/integer transformed primitives retain SDL triangle blending exactly (0.1s)
PASS SoftwareRenderer/geometry-reference blits preserve mixed pixel formats and source modulation (0.1s)
PASS SoftwareRenderer/large owned images retain SDL geometry sampling and overflow behavior (0.3s)
PASS SoftwareRenderer/translucent fills preserve colors on 32-bit targets without alpha (0.2s)
PASS SoftwareRenderer/presenter rotates full frames and preserves completed pixels during partial updates (0.1s)
PASS TeamLimit/sixteen controller slots survive binary and text headers [save-format] (0.1s)
PASS TeamLimit/alliance and chat controls include the sixteenth controller (0.3s)
PASS TeamLimit/enemy team searches terminate when every team slot is occupied (0.2s)
PASS TeamLimit/growth bands attribute overlapping coverage to all sixteen teams (0.2s)
PASS JavaScriptSimulation/JavaScript conversion boundary resumes globals RNG references and complete tick records (15.2s)
PASS TeamLimit/script generation slot counts reject missing capacity and truncated planes [save-format] (0.7s)
PASS TeamLimit/dense designed maps accept thirteen through sixteen only on the largest square (0.1s)
PASS TeamLimit/sixteen team saves continue identically and preserve entity generations [save-format][artifacts] (3.1s)
PASS TeamStatsSave/legacy version 88 fixture replays the golden trace [save-format][golden] (0.1s)
PASS TeamStatsSave/legacy version 84 fixture replays the golden trace [save-format][golden] (0.4s)
PASS TeamStatsSave/AI telemetry continues across a save [save-format] (2.4s)
PASS JavaScriptLifecycle/Scripting identity survives conversion and save load (0.1s)
PASS JavaScriptLifecycle/Scripting level reset preserves generation counters (0.1s)
PASS JavaScriptLifecycle/Scripting conversion allocates fresh identity in a reused destination slot (0.3s)
PASS JavaScriptLifecycle/Scripting editor deletion and reuse never revive a reference (0.1s)
PASS TeamLimit/retained format126 Maxima save preserves identities and subsequent AI decisions [save-format][artifacts] (6.5s)
PASS JavaScriptLifecycle/Scripting conversion back never resurrects the original reference (0.1s)
PASS JavaScriptLifecycle/Scripting building completion upgrade and repair preserve identity (0.3s)
PASS JavaScriptLifecycle/Scripting normal death invalidates lookup before cleanup and slot reuse (0.2s)
PASS JavaScriptCompatibility/Compact identity tables preserve unused slots and reject invalid entries (0.2s)
PASS TeamStatsSave/Compact team histories preserve samples across two batch boundaries (1.2s)
PASS TeamStatsSave/Compact telemetry retains every sample across chunk boundaries (3.0s)
PASS TerrainResources/terrain strokes clear incompatible resources; buildings and units (3.6s)
PASS TeamStatsSave/32 sampling phases; ring wrap; repeated loads; text streams and corruption controls [save-format] (9.9s)
PASS TournamentCompatibility/per-player AI configuration survives construction and partial headers (1.0s)
PASS TrappedUnitLifecycle/trapped elimination; indoor survival; rescue; service; hatchery recovery; repeated seeds and save continuation (1.8s)
PASS TorusRender/game rendering; picking and cache changes in software rendering [writes-preferences] (6.7s)
PASS TurnEngineHarness/two engines with AI seats under latency, jitter and loss agree at every tick and the record verifies [network-sim][artifacts] (11.1s)
PASS TurnEngineHarness/a client that executes a tampered order is repaired by an in-place reload and named by the verifier [network-sim][artifacts] (10.4s)
PASS TurnEngineHarness/a player who leaves stays listed as Left, and the one left standing learns why it won [network-sim] (1.8s)
PASS TurnEngineHarness/a player who quits leaves through the relay's quit order and the rest play on [network-sim] (4.8s)
PASS TurnEngineHarness/four engines survive a stall and a restart: the restarted client reloads and fast-forwards [network-sim][artifacts] (13.8s)
PASS TurnEngineHarness/a save with closed seats: reteamed players keep their colonies, closed ones are cleared [network-sim] (6.5s)
PASS TurnEngineHarness/orders a hostile relay forges for a seat are refused by the verifier, which still verifies [network-sim] (3.2s)
PASS TurnEngineHarness/a 10 s flag drag and a held key keep the input delay bounded, without a flood [network-sim][artifacts] (7.9s)
PASS TurnEngineHarness/voice packets do not hold up a player's orders [network-sim][artifacts] (4.2s)
PASS TurnEngineHarness/a pause limit is enforced identically everywhere and the record verifies [network-sim][artifacts] (3.0s)
PASS TurnEngineHarness/without a pause limit a pause lasts until someone resumes it [network-sim] (1.9s)
PASS TurnEngineHarness/closed seats are closed colonies: the last player standing wins everywhere and the record verifies [network-sim] (33.7s)
PASS TurnEngineHarness/the committed match record verifies to the committed checksum trace [network-sim][golden] (1.8s)
PASS TurnEngineHarness/one client claiming the game finished does not end it for a player who is reconnecting [network-sim] (6.6s)
PASS turn messages ride NetConnection framing (0.1s)
PASS UIIcons/all semantic icons have the pinned raster sizes (0.1s)
PASS UIIcons/aliases share live assets and the cache releases unused graphics resources (0.1s)
PASS UnitContinuation/five checkpoints replay 256 ticks with matching state and RNG (1.1s)
PASS UnitHighResolutionCache/HD layer mappings and fallbacks in software rendering (3.9s)
PASS TurnEngineHarness/engines report network telemetry, and its output changes nothing they execute [network-sim][artifacts] (10.1s)
PASS UntrustedFiles/voice payload bounds preserve recorder overshoot and reject excessive work (0.1s)
PASS UntrustedFiles/every native AI accepts its initial saved state (0.2s)
PASS UntrustedFiles/AI tags collection counts and recursive predicates are bounded (0.1s)
PASS UntrustedFiles/untrusted names cannot escape the map output directory (0.1s)
PASS UntrustedFiles/network state rejects invalid slots before queue indexing (0.1s)
PASS UntrustedFiles/legacy create order reads only its twenty byte payload (0.1s)
PASS UntrustedFiles/terrain loaders reject invalid resources occupants and sector dimensions [save-format] (0.1s)
PASS UntrustedFiles/compressed file size is checked before allocation (0.1s)
PASS UntrustedFiles/complete saved game rejects poisoned unit state and retains a reproducible fixture [save-format][artifacts] (0.2s)
PASS UntrustedFiles/entity loaders reject malicious indices before using them [save-format] (0.0s)
PASS UntrustedFiles/legacy saved instruction pointers must identify statement boundaries [save-format] (0.1s)
PASS UntrustedFiles/map scripts cannot load local files (0.2s)
PASS UntrustedFiles/invalid replay order references are ignored before indexing state (0.1s)
PASS UntrustedFiles/Cabino inn history accepts append positions and rejects invalid ring bounds (0.2s)
PASS UnitTeamColorCache/team colour cache stays bounded in software rendering (6.6s)
PASS Maxima.Combat/fitted force uses only visible units (0.1s)
PASS Maxima.Combat/fitted power controls attack gate (0.1s)
PASS Maxima.Combat/fitted history survives save (0.1s)
PASS Maxima.Combat/nearby warriors count as rallied (0.1s)
PASS Maxima.Combat/rally rejects blocked ground (0.1s)
PASS Maxima.Combat/rally assembles by movement (0.2s)
PASS Maxima.Combat/wave assembly and pipeline (0.2s)
PASS Maxima.Combat/wave delivery fallback (0.2s)
PASS Maxima.Combat/wave assembly fallback (0.1s)
PASS Maxima.Combat/streaming scales with army (0.1s)
PASS Maxima.Combat/small wave keeps recruiting (0.1s)
PASS Maxima.Combat/defense wraps building origins (0.2s)
PASS WssTransport/a reader that stops reading resumes with every message in order (2.2s)
PASS Maxima.Combat/defense coverage (0.1s)
PASS Maxima.Combat/warrior eligibility (0.1s)
PASS Maxima.Combat/minimum force gate (0.1s)
PASS Maxima.Combat/lowered flag level survives review (0.1s)
PASS Maxima.Combat/untrained warriors fight at level one (0.2s)
PASS Maxima.Combat/unusable training does not block attacks (0.1s)
PASS Maxima.Combat/barracks are filled before attacking (0.2s)
PASS Maxima.Combat/food posture does not veto combat (0.1s)
PASS Maxima.Combat/training reservations match different levels (0.1s)
PASS Maxima.Combat/sealed target opens route (0.1s)
PASS Maxima.Combat/offense follows destroyed targets (0.1s)
PASS Maxima.Combat/stalled target is quarantined (0.1s)
PASS Maxima.Combat/raids outscore distant buildings (0.1s)
PASS Maxima.Combat/economic recovery preserves military budget (0.1s)
PASS Maxima.Combat/forbidden defense zones (0.1s)
PASS Maxima.Combat/defense deadband preserves coverage (0.4s)
PASS Maxima.Combat/offensive control switches (0.6s)
PASS Maxima.Director/reconnaissance waits for eighty percent (0.1s)
PASS Maxima.Director/fortification uses only spare labour (0.1s)
PASS Maxima.Director/unified hospital capacity (0.1s)
PASS Maxima.Director/cadence (0.1s)
PASS Maxima.Director/ally prestige (0.1s)
PASS Maxima.Director/third party tower (0.1s)
PASS Maxima.Director/disconnected army (0.1s)
PASS Maxima.Director/proactive protection (0.1s)
PASS Maxima.Director/reused own id (0.1s)
PASS Maxima.Economy/counted opponent records preserve slot fifteen and load the legacy twelve-record layout [save-format] (0.2s)
PASS Maxima.Economy/labour continuation (0.2s)
PASS Maxima.Economy/stranded algae keeps pool demand (0.1s)
PASS Maxima.Economy/schools do not require known algae (0.1s)
PASS Maxima.Economy/birth budget scales beyond twenty (0.1s)
PASS Maxima.Economy/growing food funds capacity (0.2s)
PASS Maxima.Economy/colony startup and affordability (0.2s)
PASS Maxima.Economy/distant wheat funds recovery (0.2s)
PASS Maxima.Economy/sole swarm staffs from its own stock (0.1s)
PASS Maxima.Economy/new buildings start staffed (0.2s)
PASS Maxima.Economy/nearby corn determines staffing (0.1s)
PASS Maxima.Economy/corn pile interior is supply (0.1s)
PASS Maxima.Economy/explorer target always gets production (0.1s)
PASS Maxima.Economy/army demand funds training and birth mix (0.2s)
PASS Maxima.Economy/barracks upgrades keep training open (0.1s)
PASS Maxima.Economy/army births match platform checksums (0.3s)
PASS Maxima.Economy/crisis production pause (0.1s)
PASS Maxima.Economy/completion reallocates colony (0.1s)
PASS Maxima.Economy/tracker logical cadence (0.2s)
PASS Maxima.Economy/holiday harvest capacity (0.1s)
PASS Maxima.FarmingIntegration/permanent wheat layout (0.2s)
PASS Maxima.FarmingIntegration/firebreak management radius (0.1s)
PASS Maxima.FarmingIntegration/farm management radius (0.1s)
PASS Maxima.FarmingIntegration/coastal wheat crosses fertility dips (0.2s)
PASS Maxima.FarmingIntegration/seed survival (0.1s)
PASS Maxima.FarmingIntegration/initial flag staffing (0.1s)
PASS Maxima.FarmingIntegration/wood reserve survives wheat pincer (0.2s)
PASS Maxima.FarmingIntegration/wood reserve survives own farm protection (0.1s)
PASS Maxima.FarmingIntegration/expansion leaves harvest lanes open (0.2s)
PASS Maxima.FarmingIntegration/aligned pattern transitions (0.3s)
PASS Maxima.FarmingIntegration/maintenance protection agreement (0.2s)
PASS Maxima.FarmingIntegration/archipelago harvest does not seal wheat (0.4s)
PASS Maxima.Diagnostics/names; descriptions and two seeded diagnostic runs (6.9s)
PASS Maxima.FarmingIntegration/seed stability across maps (0.7s)
PASS Maxima.FarmingIntegration/farming respects discovery (0.2s)
PASS Maxima.Implementation/gradient dependencies; payload round trips and cache expiry (0.5s)
PASS Maxima.Implementation/placement maintenance regressions (0.6s)
PASS Maxima.Implementation/upgrade clearing regressions (0.2s)
PASS Maxima.Implementation/rejected placement upgrade regressions (0.1s)
PASS Maxima.Implementation/preemptive scheduling regression (0.1s)
PASS Maxima.Implementation/maxima bootstrap regression (0.1s)
PASS Maxima.Implementation/integration regressions (0.0s)
PASS Maxima.Implementation/fruit supply routes (0.1s)
PASS Maxima.Implementation/execution regressions (0.2s)
PASS Maxima.Implementation/fruit strategy regressions (0.2s)
PASS Maxima.Implementation/review bug regressions (0.2s)
PASS Maxima.Implementation/mission force regressions (0.1s)
PASS Maxima.Implementation/economy staffing regressions (0.1s)
PASS Maxima.Implementation/execution state save regression (0.1s)
PASS Maxima.Implementation/food relocation executor regression (0.1s)
PASS Maxima.Implementation/explorer swarm staffing regressions (0.1s)
PASS Maxima.Implementation/completed swarm budget regressions (0.1s)
PASS Maxima.Implementation/economic resource access regressions (0.1s)
PASS Maxima.Implementation/inn completion staffing regressions (0.1s)
PASS Maxima.Implementation/director upgrade priority regressions (0.2s)
PASS Maxima.Implementation/repair labor contract regressions (0.3s)
PASS Maxima.Implementation/director execution regressions (0.1s)
PASS Maxima.Implementation/director upgrade regressions (0.1s)
PASS Maxima.Implementation/upgrade worker priority regressions (0.2s)
PASS Maxima.Implementation/school population scaling regressions (0.1s)
PASS Maxima.Implementation/category maintenance capacity regressions (1.9s)
PASS Maxima.Relocation/deletion safety (0.2s)
PASS Maxima.Relocation/lost replacement (0.3s)
PASS Maxima.Relocation/deferred retry (0.2s)
PASS Maxima.Relocation/saved relationships (0.8s)
PASS Maxima.Strategy/formats; canonical values and version gates (0.6s)
PASS OnlineScreenLifetime/online screens closed with platform calls in flight are never called back (0.6s)
PASS OnlineServices/an owner's services are the ones services() returns, until the owner goes (0.1s)
PASS OnlineServices/pump hooks run on update and stop once removed (0.1s)
PASS TurnEngineHarness/a client sending hostile orders of every type crashes no one and is refused identically everywhere [network-sim][fuzz][artifacts] (61.0s)
PASS PlatformRoom/a premade map is uploaded and chosen for the room, then named by the server (0.7s)
PASS PlatformRoom/the server's start notice is shown once in the room chat (0.4s)
PASS PlatformRoom/a map change is announced once; a status change is not (0.6s)
PASS PlatformRoom/a member without a seat is listed, and Ready says why it is unavailable (0.3s)
PASS Maxima.Lifecycle/names; descriptions and two seeded lifecycles (8.3s)
PASS MapGeneratorRegistry/catalog generation contracts [slow][map-generators] (1015.1s)

515 passed, 0 failed, 88 skipped (3061.4s of test time)
[run_tests] JUnit report: artifacts/pr344/stack-headless.xml (1214 cases)
