PASS EnteringUnitDraw/a unit entering a building renders like the same step walked onto the tile [display:1024x768][artifacts] (3.0s)
PASS GameDiagnostics/field reader rejects malformed counts and retains unsigned food values [artifacts] (0.0s)
PASS GameDiagnostics/controller capture follows simulation cadence and preserves unsigned values (0.0s)
PASS GameDiagnostics/controllers sharing a team publish distinct complete captures and recover after failures [artifacts] (0.1s)
PASS GameDiagnostics/capped scene export survives repeated graphics lifetimes and write failures [artifacts] (1.1s)
PASS GameDiagnostics/portrait exports cover the whole map after dimension rounding [artifacts] (0.5s)
PASS FailingUnitMarkers/units a building could not hire wear the reason marker [display:1024x768][artifacts] (7.5s)
PASS HighResolutionIntegration/HD artwork; cursor scaling and replay fixture in software rendering [display:1024x768][artifacts] (1.8s)
PASS HighResolutionIntegration/HD artwork; cursor scaling and replay fixture in OpenGL [display:1024x768][artifacts][writes-preferences] (42.4s)
PASS MapRenderResize/repeated map copies; settings and credits after resizing in software rendering (1.2s)
PASS GameDiagnostics/offscreen pass restores transformed drawing after exceptions [display] (2.0s)
PASS PointBarRender/status-bar pixel bounds in software rendering (1.0s)
PASS MapRenderResize/repeated map copies; settings and credits after resizing in OpenGL [display:1920x1200] (2.3s)
PASS PortableRenderer/live scale retains portable viewport ownership [display] (1.1s)
PASS PortableRenderer/software targets resize and destroy safely during an active transform [display] (1.7s)
PASS PortableRenderer/each accelerated backend uploads surface revisions independently [display] (1.1s)
PASS PortableRenderer/zone boundaries; UI transforms and portable rendering paths [display] (4.0s)
PASS SceneExtract/script area snapshots are opt-in and independent of later map edits (0.0s)
PASS SceneExtract/units and buildings resolve by gid with their drawn fields and the selection (0.0s)
PASS SceneExtract/overlay maps match a direct computation and refresh per 25-tick window or type change (0.0s)
PASS SceneExtract/published scene retains old entity fields while subsequent scenes reflect changes (0.0s)
PASS SceneExtract/stale selection generation never selects a replacement occupying the same gid (0.0s)
PASS SceneExtract/smooth unit motion advances the drawn delta within the current action only (0.0s)
PASS TorusRender/game rendering; picking and cache changes in software rendering [writes-preferences] (1.1s)
PASS PointBarRender/status-bar pixel bounds in OpenGL rendering [display] (2.9s)
PASS TorusRender/game rendering at triple UI scale in OpenGL [display:1920x1440][writes-preferences] (37.7s)
PASS TorusRender/game rendering; picking and cache changes in OpenGL [display][writes-preferences] (36.6s)

27 passed, 0 failed, 0 skipped (149.3s of test time)
[run_tests] JUnit report: artifacts/pr344/latest-render.xml (27 cases)
