TAP version 13
# Subtest: installs a package into the file system with byte progress
ok 1 - installs a package into the file system with byte progress
  ---
  duration_ms: 7.186629
  type: 'test'
  ...
# Subtest: a later package replaces a core file and is reported once to the game
ok 2 - a later package replaces a core file and is reported once to the game
  ---
  duration_ms: 1.046904
  type: 'test'
  ...
# Subtest: a later visit installs cached parts without the network
ok 3 - a later visit installs cached parts without the network
  ---
  duration_ms: 0.988235
  type: 'test'
  ...
# Subtest: optional parts wait for the page between downloads and appear only when complete
ok 4 - optional parts wait for the page between downloads and appear only when complete
  ---
  duration_ms: 9.627885
  type: 'test'
  ...
# Subtest: failed downloads are reported and leave nothing behind
ok 5 - failed downloads are reported and leave nothing behind
  ---
  duration_ms: 1.66892
  type: 'test'
  ...
# Subtest: a response of the wrong size is rejected
ok 6 - a response of the wrong size is rejected
  ---
  duration_ms: 0.778956
  type: 'test'
  ...
# Subtest: works without Cache Storage and prunes parts of older builds
ok 7 - works without Cache Storage and prunes parts of older builds
  ---
  duration_ms: 1.73987
  type: 'test'
  ...
# Subtest: progress follows transfer bytes when a part arrives compressed
ok 8 - progress follows transfer bytes when a part arrives compressed
  ---
  duration_ms: 1.033954
  type: 'test'
  ...
# Subtest: the loading page estimates remaining time from the rate so far
ok 9 - the loading page estimates remaining time from the rate so far
  ---
  duration_ms: 4.404165
  type: 'test'
  ...
# Subtest: on-demand requests share a load and throttle failed retries
ok 10 - on-demand requests share a load and throttle failed retries
  ---
  duration_ms: 4.637663
  type: 'test'
  ...
# Subtest: startup downloads core and game together and waits for both installations
ok 11 - startup downloads core and game together and waits for both installations
  ---
  duration_ms: 5.787387
  type: 'test'
  ...
# Subtest: part concurrency is bounded globally across packages and duplicate loads share work
ok 12 - part concurrency is bounded globally across packages and duplicate loads share work
  ---
  duration_ms: 2.508935
  type: 'test'
  ...
# Subtest: out-of-order downloads preserve package replacement order
ok 13 - out-of-order downloads preserve package replacement order
  ---
  duration_ms: 1.536811
  type: 'test'
  ...
# Subtest: audio activation ignores missing, running and closed contexts
ok 14 - audio activation ignores missing, running and closed contexts
  ---
  duration_ms: 2.241467
  type: 'test'
  ...
# Subtest: closing audio during a pending resume does not reject the gesture handler
ok 15 - closing audio during a pending resume does not reject the gesture handler
  ---
  duration_ms: 0.349908
  type: 'test'
  ...
# Subtest: activation failures are reported and the next gesture can retry
ok 16 - activation failures are reported and the next gesture can retry
  ---
  duration_ms: 2.256467
  type: 'test'
  ...
# Subtest: only Firefox closed-resume rejection is suppressed after game exit
ok 17 - only Firefox closed-resume rejection is suppressed after game exit
  ---
  duration_ms: 0.499917
  type: 'test'
  ...
# Subtest: accepts selected bytes without treating the extension as format validation
ok 18 - accepts selected bytes without treating the extension as format validation
  ---
  duration_ms: 2.909843
  type: 'test'
  ...
# Subtest: rejects paths, control characters, unsupported extensions and oversized inputs before reading
ok 19 - rejects paths, control characters, unsupported extensions and oversized inputs before reading
  ---
  duration_ms: 1.070374
  type: 'test'
  ...
# Subtest: rejects changed sizes and read failures
ok 20 - rejects changed sizes and read failures
  ---
  duration_ms: 0.704336
  type: 'test'
  ...
# Subtest: cancellation and disposal cannot publish late file contents
ok 21 - cancellation and disposal cannot publish late file contents
  ---
  duration_ms: 0.525447
  type: 'test'
  ...
# Subtest: a second selection cannot replace an in-flight read
ok 22 - a second selection cannot replace an in-flight read
  ---
  duration_ms: 0.323308
  type: 'test'
  ...
# Subtest: picker uses accepted extensions and releases its input on cancellation
ok 23 - picker uses accepted extensions and releases its input on cancellation
  ---
  duration_ms: 0.557647
  type: 'test'
  ...
# Subtest: disposing an open picker ignores its late change event
ok 24 - disposing an open picker ignores its late change event
  ---
  duration_ms: 0.521627
  type: 'test'
  ...
# Subtest: accepts gzip containers only for supported map and save types
ok 25 - accepts gzip containers only for supported map and save types
  ---
  duration_ms: 0.450687
  type: 'test'
  ...
# Subtest: fresh browser profiles use the game hosting origin
ok 26 - fresh browser profiles use the game hosting origin
  ---
  duration_ms: 4.239866
  type: 'test'
  ...
# Subtest: official cutover preserves credentials under their original origin
ok 27 - official cutover preserves credentials under their original origin
  ---
  duration_ms: 0.311238
  type: 'test'
  ...
# Subtest: custom selections and corrupt or future-version storage are left intact
ok 28 - custom selections and corrupt or future-version storage are left intact
  ---
  duration_ms: 0.301078
  type: 'test'
  ...
# Subtest: browser launches the selected mode with exact map and serving origin
ok 29 - browser launches the selected mode with exact map and serving origin
  ---
  duration_ms: 5.454248
  type: 'test'
  ...
# Subtest: invalid launches cannot select a different destination or malformed map
ok 30 - invalid launches cannot select a different destination or malformed map
  ---
  duration_ms: 0.367698
  type: 'test'
  ...
# Subtest: same-origin match replay receives hash-bound companion metadata
ok 31 - same-origin match replay receives hash-bound companion metadata
  ---
  duration_ms: 17.263931
  type: 'test'
  ...
# Subtest: external files, redirects and malformed match routes carry no instance authority
ok 32 - external files, redirects and malformed match routes carry no instance authority
  ---
  duration_ms: 7.949154
  type: 'test'
  ...
# Subtest: unavailable digest support never prevents replay download
ok 33 - unavailable digest support never prevents replay download
  ---
  duration_ms: 1.832419
  type: 'test'
  ...
# Subtest: coalesces writes and acknowledges only the completed generation
ok 34 - coalesces writes and acknowledges only the completed generation
  ---
  duration_ms: 3.348551
  type: 'test'
  ...
# Subtest: quota failure is retained, rejects completion, and allows an explicit retry
ok 35 - quota failure is retained, rejects completion, and allows an explicit retry
  ---
  duration_ms: 0.935175
  type: 'test'
  ...
# Subtest: restore failure cannot overwrite existing storage
ok 36 - restore failure cannot overwrite existing storage
  ---
  duration_ms: 0.742576
  type: 'test'
  ...
# Subtest: synchronous adapter errors reject the operation
ok 37 - synchronous adapter errors reject the operation
  ---
  duration_ms: 0.305309
  type: 'test'
  ...
# Subtest: serial: redundant software canvas resizing preserves the presented pixels
ok 38 - serial: redundant software canvas resizing preserves the presented pixels
  ---
  duration_ms: 4.375005
  type: 'test'
  ...
# Subtest: serial: shared dimensions must already match before skipping the resize
ok 39 - serial: shared dimensions must already match before skipping the resize
  ---
  duration_ms: 1.093333
  type: 'test'
  ...
# Subtest: serial: GPU, transferred and unknown canvas requests retain SDK handling
ok 40 - serial: GPU, transferred and unknown canvas requests retain SDK handling
  ---
  duration_ms: 3.44339
  type: 'test'
  ...
# Subtest: serial: lost-context resize preserves context ownership after success or failure
ok 41 - serial: lost-context resize preserves context ownership after success or failure
  ---
  duration_ms: 2.275927
  type: 'test'
  ...
# Subtest: threaded: redundant software canvas resizing preserves the presented pixels
ok 42 - threaded: redundant software canvas resizing preserves the presented pixels
  ---
  duration_ms: 1.322552
  type: 'test'
  ...
# Subtest: threaded: shared dimensions must already match before skipping the resize
ok 43 - threaded: shared dimensions must already match before skipping the resize
  ---
  duration_ms: 0.919165
  type: 'test'
  ...
# Subtest: threaded: GPU, transferred and unknown canvas requests retain SDK handling
ok 44 - threaded: GPU, transferred and unknown canvas requests retain SDK handling
  ---
  duration_ms: 3.081283
  type: 'test'
  ...
# Subtest: threaded: lost-context resize preserves context ownership after success or failure
ok 45 - threaded: lost-context resize preserves context ownership after success or failure
  ---
  duration_ms: 1.447622
  type: 'test'
  ...
# Subtest: threaded software mode requires a successful shared-memory worker
ok 46 - threaded software mode requires a successful shared-memory worker
  ---
  duration_ms: 4.412625
  type: 'test'
  ...
# Subtest: serial fallback explains missing isolation, memory and worker support
ok 47 - serial fallback explains missing isolation, memory and worker support
  ---
  duration_ms: 0.833045
  type: 'test'
  ...
# Subtest: worker WebGL has an additional canvas-transfer requirement
ok 48 - worker WebGL has an additional canvas-transfer requirement
  ---
  duration_ms: 0.452978
  type: 'test'
  ...
# Subtest: actual pthread errors and silent startup stalls are observed, then detached
ok 49 - actual pthread errors and silent startup stalls are observed, then detached
  ---
  duration_ms: 0.965524
  type: 'test'
  ...
# Subtest: synchronous pthread creation errors reach fallback and retain their exception
ok 50 - synchronous pthread creation errors reach fallback and retain their exception
  ---
  duration_ms: 0.734476
  type: 'test'
  ...
# Subtest: persistence snapshots survive worker rename and byte changes during the database scan
ok 51 - persistence snapshots survive worker rename and byte changes during the database scan
  ---
  duration_ms: 3.192912
  type: 'test'
  ...
1..51
# tests 51
# suites 0
# pass 51
# fail 0
# cancelled 0
# skipped 0
# todo 0
# duration_ms 314.457917
