_XSERVTransSocketUNIXCreateListener: ...SocketCreateListener() failed
_XSERVTransMakeAllCOTSServerListeners: server already running
_XSERVTransSocketUNIXCreateListener: ...SocketCreateListener() failed
_XSERVTransMakeAllCOTSServerListeners: server already running
_XSERVTransmkdir: Owner of /tmp/.X11-unix should be set to root
The XKEYBOARD keymap compiler (xkbcomp) reports:
> Warning:          Could not resolve keysym XF86CameraAccessEnable
> Warning:          Could not resolve keysym XF86CameraAccessDisable
> Warning:          Could not resolve keysym XF86CameraAccessToggle
> Warning:          Could not resolve keysym XF86NextElement
> Warning:          Could not resolve keysym XF86PreviousElement
> Warning:          Could not resolve keysym XF86AutopilotEngageToggle
> Warning:          Could not resolve keysym XF86MarkWaypoint
> Warning:          Could not resolve keysym XF86Sos
> Warning:          Could not resolve keysym XF86NavChart
> Warning:          Could not resolve keysym XF86FishingChart
> Warning:          Could not resolve keysym XF86SingleRangeRadar
> Warning:          Could not resolve keysym XF86DualRangeRadar
> Warning:          Could not resolve keysym XF86RadarOverlay
> Warning:          Could not resolve keysym XF86TraditionalSonar
> Warning:          Could not resolve keysym XF86ClearvuSonar
> Warning:          Could not resolve keysym XF86SidevuSonar
> Warning:          Could not resolve keysym XF86NavInfo
Errors from xkbcomp are not fatal to the X server
{"level":30,"time":"2026-10-05T05:22:13.836Z","service":"skin-render-worker","msg":"Worker connected and looking for jobs... (task names: 'skin:render:4b8ae969f8de56b26070fe480008a9b17069390461554c41517fb06ae038f6c2')"}
{"level":30,"time":"2026-10-05T05:22:13.841Z","service":"skin-render-worker","revision":"4b8ae969f8de56b26070fe480008a9b17069390461554c41517fb06ae038f6c2","msg":"Skin render worker ready"}
The XKEYBOARD keymap compiler (xkbcomp) reports:
> Warning:          Could not resolve keysym XF86CameraAccessEnable
> Warning:          Could not resolve keysym XF86CameraAccessDisable
> Warning:          Could not resolve keysym XF86CameraAccessToggle
> Warning:          Could not resolve keysym XF86NextElement
> Warning:          Could not resolve keysym XF86PreviousElement
> Warning:          Could not resolve keysym XF86AutopilotEngageToggle
> Warning:          Could not resolve keysym XF86MarkWaypoint
> Warning:          Could not resolve keysym XF86Sos
> Warning:          Could not resolve keysym XF86NavChart
> Warning:          Could not resolve keysym XF86FishingChart
> Warning:          Could not resolve keysym XF86SingleRangeRadar
> Warning:          Could not resolve keysym XF86DualRangeRadar
> Warning:          Could not resolve keysym XF86RadarOverlay
> Warning:          Could not resolve keysym XF86TraditionalSonar
> Warning:          Could not resolve keysym XF86ClearvuSonar
> Warning:          Could not resolve keysym XF86SidevuSonar
> Warning:          Could not resolve keysym XF86NavInfo
Errors from xkbcomp are not fatal to the X server
{"level":30,"time":"2026-10-05T05:23:11.430Z","service":"skin-render-worker","id":"80b7ecb8-532a-43e2-894b-4ede18fc21b1","revision":"4b8ae969f8de56b26070fe480008a9b17069390461554c41517fb06ae038f6c2","attempt":1,"ms":57585,"bytes":2962792,"msg":"Skin sprites ready"}
{"level":30,"time":"2026-10-05T05:23:11.437Z","service":"skin-render-worker","label":"worker","workerId":"worker-1c5933e208412677ab","job":{"id":1,"job_queue_id":null,"task_id":1,"payload":{"id":"80b7ecb8-532a-43e2-894b-4ede18fc21b1"},"priority":0,"run_at":"2026-10-05T05:22:13.799Z","attempts":1,"max_attempts":3,"last_error":null,"created_at":"2026-10-05T05:22:13.799Z","updated_at":"2026-10-05T05:22:13.799Z","key":"skin:render:80b7ecb8-532a-43e2-894b-4ede18fc21b1","locked_at":"2026-10-05T05:22:13.841Z","locked_by":"pool-c8b41f891e8a2fe67e","revision":0,"flags":null,"is_available":false,"task_identifier":"skin:render:4b8ae969f8de56b26070fe480008a9b17069390461554c41517fb06ae038f6c2"},"duration":57592.944227,"success":true,"msg":"Completed task 1 (skin:render:4b8ae969f8de56b26070fe480008a9b17069390461554c41517fb06ae038f6c2, 57592.94ms) with success"}
{"level":30,"time":"2026-10-05T05:24:19.153Z","service":"skin-render-worker","reason":"SIGTERM","msg":"shutting down"}
{"level":30,"time":"2026-10-05T05:24:19.156Z","service":"skin-render-worker","msg":"shutdown complete"}
