FAIL TerrainPresentation/portable texture limits reduce HD pages and admit only fitting fallback tiles [display] (0.9s)

===== FAIL TerrainPresentation/portable texture limits reduce HD pages and admit only fitting fallback tiles [display] =====
GLOB2_TEST_BUILD compiler=15.2.0 platform=Linux pointer_bits=64
GLOB2_TEST_PROVENANCE {"compiler": "g++", "dirty": false, "flags": {"CCFLAGS": "", "CPPDEFINES": "GLOB2_OFFICIAL_INSTANCE_ORIGIN \\\"https://app.glob2online.com\\\" GLOB2_OFFICIAL_INSTANCE_FORMER_ORIGINS \\\"https://glob2online.com\\\" HAVE_CONFIG_H SDL_MAIN_HANDLED", "CXXFLAGS": "-std=gnu++20 -Wall -fPIC -O3 -s", "LINKFLAGS": "-Wl,-rpath,$ORIGIN/../lib/glob2 -Wall -O3 -fwhole-program -Wl,-rpath,/tmp/glob2-sdl3/prefix/lib -Wl,--enable-new-dtags"}, "revision": "ec01d05013e60790e942bfcbe3b3e2627003055e", "sourceStatus": [], "sourceTreeSha256": "7a89325b19ef805558e21f4227608ce1d8330d78a049c497c33ffaebf6f63765"}
BuildingsTypes::init() : warning : market : hpSum(560) < hpMax(600) with hpInit=400, hpInc=10, resSum=16. Make hpInc>=13
libdecor-gtk-WARNING: Failed to initialize GTK
Failed to load plugin 'libdecor-gtk.so': failed to init
No plugins found, falling back on no decorations

[failure] portable texture limits reduce HD pages and admit only fitting fallback tiles [display]: 1 == 4
src/render/TerrainPresentationTest.cpp:465:
CHECK( globals->terrainCompositor().scale() == 4 ) is NOT correct!
  values: CHECK( 1 == 4 )
  logged: limit := 1024
[failure] portable texture limits reduce HD pages and admit only fitting fallback tiles [display]: 1 == 2
src/render/TerrainPresentationTest.cpp:469:
CHECK( cache.resolution == limit / SoftwareTerrainCache::ChunkPixels ) is NOT correct!
  values: CHECK( 1 == 2 )
  logged: limit := 1024
[failure] portable texture limits reduce HD pages and admit only fitting fallback tiles [display]: 512 == 1024
src/render/TerrainPresentationTest.cpp:471:
CHECK( backend.largestTexture == limit ) is NOT correct!
  values: CHECK( 512 == 1024 )
  logged: limit := 1024
[failure] portable texture limits reduce HD pages and admit only fitting fallback tiles [display]: 1 == 4
src/render/TerrainPresentationTest.cpp:465:
CHECK( globals->terrainCompositor().scale() == 4 ) is NOT correct!
  values: CHECK( 1 == 4 )
  logged: limit := 512
[failure] portable texture limits reduce HD pages and admit only fitting fallback tiles [display]: 1 == 4
src/render/TerrainPresentationTest.cpp:465:
CHECK( globals->terrainCompositor().scale() == 4 ) is NOT correct!
  values: CHECK( 1 == 4 )
  logged: limit := 128
[failure] portable texture limits reduce HD pages and admit only fitting fallback tiles [display]: 1 == 4
src/render/TerrainPresentationTest.cpp:465:
CHECK( globals->terrainCompositor().scale() == 4 ) is NOT correct!
  values: CHECK( 1 == 4 )
  logged: limit := 32


0 passed, 1 failed, 0 skipped (0.9s of test time)
[run_tests] JUnit report: artifacts/terrain/review-limit.xml (1 cases)
