PASS EnteringUnitDraw/a unit entering a building renders like the same step walked onto the tile [display:1024x768][artifacts] (13.5s)
PASS GameDiagnostics/field reader rejects malformed counts and retains unsigned food values [artifacts] (0.1s)
PASS GameDiagnostics/controller capture follows simulation cadence and preserves unsigned values (0.1s)
PASS GameDiagnostics/controllers sharing a team publish distinct complete captures and recover after failures [artifacts] (0.2s)
PASS GameDiagnostics/capped scene export survives repeated graphics lifetimes and write failures [artifacts] (7.4s)
PASS GameDiagnostics/portrait exports cover the whole map after dimension rounding [artifacts] (1.4s)
PASS FailingUnitMarkers/units a building could not hire wear the reason marker [display:1024x768][artifacts] (24.0s)
PASS HighResolutionIntegration/HD artwork; cursor scaling and replay fixture in software rendering [display:1024x768][artifacts] (5.6s)
PASS HighResolutionIntegration/HD artwork; cursor scaling and replay fixture in OpenGL [display:1024x768][artifacts][writes-preferences] (68.9s)
PASS MapRenderResize/repeated map copies; settings and credits after resizing in software rendering (1.3s)
PASS GameDiagnostics/offscreen pass restores transformed drawing after exceptions [display] (5.0s)
PASS PointBarRender/status-bar pixel bounds in software rendering (1.2s)
PASS MapRenderResize/repeated map copies; settings and credits after resizing in OpenGL [display:1920x1200] (6.7s)
PASS PortableRenderer/live scale retains portable viewport ownership [display] (2.9s)
PASS PortableRenderer/software targets resize and destroy safely during an active transform [display] (4.7s)
PASS PortableRenderer/each accelerated backend uploads surface revisions independently [display] (3.4s)
PASS PortableRenderer/zone boundaries; UI transforms and portable rendering paths [display] (7.7s)
PASS SceneExtract/script area snapshots are opt-in and independent of later map edits (0.1s)
PASS SceneExtract/units and buildings resolve by gid with their drawn fields and the selection (0.1s)
PASS SceneExtract/overlay maps match a direct computation and refresh per 25-tick window or type change (0.0s)
PASS SceneExtract/published scene retains old entity fields while subsequent scenes reflect changes (0.1s)
PASS SceneExtract/stale selection generation never selects a replacement occupying the same gid (0.1s)
PASS SceneExtract/smooth unit motion advances the drawn delta within the current action only (0.1s)
PASS TorusRender/game rendering; picking and cache changes in software rendering [writes-preferences] (1.9s)
PASS PointBarRender/status-bar pixel bounds in OpenGL rendering [display] (7.2s)
PASS TorusRender/game rendering at triple UI scale in OpenGL [display:1920x1440][writes-preferences] (80.3s)
PASS TorusRender/game rendering; picking and cache changes in OpenGL [display][writes-preferences] (101.6s)

27 passed, 0 failed, 0 skipped (345.5s of test time)
[run_tests] JUnit report: artifacts/pr344/final-render.xml (27 cases)
