measure-balanced-4cpu-draw1-0-baseline: 128x128, units 40->81, 1687.6 ticks/s, 1253.6 CPU us/tick, RSS 1201.1 MiB
measure-balanced-4cpu-draw1-0-final: 128x128, units 40->81, 1627.9 ticks/s, 1345.6 CPU us/tick, RSS 1195.4 MiB
measure-large512-4cpu-draw1-0-baseline: 512x512, units 48->72, 258.8 ticks/s, 8150.1 CPU us/tick, RSS 1638.8 MiB
measure-large512-4cpu-draw1-0-final: 512x512, units 48->72, 227.6 ticks/s, 10164.0 CPU us/tick, RSS 1631.8 MiB
measure-large512-4cpu-draw1-1-final: 512x512, units 48->72, 215.3 ticks/s, 10245.1 CPU us/tick, RSS 1648.7 MiB
measure-large512-4cpu-draw1-1-baseline: 512x512, units 48->72, 252.3 ticks/s, 8438.2 CPU us/tick, RSS 1590.7 MiB
measure-balanced-4cpu-draw1-1-final: 128x128, units 40->81, 1695.5 ticks/s, 1298.2 CPU us/tick, RSS 1199.0 MiB
measure-balanced-4cpu-draw1-1-baseline: 128x128, units 40->81, 1726.7 ticks/s, 1241.3 CPU us/tick, RSS 1192.7 MiB
measure-balanced-4cpu-draw1-2-baseline: 128x128, units 40->81, 1610.3 ticks/s, 1335.1 CPU us/tick, RSS 1190.6 MiB
measure-balanced-4cpu-draw1-2-final: 128x128, units 40->81, 1602.7 ticks/s, 1344.7 CPU us/tick, RSS 1196.7 MiB
measure-large512-4cpu-draw1-2-baseline: 512x512, units 48->72, 259.4 ticks/s, 8227.3 CPU us/tick, RSS 1598.2 MiB
measure-large512-4cpu-draw1-2-final: 512x512, units 48->72, 216.8 ticks/s, 10757.7 CPU us/tick, RSS 1624.8 MiB
measure-large512-4cpu-draw1-3-final: 512x512, units 48->72, 213.1 ticks/s, 10928.3 CPU us/tick, RSS 1623.4 MiB
measure-large512-4cpu-draw1-3-baseline: 512x512, units 48->72, 257.9 ticks/s, 8299.7 CPU us/tick, RSS 1591.9 MiB
measure-balanced-4cpu-draw1-3-final: 128x128, units 40->81, 1581.3 ticks/s, 1395.7 CPU us/tick, RSS 1197.6 MiB
measure-balanced-4cpu-draw1-3-baseline: 128x128, units 40->81, 1627.6 ticks/s, 1317.7 CPU us/tick, RSS 1200.2 MiB
measure-balanced-4cpu-draw1-4-baseline: 128x128, units 40->81, 1588.1 ticks/s, 1353.5 CPU us/tick, RSS 1197.2 MiB
measure-balanced-4cpu-draw1-4-final: 128x128, units 40->81, 1628.1 ticks/s, 1372.0 CPU us/tick, RSS 1189.8 MiB
measure-large512-4cpu-draw1-4-baseline: 512x512, units 48->72, 268.8 ticks/s, 8039.1 CPU us/tick, RSS 1634.4 MiB
measure-large512-4cpu-draw1-4-final: 512x512, units 48->72, 222.1 ticks/s, 10446.6 CPU us/tick, RSS 1621.7 MiB
measure-large512-4cpu-draw1-5-final: 512x512, units 48->72, 230.9 ticks/s, 10058.7 CPU us/tick, RSS 1637.5 MiB
measure-large512-4cpu-draw1-5-baseline: 512x512, units 48->72, 266.9 ticks/s, 8036.0 CPU us/tick, RSS 1617.8 MiB
measure-balanced-4cpu-draw1-5-final: 128x128, units 40->81, 1650.3 ticks/s, 1347.6 CPU us/tick, RSS 1195.5 MiB
measure-balanced-4cpu-draw1-5-baseline: 128x128, units 40->81, 1714.7 ticks/s, 1250.1 CPU us/tick, RSS 1187.8 MiB
control-balanced-4cpu-draw0-0-baseline: 128x128, units 40->81, 1901.8 ticks/s, 776.9 CPU us/tick, RSS 1187.2 MiB
control-balanced-4cpu-draw0-0-final: 128x128, units 40->81, 1776.8 ticks/s, 824.0 CPU us/tick, RSS 1197.6 MiB
control-large512-4cpu-draw0-0-baseline: 512x512, units 48->72, 323.6 ticks/s, 5459.7 CPU us/tick, RSS 1609.1 MiB
control-large512-4cpu-draw0-0-final: 512x512, units 48->72, 325.3 ticks/s, 5470.5 CPU us/tick, RSS 1630.1 MiB
control-balanced-4cpu-draw0-1-final: 128x128, units 40->81, 1897.7 ticks/s, 798.9 CPU us/tick, RSS 1191.8 MiB
control-balanced-4cpu-draw0-1-baseline: 128x128, units 40->81, 1932.8 ticks/s, 778.0 CPU us/tick, RSS 1193.4 MiB
control-large512-4cpu-draw0-1-final: 512x512, units 48->72, 328.1 ticks/s, 5463.6 CPU us/tick, RSS 1604.3 MiB
control-large512-4cpu-draw0-1-baseline: 512x512, units 48->72, 315.7 ticks/s, 5570.0 CPU us/tick, RSS 1588.9 MiB
control-balanced-4cpu-draw0-2-baseline: 128x128, units 40->81, 1850.2 ticks/s, 795.4 CPU us/tick, RSS 1195.4 MiB
control-balanced-4cpu-draw0-2-final: 128x128, units 40->81, 1811.0 ticks/s, 805.8 CPU us/tick, RSS 1194.9 MiB
control-large512-4cpu-draw0-2-baseline: 512x512, units 48->72, 298.3 ticks/s, 5856.2 CPU us/tick, RSS 1574.4 MiB
control-large512-4cpu-draw0-2-final: 512x512, units 48->72, 312.8 ticks/s, 5659.1 CPU us/tick, RSS 1597.6 MiB
control-balanced-4cpu-draw0-3-final: 128x128, units 40->81, 1869.7 ticks/s, 790.4 CPU us/tick, RSS 1190.7 MiB
control-balanced-4cpu-draw0-3-baseline: 128x128, units 40->81, 1838.7 ticks/s, 799.7 CPU us/tick, RSS 1192.8 MiB
control-large512-4cpu-draw0-3-final: 512x512, units 48->72, 313.3 ticks/s, 5696.7 CPU us/tick, RSS 1614.7 MiB
control-large512-4cpu-draw0-3-baseline: 512x512, units 48->72, 295.6 ticks/s, 5974.6 CPU us/tick, RSS 1604.0 MiB
