verify-balanced-8cpu-draw1-0-baseline: 128x128, units 40->81, 347.3 ticks/s, 3526.5 CPU us/tick, RSS 1201.8 MiB
verify-balanced-8cpu-draw1-0-final: 128x128, units 40->81, 442.0 ticks/s, 3823.9 CPU us/tick, RSS 1194.6 MiB
verify-large512-8cpu-draw1-0-baseline: 512x512, units 48->72, 89.3 ticks/s, 14857.5 CPU us/tick, RSS 1509.4 MiB
verify-large512-8cpu-draw1-0-final: 512x512, units 48->72, 84.5 ticks/s, 19686.4 CPU us/tick, RSS 1544.7 MiB
measure-balanced-8cpu-draw1-0-baseline: 128x128, units 40->81, 342.3 ticks/s, 3406.3 CPU us/tick, RSS 1198.2 MiB
measure-balanced-8cpu-draw1-0-final: 128x128, units 40->81, 529.5 ticks/s, 3172.3 CPU us/tick, RSS 1196.6 MiB
measure-large512-8cpu-draw1-0-baseline: 512x512, units 48->72, 102.1 ticks/s, 14804.7 CPU us/tick, RSS 1528.5 MiB
measure-large512-8cpu-draw1-0-final: 512x512, units 48->72, 89.2 ticks/s, 21683.8 CPU us/tick, RSS 1552.0 MiB
measure-large512-8cpu-draw1-1-final: 512x512, units 48->72, 100.8 ticks/s, 20274.0 CPU us/tick, RSS 1559.7 MiB
measure-large512-8cpu-draw1-1-baseline: 512x512, units 48->72, 105.6 ticks/s, 16967.2 CPU us/tick, RSS 1547.8 MiB
measure-balanced-8cpu-draw1-1-final: 128x128, units 40->81, 602.7 ticks/s, 3334.1 CPU us/tick, RSS 1196.5 MiB
measure-balanced-8cpu-draw1-1-baseline: 128x128, units 40->81, 560.6 ticks/s, 3069.9 CPU us/tick, RSS 1187.7 MiB
measure-balanced-8cpu-draw1-2-baseline: 128x128, units 40->81, 557.4 ticks/s, 2986.9 CPU us/tick, RSS 1197.4 MiB
measure-balanced-8cpu-draw1-2-final: 128x128, units 40->81, 478.6 ticks/s, 3874.6 CPU us/tick, RSS 1200.5 MiB
measure-large512-8cpu-draw1-2-baseline: 512x512, units 48->72, 111.0 ticks/s, 14912.8 CPU us/tick, RSS 1560.1 MiB
measure-large512-8cpu-draw1-2-final: 512x512, units 48->72, 101.6 ticks/s, 15073.2 CPU us/tick, RSS 1557.9 MiB
measure-large512-8cpu-draw1-3-final: 512x512, units 48->72, 101.0 ticks/s, 16869.9 CPU us/tick, RSS 1546.7 MiB
measure-large512-8cpu-draw1-3-baseline: 512x512, units 48->72, 76.7 ticks/s, 16396.2 CPU us/tick, RSS 1532.1 MiB
measure-balanced-8cpu-draw1-3-final: 128x128, units 40->81, 570.2 ticks/s, 3042.8 CPU us/tick, RSS 1197.1 MiB
measure-balanced-8cpu-draw1-3-baseline: 128x128, units 40->81, 245.2 ticks/s, 3181.7 CPU us/tick, RSS 1196.6 MiB
measure-balanced-8cpu-draw1-4-baseline: 128x128, units 40->81, 416.9 ticks/s, 3173.5 CPU us/tick, RSS 1194.5 MiB
measure-balanced-8cpu-draw1-4-final: 128x128, units 40->81, 482.2 ticks/s, 3668.7 CPU us/tick, RSS 1197.0 MiB
measure-large512-8cpu-draw1-4-baseline: 512x512, units 48->72, 101.7 ticks/s, 13990.7 CPU us/tick, RSS 1528.3 MiB
measure-large512-8cpu-draw1-4-final: 512x512, units 48->72, 83.4 ticks/s, 20862.6 CPU us/tick, RSS 1523.9 MiB
measure-large512-8cpu-draw1-5-final: 512x512, units 48->72, 85.5 ticks/s, 19310.2 CPU us/tick, RSS 1585.0 MiB
measure-large512-8cpu-draw1-5-baseline: 512x512, units 48->72, 90.0 ticks/s, 16116.3 CPU us/tick, RSS 1519.3 MiB
measure-balanced-8cpu-draw1-5-final: 128x128, units 40->81, 591.3 ticks/s, 3094.8 CPU us/tick, RSS 1197.0 MiB
measure-balanced-8cpu-draw1-5-baseline: 128x128, units 40->81, 477.8 ticks/s, 3292.5 CPU us/tick, RSS 1193.4 MiB
