PASS RuntimeResources/material harvesting consumes stock and never invents a delivery (0.1s)
PASS RuntimeResources/growth at capacity stays capped and persistent fruit depletes (0.1s)
PASS RuntimeResources/custom compound deposit has independent material stock and destructive harvest (0.1s)
PASS RuntimeResources/resource identities above byte range preserve compound stocks through save and continuation (0.3s)
PASS RuntimeResources/last finite source extinction and persistent source regrowth update material presence (0.1s)
PASS RuntimeResources/shared starting supply checks accept material sources above resource id 255 (0.2s)
PASS RuntimeResources/starting crop guarantees and adjacent supply use live material yields (0.1s)
PASS RuntimeResources/bounded starter crop replacement uses surplus materials and respects clearability (0.1s)
PASS RuntimeResources/material frontage counts secondary stocks and prospective renewable supply (0.1s)
PASS RuntimeResources/start diagnostics distinguish configured renewal from spreading pressure (0.1s)
PASS RuntimeResources/fixed property ablations preserve harvest growth clearing and movement invariants (0.1s)
PASS RuntimeResources/editor catalog replacement preserves materials across layouts and rejects invalid imports atomically (0.1s)
PASS RuntimeResources/redefined builtin resource follows declarative habitat and terrain whitelist intersection (0.1s)
PASS RuntimeResources/destructive resources cannot bridge pooled farms even without reserves or regrowth (0.2s)
PASS RuntimeResources/infinite farm stocks remain harvestable at their seed reserve (0.1s)
PASS RuntimeResources/farm harvest uses the touched material policy before pooling neighboring stock (0.2s)
PASS RuntimeResources/embedded resource save starts with an invalid installed catalog (0.2s)
PASS RuntimeResources/renamed deposits and sprite variants preserve stochastic stock trajectories (0.2s)
PASS RuntimeResources/frozen seeded resource compositions preserve invariants and exact simulation continuation [golden] (0.6s)
PASS RuntimeResources/legacy resource saves ignore reordered modified installed defaults in a fresh process (0.1s)
PASS RuntimeResources/custom ground and air obstruction independently govern routes across toroidal barriers (0.2s)
PASS RuntimeResources/released terrain-seed format 138 retains legacy resource and material continuation (0.3s)
PASS RuntimeResources/released observation format 139 imports legacy stocks and preserves current save continuation (0.3s)
PASS RuntimeResources/unused catalog definitions allocate no material gradients and schedule no extra work (0.2s)
PASS RuntimeResources/seed cache allocates only live material bitsets and reuses them after depletion (0.1s)
PASS TerrainResources/terrain strokes clear incompatible resources; buildings and units (24.3s)

26 passed, 0 failed, 0 skipped (28.4s of test time)
[run_tests] JUnit report: artifacts/resource-followup/platform-closure/runtime-resources.xml (26 cases)
