GLOB2_TEST_BUILD compiler=Apple LLVM 21.0.0 (clang-2100.3.34.2) platform=macOS pointer_bits=64
GLOB2_TEST_PROVENANCE {"build": "fresh focused release renderer tests", "compiler": "g++", "dirty": false, "flags": "-g -std=gnu++20 -Wall -fPIC -O3; repository compile command flags recorded in build-receipt.json", "revision": "64324bd260dcfd6a40d67ab3575946b1fc92ec66", "sourceStatus": [], "sourceTreeSha256": "b2eb185d528fd6b270b4e0f58a64061742a7e127bb601ebeb5c7266f5613842e"}
[doctest] doctest version is "2.4.11"
[doctest] run with "--help" for options
===============================================================================
libgag/src/SpriteDrawBatchTest.cpp:223:
TEST CASE:  ordered HD resource sprite batch retains pixels [display]

libgag/src/SpriteDrawBatchTest.cpp:139: FATAL ERROR: REQUIRE( sprite.load("data/gfx/ressource") ) is NOT correct!
  values: REQUIRE( false )

===============================================================================
libgag/src/SpriteDrawBatchTest.cpp:224:
TEST CASE:  ordered native resource sprite batch retains pixels [display]

libgag/src/SpriteDrawBatchTest.cpp:139: FATAL ERROR: REQUIRE( sprite.load("data/gfx/ressource") ) is NOT correct!
  values: REQUIRE( false )

===============================================================================
libgag/src/SpriteDrawBatchTest.cpp:227:
TEST CASE:  ordered portable resource sprite batch retains pixels [display]

libgag/src/SpriteDrawBatchTest.cpp:139: FATAL ERROR: REQUIRE( sprite.load("data/gfx/ressource") ) is NOT correct!
  values: REQUIRE( false )

===============================================================================
[doctest] test cases:   9 |   6 passed | 3 failed | 9 skipped
[doctest] assertions: 324 | 321 passed | 3 failed |
[doctest] Status: FAILURE!
