Compiled libgag/src/RecordingMetadata.cpp
Compiled libgag/src/RecordingEncoder.cpp
Compiled libgag/src/RecordingFiles.cpp
Compiled libgag/src/GameplayRecording.cpp
Compiled libgag/src/Sha1.cpp
Compiled libgag/src/SpriteLoad.cpp
Compiled libgag/src/PerformanceTelemetry.cpp
Compiled libgag/src/BackgroundFileWriter.cpp
Compiled libgag/src/RenderBackend.cpp
Compiled libgag/src/SoftwareFramePresenter.cpp
Compiled libgag/src/SoftwareRenderBackend.cpp
Compiled libgag/src/SurfaceRaster.cpp
Compiled libgag/src/BinaryStream.cpp
Compiled libgag/src/GraphicContextMobile.cpp
Compiled libgag/src/AssetLoader.cpp
Compiled libgag/src/CursorManager.cpp
Compiled libgag/src/FileManager.cpp
Compiled libgag/src/FileManagerAtomic.cpp
Compiled libgag/src/FormatableString.cpp
Compiled libgag/src/FileManagerGzip.cpp
Compiled libgag/src/RecordingSession.cpp
Compiled libgag/src/GraphicContextResize.cpp
Compiled libgag/src/GraphicContext.cpp
Compiled libgag/src/GraphicContextDraw.cpp
Compiled libgag/src/GraphicContextUnitShader.cpp
Compiled libgag/src/GraphicContextCompound.cpp
Compiled libgag/src/SkinModel.cpp
Compiled libgag/src/SkinMesh.cpp
Compiled libgag/src/SkinShapeModel.cpp
Compiled libgag/src/GraphicContextSkinMesh.cpp
Compiled libgag/src/MapGeometryCache.cpp
Compiled libgag/src/DrawableSurfaceDraw.cpp
Compiled libgag/src/RenderBatch.cpp
Compiled libgag/src/DrawableSurface.cpp
Compiled libgag/src/GUIBase.cpp
Compiled libgag/src/DrawableSurfaceCompound.cpp
Compiled libgag/src/GUIStyle.cpp
Compiled libgag/src/StreamBackend.cpp
Compiled libgag/src/Stream.cpp
Compiled libgag/src/KeyPress.cpp
Compiled libgag/src/SupportFunctions.cpp
Compiled libgag/src/StringTable.cpp
Compiled libgag/src/win32_dirent.cpp
Compiled libgag/src/Sprite.cpp
Compiled libgag/src/BidiText.cpp
Compiled libgag/src/Toolkit.cpp
Compiled libgag/src/TextStream.cpp
Compiled libgag/src/TextSort.cpp
Compiled libgag/src/ScrollPhysics.cpp
Compiled libgag/src/TrueTypeFont.cpp
Compiled libgag/src/GestureScroll.cpp
Compiled libgag/src/ScreenStack.cpp
Compiled libgag/src/ui/TextLayout.cpp
Compiled libgag/src/ui/Presentation.cpp
Compiled libgag/src/ApplicationHost.cpp
Compiled libgag/src/ui/Canvas.cpp
Compiled libgag/src/ui/Element.cpp
Compiled libgag/src/MacScrollMonitor.mm
Compiled libgag/src/ui/Screen.cpp
Compiled libusl/src/code.cpp
Compiled libgag/src/ui/Host.cpp
Compiled libgag/src/ui/Containers.cpp
Compiled libusl/src/lexer.cpp
Compiled libusl/src/interpreter.cpp
Compiled libusl/src/debug.cpp
Compiled libusl/src/position.cpp
Compiled libusl/src/token.cpp
Compiled libgag/src/ui/Controls.cpp
Compiled libusl/src/types.cpp
Compiled libusl/src/tree.cpp
Compiled libusl/src/parser.cpp
Compiled test/support/GlobalContainerSlot.cpp
Compiled libusl/test/usl_runner.cpp
Compiled test/support/TestActivity_mac.mm
Compiled libusl/src/usl.cpp
Compiled test/support/RecordingValidationProcess.cpp
Compiled test/support/Glob2Test.cpp
Compiled libgag/src/SurfaceCoverageTest.cpp
Compiled libgag/src/SpriteDrawBatchTest.cpp
Compiled libgag/src/MapGeometryCacheTest.cpp
Compiled libgag/src/OpaqueRectangleBatchTest.cpp
Compiled test/support/TestMain.cpp
Fresh committed build linked successfully.
