PASS glob2-unit-tests ExperimentalFeatures (5 cases) (0.0s)
PASS MarketFetch/stocked markets are resource goals, depleted markets are not (0.0s)
PASS MarketFetch/deliverer stays attached and fetches the next market delivery (0.0s)
PASS OrderValidation/orders whose building is no longer in a state they apply to are stale [orders] (0.2s)
PASS OrderValidation/fields outside what the user interface produces are rejected [orders] (0.2s)
PASS OrderValidation/orders acting for another team, player or building are rejected [orders] (0.2s)
PASS OrderValidation/hostile orders do not stop a game that executes them unchecked [orders] (0.3s)
PASS OrderValidation/orders a client builds for its own team and buildings pass [orders] (0.3s)
PASS OrderValidation/every order type survives random payloads through decode, check and execution [orders] (0.3s)
PASS MarketsV2/disabled gate blocks explicit fetch APIs and upgrade execution (0.0s)
PASS MarketsV2/legacy workers already travelling to markets continue after migration [golden][save-format] (0.1s)
PASS MarketsV2/each market level accepts only its resources across all swim classes (0.0s)
PASS MarketsV2/a frequently refreshed market field publishes depletion and restocking (0.0s)
PASS MarketsV2/market routes respect forbidden ground and water across swim classes (0.0s)
PASS MarketsV2/market repair materials do not overwrite shared stock (0.0s)
PASS TurnEngineHarness/the committed match record verifies to the committed checksum trace [network-sim][golden] (0.4s)
PASS MarketsV2/upgrading cancelling and completing preserve shared stock and gate (0.3s)
PASS MarketFetch/upgraded market IDs and stock survive binary and text saves [save-format] (0.8s)
PASS MarketsV2/disabled fruit deliveries match master per tick [golden][save-format][artifacts] (0.8s)
PASS MarketFetch/market fields and pending publications survive binary and text saves [save-format] (0.9s)
PASS MarketsV2/enabled supply networks repeat deterministically with save continuation [golden][save-format][artifacts] (1.4s)

21 passed, 0 failed, 1 skipped (6.4s of test time)
[run_tests] JUnit report: artifacts/markets-v2/final-focused.xml (26 cases)
