PASS AIOrderScheduler/saved repeated enrollments retain the first initialization tick (0.0s)
PASS AIOrderScheduler/save drains computation and retains future outputs without recomputing (0.0s)
PASS AIOrderScheduler/failure joins work and cannot partially publish or lose the original error (0.0s)
PASS AIOrderScheduler/same initialization identity cannot restore contradictory planes (0.0s)
PASS AIOrderScheduler/cancellation joins the old controller generation before replacement (0.0s)
PASS AIOrderScheduler/sharing follows the delay and the measured decision work (0.0s)
PASS AIOrderScheduler/configuration rejects live work and submissions after a tick was dispatched (0.0s)
PASS AIOrderScheduler/restore refuses truncated duplicate and out of window pending requests (0.0s)
PASS AIOrderScheduler/Diagnostic captures do not change saved pending orders (0.0s)
PASS AIOrderScheduler/all delays preserve every FIFO poll and fixed player ordered deadlines (0.5s)
PASS AIPipeline/pause and repeated boundary calls cannot execute a published command twice (0.6s)
PASS AIPipeline/replacement cancels an old output without rejecting identical new wire bytes (0.1s)
PASS AIPipeline/team death cancels submitted work and saves receipts for a revived controller (0.2s)
PASS AIPipeline/a submitted deadline is delivered even when no new poll is eligible (0.1s)
PASS AIPipeline/wrapper preemption preserves controller rejection feedback and pending release identity across save (0.1s)
PASS AIPipeline/every shipped controller preserves orders and state across worker counts and all delays (1.4s)
PASS EngineSession/new client requests replace completed pending frames without recapture (0.1s)
PASS EngineSession/native presentation fallback yields between expensive chunks (0.1s)
PASS EngineSession/serial sessions retain chat text across skipped GUI frames (1.0s)
PASS SharedWorkerLifecycle/background saves finish on a worker and remain readable after teardown (0.1s)
PASS SharedWorkerLifecycle/resource catalog import drains deferred material preparation before replacing stocks (0.1s)
PASS SharedWorkerLifecycle/pending gradient work survives a save and continues at the same deadlines (0.3s)
PASS SimulationReadPhase/direct completed steps match deferred preparation across worker counts (0.3s)
PASS SharedWorkerLifecycle/no-AI completed ticks agree across shared worker counts [artifacts] (0.9s)
PASS SimulationReadPhase/presentation borrows the published no-AI read boundary without recapture (0.1s)
PASS SimulationReadPhase/AI and pending gradients consume the presentation union without another capture (0.2s)
PASS ResourceGrowth/signed proposals use only current resource type and apply in order (0.2s)
PASS ResourceGrowth/material deltas cap independently and create configured seed stocks (0.2s)
PASS ResourceGrowth/proposal capacity grows safely and is retained for reuse (0.2s)
PASS ResourceGrowth/legacy pending masks migrate and signed pending proposals validate on load (0.2s)
PASS ResourceGrowth/kernel is immutable deterministic and responds to disabled growth and scarcity (0.1s)
PASS ResourceGrowth/zero-worker and shared deadlines match and pending work survives saving (0.7s)
PASS ResourceGrowth/setting the delay leaves reservations and unfinished work untouched (0.1s)
PASS ResourceGrowth/pipeline waits at exact deadline and pause does not publish (0.1s)
PASS EngineSession/incremental sessions; editor decisions; fertility equivalence and cancellation [writes-preferences] (4.9s)
PASS ResourceGrowth/frozen input outlives terrain and resource edits and wrapping remains valid (0.1s)
PASS ResourceGrowth/light checksums leave zero-worker work deferred and world replacement discards it (0.1s)
PASS ResourceGrowth/publication accounts for proposals rejected by a different world (0.2s)
PASS ResourceGrowth/later completed work cannot publish ahead of an earlier batch (0.1s)
PASS ResourceGrowth/format 144 and 145 packed growth headers cannot alias artwork lengths (0.0s)
PASS ResourceGrowth/text save layout probes are relative and preserve section state (0.0s)
PASS ResourceGrowth/configured seeds preserve rates variety collisions and saved output (0.1s)
PASS ResourceGrowth/zero seed stocks use authoritative resource initialization (0.2s)
PASS ResourceGrowth/typed proposal loading validates fields and preserves old queued units (0.1s)
PASS ResourceGrowth/finishing the last deferred tick computes without publishing early (0.1s)
PASS ResourceGrowth/engine preflight opens both historical growth and released vertex saves (0.7s)
PASS RuntimeResources/material harvesting consumes stock and never invents a delivery (0.1s)
PASS RuntimeResources/growth at capacity stays capped and persistent fruit depletes (0.1s)
PASS RuntimeResources/custom compound deposit has independent material stock and destructive harvest (0.1s)
PASS RuntimeResources/resource identities above byte range preserve compound stocks through save and continuation (0.3s)
PASS RuntimeResources/landscape scavenge sites start full, deplete per material and vanish when empty (0.1s)
PASS RuntimeResources/landscape dead trees, undergrowth and fish keep their habitats and obstruction (0.1s)
PASS RuntimeResources/a half-harvested scavenge site survives save and continues identically (0.3s)
PASS RuntimeResources/workers carry food from camp-sites to an inn and leave their other yields (0.3s)
PASS RuntimeResources/landscape showcase map places every landscape resource [artifacts] (0.2s)
PASS RuntimeResources/last finite source extinction and persistent source regrowth update material presence (0.1s)
PASS RuntimeResources/shared starting supply checks accept material sources above resource id 255 (0.2s)
PASS RuntimeResources/starting crop guarantees and adjacent supply use live material yields (0.1s)
PASS RuntimeResources/bounded starter crop replacement uses surplus materials and respects clearability (0.1s)
PASS RuntimeResources/material frontage counts secondary stocks and prospective renewable supply (0.1s)
PASS RuntimeResources/start diagnostics distinguish configured renewal from spreading pressure (0.1s)
PASS ResourceGrowth/both format 144 and 145 lineages and compact growth saves retain continuation [save-format] (3.6s)
PASS RuntimeResources/editor catalog replacement preserves materials across layouts and rejects invalid imports atomically (0.1s)
PASS RuntimeResources/fixed property ablations preserve harvest growth clearing and movement invariants (0.2s)
PASS RuntimeResources/redefined builtin resource follows declarative habitat and terrain whitelist intersection (0.1s)
PASS RuntimeResources/infinite farm stocks remain harvestable at their seed reserve (0.1s)
PASS RuntimeResources/destructive resources cannot bridge pooled farms even without reserves or regrowth (0.2s)
PASS RuntimeResources/farm harvest uses the touched material policy before pooling neighboring stock (0.2s)
PASS RuntimeResources/embedded resource save starts with an invalid installed catalog (0.3s)
PASS RuntimeResources/renamed deposits and sprite variants preserve stochastic stock trajectories (0.2s)
PASS RuntimeResources/legacy resource saves ignore reordered modified installed defaults in a fresh process (0.2s)
PASS RuntimeResources/custom ground and air obstruction independently govern routes across toroidal barriers (0.2s)
PASS RuntimeResources/frozen seeded resource compositions preserve invariants and exact simulation continuation [golden] (0.7s)
PASS RuntimeResources/released terrain-seed format 138 retains legacy resource and material continuation (0.3s)
PASS BuildingGradientInvalidation/centre placed inside an existing ring (0.1s)
PASS BuildingGradientInvalidation/ring placed around an existing field (0.1s)
PASS RuntimeResources/released observation format 139 imports legacy stocks and preserves current save continuation (0.4s)
PASS BuildingGradientInvalidation/a rival teams ring cuts off a cached field (0.1s)
PASS BuildingGradientInvalidation/a ring cuts off a virtual flags field (0.1s)
PASS BuildingGradientInvalidation/public reads resolve their inputs (0.2s)
PASS BuildingGradientInvalidation/a paused field keeps its original obstacles (0.2s)
PASS BuildingGradientInvalidation/idle field storage is reused without stale routes (0.2s)
PASS BuildingGradientInvalidation/delayed fields (0.6s)
PASS BuildingGradientInvalidation/scheduled building fields publish at fixed deadlines across worker counts and delays (0.3s)
PASS BuildingGradientInvalidation/requests during team stepping are captured at the observation boundary (0.1s)
PASS BuildingGradientInvalidation/snapshot building seeds and captured-input searches match the synchronous kernels for every route and swim class (0.9s)
PASS BuildingGradientInvalidation/partial scheduled fields resume on the owner from transferred buckets (0.2s)
PASS BuildingGradientInvalidation/synchronous rebuilds and lifecycle hooks supersede pending jobs that share a deadline (0.1s)
PASS BuildingGradientInvalidation/a deleted building's pending result cannot replace a reused destination (0.1s)
PASS BuildingGradientInvalidation/access metadata follows the newest capture across swim classes and saves (0.1s)
PASS BuildingGradientInvalidation/area and team-wide resets keep stale walking fields serving with the pipeline on (0.2s)
PASS BuildingGradientInvalidation/slow and failing workers never change the publication tick (0.2s)
PASS BuildingGradientInvalidation/pending building results survive save boundaries and cannot resurrect evicted fields (0.8s)
PASS BuildingGradientInvalidation/a pending result keeps the generation a team-local edit carries forward (0.1s)
PASS BuildingGradientInvalidation/same-tick swim classes write access metadata in request order (0.1s)
PASS BuildingGradientInvalidation/an empty building pipeline follows a changed header delay through save and load (0.1s)
PASS GradientPreparation/warm preparation keeps custom supplier unions exclusions penalties and overlays live (0.1s)
PASS GradientPreparation/supplier seed indexing rejects foreign and invalid building IDs in cached and direct fields (0.1s)
PASS GradientPreparation/cached natural goals follow immobile occupancy and live overlays (0.2s)
PASS GradientPreparation/resource cache tracks cell writes and falls back through mutation bursts (0.3s)
PASS GradientPreparation/concurrent preparation owns buffers and serializes dirty cache refresh (0.1s)
PASS GradientPreparation/custom terrain and registry replacement preserve cached and direct seeds (0.1s)
PASS GradientPreparation/optional cache storage can be unavailable or over budget (0.2s)
PASS GradientPreparation/all supported team masks match the scalar fields (0.1s)
PASS GradientPreparation/explicit clearing overrides farm crop protection but never forbidden paint (0.1s)
PASS GradientPreparation/mutation and reset boundaries use current state (0.1s)
PASS GradientPreparation/concurrent lazy requests publish one complete resource field (0.1s)
PASS GradientPreparation/compound passable material goals track depletion visibility and overlapping suppliers (0.1s)
PASS RuntimeResources/unused catalog definitions allocate no material gradients and schedule no extra work (0.2s)
PASS RuntimeResources/seed cache allocates only live material bitsets and reuses them after depletion (0.1s)
PASS GradientPreparation/compact clearing traits preserve custom high-ID property combinations (0.2s)
PASS GradientPreparation/published plane registry matches a sweep of live material fields (0.1s)
PASS GradientPreparation/seed cells match scalar predicates across policies and changing overlays (1.4s)
PASS GradientPreparation/snapshot seeds preserve every periodic kind after the live world changes (0.1s)
PASS GradientPreparation/periodic supplier snapshots subtract reservations and retain overlay seeds (0.1s)
PASS GradientPreparation/snapshot material templates refresh changed chunks and accept older snapshots (0.2s)
PASS TurnEngineHarness/embedded terrain definitions travel with shared matches and verifier replays [network-sim][artifacts] (1.5s)
PASS TurnEngineHarness/two engines with AI seats under latency, jitter and loss agree at every tick and the record verifies [network-sim][artifacts] (2.7s)
PASS TurnEngineHarness/a client that executes a tampered order is repaired by an in-place reload and named by the verifier [network-sim][artifacts] (2.4s)
PASS TurnEngineHarness/a player who quits leaves through the relay's quit order and the rest play on [network-sim] (1.6s)
PASS TurnEngineHarness/four engines survive a stall and a restart: the restarted client reloads and fast-forwards [network-sim][artifacts] (2.9s)
PASS TurnEngineHarness/a player who leaves stays listed as Left, and the one left standing learns why it won [network-sim] (0.7s)
PASS AIPipeline/save continuation retains controller caches receipts and future commands at pipeline boundaries (23.7s)
PASS TurnEngineHarness/a save with closed seats: reteamed players keep their colonies, closed ones are cleared [network-sim] (2.0s)
PASS TurnEngineHarness/orders a hostile relay forges for a seat are refused by the verifier, which still verifies [network-sim] (1.0s)
PASS TurnEngineHarness/closed seats are closed colonies: the last player standing wins everywhere and the record verifies [network-sim] (4.3s)
PASS TurnEngineHarness/a 10 s flag drag and a held key keep the input delay bounded, without a flood [network-sim][artifacts] (1.6s)
PASS TurnEngineHarness/voice packets do not hold up a player's orders [network-sim][artifacts] (1.6s)
PASS TurnEngineHarness/a pause limit is enforced identically everywhere and the record verifies [network-sim][artifacts] (1.0s)
PASS TurnEngineHarness/without a pause limit a pause lasts until someone resumes it [network-sim] (0.6s)
PASS TurnEngineHarness/one client claiming the game finished does not end it for a player who is reconnecting [network-sim] (1.0s)
PASS TurnEngineHarness/the committed match record verifies to the committed checksum trace [network-sim][golden] (0.6s)
PASS MatchSetup/New match rules default to eight tick AI decisions (0.1s)
PASS MatchSetup/AI order delay is optional bounded integer data and round trips through headers (0.1s)
PASS MatchSetup/Building gradient delay is optional bounded integer data and round trips through headers (0.1s)
PASS MatchSetup/embedded catalogs carry dynamic experiments independently of installed definitions (0.2s)
PASS MatchSetup/catalog rules identity partitions ratings without changing the executable identity (0.1s)
PASS MatchSetup/SHA-256 matches the FIPS 180-4 test vectors (0.1s)
PASS MatchSetup/every MatchSetup and SimVersion contract fixture is accepted or rejected at its stage (0.1s)
PASS MatchSetup/the vendored fixtures match the protocol package when it is present (0.1s)
PASS MatchSetup/valid setups become the GameHeader every client and the verifier run (0.1s)
PASS MatchSetup/map-required terrain experiments propagate to setup and cannot be omitted (0.1s)
PASS MatchSetup/closed seats close their team and follow every player seat (0.1s)
PASS TurnEngineHarness/engines report network telemetry, and its output changes nothing they execute [network-sim][artifacts] (1.5s)
PASS MatchSetup/unknown experiments, JavaScript AIs and unexpressible headers are refused (0.1s)
PASS MatchSetup/a map file is found and checked by the hash of its decompressed bytes (0.1s)
PASS MatchSetup/the simulation data hash covers every data file the simulation loads (0.1s)
PASS TurnEngineHarness/a client sending hostile orders of every type crashes no one and is refused identically everywhere [network-sim][fuzz][artifacts] (12.4s)

148 passed, 0 failed, 5 skipped (98.3s of test time)
[run_tests] JUnit report: artifacts/compute-configuration/native.xml (153 cases)
