mixed-ai -1 compute-auto: wall=0.344s cpu=0.509s ticks=2048
mixed-ai -1 compute-8: wall=0.335s cpu=0.505s ticks=2048
mixed-ai -1 baseline-8: wall=0.365s cpu=0.523s ticks=2048
mixed-ai -1 compute-4: wall=0.329s cpu=0.432s ticks=2048
mixed-ai -1 baseline-4: wall=0.327s cpu=0.426s ticks=2048
mixed-ai -1 compute-2: wall=0.374s cpu=0.414s ticks=2048
mixed-ai -1 baseline-2: wall=0.373s cpu=0.414s ticks=2048
mixed-ai -1 compute-1: wall=0.411s cpu=0.408s ticks=2048
mixed-ai -1 baseline: wall=0.409s cpu=0.406s ticks=2048
mixed-ai 0 compute-1: wall=0.411s cpu=0.407s ticks=2048
mixed-ai 0 baseline-2: wall=0.374s cpu=0.414s ticks=2048
mixed-ai 0 compute-2: wall=0.373s cpu=0.413s ticks=2048
mixed-ai 0 baseline-4: wall=0.328s cpu=0.431s ticks=2048
mixed-ai 0 compute-4: wall=0.332s cpu=0.432s ticks=2048
mixed-ai 0 baseline-8: wall=0.338s cpu=0.504s ticks=2048
mixed-ai 0 compute-8: wall=0.335s cpu=0.510s ticks=2048
mixed-ai 0 compute-auto: wall=0.338s cpu=0.507s ticks=2048
mixed-ai 0 baseline: wall=0.411s cpu=0.407s ticks=2048
mixed-ai 1 compute-1: wall=0.408s cpu=0.404s ticks=2048
mixed-ai 1 baseline: wall=0.411s cpu=0.406s ticks=2048
mixed-ai 1 compute-auto: wall=0.336s cpu=0.502s ticks=2048
mixed-ai 1 compute-8: wall=0.338s cpu=0.512s ticks=2048
mixed-ai 1 baseline-8: wall=0.340s cpu=0.514s ticks=2048
mixed-ai 1 compute-4: wall=0.329s cpu=0.429s ticks=2048
mixed-ai 1 baseline-4: wall=0.329s cpu=0.431s ticks=2048
mixed-ai 1 compute-2: wall=0.374s cpu=0.416s ticks=2048
mixed-ai 1 baseline-2: wall=0.371s cpu=0.412s ticks=2048
mixed-ai 2 compute-2: wall=0.372s cpu=0.412s ticks=2048
mixed-ai 2 baseline-4: wall=0.330s cpu=0.432s ticks=2048
mixed-ai 2 compute-4: wall=0.327s cpu=0.428s ticks=2048
mixed-ai 2 baseline-8: wall=0.339s cpu=0.503s ticks=2048
mixed-ai 2 compute-8: wall=0.339s cpu=0.501s ticks=2048
mixed-ai 2 compute-auto: wall=0.341s cpu=0.501s ticks=2048
mixed-ai 2 baseline: wall=0.417s cpu=0.411s ticks=2048
mixed-ai 2 compute-1: wall=0.416s cpu=0.412s ticks=2048
mixed-ai 2 baseline-2: wall=0.374s cpu=0.415s ticks=2048
mixed-ai 3 compute-2: wall=0.372s cpu=0.412s ticks=2048
mixed-ai 3 baseline-2: wall=0.372s cpu=0.412s ticks=2048
mixed-ai 3 compute-1: wall=0.411s cpu=0.407s ticks=2048
mixed-ai 3 baseline: wall=0.411s cpu=0.406s ticks=2048
mixed-ai 3 compute-auto: wall=0.338s cpu=0.506s ticks=2048
mixed-ai 3 compute-8: wall=0.334s cpu=0.496s ticks=2048
mixed-ai 3 baseline-8: wall=0.338s cpu=0.508s ticks=2048
mixed-ai 3 compute-4: wall=0.329s cpu=0.430s ticks=2048
mixed-ai 3 baseline-4: wall=0.329s cpu=0.431s ticks=2048
mixed-ai 4 compute-4: wall=0.329s cpu=0.429s ticks=2048
mixed-ai 4 baseline-8: wall=0.338s cpu=0.505s ticks=2048
mixed-ai 4 compute-8: wall=0.336s cpu=0.503s ticks=2048
mixed-ai 4 compute-auto: wall=0.338s cpu=0.512s ticks=2048
mixed-ai 4 baseline: wall=0.414s cpu=0.409s ticks=2048
mixed-ai 4 compute-1: wall=0.413s cpu=0.408s ticks=2048
mixed-ai 4 baseline-2: wall=0.372s cpu=0.413s ticks=2048
mixed-ai 4 compute-2: wall=0.371s cpu=0.411s ticks=2048
mixed-ai 4 baseline-4: wall=0.329s cpu=0.431s ticks=2048
runtime-ai -1 compute-auto: wall=0.288s cpu=0.420s ticks=1024
runtime-ai -1 compute-8: wall=0.289s cpu=0.420s ticks=1024
runtime-ai -1 baseline-8: wall=0.287s cpu=0.416s ticks=1024
runtime-ai -1 compute-4: wall=0.275s cpu=0.344s ticks=1024
runtime-ai -1 baseline-4: wall=0.274s cpu=0.343s ticks=1024
runtime-ai -1 compute-2: wall=0.295s cpu=0.326s ticks=1024
runtime-ai -1 baseline-2: wall=0.298s cpu=0.329s ticks=1024
runtime-ai -1 compute-1: wall=0.323s cpu=0.319s ticks=1024
runtime-ai -1 baseline: wall=0.325s cpu=0.320s ticks=1024
runtime-ai 0 compute-1: wall=0.326s cpu=0.322s ticks=1024
runtime-ai 0 baseline-2: wall=0.295s cpu=0.327s ticks=1024
runtime-ai 0 compute-2: wall=0.297s cpu=0.328s ticks=1024
runtime-ai 0 baseline-4: wall=0.275s cpu=0.343s ticks=1024
runtime-ai 0 compute-4: wall=0.272s cpu=0.341s ticks=1024
runtime-ai 0 baseline-8: wall=0.289s cpu=0.417s ticks=1024
runtime-ai 0 compute-8: wall=0.290s cpu=0.426s ticks=1024
runtime-ai 0 compute-auto: wall=0.288s cpu=0.415s ticks=1024
runtime-ai 0 baseline: wall=0.327s cpu=0.323s ticks=1024
runtime-ai 1 compute-1: wall=0.322s cpu=0.318s ticks=1024
runtime-ai 1 baseline: wall=0.326s cpu=0.321s ticks=1024
runtime-ai 1 compute-auto: wall=0.285s cpu=0.415s ticks=1024
runtime-ai 1 compute-8: wall=0.289s cpu=0.423s ticks=1024
runtime-ai 1 baseline-8: wall=0.288s cpu=0.416s ticks=1024
runtime-ai 1 compute-4: wall=0.272s cpu=0.339s ticks=1024
runtime-ai 1 baseline-4: wall=0.275s cpu=0.343s ticks=1024
runtime-ai 1 compute-2: wall=0.297s cpu=0.328s ticks=1024
runtime-ai 1 baseline-2: wall=0.296s cpu=0.328s ticks=1024
runtime-ai 2 compute-2: wall=0.297s cpu=0.329s ticks=1024
runtime-ai 2 baseline-4: wall=0.276s cpu=0.345s ticks=1024
runtime-ai 2 compute-4: wall=0.275s cpu=0.344s ticks=1024
runtime-ai 2 baseline-8: wall=0.289s cpu=0.417s ticks=1024
runtime-ai 2 compute-8: wall=0.289s cpu=0.418s ticks=1024
runtime-ai 2 compute-auto: wall=0.288s cpu=0.412s ticks=1024
runtime-ai 2 baseline: wall=0.327s cpu=0.324s ticks=1024
runtime-ai 2 compute-1: wall=0.324s cpu=0.320s ticks=1024
runtime-ai 2 baseline-2: wall=0.297s cpu=0.328s ticks=1024
runtime-ai 3 compute-2: wall=0.296s cpu=0.328s ticks=1024
runtime-ai 3 baseline-2: wall=0.297s cpu=0.330s ticks=1024
runtime-ai 3 compute-1: wall=0.327s cpu=0.322s ticks=1024
runtime-ai 3 baseline: wall=0.327s cpu=0.323s ticks=1024
runtime-ai 3 compute-auto: wall=0.290s cpu=0.425s ticks=1024
runtime-ai 3 compute-8: wall=0.292s cpu=0.425s ticks=1024
runtime-ai 3 baseline-8: wall=0.288s cpu=0.418s ticks=1024
runtime-ai 3 compute-4: wall=0.273s cpu=0.339s ticks=1024
runtime-ai 3 baseline-4: wall=0.272s cpu=0.340s ticks=1024
runtime-ai 4 compute-4: wall=0.273s cpu=0.340s ticks=1024
runtime-ai 4 baseline-8: wall=0.285s cpu=0.418s ticks=1024
runtime-ai 4 compute-8: wall=0.290s cpu=0.424s ticks=1024
runtime-ai 4 compute-auto: wall=0.288s cpu=0.424s ticks=1024
runtime-ai 4 baseline: wall=0.324s cpu=0.320s ticks=1024
runtime-ai 4 compute-1: wall=0.326s cpu=0.322s ticks=1024
runtime-ai 4 baseline-2: wall=0.300s cpu=0.334s ticks=1024
runtime-ai 4 compute-2: wall=0.295s cpu=0.326s ticks=1024
runtime-ai 4 baseline-4: wall=0.276s cpu=0.347s ticks=1024
