PASS large eager audit False
PASS large eager audit True
PASS large staffing audit False
PASS large staffing audit True
PASS large partial audit False
PASS large partial audit True
PASS large combined audit False
PASS large combined audit True
PASS arena eager audit False
PASS arena eager audit True
PASS arena staffing audit False
PASS arena staffing audit True
PASS arena partial audit False
PASS arena partial audit True
PASS arena combined audit False
PASS arena combined audit True
PASS mixed eager audit False
PASS mixed eager audit True
PASS mixed staffing audit False
PASS mixed staffing audit True
PASS mixed partial audit False
PASS mixed partial audit True
PASS mixed combined audit False
PASS mixed combined audit True
