PASS Maxima.Economy/stranded algae keeps pool demand (0.1s)
PASS Maxima.Economy/counted opponent records preserve slot fifteen and load the legacy twelve-record layout [save-format] (0.1s)
PASS Maxima.Economy/labour continuation (0.1s)
PASS Maxima.Economy/birth budget scales beyond twenty (0.1s)
PASS Maxima.Economy/growing food funds capacity (0.1s)
PASS Maxima.Economy/schools do not require known algae (0.1s)
PASS Maxima.Economy/distant wheat funds recovery (0.1s)
PASS Maxima.Economy/sole swarm staffs from its own stock (0.1s)
PASS Maxima.Economy/colony startup and affordability (0.1s)
PASS Maxima.Economy/nearby corn determines staffing (0.1s)
PASS Maxima.Economy/corn pile interior is supply (0.1s)
PASS Maxima.Economy/new buildings start staffed (0.1s)
PASS Maxima.Economy/barracks upgrades keep training open (0.1s)
PASS Maxima.Economy/army demand funds training and birth mix (0.1s)
PASS Maxima.Economy/explorer target always gets production (0.1s)
PASS Maxima.Economy/crisis production pause (0.1s)
PASS Maxima.Economy/completion reallocates colony (0.1s)
PASS Maxima.Economy/army births match platform checksums (0.1s)
PASS Maxima.Economy/holiday harvest capacity (0.1s)
PASS Maxima.Economy/service rate uses simulated visit ticks (0.1s)
PASS Maxima.Economy/tracker logical cadence (0.1s)
PASS Maxima.Economy/feeding estimate shares resources and seats across capability combinations (0.1s)
PASS Maxima.Economy/food pressure increases planned feeding capacity without a permanent queue ratchet (0.1s)
PASS Maxima.Economy/operating estimates use one production clock and packet denominators (0.1s)
PASS Maxima.Economy/parallel training budgets separate compatible recipients and disabled services (0.1s)
PASS Maxima.Economy/projectile profiles reserve ammunition workers and cache nominal feeding (0.1s)
PASS Maxima.Economy/feeding budget scaling handles maximum seats without overflowing intermediate products (0.1s)
PASS Maxima.Economy/one training course credits independent movement and worker construction outcomes (0.1s)
PASS Maxima.Economy/feeding demand allocation conserves recipient classes and shared provider capacity (0.0s)
PASS Maxima.Economy/feeding farm claims follow one cohort while hybrid operating demand stays independent (0.0s)
PASS Maxima.Economy/feeding packet denominations preserve large stock rates and profile continuation (0.1s)
PASS Maxima.Economy/feeding colonies join overlapping catchments transitively and preserve independent training (0.1s)
PASS Maxima.Economy/recipient meal demand follows saved hunger and external action clocks (0.1s)
PASS Maxima.Economy/mechanical production ceilings are separate from planned carrier throughput (0.1s)
PASS Maxima.Economy/birth funding counts production packets without independent hybrid service costs (0.1s)
PASS Maxima.Economy/feeding capacity preserves independently admitted recipient classes (0.0s)
PASS Maxima.Economy/service ceilings respect the engine action clock and crop funding avoids overflow (0.1s)
PASS Maxima.Economy/food retirement preserves the only explorer feeder despite surplus worker seats (0.1s)
PASS Maxima.Economy/aggregate feeding demand escapes a crop count cap during service shortage (0.2s)
PASS Maxima.Economy/operating production claims preserve weighted recipe costs and shared carrier work (0.0s)
PASS Maxima.Economy/production ledger uses requested staffing ratios and target stage with continuation (0.0s)
PASS Maxima.Economy/production observation keeps planned work despite temporarily absent carriers (0.1s)
PASS Maxima.Economy/producer candidates enforce local feasibility alongside strategic target caps (0.0s)
PASS Maxima.Economy/feeding candidates transfer funded meal shares through cache reload and replacement (0.0s)
PASS Maxima.Economy/food allocation does not retire reachable production but exhausted sites remain retirable (0.1s)
PASS BuildingCatalog/shipped JSON preserves all 55 frozen variants and exact canonical stock snapshot (0.0s)
PASS BuildingCatalog/snapshot roundtrip owns independent descriptors and ignores runtime gates (0.0s)
PASS glob2-unit-tests (87 cases) (2.1s)
PASS BuildingCatalog/manifest parsing identifies the broken definition file without publishing a catalog (0.0s)
PASS BuildingCatalog/documented experimental field kitchen loads from its authored files (0.0s)
PASS BuildingCatalog/renamed composite variant and added feature survive embedded snapshot (0.1s)
PASS BuildingCatalog/invalid catalog reports the rejected field and preserves the active catalog (0.3s)
PASS BuildingCatalog/experiment metadata obeys the same contract before startup and transport (0.1s)
PASS BuildingCatalog/assignment limits compile staffing capability independently for each stage (0.0s)
PASS BuildingCatalog/stable keys need no compatibility family alias and defaults are bounded preferences (0.0s)
PASS BuildingCatalog/compiled runtime rows are dense aligned value copies and refresh gates in place (0.0s)
PASS BuildingCatalog/compact runtime traits preserve validated numeric boundaries (0.0s)
PASS TerrainProperties/exclusive movement modes and bounded compile-time definitions (0.0s)
PASS TerrainProperties/Trail retains legacy identities and terrain behavior (0.0s)
PASS TerrainProperties/canonical terrain survives presentation regeneration and batches snapshot invalidation (0.0s)
PASS TerrainProperties/same-size map replacement and legacy import refresh ecology (0.0s)
PASS TerrainProperties/terrain edits refresh escape costs and supersede queued route snapshots (0.1s)
PASS BuildingCatalog/expanded canonical snapshots must fit transport before catalog publication (0.4s)
PASS TerrainProperties/required terrain experiments survive tiling and distinguish map headers (0.1s)
PASS TerrainProperties/explorers ignore ice damage and no-permadeath applies to ground hazards (0.1s)
PASS TerrainProperties/ice exposure includes stationary units and preserves fractional health in saves (0.1s)
PASS TerrainProperties/health modifiers clip healing and expose units that have found an exit (0.1s)
PASS TerrainProperties/terrain health profiles choose independent air and ground rates (0.1s)
PASS TerrainProperties/projectile supercover tests intermediate cells corners and wrapped coordinates (0.0s)
PASS TerrainProperties/explorer flag eligibility applies route accessibility and hunger distance (0.1s)
PASS TerrainRuntime/maps isolate registries and reject failed imports atomically (0.0s)
PASS TerrainRuntime/eager resumed and worker gradients agree on custom slow swimming (0.0s)
PASS TerrainRuntime/custom capabilities drive map queries health ecology and immutable match definitions (0.1s)
PASS TerrainRuntime/unused distinct costs do not expand map movement setup (0.1s)
PASS TerrainRuntime/production pipeline captures custom movement and discards fields after reimport (0.2s)
PASS TerrainRuntime/embedded registry restores custom state and pending gradients without source files (0.1s)
PASS BuildingGradientInvalidation/scheduled rules repair A-star decreased keys and choose a shortest legal step (0.1s)
PASS BuildingGradientInvalidation/centre placed inside an existing ring (0.1s)
PASS BuildingGradientInvalidation/ring placed around an existing field (0.1s)
PASS BuildingGradientInvalidation/a rival teams ring cuts off a cached field (0.1s)
PASS BuildingGradientInvalidation/a ring cuts off a virtual flags field (0.1s)
PASS BuildingGradientInvalidation/a paused field keeps its original obstacles (0.1s)
PASS BuildingGradientInvalidation/public reads resolve their inputs (0.1s)
PASS BuildingGradientInvalidation/parallel fields (0.1s)
PASS TerrainRuntime/large embedded registry crosses the stream string limit (0.8s)
PASS BuildingGradientInvalidation/idle field storage is reused without stale routes (0.1s)
PASS BuildingGradientInvalidation/disabling instrumentation preserves queue admission, saved jobs and fixed publication (0.1s)
PASS BuildingGradientInvalidation/staffing hybrid retains lazy cold buildings and pending hot deadlines (0.1s)
PASS BuildingGradientInvalidation/delayed fields (0.3s)
PASS BuildingGradientInvalidation/scheduled building bundles publish at fixed deadlines across worker counts (0.2s)
PASS BuildingGradientInvalidation/pending building results survive save boundaries and cannot resurrect evicted fields (0.1s)
PASS BuildingGradientInvalidation/a deleted building's pending result cannot replace a reused destination (0.1s)
PASS BuildingGradientInvalidation/partial scheduled fields preserve eager values through publication and save phases (0.4s)
PASS BuildingGradientInvalidation/published access metadata remains independent across swim-cost classes and saves (0.1s)
PASS BuildingGradientInvalidation/later invalidation remains dirty and multiple building jobs share a deadline (0.1s)
PASS BuildingGradientInvalidation/impact oracle never changes published fields or simulation random draws (0.1s)
PASS BuildingGradientInvalidation/scheduled bundles retain captured terrain costs across edits and private save restoration (0.1s)
PASS BuildingGradientInvalidation/queued walking and round-trip bundles match synchronous kernels for weighted swim classes (0.2s)
PASS BuildingGradientInvalidation/building queue admission is bounded and stable across completed-result restoration (0.8s)
PASS BuildingGradientInvalidation/an oversized building bundle retains its fixed deadline through save and load (0.8s)
PASS BuildingGradientInvalidation/first construction of a new round-trip field remains synchronous during a pending bundle (0.1s)
PASS BuildingGradientInvalidation/fresh oracle exposes closing and opening routes and moved flag goals (0.1s)
PASS BuildingGradientInvalidation/resource audit distinguishes a stale market route from harvesting (0.1s)
PASS BuildingGradientInvalidation/hiring audit detects a newly opened route without hiring or consuming RNG (0.1s)
PASS BuildingGradientInvalidation/movement audit preserves forbidden escape and published resource goal stops (0.1s)
PASS BuildingGradientInvalidation/actual map harvest and market pickup emit distinct resource outcomes (0.1s)
PASS ClearingFlagGradient/basic switches; all fruit; empty tiles; padding independence and swimming variants (0.1s)
PASS GradientPreparation/supplier seed indexing rejects foreign and invalid building IDs in cached and direct fields (0.1s)
PASS GradientPreparation/warm preparation keeps custom supplier unions exclusions penalties and overlays live (0.1s)
PASS GradientPreparation/cached natural goals follow immobile occupancy and live overlays (0.1s)
PASS GradientPreparation/resource cache tracks cell writes and falls back through mutation bursts (0.2s)
PASS GradientPreparation/concurrent preparation owns buffers and serializes dirty cache refresh (0.1s)
PASS GradientPreparation/custom terrain and registry replacement preserve cached and direct seeds (0.1s)
PASS GradientPreparation/optional cache storage can be unavailable or over budget (0.4s)
PASS GradientPreparation/all supported team masks match the scalar fields (0.1s)
PASS GradientPreparation/explicit clearing overrides farm crop protection but never forbidden paint (0.1s)
PASS GradientPreparation/mutation and reset boundaries use current state (0.1s)
PASS GradientPreparation/concurrent lazy requests publish one complete resource field (0.1s)
PASS ImmobileUnitGradient/fresh map has no immobile units (0.1s)
PASS ImmobileUnitGradient/immobile unit blocks its own tile (0.1s)
PASS ImmobileUnitGradient/painting forbidden area refreshes gradients (0.1s)
PASS GradientPreparation/seed cells match scalar predicates across policies and changing overlays (0.9s)
PASS TurnEngineHarness/embedded terrain definitions travel with shared matches and verifier replays [network-sim][artifacts] (0.8s)
PASS TurnEngineHarness/two engines with AI seats under latency, jitter and loss agree at every tick and the record verifies [network-sim][artifacts] (1.5s)
PASS MapGradientInvalidation/forbidden edits invalidate exactly the affected fields and preserve the rest (3.4s)
PASS TurnEngineHarness/a client that executes a tampered order is repaired by an in-place reload and named by the verifier [network-sim][artifacts] (1.3s)
PASS TurnEngineHarness/a player who quits leaves through the relay's quit order and the rest play on [network-sim] (0.7s)
PASS TurnEngineHarness/a player who leaves stays listed as Left, and the one left standing learns why it won [network-sim] (0.3s)
PASS TurnEngineHarness/four engines survive a stall and a restart: the restarted client reloads and fast-forwards [network-sim][artifacts] (1.6s)
PASS TurnEngineHarness/a save with closed seats: reteamed players keep their colonies, closed ones are cleared [network-sim] (0.8s)
PASS TurnEngineHarness/closed seats are closed colonies: the last player standing wins everywhere and the record verifies [network-sim] (2.2s)
PASS TurnEngineHarness/orders a hostile relay forges for a seat are refused by the verifier, which still verifies [network-sim] (0.5s)
PASS Maxima.Economy/sustained stock feeding reports capability estimates and historical strategy targets (14.0s)
PASS TurnEngineHarness/a 10 s flag drag and a held key keep the input delay bounded, without a flood [network-sim][artifacts] (0.8s)
PASS TurnEngineHarness/a pause limit is enforced identically everywhere and the record verifies [network-sim][artifacts] (0.5s)
PASS TurnEngineHarness/voice packets do not hold up a player's orders [network-sim][artifacts] (1.0s)
PASS TurnEngineHarness/without a pause limit a pause lasts until someone resumes it [network-sim] (0.3s)
PASS TurnEngineHarness/one client claiming the game finished does not end it for a player who is reconnecting [network-sim] (0.5s)
PASS TurnEngineHarness/the committed match record verifies to the committed checksum trace [network-sim][golden] (0.4s)
PASS MatchSetup/embedded catalogs carry dynamic experiments independently of installed definitions (0.2s)
PASS MatchSetup/catalog rules identity partitions ratings without changing the executable identity (0.0s)
PASS MatchSetup/SHA-256 matches the FIPS 180-4 test vectors (0.0s)
PASS MatchSetup/every MatchSetup and SimVersion contract fixture is accepted or rejected at its stage (0.1s)
PASS MatchSetup/the vendored fixtures match the protocol package when it is present (0.0s)
PASS MatchSetup/valid setups become the GameHeader every client and the verifier run (0.1s)
PASS MatchSetup/map-required terrain experiments propagate to setup and cannot be omitted (0.0s)
PASS MatchSetup/older network rules default to four ticks and unsupported building delays are refused (0.1s)
PASS MatchSetup/closed seats close their team and follow every player seat (0.1s)
PASS MatchSetup/unknown experiments, JavaScript AIs and unexpressible headers are refused (0.1s)
PASS MatchSetup/a map file is found and checked by the hash of its decompressed bytes (0.1s)
PASS MatchSetup/the simulation data hash covers every data file the simulation loads (0.1s)
PASS TurnEngineHarness/engines report network telemetry, and its output changes nothing they execute [network-sim][artifacts] (0.8s)
PASS MarketFetch/stocked markets are resource goals, depleted markets are not (0.1s)
PASS MarketFetch/deliverer stays attached and fetches the next market delivery (0.1s)
PASS MarketFetch/upgraded market IDs and stock survive binary and text saves [save-format] (1.0s)
PASS MarketFetch/market fields and pending publications survive binary and text saves [save-format] (1.2s)
PASS MarketsV2/legacy workers already travelling to markets continue after migration [golden][save-format] (0.1s)
PASS MarketsV2/disabled fruit deliveries match master per tick [golden][save-format][artifacts] (0.9s)
PASS MarketsV2/disabled gate blocks explicit fetch APIs and upgrade execution (0.1s)
PASS MarketsV2/each market level accepts only its resources across all swim classes (0.1s)
PASS MarketsV2/market routes respect forbidden ground and water across swim classes (0.1s)
PASS MarketsV2/a frequently refreshed market field publishes depletion and restocking (0.1s)
PASS MarketsV2/upgrading cancelling and completing preserve shared stock and gate (0.4s)
PASS MarketsV2/market repair materials do not overwrite shared stock (0.1s)
PASS TurnEngineHarness/a client sending hostile orders of every type crashes no one and is refused identically everywhere [network-sim][fuzz][artifacts] (7.2s)
PASS MarketsV2/enabled supply networks repeat deterministically with save continuation [golden][save-format][artifacts] (1.7s)
PASS Maxima.Economy/observed hunger expands feeding for an opening colony mix beyond nominal forecasts (22.2s)

167 passed, 0 failed, 1 skipped (81.5s of test time)
[run_tests] JUnit report: ../frozen-linux-native.xml (254 cases)
