
Running 24 tests using 1 worker

  ✓   1 [chromium] › browser/tests/build-artifact.spec.js:6:1 › index.wasm does not instrument stacks with Asyncify (59ms)
  ✓   2 [chromium] › browser/tests/build-artifact.spec.js:6:1 › threaded/index.wasm does not instrument stacks with Asyncify (34ms)
  ✓   3 [chromium] › browser/tests/threading.spec.js:8:1 › threaded runtime executes shared compute, gradients and save lifecycle tests (7.8s)
  ✓   4 [chromium] › browser/tests/threading.spec.js:8:1 › serial runtime executes shared compute, gradients and save lifecycle tests (6.6s)
  ✓   5 [chromium] › browser/tests/threading.spec.js:43:1 › serial selection preserves ordinary startup (2.2s)
  ✓   6 [chromium] › browser/tests/threading.spec.js:50:1 › missing isolation headers automatically selects serial (2.2s)
  ✓   7 [chromium] › browser/tests/threading.spec.js:62:1 › threaded startup failure reloads the serial runtime (2.2s)
  ✓   8 [chromium] › browser/tests/threading.spec.js:74:1 › threaded audio produces PCM, keeps settings responsive and shuts down cleanly (6.4s)
  ✓   9 [firefox] › browser/tests/build-artifact.spec.js:6:1 › index.wasm does not instrument stacks with Asyncify (77ms)
  ✓  10 [firefox] › browser/tests/build-artifact.spec.js:6:1 › threaded/index.wasm does not instrument stacks with Asyncify (49ms)
  ✓  11 [firefox] › browser/tests/threading.spec.js:8:1 › threaded runtime executes shared compute, gradients and save lifecycle tests (12.5s)
  ✓  12 [firefox] › browser/tests/threading.spec.js:8:1 › serial runtime executes shared compute, gradients and save lifecycle tests (9.1s)
  ✓  13 [firefox] › browser/tests/threading.spec.js:43:1 › serial selection preserves ordinary startup (2.7s)
  ✓  14 [firefox] › browser/tests/threading.spec.js:50:1 › missing isolation headers automatically selects serial (3.0s)
  ✓  15 [firefox] › browser/tests/threading.spec.js:62:1 › threaded startup failure reloads the serial runtime (2.7s)
  ✓  16 [firefox] › browser/tests/threading.spec.js:74:1 › threaded audio produces PCM, keeps settings responsive and shuts down cleanly (7.2s)
  ✓  17 [webkit] › browser/tests/build-artifact.spec.js:6:1 › index.wasm does not instrument stacks with Asyncify (58ms)
  ✓  18 [webkit] › browser/tests/build-artifact.spec.js:6:1 › threaded/index.wasm does not instrument stacks with Asyncify (35ms)
  ✓  19 [webkit] › browser/tests/threading.spec.js:8:1 › threaded runtime executes shared compute, gradients and save lifecycle tests (8.8s)
  ✓  20 [webkit] › browser/tests/threading.spec.js:8:1 › serial runtime executes shared compute, gradients and save lifecycle tests (5.5s)
  ✓  21 [webkit] › browser/tests/threading.spec.js:43:1 › serial selection preserves ordinary startup (1.2s)
  ✓  22 [webkit] › browser/tests/threading.spec.js:50:1 › missing isolation headers automatically selects serial (1.1s)
  ✓  23 [webkit] › browser/tests/threading.spec.js:62:1 › threaded startup failure reloads the serial runtime (1.3s)
  ✓  24 [webkit] › browser/tests/threading.spec.js:74:1 › threaded audio produces PCM, keeps settings responsive and shuts down cleanly (7.7s)

  24 passed (1.6m)
