PASS JavaScriptCompatibility/JavaScript pass retains network protocol acceptance boundaries (0.0s)
PASS JavaScriptCompatibility/JavaScript test environment scopes restore SDL and CRT readers (0.1s)
PASS JavaScriptIntegration/JavaScript observations visibility memory pagination and stale references (0.2s)
PASS JavaScriptCompatibility/JavaScript pass retains released replay and acceptance boundaries (0.2s)
PASS JavaScriptIntegration/JavaScript scenario effects commit atomically and resume (0.2s)
PASS JavaScriptCompatibility/JavaScript upgrade retains genuine master124 experiments and continuation (0.3s)
PASS JavaScriptCompatibility/JavaScript pass assigns valid identities to released saves (0.3s)
PASS JavaScriptIntegration/JavaScript orders execute and survive save load (0.3s)
PASS JavaScriptPresentation/JavaScript presentation publishes only changed localized messages (0.2s)
PASS JavaScriptPresentation/JavaScript load restores presentation without a callback or history entry (0.2s)
PASS JavaScriptIntegration/JavaScript AI state RNG and disabled state survive continuation (0.3s)
PASS JavaScriptPresentation/Leaving a JavaScript scenario resets choices before loading a legacy map (0.2s)
PASS JavaScriptIntegration/JavaScript large world observations respect work limits (0.2s)
PASS JavaScriptCompatibility/JavaScript current saves reject truncated generation tables (0.5s)
PASS JavaScriptPresentation/Failed prepared map replacements preserve active globals and language (0.1s)
PASS JavaScriptPresentation/Prepared SGSL exchanges rebind stories in both runtimes (0.1s)
PASS JavaScriptRealistic/JavaScript realistic economic planner and scenario survey (0.1s)
PASS JavaScriptPresentation/JavaScript leaves stored SGSL execution and victory conditions dormant (0.2s)
PASS JavaScriptPresentation/JavaScript does not advance or display a retained SGSL timer (0.2s)
PASS JavaScriptSession/JavaScript fatal failure tears down a live engine session (0.3s)
PASS JavaScriptSession/JavaScript deterministic scenario failure ends the engine session (0.3s)
PASS JavaScriptLifecycle/Scripting identity survives conversion and save load (0.2s)
PASS JavaScriptLifecycle/Scripting level reset preserves generation counters (0.1s)
PASS JavaScriptLifecycle/Scripting conversion allocates fresh identity in a reused destination slot (0.2s)
PASS JavaScriptLifecycle/Scripting editor deletion and reuse never revive a reference (0.1s)
PASS JavaScriptSession/JavaScript initialization errors reach headless and UI load diagnostics (0.5s)
PASS JavaScriptLifecycle/Scripting conversion back never resurrects the original reference (0.2s)
PASS JavaScriptLifecycle/Scripting normal death invalidates lookup before cleanup and slot reuse (0.2s)
PASS JavaScriptLifecycle/Scripting building completion upgrade and repair preserve identity (0.3s)
PASS JavaScriptSimulation/JavaScript conversion boundary resumes globals RNG references and complete tick records (1.5s)
PASS JavaScriptSimulation/JavaScript original fixture executes, resumes and replays 256 ticks (1.5s)
PASS JavaScriptSimulation/JavaScript economic planners and map survey execute, resume and replay 256 ticks (1.8s)
PASS JavaScriptCompatibility/JavaScript current text saves validate unused generation counters (2.5s)

33 passed, 0 failed, 0 skipped (13.3s of test time)
[run_tests] JUnit report: artifacts/threading-pr/native-scripts.xml (33 cases)
