PASS glob2-unit-tests PlatformProtocol (8 cases) (0.0s)
PASS glob2-unit-tests MapCatalog (5 cases) (0.0s)
PASS OnlineResult/a result waits for the players, then for the verifier, and says when it is slow (0.0s)
PASS OnlineServices/an owner's services are the ones services() returns, until the owner goes (0.0s)
PASS OnlineServices/pump hooks run on update and stop once removed (0.0s)
PASS glob2-unit-tests QuickMatch (10 cases) (0.0s)
PASS OnlineWording/a pairing link's fingerprint becomes a short code (0.0s)
PASS OnlineWording/menus read larger on big desktop windows that follow the desktop scale (0.0s)
PASS glob2-unit-tests OnlineResources (5 cases) (0.0s)
PASS OnlineResult/recent matches: the history page, refreshed and led by live summaries (0.0s)
PASS OnlineScreenLifetime/online screens closed with platform calls in flight are never called back (0.2s)
PASS OnlineWording/queue names, durations and estimates read the same everywhere (0.2s)
PASS OnlineWording/an unrated search shows no ratings; a ranked one explains its range [display] (1.2s)
PASS OnlineWording/the room reads positively and hides seeds and pairing strings [display] (1.2s)
PASS OnlineWording/an unserved version blames the side that is out of date [display] (1.3s)
PASS UIPresentation/every screen lays out; navigates and captures at small portrait across presentations and insets [display:1600x1400][artifacts][slow] (42.7s)
PASS UIPresentation/every screen lays out; navigates and captures at small landscape across presentations and insets [display:1600x1400][artifacts][slow] (43.0s)
PASS UIPresentation/every screen lays out; navigates and captures at tablet portrait across presentations and insets [display:1600x1400][artifacts][slow] (227.6s)
PASS UIPresentation/every screen lays out; navigates and captures at tablet landscape across presentations and insets [display:1600x1400][artifacts][slow] (263.9s)
PASS UIPresentation/every screen lays out; navigates and captures at laptop across presentations and insets [display:1600x1400][artifacts][slow] (275.6s)
PASS UIPresentation/every screen lays out; navigates and captures at fullhd across presentations and insets [display:2200x1400][artifacts][slow] (426.3s)

21 passed, 0 failed, 0 skipped (1283.4s of test time)
[run_tests] JUnit report: artifacts/tests5.xml (45 cases)
exit 0
