PASS ScriptGenerator/Package identity controls modules and installation rollback (0.0s)
PASS ScriptGenerator/Script control mutations cannot bypass native domain contracts (0.0s)
PASS ScriptGenerator/Fertility binding rejects incomplete fields and mismatched masks (0.1s)
PASS ScriptGenerator/Toolkit consumers reject empty fertility arguments (0.1s)
PASS ScriptGenerator/Site graphs share distance captures and account repeated graph copies (0.1s)
PASS ScriptGenerator/Fertility binding reserves native work and memory before rebuilding (0.1s)
PASS ScriptGenerator/Full toolkit records buffers geometry callbacks and solver (0.1s)
PASS ScriptGenerator/Graph ownership optional callbacks and pointer outputs (0.1s)
PASS ScriptGenerator/Request immutability RNG streams and module isolation (0.0s)
PASS ScriptGenerator/Custom preferences persist string identity and tolerate missing packages (0.0s)
PASS CustomGameSetup/custom AI library identities and released preferences round trip (0.2s)
PASS ScriptGenerator/Frozen controls survive package replacement and catalogs are released (0.0s)
PASS ScriptGenerator/Script resource placement uses the world catalog and bounded brushes (0.1s)
PASS ScriptGenerator/Conversion failures release intermediate QuickJS containers (0.0s)
PASS ScriptGenerator/Library mutations retain memory and disk when storage throws (0.0s)
PASS ScriptGenerator/Frozen selections retain defaults and rules after package removal (0.0s)
PASS ScriptGenerator/Moved callback arguments retain their converted storage (0.0s)
PASS ScriptGenerator/Installed generator library writes to a fresh user profile [writes-preferences] (0.1s)
PASS ScriptGenerator/By value copies reserve native payloads before allocation (0.0s)
PASS ScriptGenerator/Nested buffer get fill and set reserve before copying (0.0s)
PASS ScriptGenerator/Every operation registration path shares the handle budget (0.1s)
PASS ScriptGenerator/Nested buffer fills are accounted and returned rows own their data (0.0s)
PASS ScriptGenerator/Boolean buffer proxies become JavaScript booleans (0.0s)
PASS ScriptGenerator/All named stream consumers share creation limits and accounting (0.0s)
PASS ScriptGenerator/Owned classes preserve borrowed context and RNG expiration (0.2s)
PASS ScriptGenerator/Script terrain and colonies go through engine world validation (0.4s)
PASS TurnEngineHarness/the committed match record verifies to the committed checksum trace [network-sim][golden] (0.6s)
PASS ScriptGenerator/Native scratch tables respect the allocation budget (1.0s)
PASS ScriptGenerator/Native work and interpreter resource failures are sticky (3.4s)
PASS ScriptGenerator/Optional JavaScript examples generate repeatable validated worlds [slow] (5.3s)
PASS CustomGameSetup/preferences; landscapes; AI catalogue; snapshot round trip; engine; reload and session replay [slow][writes-preferences] (30.5s)

31 passed, 0 failed, 0 skipped (42.7s of test time)
[run_tests] JUnit report: artifacts/generator-accepted-final-head.xml (31 cases)
