PASS RuntimeBuildingOrderSaveLoad/UnregisteredOrderRoundTrips (0.0s)
PASS RuntimeBuildingOrderSaveLoad/RoundTripCurrentVersion (0.0s)
PASS RuntimeBuildingOrderSaveLoad/Pre96StreamLeavesSentinel (0.0s)
PASS AISavePortability/runtime initialisation; area order serialisation and Maxima reserved telemetry (0.1s)
PASS AITargetTelemetrySave/Numbi reports the highest-numbered enemy its attack searches (0.1s)
PASS AITargetTelemetrySave/Cortex flag targets carry the team that owns each building (0.2s)
PASS CustomGameSetup/local building experiments are filtered by the destination catalog while saves retain theirs (0.2s)
PASS AITargetTelemetrySave/Cortex records its committed target until the offense stands down, across saves (0.3s)
PASS AITargetTelemetrySave/target fields are declared in schema version 2 (0.3s)
PASS CustomGameSetup/custom AI library identities and released preferences round trip (0.2s)
PASS ResourceGrowth/signed proposals use only current resource type and apply in order (0.1s)
PASS CustomGameSetup/catalog local launch loads the exact cached version and rejects invalid maps [writes-preferences] (0.4s)
PASS CustomGameSetup/map previews retain embedded experimental catalogs through cache hits (0.5s)
PASS ResourceGrowth/material deltas cap independently and create configured seed stocks (0.1s)
PASS ResourceGrowth/proposal capacity grows safely and is retained for reuse (0.1s)
PASS ResourceGrowth/legacy pending masks migrate and signed pending proposals validate on load (0.1s)
PASS CustomGameSetup/generated map snapshot launches from memory (0.5s)
PASS ResourceGrowth/kernel is immutable deterministic and responds to disabled growth and scarcity (0.1s)
PASS ResourceGrowth/setting the delay leaves reservations and unfinished work untouched (0.1s)
PASS ResourceGrowth/pipeline waits at exact deadline and pause does not publish (0.1s)
PASS CustomGameSetup/preview queue priority and restart (0.5s)
PASS ResourceGrowth/frozen input outlives terrain and resource edits and wrapping remains valid (0.1s)
PASS ResourceGrowth/format 144 and 145 packed growth headers cannot alias artwork lengths (0.0s)
PASS ResourceGrowth/text save layout probes are relative and preserve section state (0.0s)
PASS ResourceGrowth/light checksums leave zero-worker work deferred and world replacement discards it (0.1s)
PASS ResourceGrowth/later completed work cannot publish ahead of an earlier batch (0.1s)
PASS CustomGameSetup/experiments from settings are baked into a new game; a save keeps them; campaigns never take them (0.7s)
PASS ResourceGrowth/publication accounts for proposals rejected by a different world (0.2s)
PASS ResourceGrowth/configured seeds preserve rates variety collisions and saved output (0.2s)
PASS ResourceGrowth/typed proposal loading validates fields and preserves old queued units (0.1s)
PASS ResourceGrowth/finishing the last deferred tick computes without publishing early (0.1s)
PASS ResourceGrowth/zero-worker and shared deadlines match and pending work survives saving (0.5s)
PASS ResourceGrowth/zero seed stocks use authoritative resource initialization (0.3s)
PASS MapGeneratorDefaults/resource habitat distinguishes terrain permission from growth and occupancy (0.1s)
PASS MapGeneratorDefaults/search domains preserve legal values and constrain deterministic rolls (0.3s)
PASS MapGeneratorDefaults/shared route and wall contracts use terrain capabilities (0.1s)
PASS MapGeneratorDefaults/starting layouts follow rectangular and overlay catalog footprints (0.4s)
PASS ResourceGrowth/engine preflight opens both historical growth and released vertex saves (0.5s)
PASS MapGeneratorDefaults/Explicit designs preserve topology across the runtime-resource RNG epoch (1.0s)
PASS MapGeneratorDefaults/Bastion Keys contracts (2.0s)
PASS MapGeneratorDefaults/toolkit geometry; raster; resource and home contracts (2.2s)
PASS MapGeneratorDefaults/Random design defaults resolve reproducibly without changing explicit enums (3.0s)
PASS ResourceGrowth/both format 144 and 145 lineages and compact growth saves retain continuation [save-format] (3.7s)
PASS MapGeneratorDefaults/Drowned Forest circulation uses the configured starting definition (1.5s)
PASS MapGeneratorDefaults/Who Ate the Map contracts (2.8s)
PASS MapGeneratorDefaults/Random designs match explicit generated worlds on rectangles [slow] (5.9s)
PASS MapGeneratorDefaults/Gauntlet shapes; request rejection and final-world corruption checks (4.9s)
PASS MapGeneratorDefaults/editor and lobby defaults contract [slow][map-generators] (0.2s)
PASS MapGeneratorDefaults/Hungry Marches contracts (5.1s)
PASS default generation repeatability rectangles and rejection [slow][map-generators]<fingerprint> (1.4s)
PASS default generation repeatability rectangles and rejection [slow][map-generators]<oldTown> (1.9s)
PASS default generation repeatability rectangles and rejection [slow][map-generators]<symmetricArena> (1.4s)
PASS default generation repeatability rectangles and rejection [slow][map-generators]<swamp> (1.0s)
PASS default generation repeatability rectangles and rejection [slow][map-generators]<tidalFlats> (1.8s)
PASS default generation repeatability rectangles and rejection [slow][map-generators]<river> (1.4s)
PASS AITargetTelemetrySave/target telemetry names only real enemies and leaves the simulation unchanged (14.6s)
PASS default generation repeatability rectangles and rejection [slow][map-generators]<ringWorld> (1.0s)
PASS default generation repeatability rectangles and rejection [slow][map-generators]<isles> (1.6s)
PASS default generation repeatability rectangles and rejection [slow][map-generators]<amphitheatre> (1.2s)
PASS default generation repeatability rectangles and rejection [slow][map-generators]<shatteredCoast> (1.1s)
PASS default generation repeatability rectangles and rejection [slow][map-generators]<craterLakes> (1.1s)
PASS default generation repeatability rectangles and rejection [slow][map-generators]<spiderWeb> (1.0s)
PASS default generation repeatability rectangles and rejection [slow][map-generators]<fjordContinent> (1.3s)
PASS default generation repeatability rectangles and rejection [slow][map-generators]<concreteIslands> (1.3s)
PASS default generation repeatability rectangles and rejection [slow][map-generators]<maze> (0.9s)
PASS default generation repeatability rectangles and rejection [slow][map-generators]<watershed> (1.4s)
PASS default generation repeatability rectangles and rejection [slow][map-generators]<islands> (1.1s)
PASS default generation repeatability rectangles and rejection [slow][map-generators]<stoneHighlands> (1.3s)
PASS default generation repeatability rectangles and rejection [slow][map-generators]<switchbacks> (2.0s)
PASS default generation repeatability rectangles and rejection [slow][map-generators]<canals> (1.2s)
PASS default generation repeatability rectangles and rejection [slow][map-generators]<cityStates> (1.6s)
PASS MapGeneratorDefaults/Faulted City contracts (16.1s)
PASS default generation repeatability rectangles and rejection [slow][map-generators]<sierpinskiGardens> (1.4s)
PASS default generation repeatability rectangles and rejection [slow][map-generators]<hilbertRiver> (1.3s)
PASS default generation repeatability rectangles and rejection [slow][map-generators]<lavaShield> (1.3s)
PASS default generation repeatability rectangles and rejection [slow][map-generators]<honeycombIsle> (1.1s)
PASS default generation repeatability rectangles and rejection [slow][map-generators]<karstTowers> (1.1s)
PASS default generation repeatability rectangles and rejection [slow][map-generators]<hiddenOasis> (1.2s)
PASS default generation repeatability rectangles and rejection [slow][map-generators]<bajada> (1.6s)
PASS default generation repeatability rectangles and rejection [slow][map-generators]<centralQuarry> (2.2s)
PASS default generation repeatability rectangles and rejection [slow][map-generators]<orchardCommons> (1.0s)
PASS MapGeneratorDefaults/Last Treeline checks (17.3s)
PASS default generation repeatability rectangles and rejection [slow][map-generators]<gauntlet> (0.8s)
PASS default generation repeatability rectangles and rejection [slow][map-generators]<lastTreeline> (1.0s)
PASS default generation repeatability rectangles and rejection [slow][map-generators]<drownedForest> (3.0s)
PASS default generation repeatability rectangles and rejection [slow][map-generators]<encircledKingdom> (0.9s)
PASS default generation repeatability rectangles and rejection [slow][map-generators]<faultedCity> (1.5s)
PASS default generation repeatability rectangles and rejection [slow][map-generators]<comb> (1.3s)
PASS default generation repeatability rectangles and rejection [slow][map-generators]<bastionKeys> (0.8s)
PASS default generation repeatability rectangles and rejection [slow][map-generators]<whoAteTheMap> (0.8s)
PASS default generation repeatability rectangles and rejection [slow][map-generators]<marchland> (1.2s)
PASS default generation repeatability rectangles and rejection [slow][map-generators]<ruggedArchipelago> (0.9s)
PASS default generation repeatability rectangles and rejection [slow][map-generators]<hungryMarches> (0.9s)
PASS default generation repeatability rectangles and rejection [slow][map-generators]<evenGround> (2.2s)
PASS default generation repeatability rectangles and rejection [slow][map-generators]<rainShadow> (1.2s)
PASS default generation repeatability rectangles and rejection [slow][map-generators]<contestedCommons> (1.5s)
PASS default generation repeatability rectangles and rejection [slow][map-generators]<everglades> (1.2s)
PASS default generation repeatability rectangles and rejection [slow][map-generators]<polder> (1.4s)
PASS default generation repeatability rectangles and rejection [slow][map-generators]<oldGrowth> (1.5s)
PASS default generation repeatability rectangles and rejection [slow][map-generators]<coral> (0.8s)
PASS default generation repeatability rectangles and rejection [slow][map-generators]<anthill> (1.3s)
PASS default generation repeatability rectangles and rejection [slow][map-generators]<carousel> (1.8s)
PASS default generation repeatability rectangles and rejection [slow][map-generators]<emoji> (0.8s)
PASS default generation repeatability rectangles and rejection [slow][map-generators]<breachableHighlands> (1.0s)
PASS default generation repeatability rectangles and rejection [slow][map-generators]<braidedDelta> (1.1s)
PASS default generation repeatability rectangles and rejection [slow][map-generators]<forts> (1.8s)
PASS default generation repeatability rectangles and rejection [slow][map-generators]<hedgerowCountry> (1.2s)
PASS default generation repeatability rectangles and rejection [slow][map-generators]<allotments> (0.9s)
PASS CustomGameSetup/preferences; landscapes; AI catalogue; snapshot round trip; engine; reload and session replay [slow][writes-preferences] (32.6s)
PASS default generation repeatability rectangles and rejection [slow][map-generators]<braidedRiver> (1.1s)
PASS default generation repeatability rectangles and rejection [slow][map-generators]<glacis> (1.8s)
PASS default generation repeatability rectangles and rejection [slow][map-generators]<caravanserai> (1.5s)
PASS default generation repeatability rectangles and rejection [slow][map-generators]<portageLakes> (11.0s)
PASS default generation repeatability rectangles and rejection [slow][map-generators]<savannah> (1.1s)
PASS default generation repeatability rectangles and rejection [slow][map-generators]<hills> (1.1s)
PASS default generation repeatability rectangles and rejection [slow][map-generators]<riceTerraces> (1.1s)
PASS default generation repeatability rectangles and rejection [slow][map-generators]<continents> (2.1s)
PASS default generation repeatability rectangles and rejection [slow][map-generators]<uniform> (0.4s)
PASS default generation repeatability rectangles and rejection [slow][map-generators]<drumlinField> (2.4s)
PASS MapGeneratorRegistry/framework contracts [slow][map-generators] (0.5s)
PASS MapGeneratorRegistry/landscape contracts [slow][map-generators] (0.6s)
PASS default generation repeatability rectangles and rejection [slow][map-generators]<locust> (1.2s)
PASS MapGeneratorRegistry/water algae distribution [slow][map-generators] (0.3s)
PASS MapGeneratorDefaults/contact costs follow custom deposit obstruction and removal properties (0.1s)
PASS ScriptGenerator/Fertility binding rejects incomplete fields and mismatched masks (0.0s)
PASS ScriptGenerator/Script control mutations cannot bypass native domain contracts (0.0s)
PASS ScriptGenerator/Fertility binding reserves native work and memory before rebuilding (0.1s)
PASS ScriptGenerator/Toolkit consumers reject empty fertility arguments (0.1s)
PASS ScriptGenerator/Package identity controls modules and installation rollback (0.0s)
PASS ScriptGenerator/Graph ownership optional callbacks and pointer outputs (0.1s)
PASS ScriptGenerator/Site graphs share distance captures and account repeated graph copies (0.1s)
PASS ScriptGenerator/Full toolkit records buffers geometry callbacks and solver (0.1s)
PASS ScriptGenerator/Script terrain and colonies go through engine world validation (0.4s)
PASS ScriptGenerator/Script resource placement uses the world catalog and bounded brushes (0.1s)
PASS ScriptGenerator/Request immutability RNG streams and module isolation (0.0s)
PASS ScriptGenerator/Custom preferences persist string identity and tolerate missing packages (0.0s)
PASS ScriptGenerator/Native scratch tables respect the allocation budget (1.0s)
PASS ScriptGenerator/Frozen controls survive package replacement and catalogs are released (0.0s)
PASS ScriptGenerator/Conversion failures release intermediate QuickJS containers (0.0s)
PASS ScriptGenerator/Installed generator library writes to a fresh user profile [writes-preferences] (0.1s)
PASS ScriptGenerator/Frozen selections retain defaults and rules after package removal (0.0s)
PASS ScriptGenerator/Library mutations retain memory and disk when storage throws (0.0s)
PASS ScriptGenerator/Moved callback arguments retain their converted storage (0.0s)
PASS ScriptGenerator/Owned classes preserve borrowed context and RNG expiration (0.2s)
PASS ScriptGenerator/Every operation registration path shares the handle budget (0.1s)
PASS default generation repeatability rectangles and rejection [slow][map-generators]<plantations> (2.8s)
PASS ScriptGenerator/By value copies reserve native payloads before allocation (0.0s)
PASS ScriptGenerator/Nested buffer get fill and set reserve before copying (0.0s)
PASS ScriptGenerator/Nested buffer fills are accounted and returned rows own their data (0.0s)
PASS ScriptGenerator/Boolean buffer proxies become JavaScript booleans (0.0s)
PASS ScriptGenerator/All named stream consumers share creation limits and accounting (0.1s)
PASS MapGradientInvalidation/forbidden painting refreshes routes across passable resources (0.3s)
PASS MapGradientInvalidation/gradient stats record field lifetimes without changing fields (0.2s)
PASS ScriptGenerator/Native work and interpreter resource failures are sticky (3.4s)
PASS TurnEngineHarness/embedded terrain definitions travel with shared matches and verifier replays [network-sim][artifacts] (1.5s)
PASS ScriptGenerator/Optional JavaScript examples generate repeatable validated worlds [slow] (5.0s)
PASS MapGradientInvalidation/forbidden edits invalidate exactly the affected fields and preserve the rest (4.7s)
PASS TurnEngineHarness/two engines with AI seats under latency, jitter and loss agree at every tick and the record verifies [network-sim][artifacts] (3.0s)
PASS TurnEngineHarness/a client that executes a tampered order is repaired by an in-place reload and named by the verifier [network-sim][artifacts] (2.9s)
PASS TurnEngineHarness/a player who leaves stays listed as Left, and the one left standing learns why it won [network-sim] (0.5s)
PASS TurnEngineHarness/a player who quits leaves through the relay's quit order and the rest play on [network-sim] (1.5s)
PASS TurnEngineHarness/a save with closed seats: reteamed players keep their colonies, closed ones are cleared [network-sim] (1.7s)
PASS TurnEngineHarness/four engines survive a stall and a restart: the restarted client reloads and fast-forwards [network-sim][artifacts] (3.8s)
PASS TurnEngineHarness/orders a hostile relay forges for a seat are refused by the verifier, which still verifies [network-sim] (0.9s)
PASS TurnEngineHarness/a 10 s flag drag and a held key keep the input delay bounded, without a flood [network-sim][artifacts] (1.7s)
PASS TurnEngineHarness/closed seats are closed colonies: the last player standing wins everywhere and the record verifies [network-sim] (5.3s)
PASS TurnEngineHarness/voice packets do not hold up a player's orders [network-sim][artifacts] (2.5s)
PASS TurnEngineHarness/a pause limit is enforced identically everywhere and the record verifies [network-sim][artifacts] (1.0s)
PASS MapGeneratorRegistry/stress rejection and registration contracts [slow][map-generators] (12.9s)
PASS TurnEngineHarness/without a pause limit a pause lasts until someone resumes it [network-sim] (0.5s)
PASS MatchSetup/New match rules default to eight tick AI decisions (0.0s)
PASS MatchSetup/AI order delay is optional bounded integer data and round trips through headers (0.1s)
PASS MatchSetup/Building gradient delay is optional bounded integer data and round trips through headers (0.1s)
PASS MatchSetup/embedded catalogs carry dynamic experiments independently of installed definitions (0.2s)
PASS MatchSetup/catalog rules identity partitions ratings without changing the executable identity (0.0s)
PASS TurnEngineHarness/the committed match record verifies to the committed checksum trace [network-sim][golden] (0.6s)
PASS MatchSetup/SHA-256 matches the FIPS 180-4 test vectors (0.0s)
PASS MatchSetup/the vendored fixtures match the protocol package when it is present (0.0s)
PASS MatchSetup/every MatchSetup and SimVersion contract fixture is accepted or rejected at its stage (0.1s)
PASS MatchSetup/valid setups become the GameHeader every client and the verifier run (0.1s)
PASS MatchSetup/map-required terrain experiments propagate to setup and cannot be omitted (0.1s)
PASS MatchSetup/closed seats close their team and follow every player seat (0.1s)
PASS MatchSetup/unknown experiments, JavaScript AIs and unexpressible headers are refused (0.1s)
PASS MatchSetup/a map file is found and checked by the hash of its decompressed bytes (0.1s)
PASS JavaScriptCompatibility/JavaScript test environment scopes restore SDL and CRT readers (0.0s)
PASS TurnEngineHarness/one client claiming the game finished does not end it for a player who is reconnecting [network-sim] (1.0s)
PASS MatchSetup/the simulation data hash covers every data file the simulation loads (0.1s)
PASS JavaScriptCompatibility/Resource catalog simulation change rejects released replays and enforces acceptance boundaries (0.3s)
PASS JavaScriptCompatibility/JavaScript pass assigns valid identities to released saves (0.3s)
PASS JavaScriptCompatibility/JavaScript upgrade retains genuine master124 experiments and continuation (0.3s)
PASS JavaScriptIntegration/JavaScript observations visibility memory pagination and stale references (0.2s)
PASS JavaScriptCompatibility/JavaScript current saves reject truncated generation tables (0.5s)
PASS TurnEngineHarness/engines report network telemetry, and its output changes nothing they execute [network-sim][artifacts] (1.9s)
PASS JavaScriptIntegration/JavaScript scenario effects commit atomically and resume (0.2s)
PASS JavaScriptIntegration/JavaScript orders execute and survive save load (0.3s)
PASS JavaScriptIntegration/JavaScript custom library atomic updates and frozen source (0.0s)
PASS JavaScriptIntegration/JavaScript profile two spatial cache and queued save continuity (0.1s)
PASS JavaScriptIntegration/JavaScript AI state RNG and disabled state survive continuation (0.3s)
PASS JavaScriptIntegration/JavaScript large world observations respect work limits (0.3s)
PASS JavaScriptIntegration/JavaScript upgrade dispatch survives tracking record growth (0.1s)
PASS JavaScriptIntegration/JavaScript telemetry scene permissions and replay diagnostic roundtrip (0.1s)
PASS JavaScriptIntegration/JavaScript linked sources freeze once and removal retains external files (0.0s)
PASS JavaScriptIntegration/JavaScript native spatial answers exclude hidden terrain resources and enemies (0.1s)
PASS JavaScriptIntegration/JavaScript queued edits preserve fairness cancellation and stale targets (0.1s)
PASS JavaScriptIntegration/JavaScript placement reserves footprints and explains impossible constraints (0.1s)
PASS JavaScriptIntegration/JavaScript services reject unsavable transactions without changing state (0.1s)
PASS JavaScriptIntegration/JavaScript solid attraction placement keeps both radius and footprint reservation (0.2s)
PASS JavaScriptIntegration/Online AI installs verify bytes and preserve provenance on rollback (0.0s)
PASS JavaScriptIntegration/JavaScript farm areas: experiments query, farmArea order and tile field (0.2s)
PASS JavaScriptIntegration/JavaScript path fields use terrain travel costs and invalidate speed-only changes (0.1s)
PASS JavaScriptIntegration/JavaScript path diagonals retain the neutral strategic metric (0.1s)
PASS JavaScriptIntegration/JavaScript terrain registry exposes immutable property capabilities in both profiles (0.1s)
PASS JavaScriptIntegration/JavaScript material metadata and remembered multi-yield sources survive both stream formats (0.1s)
PASS JavaScriptIntegration/JavaScript legacy empty resource memories discard unused stock bytes (0.1s)
PASS JavaScriptIntegration/JavaScript custom building descriptors and orders follow services (0.2s)
PASS JavaScriptIntegration/JavaScript bound observations and order encoding remain isolated from live mutations (0.1s)
PASS JavaScriptIntegration/JavaScript managed controls use capabilities and independent bombing filter (0.2s)
PASS JavaScriptIntegration/JavaScript ordered observations keep the first view of each logical tick (0.1s)
PASS JavaScriptIntegration/JavaScript building clearing materials retain full fixed slots and legacy view (0.1s)
PASS JavaScriptIntegration/JavaScript projected boundary preserves history and spatial resources without ecology fields (0.2s)
PASS JavaScriptPresentation/JavaScript presentation publishes only changed localized messages (0.3s)
PASS JavaScriptPresentation/Leaving a JavaScript scenario resets choices before loading a legacy map (0.3s)
PASS JavaScriptPresentation/JavaScript load restores presentation without a callback or history entry (0.3s)
PASS JavaScriptPresentation/JavaScript leaves stored SGSL execution and victory conditions dormant (0.2s)
PASS JavaScriptPresentation/Failed prepared map replacements preserve active globals and language (0.1s)
PASS JavaScriptPresentation/JavaScript does not advance or display a retained SGSL timer (0.2s)
PASS JavaScriptPresentation/Prepared SGSL exchanges rebind stories in both runtimes (0.1s)
PASS JavaScriptRealistic/JavaScript realistic economic planner and scenario survey (0.2s)
PASS JavaScriptSession/JavaScript deterministic scenario failure ends the engine session (0.3s)
PASS JavaScriptSession/JavaScript fatal failure tears down a live engine session (0.3s)
PASS JavaScriptSession/JavaScript initialization errors reach headless and UI load diagnostics (0.5s)
PASS JavaScriptCompatibility/JavaScript current text saves validate unused generation counters (3.8s)
PASS JavaScriptSimulation/JavaScript original fixture executes, resumes and replays 256 ticks (2.5s)
PASS JavaScriptSimulation/JavaScript conversion boundary resumes globals RNG references and complete tick records (2.2s)
PASS TeamStatsSave/every live worker-tick lands in exactly one labour bucket (0.1s)
PASS TeamStatsSave/places: own buildings first, then enemies; allies, flags and new buildings do not count (0.1s)
PASS TeamStatsSave/place lookup agrees with a brute-force scan of every building tile (0.1s)
PASS TeamStatsSave/combat deaths are attributed by place and assignment (0.1s)
PASS TeamStatsSave/defence snapshot counts warriors by place and enemy warriors at home (0.1s)
PASS TeamStatsSave/labour, combat and defence measurements survive a save [save-format] (0.3s)
PASS TeamStatsSave/older saves load with labour coverage starting at the loaded tick [save-format] (0.2s)
PASS TeamStatsSave/clearing telemetry counts operations once by configured primary material (0.2s)
PASS TeamStatsSave/legacy version 88 fixture replays the golden trace [save-format][golden] (0.1s)
PASS TeamStatsSave/legacy version 84 fixture replays the golden trace [save-format][golden] (0.1s)
PASS JavaScriptSimulation/JavaScript profile two actions fields telemetry and construction survive save resume and worker counts (2.8s)
PASS JavaScriptLifecycle/Scripting identity survives conversion and save load (0.2s)
PASS JavaScriptLifecycle/Scripting level reset preserves generation counters (0.1s)
PASS JavaScriptLifecycle/Scripting conversion allocates fresh identity in a reused destination slot (0.2s)
PASS JavaScriptLifecycle/Scripting editor deletion and reuse never revive a reference (0.2s)
PASS JavaScriptLifecycle/Scripting building completion upgrade and repair preserve identity (0.4s)
PASS JavaScriptLifecycle/Scripting conversion back never resurrects the original reference (0.2s)
PASS JavaScriptLifecycle/Scripting normal death invalidates lookup before cleanup and slot reuse (0.2s)
PASS TeamStatsSave/Compact telemetry retains every sample across chunk boundaries (1.1s)
PASS TeamStatsSave/AI telemetry continues across a save [save-format] (2.9s)
PASS JavaScriptCompatibility/Compact identity tables preserve unused slots and reject invalid entries (0.4s)
PASS TeamStatsSave/Compact team histories preserve samples across two batch boundaries (0.4s)
PASS TeamStatsSave/Sparse variant snapshot reset clears vanished types without clearing history (0.4s)
PASS TeamStatsSave/Delayed observation telemetry saves remain readable (0.1s)
PASS TeamStatsSave/Sparse variant reset accepts refreshed diagnostics and restored snapshots (0.9s)
PASS TurnEngineHarness/a client sending hostile orders of every type crashes no one and is refused identically everywhere [network-sim][fuzz][artifacts] (15.8s)
PASS EnteringUnitSave/the retained fixture loads [save-format] (0.1s)
PASS UnitContinuation/hazard routes and idle escape preserve per-tick state across save load (0.5s)
PASS UnitContinuation/five checkpoints replay 256 ticks with matching state and RNG (0.8s)
PASS LegacyRoundTripSave/a format-143 save with live round-trip fields plays on greedily [golden][save-format] (1.4s)
PASS UntrustedFiles/voice payload bounds preserve recorder overshoot and reject excessive work (0.0s)
PASS UntrustedFiles/every native AI accepts its initial saved state (0.2s)
PASS UntrustedFiles/AI tags collection counts and recursive predicates are bounded (0.1s)
PASS UntrustedFiles/untrusted names cannot escape the map output directory (0.0s)
PASS UntrustedFiles/network state rejects invalid slots before queue indexing (0.0s)
PASS UntrustedFiles/legacy create order reads only its twenty byte payload (0.0s)
PASS UntrustedFiles/terrain loaders reject invalid resources occupants and sector dimensions [save-format] (0.1s)
PASS UntrustedFiles/compressed file size is checked before allocation (0.0s)
PASS JavaScriptSimulation/JavaScript economic planners and map survey execute, resume and replay 256 ticks (9.6s)
PASS UntrustedFiles/entity loaders reject malicious indices before using them [save-format] (0.1s)
PASS UntrustedFiles/legacy saved instruction pointers must identify statement boundaries [save-format] (0.1s)
PASS UntrustedFiles/complete saved game rejects poisoned unit state and retains a reproducible fixture [save-format][artifacts] (0.3s)
PASS UntrustedFiles/map scripts cannot load local files (0.1s)
PASS UntrustedFiles/invalid replay order references are ignored before indexing state (0.1s)
PASS UntrustedFiles/Cabino inn history accepts append positions and rejects invalid ring bounds (0.1s)
PASS TeamStatsSave/32 sampling phases; ring wrap; repeated loads; text streams and corruption controls [save-format] (7.1s)
PASS EnteringUnitSave/generated fixtures round-trip through binary saves [save-format] (3.8s)
PASS SavegameSafety/autosave defaults; atomic and background writes; truncated and malformed loads; imports and campaign progress [save-format][writes-preferences] (12.6s)
PASS MapGeneratorDefaults/Portage Lakes contracts [slow] (70.8s)
PASS MapGeneratorDefaults/Drowned Forest contracts [slow] (89.7s)
PASS MapGeneratorRegistry/catalog generation contracts [slow][map-generators] (287.1s)

285 passed, 0 failed, 13 skipped (812.1s of test time)
[run_tests] JUnit report: artifacts/generator-accepted-engine.xml (298 cases)
