FAIL ScriptGenerator/Script control mutations cannot bypass native domain contracts (0.1s)
FAIL ScriptGenerator/Fertility binding reserves native work and memory before rebuilding (0.1s)
FAIL CustomGameSetup/preferences; landscapes; AI catalogue; snapshot round trip; engine; reload and session replay [slow][writes-preferences] (0.4s)
FAIL CustomGameSetup/custom AI library identities and released preferences round trip (0.4s)

===== FAIL CustomGameSetup/custom AI library identities and released preferences round trip =====
GLOB2_TEST_BUILD compiler=15.2.0 platform=Linux pointer_bits=64
GLOB2_TEST_PROVENANCE {"compiler": "g++", "dirty": false, "flags": {"CCFLAGS": "", "CPPDEFINES": "GLOB2_OFFICIAL_INSTANCE_ORIGIN \\\"https://app.glob2online.com\\\" GLOB2_OFFICIAL_INSTANCE_FORMER_ORIGINS \\\"https://glob2online.com\\\" HAVE_CONFIG_H SDL_MAIN_HANDLED", "CXXFLAGS": "-std=gnu++20 -Wall -fPIC -O3 -s", "LINKFLAGS": "-Wl,-rpath,$ORIGIN/../lib/glob2 -Wall -O3 -fwhole-program -Wl,-rpath,/tmp/glob2-sdl3/prefix/lib -Wl,--enable-new-dtags"}, "revision": "564031eb9cbb568d266d244989dfa34db7e3c59e", "sourceStatus": [], "sourceTreeSha256": "7444b15493f3a6364859114eb96f961e5886d563b16f2c3559d0fadfe59d190f"}

[failure] custom AI library identities and released preferences round trip: false
src/game/screens/CustomGameSetupHarness.cpp:257:
REQUIRE( fromOld.decode(old) ) is NOT correct!
  values: REQUIRE( false )


===== FAIL CustomGameSetup/preferences; landscapes; AI catalogue; snapshot round trip; engine; reload and session replay [slow][writes-preferences] =====
GLOB2_TEST_BUILD compiler=15.2.0 platform=Linux pointer_bits=64
GLOB2_TEST_PROVENANCE {"compiler": "g++", "dirty": false, "flags": {"CCFLAGS": "", "CPPDEFINES": "GLOB2_OFFICIAL_INSTANCE_ORIGIN \\\"https://app.glob2online.com\\\" GLOB2_OFFICIAL_INSTANCE_FORMER_ORIGINS \\\"https://glob2online.com\\\" HAVE_CONFIG_H SDL_MAIN_HANDLED", "CXXFLAGS": "-std=gnu++20 -Wall -fPIC -O3 -s", "LINKFLAGS": "-Wl,-rpath,$ORIGIN/../lib/glob2 -Wall -O3 -fwhole-program -Wl,-rpath,/tmp/glob2-sdl3/prefix/lib -Wl,--enable-new-dtags"}, "revision": "564031eb9cbb568d266d244989dfa34db7e3c59e", "sourceStatus": [], "sourceTreeSha256": "7444b15493f3a6364859114eb96f961e5886d563b16f2c3559d0fadfe59d190f"}

[failure] preferences; landscapes; AI catalogue; snapshot round trip; engine; reload and session replay [slow][writes-preferences]: false
src/game/screens/CustomGameSetupHarness.cpp:257:
REQUIRE( fromOld.decode(old) ) is NOT correct!
  values: REQUIRE( false )


===== FAIL ScriptGenerator/Fertility binding reserves native work and memory before rebuilding =====
GLOB2_TEST_BUILD compiler=15.2.0 platform=Linux pointer_bits=64
GLOB2_TEST_PROVENANCE {"compiler": "g++", "dirty": false, "flags": {"CCFLAGS": "", "CPPDEFINES": "GLOB2_OFFICIAL_INSTANCE_ORIGIN \\\"https://app.glob2online.com\\\" GLOB2_OFFICIAL_INSTANCE_FORMER_ORIGINS \\\"https://glob2online.com\\\" HAVE_CONFIG_H SDL_MAIN_HANDLED", "CXXFLAGS": "-std=gnu++20 -Wall -fPIC -O3 -s", "LINKFLAGS": "-Wl,-rpath,$ORIGIN/../lib/glob2 -Wall -O3 -fwhole-program -Wl,-rpath,/tmp/glob2-sdl3/prefix/lib -Wl,--enable-new-dtags"}, "revision": "564031eb9cbb568d266d244989dfa34db7e3c59e", "sourceStatus": [], "sourceTreeSha256": "7444b15493f3a6364859114eb96f961e5886d563b16f2c3559d0fadfe59d190f"}

[failure] Fertility binding reserves native work and memory before rebuilding: 18446744073709551615 != 18446744073709551615
src/map/generator/javascript/FertilityBindingTest.cpp:66:
CHECK( work.find("budget") != std::string::npos ) is NOT correct!
  values: CHECK( 18446744073709551615 != 18446744073709551615 )
  logged: test:fertility [generate]: interrupted
[failure] Fertility binding reserves native work and memory before rebuilding: 18446744073709551615 != 18446744073709551615
src/map/generator/javascript/FertilityBindingTest.cpp:72:
CHECK( memory.find("memory budget") != std::string::npos ) is NOT correct!
  values: CHECK( 18446744073709551615 != 18446744073709551615 )
  logged: test:fertility [generate]: interrupted
          test:fertility [generate]: Generator resource budget exhausted


===== FAIL ScriptGenerator/Script control mutations cannot bypass native domain contracts =====
GLOB2_TEST_BUILD compiler=15.2.0 platform=Linux pointer_bits=64
GLOB2_TEST_PROVENANCE {"compiler": "g++", "dirty": false, "flags": {"CCFLAGS": "", "CPPDEFINES": "GLOB2_OFFICIAL_INSTANCE_ORIGIN \\\"https://app.glob2online.com\\\" GLOB2_OFFICIAL_INSTANCE_FORMER_ORIGINS \\\"https://glob2online.com\\\" HAVE_CONFIG_H SDL_MAIN_HANDLED", "CXXFLAGS": "-std=gnu++20 -Wall -fPIC -O3 -s", "LINKFLAGS": "-Wl,-rpath,$ORIGIN/../lib/glob2 -Wall -O3 -fwhole-program -Wl,-rpath,/tmp/glob2-sdl3/prefix/lib -Wl,--enable-new-dtags"}, "revision": "564031eb9cbb568d266d244989dfa34db7e3c59e", "sourceStatus": [], "sourceTreeSha256": "7444b15493f3a6364859114eb96f961e5886d563b16f2c3559d0fadfe59d190f"}

[failure] Script control mutations cannot bypass native domain contracts: 18446744073709551615 != 18446744073709551615
src/map/generator/javascript/FertilityBindingTest.cpp:104:
CHECK( error.find("control") != std::string::npos ) is NOT correct!
  values: CHECK( 18446744073709551615 != 18446744073709551615 )
  logged: test:fertility [generate]: TypeError: not a function
    at generate (generator.js:1:99)
[failure] Script control mutations cannot bypass native domain contracts: 18446744073709551615 != 18446744073709551615
src/map/generator/javascript/FertilityBindingTest.cpp:104:
CHECK( error.find("control") != std::string::npos ) is NOT correct!
  values: CHECK( 18446744073709551615 != 18446744073709551615 )
  logged: test:fertility [generate]: TypeError: not a function
    at generate (generator.js:1:99)
[failure] Script control mutations cannot bypass native domain contracts: 18446744073709551615 != 18446744073709551615
src/map/generator/javascript/FertilityBindingTest.cpp:104:
CHECK( error.find("control") != std::string::npos ) is NOT correct!
  values: CHECK( 18446744073709551615 != 18446744073709551615 )
  logged: test:fertility [generate]: TypeError: not a function
    at generate (generator.js:1:99)
[failure] Script control mutations cannot bypass native domain contracts: 18446744073709551615 != 18446744073709551615
src/map/generator/javascript/FertilityBindingTest.cpp:104:
CHECK( error.find("control") != std::string::npos ) is NOT correct!
  values: CHECK( 18446744073709551615 != 18446744073709551615 )
  logged: test:fertility [generate]: TypeError: not a function
    at generate (generator.js:1:99)
[failure] Script control mutations cannot bypass native domain contracts: 18446744073709551615 != 18446744073709551615
src/map/generator/javascript/FertilityBindingTest.cpp:104:
CHECK( error.find("control") != std::string::npos ) is NOT correct!
  values: CHECK( 18446744073709551615 != 18446744073709551615 )
  logged: test:fertility [generate]: TypeError: not a function
    at generate (generator.js:1:99)
[failure] Script control mutations cannot bypass native domain contracts: 18446744073709551615 != 18446744073709551615
src/map/generator/javascript/FertilityBindingTest.cpp:112:
CHECK( shift.find("0..30") != std::string::npos ) is NOT correct!
  values: CHECK( 18446744073709551615 != 18446744073709551615 )
  logged: test:fertility [generate]: TypeError: not a function
    at generate (generator.js:1:99)


0 passed, 4 failed, 0 skipped (1.0s of test time)
[run_tests] JUnit report: artifacts/generator-review-failures.xml (4 cases)
