scons: Reading SConscript files ...
Checking whether the C compiler works... (cached) yes
Checking whether the C++ compiler works... (cached) yes
Checking for C library SDL3... (cached) yes
Checking for C library SDL3_ttf... (cached) yes
Checking for C library SDL3_image... (cached) yes
Checking for C library SDL3_net... (cached) yes
Checking for C library speex... (cached) yes
Checking for C++ header file speex/speex.h... (cached) yes
Checking for C library vorbisfile... (cached) yes
Checking for C library vorbis... (cached) yes
Checking for C library ogg... (cached) yes
Checking for C++ header file zlib.h... (cached) yes
Checking for C library z... (cached) yes
Checking for C++ header file regex.h... (cached) yes
Checking for C++ header file openssl/ssl.h... (cached) yes
Checking for C library ssl... (cached) yes
Checking for C library crypto... (cached) yes
Checking for C++ header file boost/beast/websocket.hpp... (cached) yes
Checking for C++ header file boost/asio/ssl.hpp... (cached) yes
Using Apple's OpenGL framework
Using Apple's GLUT framework
Checking for C library epoxy... (cached) yes
Checking for C++ header file epoxy/gl.h... (cached) yes
Checking for C library fribidi... (cached) yes
Checking for C++ header file fribidi/fribidi.h... (cached) yes
Checking for C library portaudio... (cached) yes
Checking for C++ header file portaudio.h... (cached) yes
         no portaudio
         no portaudio - although portaudio was found to be installed, you have 
         no portaudio - to explicitly activate it using: 
         no portaudio - $ scons --portaudio=true
         no portaudio - this may not work properly if the version of portaudio
         no portaudio - is wrong. portaudio is used to allow communicating over VOIP
         no portaudio
         no portaudio - if you know of a solution to detect portaudio version
         no portaudio - let us know at:
         no portaudio - https://savannah.nongnu.org/bugs/index.php?24668
         no portaudio
scons: done reading SConscript files.
scons: Building targets ...
g++ -o build/native-tests/test/program-tools_MenuColonyHarness.o -c -g -std=gnu++20 -Wall -fPIC -O3 -DGLOB2_OFFICIAL_INSTANCE_ORIGIN=\"https://app.glob2online.com\" -DGLOB2_OFFICIAL_INSTANCE_FORMER_ORIGINS=\"https://glob2online.com\" -DHAVE_CONFIG_H -DGL_SILENCE_DEPRECATION -DSDL_MAIN_HANDLED -Ibuild/native-tests/recording/prefix/include -I/Users/bradley/.cache/glob2-sdl3/prefix/include -Ibuild/native-tests/include -I/opt/homebrew/include -Ilibgag/include -I. -Ilibusl/src -Isrc -Isrc/ai -Isrc/hud -Isrc/app -Isrc/game/player -Isrc/team -Isrc/common -Isrc/map -Isrc/game -Isrc/campaign -Isrc/campaign/screens -Isrc/replay -Isrc/game/screens -Isrc/render/clouds -Isrc/ui/screens -Isrc/game/rules -Isrc/game/diagnostics -Isrc/map/editor/screens -Isrc/engine -Isrc/ui -Isrc/map/preview -Isrc/app/cli -Isrc/net/lan/screens -Isrc/online -Isrc/map/tools -Isrc/scripting/map -Isrc/render/overlay -Isrc/audio -Isrc/online/screens -Isrc/game/orders -Isrc/resource -Isrc/ui/settings -Isrc/team/stats -Isrc/render/torus -Isrc/ai/simple -Isrc/ai/castor -Isrc/ai/javascript -Isrc/ai/nicowar -Isrc/ai/numbi -Isrc/ai/telemetry -Isrc/ai/warrush -Isrc/ai/maxima -Isrc/building -Isrc/building/types -Isrc/unit/types -Isrc/building/hud -Isrc/net -Isrc/hud/draw -Isrc/hud/input -Isrc/hud/touch -Isrc/net/turn -Isrc/unit -Isrc/map/editor -Isrc/map/generator -Isrc/map/generator/compatibility -Isrc/map/generator/core -Isrc/map/generator/generators -Isrc/map/generator/shared -Isrc/map/generator/shared/legacy -Isrc/map/gradient -Isrc/map/io -Isrc/net/lan -Isrc/net/message -Isrc/scripting/sgsl -Ithird_party/nlohmann-json/include -Itest -Itest/support -Ilibgag/src -Ithird_party/quickjs-ng tools/MenuColonyHarness.cpp
In file included from tools/MenuColonyHarness.cpp:3:
In file included from src/app/GlobalContainer.h:12:
In file included from src/app/Settings.h:11:
In file included from src/game/player/BasePlayer.h:9:
In file included from src/team/Team.h:16:
In file included from src/game/GameEvent.h:9:
In file included from libgag/include/GraphicContext.h:6:
libgag/include/SDLGraphicContext.h:520:16: warning: 'setRes' overrides a member function but is not marked 'override' [-Winconsistent-missing-override]
  520 |                 virtual void setRes(int w, int h) { setRes(w, h, optionFlags); }
      |                              ^
libgag/include/SDLGraphicContext.h:228:16: note: overridden virtual function is here
  228 |                 virtual void setRes(int w, int h);
      |                              ^
libgag/include/SDLGraphicContext.h:596:16: warning: 'setClipRect' overrides a member function but is not marked 'override' [-Winconsistent-missing-override]
  596 |                 virtual void setClipRect(int x, int y, int w, int h);
      |                              ^
libgag/include/SDLGraphicContext.h:230:16: note: overridden virtual function is here
  230 |                 virtual void setClipRect(int x, int y, int w, int h);
      |                              ^
libgag/include/SDLGraphicContext.h:597:16: warning: 'setClipRect' overrides a member function but is not marked 'override' [-Winconsistent-missing-override]
  597 |                 virtual void setClipRect(void);
      |                              ^
libgag/include/SDLGraphicContext.h:231:16: note: overridden virtual function is here
  231 |                 virtual void setClipRect(void);
      |                              ^
libgag/include/SDLGraphicContext.h:602:22: warning: 'nextFrame' overrides a member function but is not marked 'override' [-Winconsistent-missing-override]
  602 |         virtual void nextFrame(void);
      |                      ^
libgag/include/SDLGraphicContext.h:232:16: note: overridden virtual function is here
  232 |                 virtual void nextFrame(void) { flushTextPictures(); }
      |                              ^
libgag/include/SDLGraphicContext.h:604:16: warning: 'loadImage' overrides a member function but is not marked 'override' [-Winconsistent-missing-override]
  604 |                 virtual bool loadImage(const std::string name) { return false; }
      |                              ^
libgag/include/SDLGraphicContext.h:233:16: note: overridden virtual function is here
  233 |                 virtual bool loadImage(const std::string name);
      |                              ^
libgag/include/SDLGraphicContext.h:608:16: warning: 'shiftHSV' overrides a member function but is not marked 'override' [-Winconsistent-missing-override]
  608 |                 virtual void shiftHSV(float hue, float sat, float lum) { }
      |                              ^
libgag/include/SDLGraphicContext.h:234:16: note: overridden virtual function is here
  234 |                 virtual void shiftHSV(float hue, float sat, float lum);
      |                              ^
libgag/include/SDLGraphicContext.h:611:16: warning: 'canDrawStretchedSprite' overrides a member function but is not marked 'override' [-Winconsistent-missing-override]
  611 |                 virtual bool canDrawStretchedSprite(void) { return hasPortableRenderer() || (optionFlags & USEGPU) != 0; }
      |                              ^
libgag/include/SDLGraphicContext.h:252:16: note: overridden virtual function is here
  252 |                 virtual bool canDrawStretchedSprite(void) { return false; }
      |                              ^
libgag/include/SDLGraphicContext.h:613:16: warning: 'drawPixel' overrides a member function but is not marked 'override' [-Winconsistent-missing-override]
  613 |                 virtual void drawPixel(int x, int y, const Color& color);
      |                              ^
libgag/include/SDLGraphicContext.h:255:16: note: overridden virtual function is here
  255 |                 virtual void drawPixel(int x, int y, const Color& color);
      |                              ^
libgag/include/SDLGraphicContext.h:614:16: warning: 'drawPixel' overrides a member function but is not marked 'override' [-Winconsistent-missing-override]
  614 |                 virtual void drawPixel(float x, float y, const Color& color);
      |                              ^
libgag/include/SDLGraphicContext.h:256:16: note: overridden virtual function is here
  256 |                 virtual void drawPixel(float x, float y, const Color& color);
      |                              ^
libgag/include/SDLGraphicContext.h:616:16: warning: 'drawRect' overrides a member function but is not marked 'override' [-Winconsistent-missing-override]
  616 |                 virtual void drawRect(int x, int y, int w, int h, const Color& color);
      |                              ^
libgag/include/SDLGraphicContext.h:258:16: note: overridden virtual function is here
  258 |                 virtual void drawRect(int x, int y, int w, int h, const Color& color);
      |                              ^
libgag/include/SDLGraphicContext.h:617:16: warning: 'drawRect' overrides a member function but is not marked 'override' [-Winconsistent-missing-override]
  617 |                 virtual void drawRect(float x, float y, float w, float h, const Color& color);
      |                              ^
libgag/include/SDLGraphicContext.h:259:16: note: overridden virtual function is here
  259 |                 virtual void drawRect(float x, float y, float w, float h, const Color& color);
      |                              ^
libgag/include/SDLGraphicContext.h:619:16: warning: 'drawFilledRect' overrides a member function but is not marked 'override' [-Winconsistent-missing-override]
  619 |                 virtual void drawFilledRect(int x, int y, int w, int h, const Color& color);
      |                              ^
libgag/include/SDLGraphicContext.h:261:16: note: overridden virtual function is here
  261 |                 virtual void drawFilledRect(int x, int y, int w, int h, const Color& color);
      |                              ^
libgag/include/SDLGraphicContext.h:620:16: warning: 'drawFilledRect' overrides a member function but is not marked 'override' [-Winconsistent-missing-override]
  620 |                 virtual void drawFilledRect(float x, float y, float w, float h, const Color& color);
      |                              ^
libgag/include/SDLGraphicContext.h:262:16: note: overridden virtual function is here
  262 |                 virtual void drawFilledRect(float x, float y, float w, float h, const Color& color);
      |                              ^
libgag/include/SDLGraphicContext.h:622:16: warning: 'drawLine' overrides a member function but is not marked 'override' [-Winconsistent-missing-override]
  622 |                 virtual void drawLine(int x1, int y1, int x2, int y2, const Color& color);
      |                              ^
libgag/include/SDLGraphicContext.h:264:16: note: overridden virtual function is here
  264 |                 virtual void drawLine(int x1, int y1, int x2, int y2, const Color& color);
      |                              ^
libgag/include/SDLGraphicContext.h:623:16: warning: 'drawLine' overrides a member function but is not marked 'override' [-Winconsistent-missing-override]
  623 |                 virtual void drawLine(float x1, float y1, float x2, float y2, const Color& color);
      |                              ^
libgag/include/SDLGraphicContext.h:265:16: note: overridden virtual function is here
  265 |                 virtual void drawLine(float x1, float y1, float x2, float y2, const Color& color);
      |                              ^
libgag/include/SDLGraphicContext.h:625:16: warning: 'drawCircle' overrides a member function but is not marked 'override' [-Winconsistent-missing-override]
  625 |                 virtual void drawCircle(int x, int y, int radius, const Color& color);
      |                              ^
libgag/include/SDLGraphicContext.h:267:16: note: overridden virtual function is here
  267 |                 virtual void drawCircle(int x, int y, int radius, const Color& color);
      |                              ^
libgag/include/SDLGraphicContext.h:626:16: warning: 'drawCircle' overrides a member function but is not marked 'override' [-Winconsistent-missing-override]
  626 |                 virtual void drawCircle(float x, float y, float radius, const Color& color);
      |                              ^
libgag/include/SDLGraphicContext.h:268:16: note: overridden virtual function is here
  268 |                 virtual void drawCircle(float x, float y, float radius, const Color& color);
      |                              ^
libgag/include/SDLGraphicContext.h:628:16: warning: 'drawSurface' overrides a member function but is not marked 'override' [-Winconsistent-missing-override]
  628 |                 virtual void drawSurface(int x, int y, DrawableSurface *surface, Uint8 alpha = Color::ALPHA_OPAQUE);
      |                              ^
libgag/include/SDLGraphicContext.h:270:16: note: overridden virtual function is here
  270 |                 virtual void drawSurface(int x, int y, DrawableSurface *surface, Uint8 alpha = Color::ALPHA_OPAQUE);
      |                              ^
libgag/include/SDLGraphicContext.h:629:16: warning: 'drawSurface' overrides a member function but is not marked 'override' [-Winconsistent-missing-override]
  629 |                 virtual void drawSurface(float x, float y, DrawableSurface *surface, Uint8 alpha = Color::ALPHA_OPAQUE);
      |                              ^
libgag/include/SDLGraphicContext.h:271:16: note: overridden virtual function is here
  271 |                 virtual void drawSurface(float x, float y, DrawableSurface *surface, Uint8 alpha = Color::ALPHA_OPAQUE);
      |                              ^
libgag/include/SDLGraphicContext.h:631:16: warning: 'drawSurface' overrides a member function but is not marked 'override' [-Winconsistent-missing-override]
  631 |                 virtual void drawSurface(int x, int y, int w, int h, DrawableSurface *surface, Uint8 alpha = Color::ALPHA_OPAQUE);
      |                              ^
libgag/include/SDLGraphicContext.h:273:16: note: overridden virtual function is here
  273 |                 virtual void drawSurface(int x, int y, int w, int h, DrawableSurface *surface, Uint8 alpha = Color::ALPHA_OPAQUE);
      |                              ^
libgag/include/SDLGraphicContext.h:632:16: warning: 'drawSurface' overrides a member function but is not marked 'override' [-Winconsistent-missing-override]
  632 |                 virtual void drawSurface(float x, float y, float w, float h, DrawableSurface *surface, Uint8 alpha = Color::ALPHA_OPAQUE);
      |                              ^
libgag/include/SDLGraphicContext.h:274:16: note: overridden virtual function is here
  274 |                 virtual void drawSurface(float x, float y, float w, float h, DrawableSurface *surface, Uint8 alpha = Color::ALPHA_OPAQUE);
      |                              ^
libgag/include/SDLGraphicContext.h:634:16: warning: 'drawSurface' overrides a member function but is not marked 'override' [-Winconsistent-missing-override]
  634 |                 virtual void drawSurface(int x, int y, DrawableSurface *surface, int sx, int sy, int sw, int sh, Uint8 alpha = Color::ALPHA_OPAQUE);
      |                              ^
libgag/include/SDLGraphicContext.h:276:16: note: overridden virtual function is here
  276 |                 virtual void drawSurface(int x, int y, DrawableSurface *surface, int sx, int sy, int sw, int sh, Uint8 alpha = Color::ALPHA_OPAQUE);
      |                              ^
libgag/include/SDLGraphicContext.h:635:16: warning: 'drawSurface' overrides a member function but is not marked 'override' [-Winconsistent-missing-override]
  635 |                 virtual void drawSurface(float x, float y, DrawableSurface *surface, int sx, int sy, int sw, int sh, Uint8 alpha = Color::ALPHA_OPAQUE);
      |                              ^
libgag/include/SDLGraphicContext.h:277:16: note: overridden virtual function is here
  277 |                 virtual void drawSurface(float x, float y, DrawableSurface *surface, int sx, int sy, int sw, int sh, Uint8 alpha = Color::ALPHA_OPAQUE);
      |                              ^
libgag/include/SDLGraphicContext.h:637:16: warning: 'drawSurface' overrides a member function but is not marked 'override' [-Winconsistent-missing-override]
  637 |                 virtual void drawSurface(int x, int y, int w, int h, DrawableSurface *surface, int sx, int sy, int sw, int sh,  Uint8 alpha = Color::ALPHA_OPAQUE);
      |                              ^
libgag/include/SDLGraphicContext.h:279:16: note: overridden virtual function is here
  279 |                 virtual void drawSurface(int x, int y, int w, int h, DrawableSurface *surface, int sx, int sy, int sw, int sh,  Uint8 alpha = Color::ALPHA_OPAQUE);
      |                              ^
libgag/include/SDLGraphicContext.h:638:16: warning: 'drawSurface' overrides a member function but is not marked 'override' [-Winconsistent-missing-override]
  638 |                 virtual void drawSurface(float x, float y, float w, float h, DrawableSurface *surface, int sx, int sy, int sw, int sh, Uint8 alpha = Color::ALPHA_OPAQUE);
      |                              ^
libgag/include/SDLGraphicContext.h:280:16: note: overridden virtual function is here
  280 |                 virtual void drawSurface(float x, float y, float w, float h, DrawableSurface *surface, int sx, int sy, int sw, int sh, Uint8 alpha = Color::ALPHA_OPAQUE);
      |                              ^
libgag/include/SDLGraphicContext.h:664:16: warning: 'drawAlphaMap' overrides a member function but is not marked 'override' [-Winconsistent-missing-override]
  664 |                 virtual void drawAlphaMap(const std::valarray<float> &map, int mapW, int mapH, int x, int y, int cellW, int cellH, const Color &color);
      |                              ^
libgag/include/SDLGraphicContext.h:293:16: note: overridden virtual function is here
  293 |                 virtual void drawAlphaMap(const std::valarray<float> &map, int mapW, int mapH, int x, int y, int cellW, int cellH, const Color &color);
      |                              ^
libgag/include/SDLGraphicContext.h:665:16: warning: 'drawAlphaMap' overrides a member function but is not marked 'override' [-Winconsistent-missing-override]
  665 |                 virtual void drawAlphaMap(const std::valarray<unsigned char> &map, int mapW, int mapH, int x, int y, int cellW, int cellH, const Color &color);
      |                              ^
libgag/include/SDLGraphicContext.h:294:16: note: overridden virtual function is here
  294 |                 virtual void drawAlphaMap(const std::valarray<unsigned char> &map, int mapW, int mapH, int x, int y, int cellW, int cellH, const Color &color);
      |                              ^
libgag/include/SDLGraphicContext.h:668:16: warning: 'drawPixel' overrides a member function but is not marked 'override' [-Winconsistent-missing-override]
  668 |                 virtual void drawPixel(int x, int y, Uint8 r, Uint8 g, Uint8 b, Uint8 a = Color::ALPHA_OPAQUE);
      |                              ^
libgag/include/SDLGraphicContext.h:297:16: note: overridden virtual function is here
  297 |                 virtual void drawPixel(int x, int y, Uint8 r, Uint8 g, Uint8 b, Uint8 a = Color::ALPHA_OPAQUE);
      |                              ^
libgag/include/SDLGraphicContext.h:669:16: warning: 'drawRect' overrides a member function but is not marked 'override' [-Winconsistent-missing-override]
  669 |                 virtual void drawRect(int x, int y, int w, int h, Uint8 r, Uint8 g, Uint8 b, Uint8 a = Color::ALPHA_OPAQUE);
      |                              ^
libgag/include/SDLGraphicContext.h:298:16: note: overridden virtual function is here
  298 |                 virtual void drawRect(int x, int y, int w, int h, Uint8 r, Uint8 g, Uint8 b, Uint8 a = Color::ALPHA_OPAQUE);
      |                              ^
libgag/include/SDLGraphicContext.h:670:16: warning: 'drawFilledRect' overrides a member function but is not marked 'override' [-Winconsistent-missing-override]
  670 |                 virtual void drawFilledRect(int x, int y, int w, int h, Uint8 r, Uint8 g, Uint8 b, Uint8 a = Color::ALPHA_OPAQUE);
      |                              ^
libgag/include/SDLGraphicContext.h:299:16: note: overridden virtual function is here
  299 |                 virtual void drawFilledRect(int x, int y, int w, int h, Uint8 r, Uint8 g, Uint8 b, Uint8 a = Color::ALPHA_OPAQUE);
      |                              ^
libgag/include/SDLGraphicContext.h:671:16: warning: 'drawVertLine' overrides a member function but is not marked 'override' [-Winconsistent-missing-override]
  671 |                 virtual void drawVertLine(int x, int y, int l, Uint8 r, Uint8 g, Uint8 b, Uint8 a = Color::ALPHA_OPAQUE);
      |                              ^
libgag/include/SDLGraphicContext.h:300:16: note: overridden virtual function is here
  300 |                 virtual void drawVertLine(int x, int y, int l, Uint8 r, Uint8 g, Uint8 b, Uint8 a = Color::ALPHA_OPAQUE);
      |                              ^
libgag/include/SDLGraphicContext.h:672:16: warning: 'drawVertLine' overrides a member function but is not marked 'override' [-Winconsistent-missing-override]
  672 |                 virtual void drawVertLine(int x, int y, int l, const Color& color);
      |                              ^
libgag/include/SDLGraphicContext.h:301:16: note: overridden virtual function is here
  301 |                 virtual void drawVertLine(int x, int y, int l, const Color& color);
      |                              ^
libgag/include/SDLGraphicContext.h:673:16: warning: 'drawHorzLine' overrides a member function but is not marked 'override' [-Winconsistent-missing-override]
  673 |                 virtual void drawHorzLine(int x, int y, int l, Uint8 r, Uint8 g, Uint8 b, Uint8 a = Color::ALPHA_OPAQUE);
      |                              ^
libgag/include/SDLGraphicContext.h:302:16: note: overridden virtual function is here
  302 |                 virtual void drawHorzLine(int x, int y, int l, Uint8 r, Uint8 g, Uint8 b, Uint8 a = Color::ALPHA_OPAQUE);
      |                              ^
libgag/include/SDLGraphicContext.h:674:16: warning: 'drawHorzLine' overrides a member function but is not marked 'override' [-Winconsistent-missing-override]
  674 |                 virtual void drawHorzLine(int x, int y, int l, const Color& color);
      |                              ^
libgag/include/SDLGraphicContext.h:303:16: note: overridden virtual function is here
  303 |                 virtual void drawHorzLine(int x, int y, int l, const Color& color);
      |                              ^
libgag/include/SDLGraphicContext.h:675:16: warning: 'drawLine' overrides a member function but is not marked 'override' [-Winconsistent-missing-override]
  675 |                 virtual void drawLine(int x1, int y1, int x2, int y2, Uint8 r, Uint8 g, Uint8 b, Uint8 a = Color::ALPHA_OPAQUE);
      |                              ^
libgag/include/SDLGraphicContext.h:304:16: note: overridden virtual function is here
  304 |                 virtual void drawLine(int x1, int y1, int x2, int y2, Uint8 r, Uint8 g, Uint8 b, Uint8 a = Color::ALPHA_OPAQUE);
      |                              ^
libgag/include/SDLGraphicContext.h:676:16: warning: 'drawCircle' overrides a member function but is not marked 'override' [-Winconsistent-missing-override]
  676 |                 virtual void drawCircle(int x, int y, int radius, Uint8 r, Uint8 g, Uint8 b, Uint8 a = Color::ALPHA_OPAQUE);
      |                              ^
libgag/include/SDLGraphicContext.h:305:16: note: overridden virtual function is here
  305 |                 virtual void drawCircle(int x, int y, int radius, Uint8 r, Uint8 g, Uint8 b, Uint8 a = Color::ALPHA_OPAQUE);
      |                              ^
36 warnings generated.
g++ -o build/native-tests/test/MenuColonyHarness -g -Wall -O3 -Wl,-rpath,/Users/bradley/.cache/glob2-sdl3/prefix/lib build/native-tests/test/program-tools_MenuColonyHarness.o build/native-tests/src/ai/castor/Control.o build/native-tests/src/ai/castor/GetOrder.o build/native-tests/src/ai/castor/Lifecycle.o build/native-tests/src/ai/castor/Maps.o build/native-tests/src/ai/castor/Placement.o build/native-tests/src/ai/castor/Projects.o build/native-tests/src/ai/castor/State.o build/native-tests/src/ai/maxima/AIMaxima.o build/native-tests/src/ai/maxima/AIMaximaState.o build/native-tests/src/ai/maxima/AIMaximaCombat.o build/native-tests/src/ai/maxima/AIMaximaDefense.o build/native-tests/src/ai/maxima/AIMaximaFarming.o build/native-tests/src/ai/maxima/AIMaximaFarmingPolicy.o build/native-tests/src/ai/maxima/AIMaximaFoodLedger.o build/native-tests/src/ai/maxima/AIMaximaPlacement.o build/native-tests/src/ai/maxima/AIMaximaRecon.o build/native-tests/src/ai/maxima/AIMaximaForceModel.o build/native-tests/src/ai/maxima/AIMaximaRuntime.o build/native-tests/src/ai/maxima/AIMaximaStrategy.o build/native-tests/src/ai/maxima/AIMaximaTactics.o build/native-tests/src/ai/AI.o build/native-tests/src/ai/telemetry/AITelemetry.o build/native-tests/src/ai/telemetry/AITelemetryAdapters.o build/native-tests/src/ai/shared_runtime/BuildingOrder.o build/native-tests/src/ai/shared_runtime/BuildingRegister.o build/native-tests/src/ai/shared_runtime/Conditions.o build/native-tests/src/ai/shared_runtime/ConditionsBuilding.o build/native-tests/src/ai/shared_runtime/ConditionsPopulation.o build/native-tests/src/ai/shared_runtime/ConditionsTracker.o build/native-tests/src/ai/shared_runtime/Construction.o build/native-tests/src/ai/shared_runtime/ConstructionConstraints.o build/native-tests/src/ai/shared_runtime/Runtime.o build/native-tests/src/ai/shared_runtime/RuntimeSerialization.o build/native-tests/src/ai/shared_runtime/Entities.o build/native-tests/src/ai/shared_runtime/EntitiesBuilding.o build/native-tests/src/ai/shared_runtime/EntitiesResource.o build/native-tests/src/ai/shared_runtime/EntitiesTerrain.o build/native-tests/src/ai/shared_runtime/Gradient.o build/native-tests/src/ai/shared_runtime/GradientBFS.o build/native-tests/src/ai/shared_runtime/Management.o build/native-tests/src/ai/shared_runtime/ManagementFlag.o build/native-tests/src/ai/shared_runtime/ManagementMisc.o build/native-tests/src/ai/shared_runtime/ManagementOrderBase.o build/native-tests/src/ai/shared_runtime/ManagementTracker.o build/native-tests/src/ai/shared_runtime/MapInfo.o build/native-tests/src/ai/shared_runtime/Econo.o build/native-tests/src/ai/shared_runtime/EconoBuilding.o build/native-tests/src/ai/shared_runtime/EconoFlags.o build/native-tests/src/ai/shared_runtime/SearchTools.o build/native-tests/src/ai/AINames.o build/native-tests/src/ai/nicowar/Attack.o build/native-tests/src/ai/nicowar/Buildings.o build/native-tests/src/ai/nicowar/Farming.o build/native-tests/src/ai/nicowar/Flags.o build/native-tests/src/ai/nicowar/Lifecycle.o build/native-tests/src/ai/nicowar/Phases.o build/native-tests/src/ai/nicowar/Strategy.o build/native-tests/src/ai/nicowar/Upgrade.o build/native-tests/src/ai/simple/AINull.o build/native-tests/src/ai/numbi/AINumbi.o build/native-tests/src/ai/numbi/AINumbiEconomy.o build/native-tests/src/ai/numbi/AINumbiMilitary.o build/native-tests/src/ai/numbi/AINumbiPlacement.o build/native-tests/src/ai/warrush/AIWarrush.o build/native-tests/src/ai/simple/AICabino.o build/native-tests/src/ai/cortex/CortexObservation.o build/native-tests/src/ai/cortex/CortexObservationObserve.o build/native-tests/src/ai/cortex/CortexPlacement.o build/native-tests/src/ai/cortex/CortexPlacementCandidates.o build/native-tests/src/ai/cortex/CortexPlacementGeo.o build/native-tests/src/ai/cortex/CortexPolicy.o build/native-tests/src/ai/cortex/CortexPolicyEconomy.o build/native-tests/src/ai/cortex/CortexPolicyTech.o build/native-tests/src/ai/cortex/CortexPolicyCombat.o build/native-tests/src/ai/cortex/CortexTuning.o build/native-tests/src/ai/cortex/CortexWheat.o build/native-tests/src/ai/cortex/CortexWater.o build/native-tests/src/ai/cortex/CortexNet.o build/native-tests/src/ai/cortex/AICortex.o build/native-tests/src/ai/cortex/AICortexFlags.o build/native-tests/src/ai/cortex/AICortexTranslate.o build/native-tests/src/ai/cortex/AICortexDebug.o build/native-tests/src/game/player/BasePlayer.o build/native-tests/src/team/BaseTeam.o build/native-tests/src/common/BitArray.o build/native-tests/src/map/Brush.o build/native-tests/src/map/BrushCoverage.o build/native-tests/src/building/Lifecycle.o build/native-tests/src/building/Construction.o build/native-tests/src/building/Update.o build/native-tests/src/building/Step.o build/native-tests/src/building/TypeSteps.o build/native-tests/src/building/Misc.o build/native-tests/src/building/types/Buildings.o build/native-tests/src/building/types/BuildingTypesColony.o build/native-tests/src/building/types/BuildingTypesDefence.o build/native-tests/src/building/types/BuildingTypesFlags.o build/native-tests/src/building/types/BuildingTypesUpgrade.o build/native-tests/src/replay/ChecksumSidecar.o build/native-tests/src/game/diagnostics/DatasetWriter.o build/native-tests/src/building/BuildingUtils.o build/native-tests/src/game/Bullet.o build/native-tests/src/campaign/Campaign.o build/native-tests/src/campaign/screens/CampaignEditor.o build/native-tests/src/campaign/screens/CampaignMainMenu.o build/native-tests/src/campaign/screens/CampaignMenuScreen.o build/native-tests/src/campaign/screens/CampaignSelectorScreen.o build/native-tests/src/game/screens/ChooseMapScreen.o build/native-tests/src/ui/screens/CreditScreen.o build/native-tests/src/game/screens/CustomGameOtherOptions.o build/native-tests/src/game/rules/CustomGameRules.o build/native-tests/src/game/screens/CustomGameScreen.o build/native-tests/src/render/clouds/DynamicClouds.o build/native-tests/src/map/editor/screens/EditorMainMenu.o build/native-tests/src/game/screens/EndGameScreen.o build/native-tests/src/engine/Engine.o build/native-tests/src/engine/EngineInit.o build/native-tests/src/engine/EngineLoaders.o build/native-tests/src/engine/EngineRun.o build/native-tests/src/engine/EngineTurnTelemetry.o build/native-tests/src/app/cli/Headless.o build/native-tests/src/app/cli/VerifyMatch.o build/native-tests/src/app/cli/TurnClientCommand.o build/native-tests/src/app/cli/MapStudy.o build/native-tests/src/map/FertilityCalculator.o build/native-tests/src/map/FertilityField.o build/native-tests/src/game/Game.o build/native-tests/src/game/Game_orders.o build/native-tests/src/game/orders/OrderValidation.o build/native-tests/src/game/Game_io.o build/native-tests/src/game/Game_sync.o build/native-tests/src/game/Game_tiling.o build/native-tests/src/map/MapTiling.o build/native-tests/src/game/Game_editor.o build/native-tests/src/render/GameRender.o build/native-tests/src/render/GameRenderUnits.o build/native-tests/src/render/GameRenderBuildings.o build/native-tests/src/render/GameRenderTerrain.o build/native-tests/src/render/SoftwareTerrainCache.o build/native-tests/src/render/MapOverlayQueue.o build/native-tests/src/render/MapRenderState.o build/native-tests/src/render/FogFade.o build/native-tests/src/render/scene/SceneMap.o build/native-tests/src/render/scene/SceneExtract.o build/native-tests/src/engine/sim/SimulationRunner.o build/native-tests/src/render/GameRenderOverlay.o build/native-tests/src/render/GameAnimations.o build/native-tests/src/game/GameEvent.o build/native-tests/src/building/hud/BuildingGuiState.o build/native-tests/src/hud/GameGUI.o build/native-tests/src/hud/touch/GameGUITouch.o build/native-tests/src/hud/touch/GameGUITouchView.o build/native-tests/src/hud/touch/GameGUITouchPalette.o build/native-tests/src/hud/touch/GameGUITouchPlacement.o build/native-tests/src/hud/GameGUIBuildingActions.o build/native-tests/src/hud/touch/GameGUITouchActions.o build/native-tests/src/hud/touch/TouchReadout.o build/native-tests/src/hud/touch/ThumbSide.o build/native-tests/src/hud/touch/TouchDial.o build/native-tests/src/hud/BrushHUD.o build/native-tests/src/net/ConnectionOverlay.o build/native-tests/src/net/turn/TurnMatchPresenter.o build/native-tests/src/hud/touch/GameGUITouchLens.o build/native-tests/src/hud/touch/GameGUITouchDial.o build/native-tests/src/map/editor/PhoneEditor.o build/native-tests/src/map/editor/PhoneEditorView.o build/native-tests/src/hud/GameGUIDefaultAssignManager.o build/native-tests/src/hud/GameGUIDialog.o build/native-tests/src/hud/draw/GameGUIDraw.o build/native-tests/src/hud/draw/GameGUIDrawChoice.o build/native-tests/src/hud/draw/GameGUIDrawUnitInfos.o build/native-tests/src/hud/draw/GameGUIDrawBuildingInfos.o build/native-tests/src/hud/draw/GameGUIDrawBuildingHelpers.o build/native-tests/src/hud/draw/FailureShapes.o build/native-tests/src/hud/draw/GameGUIDrawMiscPanels.o build/native-tests/src/hud/draw/GameGUIDrawEventFeed.o build/native-tests/src/hud/GameGUIGhostBuildingManager.o build/native-tests/src/hud/input/GameGUIInput.o build/native-tests/src/hud/input/GameGUIInputKey.o build/native-tests/src/hud/input/GameGUIInputMenu.o build/native-tests/src/hud/input/GameGUIInputMenuClick.o build/native-tests/src/hud/input/GameGUIInputMenuClickBuilding.o build/native-tests/src/hud/input/GameGUIInputMouse.o build/native-tests/src/hud/input/GameGUIKeyActions.o build/native-tests/src/hud/LoadSaveDialog.o build/native-tests/src/hud/GameGUIMessageManager.o build/native-tests/src/hud/GameGUIOrders.o build/native-tests/src/audio/GameMusicController.o build/native-tests/src/hud/draw/GameGUIParticles.o build/native-tests/src/hud/GameGUIPersistence.o build/native-tests/src/hud/GameGUIScript.o build/native-tests/src/hud/GameGUISelection.o build/native-tests/src/hud/GameGUIStep.o build/native-tests/src/hud/GameGUIToolManager.o build/native-tests/src/hud/TeamDisplay.o build/native-tests/src/unit/UnitDisplayNames.o build/native-tests/src/game/ExperimentalFeatures.o build/native-tests/src/game/GameHeader.o build/native-tests/src/game/GameHints.o build/native-tests/src/game/GameObjectives.o build/native-tests/src/game/GameUtilities.o build/native-tests/src/app/cli/MapCommand.o build/native-tests/src/map/preview/MapRender.o build/native-tests/src/game/diagnostics/GameDiagnostics.o build/native-tests/src/map/tools/MapImage.o build/native-tests/src/map/tools/MapReport.o build/native-tests/src/ui/FrontendUI.o build/native-tests/src/ui/ThemeCatalog.o build/native-tests/src/ui/ThemePainters.o build/native-tests/src/ui/OnlineUI.o build/native-tests/src/ui/MapPictures.o build/native-tests/src/ui/FileListing.o build/native-tests/src/ui/Glob2Style.o build/native-tests/src/ui/FrontendTheme.o build/native-tests/src/ui/MenuColony.o build/native-tests/src/app/GlobalContainer.o build/native-tests/src/app/GlobalContainerArgs.o build/native-tests/src/map/preview/GUIMapPreview.o build/native-tests/src/building/IntBuildingType.o build/native-tests/src/ui/KeyboardManager.o build/native-tests/src/net/lan/screens/LANFindScreen.o build/native-tests/src/online/screens/QuickMatchScreen.o build/native-tests/src/online/screens/OnlineProfileScreen.o build/native-tests/src/online/screens/OnlineMapsScreen.o build/native-tests/src/net/lan/screens/LANMenuScreen.o build/native-tests/src/game/screens/LandscapePickerScreen.o build/native-tests/src/map/preview/LandscapePreviewer.o build/native-tests/src/game/screens/StartQualityScreen.o build/native-tests/src/ui/screens/MainMenuScreen.o build/native-tests/src/map/Map.o build/native-tests/src/map/MapTile.o build/native-tests/src/map/generator/compatibility/LegacyGenerationDescriptor.o build/native-tests/src/map/generator/MapHomogen.o build/native-tests/src/map/generator/core/GenerationContext.o build/native-tests/src/map/generator/core/GenerationService.o build/native-tests/src/map/generator/core/GenerationValidation.o build/native-tests/src/map/generator/core/GeneratorControls.o build/native-tests/src/map/generator/core/GeneratorRegistry.o build/native-tests/src/map/generator/generators/CityStatesGenerator.o build/native-tests/src/map/generator/generators/ConcreteIslandsGenerator.o build/native-tests/src/map/generator/generators/ContestedCommonsGenerator.o build/native-tests/src/map/generator/generators/MazeGenerator.o build/native-tests/src/map/generator/generators/CraterLakesGenerator.o build/native-tests/src/map/generator/generators/EvergladesGenerator.o build/native-tests/src/map/generator/generators/FjordContinentGenerator.o build/native-tests/src/map/generator/generators/IslandsGenerator.o build/native-tests/src/map/generator/generators/IslesGenerator.o build/native-tests/src/map/generator/generators/RingWorldGenerator.o build/native-tests/src/map/generator/generators/RiverGenerator.o build/native-tests/src/map/generator/generators/RuggedArchipelagoGenerator.o build/native-tests/src/map/generator/generators/ShatteredCoastGenerator.o build/native-tests/src/map/generator/generators/StoneHighlandsGenerator.o build/native-tests/src/map/generator/generators/SpiderWebGenerator.o build/native-tests/src/map/generator/generators/CoralGenerator.o build/native-tests/src/map/generator/generators/AmphitheatreGenerator.o build/native-tests/src/map/generator/generators/CarouselGenerator.o build/native-tests/src/map/generator/generators/SwitchbacksGenerator.o build/native-tests/src/map/generator/generators/SwampGenerator.o build/native-tests/src/map/generator/generators/SymmetricArenaGenerator.o build/native-tests/src/map/generator/generators/TidalFlatsGenerator.o build/native-tests/src/map/generator/generators/UniformGenerator.o build/native-tests/src/map/generator/generators/WatershedGenerator.o build/native-tests/src/map/generator/generators/LastTreelineGenerator.o build/native-tests/src/map/generator/generators/BastionKeysGenerator.o build/native-tests/src/map/generator/generators/DrownedForestGenerator.o build/native-tests/src/map/generator/generators/WhoAteTheMapGenerator.o build/native-tests/src/map/generator/generators/HungryMarchesGenerator.o build/native-tests/src/map/generator/generators/CombGenerator.o build/native-tests/src/map/generator/generators/EvenGroundGenerator.o build/native-tests/src/map/generator/generators/MarchlandGenerator.o build/native-tests/src/map/generator/generators/EncircledKingdomGenerator.o build/native-tests/src/map/generator/generators/OrchardCommonsGenerator.o build/native-tests/src/map/generator/generators/GauntletGenerator.o build/native-tests/src/map/generator/generators/FaultedCityGenerator.o build/native-tests/src/map/generator/generators/HiddenOasisGenerator.o build/native-tests/src/map/generator/generators/PortageLakesGenerator.o build/native-tests/src/map/generator/generators/CentralQuarryGenerator.o build/native-tests/src/map/generator/generators/BajadaGenerator.o build/native-tests/src/map/generator/generators/KarstTowersGenerator.o build/native-tests/src/map/generator/generators/HoneycombIsleGenerator.o build/native-tests/src/map/generator/generators/EmojiGenerator.o build/native-tests/src/map/generator/generators/BraidedRiverGenerator.o build/native-tests/src/map/generator/generators/FortsGenerator.o build/native-tests/src/map/generator/generators/BraidedDeltaGenerator.o build/native-tests/src/map/generator/generators/BreachableHighlandsGenerator.o build/native-tests/src/map/generator/generators/HedgerowCountryGenerator.o build/native-tests/src/map/generator/generators/DrumlinFieldGenerator.o build/native-tests/src/map/generator/generators/ContinentsGenerator.o build/native-tests/src/map/generator/generators/SavannahGenerator.o build/native-tests/src/map/generator/generators/HillsGenerator.o build/native-tests/src/map/generator/generators/RiceTerracesGenerator.o build/native-tests/src/map/generator/generators/LocustGenerator.o build/native-tests/src/map/generator/generators/PlantationsGenerator.o build/native-tests/src/map/generator/generators/HilbertRiverGenerator.o build/native-tests/src/map/generator/generators/FractalMapSupport.o build/native-tests/src/map/generator/generators/SierpinskiGardensGenerator.o build/native-tests/src/map/generator/generators/LavaShieldGenerator.o build/native-tests/src/map/generator/generators/AnthillGenerator.o build/native-tests/src/map/generator/generators/OldTownGenerator.o build/native-tests/src/map/generator/generators/PolderGenerator.o build/native-tests/src/map/generator/generators/CanalsGenerator.o build/native-tests/src/map/generator/generators/OldGrowthGenerator.o build/native-tests/src/map/generator/generators/RainShadowGenerator.o build/native-tests/src/map/generator/generators/FingerprintGenerator.o build/native-tests/src/map/generator/generators/GlacisGenerator.o build/native-tests/src/map/generator/generators/AllotmentsGenerator.o build/native-tests/src/map/generator/generators/CaravanseraiGenerator.o build/native-tests/src/map/generator/shared/legacy/Distances.o build/native-tests/src/map/generator/shared/HeightMap.o build/native-tests/src/map/generator/shared/Noise.o build/native-tests/src/map/generator/shared/BalancedStarts.o build/native-tests/src/map/generator/shared/RecursiveGeometry.o build/native-tests/src/map/generator/shared/Rivers.o build/native-tests/src/map/generator/shared/HierarchicalCrossings.o build/native-tests/src/map/generator/shared/Drawing.o build/native-tests/src/map/generator/shared/Geometry.o build/native-tests/src/map/generator/shared/Grid.o build/native-tests/src/map/generator/shared/WalkBandStarts.o build/native-tests/src/map/generator/shared/Walls.o build/native-tests/src/map/generator/shared/Farmland.o build/native-tests/src/map/generator/shared/Towers.o build/native-tests/src/map/generator/shared/WorldAtlas.o build/native-tests/src/map/generator/shared/WorldAtlasData.o build/native-tests/src/map/generator/shared/Raster.o build/native-tests/src/map/generator/shared/Landmass.o build/native-tests/src/map/generator/shared/Tessellation.o build/native-tests/src/map/generator/shared/GraphMaze.o build/native-tests/src/map/generator/shared/Orbits.o build/native-tests/src/map/generator/shared/Morphology.o build/native-tests/src/map/generator/shared/Growth.o build/native-tests/src/map/generator/shared/Contact.o build/native-tests/src/map/generator/shared/Points.o build/native-tests/src/map/generator/shared/Patterns.o build/native-tests/src/map/generator/shared/Channels.o build/native-tests/src/map/generator/shared/Room.o build/native-tests/src/map/generator/shared/Biomes.o build/native-tests/src/map/generator/shared/LatticeNoise.o build/native-tests/src/map/generator/shared/Pipeline.o build/native-tests/src/map/generator/shared/ClearingLandscape.o build/native-tests/src/map/generator/shared/Planting.o build/native-tests/src/map/generator/shared/Roads.o build/native-tests/src/map/generator/shared/Sketch.o build/native-tests/src/map/generator/shared/Solve.o build/native-tests/src/map/generator/shared/Topology.o build/native-tests/src/map/generator/shared/Settlements.o build/native-tests/src/map/generator/shared/ScoredSettlements.o build/native-tests/src/map/generator/shared/legacy/Regions.o build/native-tests/src/map/generator/shared/Resources.o build/native-tests/src/map/generator/shared/legacy/StartingPositions.o build/native-tests/src/map/generator/shared/StartDiagnostics.o build/native-tests/src/map/generator/shared/StartQuality.o build/native-tests/src/map/generator/shared/Terrain.o build/native-tests/src/map/gradient/BuildingGradientSearch.o build/native-tests/src/map/gradient/MapGradientArea.o build/native-tests/src/map/gradient/MapGradientBuilding.o build/native-tests/src/map/gradient/MapGradientChamfer.o build/native-tests/src/map/gradient/MapGradientDirection.o build/native-tests/src/map/gradient/MapGradientPropagation.o build/native-tests/src/map/gradient/MapGradientResource.o build/native-tests/src/map/io/MapExploredAreaIO.o build/native-tests/src/map/io/MapIO.o build/native-tests/src/map/MapMisc.o build/native-tests/src/map/pathfind/MapPathfindArea.o build/native-tests/src/map/pathfind/MapPathfindBuilding.o build/native-tests/src/map/pathfind/MapPathfindRessource.o build/native-tests/src/map/MapQuery.o build/native-tests/src/map/MapResources.o build/native-tests/src/map/MapStep.o build/native-tests/src/map/MapTerrain.o build/native-tests/src/render/MapView.o build/native-tests/src/map/editor/Widgets.o build/native-tests/src/map/editor/WidgetsTools.o build/native-tests/src/map/editor/WidgetsUnit.o build/native-tests/src/map/editor/WidgetsBuilding.o build/native-tests/src/map/editor/MapEditCtor.o build/native-tests/src/map/editor/MapEditIO.o build/native-tests/src/map/editor/MapEditDraw.o build/native-tests/src/map/editor/MapEditEvents.o build/native-tests/src/map/editor/MapEditAction.o build/native-tests/src/map/editor/MapEditActionView.o build/native-tests/src/map/editor/MapEditActionTerrain.o build/native-tests/src/map/editor/MapEditActionUnit.o build/native-tests/src/map/editor/MapEditActionBuilding.o build/native-tests/src/map/editor/MapEditDelegate.o build/native-tests/src/map/editor/MapEditClicks.o build/native-tests/src/map/editor/MapEditDialog.o build/native-tests/src/map/editor/MapEditKeyActions.o build/native-tests/src/map/io/MapHeader.o build/native-tests/src/scripting/javascript/ScriptValue.o build/native-tests/src/scripting/javascript/ScriptRuntime.o build/native-tests/src/hive/HiveWorker.o build/native-tests/src/hive/HiveClient.o build/native-tests/src/hive/HiveObservation.o build/native-tests/src/hive/HiveDialog.o build/native-tests/src/scripting/javascript/ScriptObservations.o build/native-tests/src/scripting/javascript/ScriptOrders.o build/native-tests/src/scripting/javascript/ScriptServices.o build/native-tests/src/scripting/javascript/ScriptSpatial.o build/native-tests/src/scripting/javascript/JavaScriptMap.o build/native-tests/src/scripting/javascript/ScriptCommand.o build/native-tests/src/ai/javascript/ScriptLibrary.o build/native-tests/src/ui/settings/SettingsScreenCustomAIs.o build/native-tests/src/ai/javascript/AIJavaScript.o build/native-tests/src/scripting/map/MapScript.o build/native-tests/src/scripting/map/MapScriptError.o build/native-tests/src/scripting/map/MapScriptUSL.o build/native-tests/src/map/io/MapThumbnail.o build/native-tests/src/render/overlay/MarkManager.o build/native-tests/src/render/Minimap.o build/native-tests/src/net/NetBroadcaster.o build/native-tests/src/net/NetBroadcastListener.o build/native-tests/src/net/NetConnection.o build/native-tests/src/net/NetEngine.o build/native-tests/src/net/NetListener.o build/native-tests/src/net/message/NetMessage.o build/native-tests/src/net/message/MessageRecipients.o build/native-tests/src/net/message/OrderMessages.o build/native-tests/src/net/turn/JitterBuffer.o build/native-tests/src/net/turn/MatchRecord.o build/native-tests/src/net/turn/TurnMessages.o build/native-tests/src/net/turn/TurnSequencer.o build/native-tests/src/net/turn/TurnLockstep.o build/native-tests/src/net/turn/TurnSession.o build/native-tests/src/net/turn/TurnTelemetry.o build/native-tests/src/map/editor/screens/NewMapScreen.o build/native-tests/src/game/orders/Order.o build/native-tests/src/game/orders/OrderBuilding.o build/native-tests/src/game/orders/OrderModify.o build/native-tests/src/game/orders/OrderMisc.o build/native-tests/src/render/overlay/OverlayAreas.o build/native-tests/src/team/stats/TeamStatChart.o build/native-tests/src/team/stats/MetricCatalog.o build/native-tests/src/team/stats/MetricSeries.o build/native-tests/src/render/overlay/OverlayFill.o build/native-tests/src/game/player/Player.o build/native-tests/src/unit/types/Race.o build/native-tests/src/replay/ReplayReader.o build/native-tests/src/replay/ReplayWriter.o build/native-tests/src/replay/ReplayTelemetry.o build/native-tests/src/resource/Ressource.o build/native-tests/src/game/rules/RulesetCatalog.o build/native-tests/src/game/rules/TeamLayout.o build/native-tests/src/resource/Resources.o build/native-tests/src/scripting/map/ScriptEditorScreen.o build/native-tests/src/game/Sector.o build/native-tests/src/app/Settings.o build/native-tests/src/app/SystemLanguage.o build/native-tests/src/render/torus/TorusView.o build/native-tests/src/render/torus/TorusViewRender.o build/native-tests/src/hud/GameGUITorus.o build/native-tests/src/ui/settings/SettingsScreen.o build/native-tests/src/ui/screens/RecordingFilesScreen.o build/native-tests/src/ui/settings/SettingsScreenGeneral.o build/native-tests/src/ui/settings/SettingsScreenBuildings.o build/native-tests/src/ui/settings/SettingsScreenKeyboard.o build/native-tests/src/ui/settings/SettingsScreenOnline.o build/native-tests/src/ui/settings/SettingsScreenRecording.o build/native-tests/src/scripting/sgsl/Lexer.o build/native-tests/src/scripting/sgsl/Parser.o build/native-tests/src/scripting/sgsl/ParserSummon.o build/native-tests/src/scripting/sgsl/ParserWait.o build/native-tests/src/scripting/sgsl/SGSL.o build/native-tests/src/scripting/sgsl/StoryActions.o build/native-tests/src/scripting/sgsl/StoryConditions.o build/native-tests/src/scripting/sgsl/StoryExecute.o build/native-tests/src/render/clouds/SimplexNoise.o build/native-tests/src/audio/PlayerVoice.o build/native-tests/src/audio/SoundMixer.o build/native-tests/src/team/Team.o build/native-tests/src/team/TeamSerialization.o build/native-tests/src/team/TeamLists.o build/native-tests/src/team/TeamRouting.o build/native-tests/src/team/TeamStep.o build/native-tests/src/team/stats/TeamStat.o build/native-tests/src/unit/Unit.o build/native-tests/src/unit/UnitAction.o build/native-tests/src/unit/UnitActivity.o build/native-tests/src/unit/UnitDisplacement.o build/native-tests/src/unit/UnitGeometry.o build/native-tests/src/unit/UnitMedical.o build/native-tests/src/unit/UnitMovement.o build/native-tests/src/unit/UnitSerialization.o build/native-tests/src/unit/render/UnitSkin.o build/native-tests/src/unit/render/ColonySkinPreview.o build/native-tests/src/unit/UnitStats.o build/native-tests/src/unit/types/UnitType.o build/native-tests/src/unit/UnitUtils.o build/native-tests/src/common/Utilities.o build/native-tests/src/audio/VoiceRecorder.o build/native-tests/src/team/stats/WinProbability.o build/native-tests/src/game/WinningConditions.o build/native-tests/src/app/Application.o build/native-tests/src/map/editor/screens/MapEditorScreen.o build/native-tests/src/ui/screens/MessageScreen.o build/native-tests/src/map/editor/screens/EditorLoadScreen.o build/native-tests/src/map/editor/screens/EditorGenerateScreen.o build/native-tests/src/game/screens/GameSessionScreen.o build/native-tests/src/game/screens/GameLoadScreen.o build/native-tests/src/ui/screens/FileImport.o build/native-tests/src/game/screens/SinglePlayerFlow.o build/native-tests/src/map/editor/screens/FertilityScreen.o build/native-tests/src/net/lan/screens/LANSessionScreen.o build/native-tests/src/net/lan/LanClient.o build/native-tests/src/net/lan/LanHost.o build/native-tests/src/net/lan/LanProtocol.o build/native-tests/src/net/lan/LanRoom.o build/native-tests/src/game/screens/MatchStartScreen.o build/native-tests/src/online/screens/OnlineHubScreen.o build/native-tests/src/online/screens/RoomMapPickerScreen.o build/native-tests/src/online/screens/RoomScreen.o build/native-tests/src/net/NetTransport.o build/native-tests/src/net/TcpTransport.o build/native-tests/src/net/NetWait.o build/native-tests/src/net/NetworkConfig.o build/native-tests/src/net/LanIdentity.o build/native-tests/src/net/WssTransport.o build/native-tests/src/online/HttpFetch.o build/native-tests/src/online/HttpFetchCommon.o build/native-tests/src/online/InstanceConfig.o build/native-tests/src/online/InviteLink.o build/native-tests/src/online/MapCache.o build/native-tests/src/online/MapCatalog.o build/native-tests/src/online/MatchSetup.o build/native-tests/src/online/MemoryStorage.o build/native-tests/src/online/OnlineHandoff.o build/native-tests/src/online/OnlineMatch.o build/native-tests/src/online/OnlineResources.o build/native-tests/src/online/OnlineServices.o build/native-tests/src/online/PlatformClient.o build/native-tests/src/online/PlatformClientNative.o build/native-tests/src/online/PlatformProtocol.o build/native-tests/src/online/PlatformRoom.o build/native-tests/src/online/RelayTransport.o build/native-tests/src/online/QuickMatch.o build/native-tests/src/online/QuickMatchShared.o build/native-tests/src/online/RelayProbe.o build/native-tests/src/online/RoomSetup.o build/native-tests/src/online/Sha256.o build/native-tests/src/online/SkinAuthorization.o build/native-tests/src/online/SkinDownloads.o build/native-tests/src/online/ReplayAppearance.o build/native-tests/src/online/SimVersion.o build/native-tests/src/online/UserDirectoryStorage.o build/native-tests/src/PlatformTrustCore.o build/native-tests/src/PlatformTrustPolicy.o build/native-tests/third_party/libGlob2JavaScript.a build/native-tests/libgag/src/libgag.a build/native-tests/libusl/src/libusl.a -L/Users/bradley/.cache/glob2-sdl3/prefix/lib -L/opt/homebrew/lib -lz -lpthread -lssl -lcrypto -lepoxy -lfribidi build/native-tests/recording/prefix/lib/libavformat.a build/native-tests/recording/prefix/lib/libavcodec.a build/native-tests/recording/prefix/lib/libswscale.a build/native-tests/recording/prefix/lib/libswresample.a build/native-tests/recording/prefix/lib/libavutil.a build/native-tests/recording/prefix/lib/libx264.a -lSDL3_net -lvorbisfile -lSDL3_ttf -lSDL3_image -lspeex -lSDL3 -framework Security -framework CoreFoundation -framework AppKit -framework OpenGL -framework CoreFoundation -framework GLUT -framework VideoToolbox -framework CoreMedia -framework CoreVideo -framework Foundation -framework AudioToolbox
scons: done building targets.
