
> @glob2/web@0.1.0 build
> vite build

vite v8.3.2 building client environment for production...
transforming...
✓ 766 modules transformed.
rendering chunks...
computing gzip size...
dist/index.html                                          1.17 kB │ gzip:   0.57 kB
dist/assets/hospital-CZ8mxl8H.webp                       4.16 kB
dist/assets/glob-64-DRYAgOz9.png                         4.51 kB
dist/assets/school-3kPEHozp.webp                         4.60 kB
dist/assets/war-flag-ClpBapaP.webp                       4.61 kB
dist/assets/exploration-flag-DEYVuIyb.webp               5.54 kB
dist/assets/wood-BvhIq-A_.webp                           5.59 kB
dist/assets/clearing-flag-Dr2FX3nZ.webp                  5.94 kB
dist/assets/stone-CR7HLFDE.webp                          6.14 kB
dist/assets/racetrack-BEfp0i51.webp                      6.45 kB
dist/assets/inn-pEFHk1BY.webp                            6.51 kB
dist/assets/fruit-C8P4nJfl.webp                          7.36 kB
dist/assets/papyrus-sl-e5iDV.webp                        7.49 kB
dist/assets/algae-Cf7k497T.webp                          7.53 kB
dist/assets/swarm-C7Cw-oud.webp                          9.26 kB
dist/assets/wordmark-letters-Cs-rHGsD.webp              14.87 kB
dist/assets/worker-east-Bqinqqlq.webp                   22.38 kB
dist/assets/nunito-latin-wght-normal-BzFMHfZw.woff2     39.12 kB
dist/assets/colony-960-DI2K-hM_.webp                   159.77 kB
dist/assets/colony-1600-yR11DKDO.webp                  385.40 kB
dist/assets/colony-loop-DySpPHVm.mp4                 6,831.27 kB
dist/assets/index-Txq9991t.css                          49.14 kB │ gzip:  13.65 kB
dist/assets/Account-DMzKm7ZV.js                          3.90 kB │ gzip:   1.56 kB │ map:     9.39 kB
dist/assets/LineChart-D2BHj36E.js                        4.34 kB │ gzip:   1.90 kB │ map:    16.64 kB
dist/assets/Player-C3qB9Fwi.js                           7.08 kB │ gzip:   2.51 kB │ map:    21.11 kB
dist/assets/Admin-MFauLfZc.js                           10.80 kB │ gzip:   3.37 kB │ map:    31.68 kB
dist/assets/MapStudio-Bd_9fxpD.js                       12.43 kB │ gzip:   4.20 kB │ map:    39.84 kB
dist/assets/Match-BmwMiu6G.js                           15.87 kB │ gzip:   5.06 kB │ map:    46.08 kB
dist/assets/Maps-CzfyeqcZ.js                            18.95 kB │ gzip:   5.77 kB │ map:    56.14 kB
dist/assets/index-CCCTyaE8.js                          481.08 kB │ gzip: 150.69 kB │ map: 2,436.83 kB

[33m[INEFFECTIVE_DYNAMIC_IMPORT] [0m../../packages/protocol/src/index.ts is dynamically imported by src/api.ts but also statically imported by src/pages/Match.tsx, src/pages/Skins.tsx, src/skins/swarmShapes.ts, dynamic import will not move module into another chunk.

✓ built in 1.68s
