.......................................................................................
----------------------------------------------------------------------
Ran 87 tests in 0.681s

OK
Measurement unavailable for 0; retry in a later batch
Measurement unavailable for 1; retry in a later batch
Measurement unavailable for 2; retry in a later batch
Measurement unavailable for 3; retry in a later batch
Measurement unavailable for 4; retry in a later batch
Measurement unavailable for 5; retry in a later batch
Measurement unavailable for 6; retry in a later batch
Measurement unavailable for 7; retry in a later batch
Measurement unavailable for 8; retry in a later batch
Measurement unavailable for 9; retry in a later batch
android: skipped (expected skipped)
macos: skipped (expected skipped)
tsan: skipped (expected skipped)
native-coverage: skipped (expected skipped)
linux: skipped (expected skipped)
linux-variants: skipped (expected skipped)
linux-map-generators: skipped (expected skipped)
windows: skipped (expected skipped)
web-build: skipped (expected skipped)
web-native: skipped (expected skipped)
web-deploy: skipped (expected skipped)
web-test: skipped (expected skipped)
browser-determinism: skipped (expected skipped)
platform: skipped (expected skipped)
platform-stack: skipped (expected skipped)
music: skipped (expected skipped)
android: skipped (expected skipped)
macos: skipped (expected skipped)
tsan: skipped (expected skipped)
native-coverage: skipped (expected skipped)
linux: skipped (expected skipped)
linux-variants: skipped (expected skipped)
linux-map-generators: skipped (expected skipped)
android: success (expected success)
macos: success (expected success)
tsan: success (expected success)
native-coverage: success (expected success)
linux: success (expected success)
linux-variants: success (expected success)
linux-map-generators: success (expected success)
windows: success (expected success)
web-build: success (expected success)
web-native: success (expected success)
web-deploy: success (expected success)
web-test: success (expected success)
browser-determinism: success (expected success)
platform: success (expected success)
platform-stack: success (expected success)
music: success (expected success)
android: failure (expected success)
android: cancelled (expected success)
android: skipped (expected success)
android: success (expected success)
macos: failure (expected success)
android: success (expected success)
macos: cancelled (expected success)
android: success (expected success)
macos: skipped (expected success)
android: success (expected success)
macos: success (expected success)
tsan: failure (expected success)
android: success (expected success)
macos: success (expected success)
tsan: cancelled (expected success)
android: success (expected success)
macos: success (expected success)
tsan: skipped (expected success)
android: success (expected success)
macos: success (expected success)
tsan: success (expected success)
native-coverage: failure (expected success)
android: success (expected success)
macos: success (expected success)
tsan: success (expected success)
native-coverage: cancelled (expected success)
android: success (expected success)
macos: success (expected success)
tsan: success (expected success)
native-coverage: skipped (expected success)
android: success (expected success)
macos: success (expected success)
tsan: success (expected success)
native-coverage: success (expected success)
linux: failure (expected success)
android: success (expected success)
macos: success (expected success)
tsan: success (expected success)
native-coverage: success (expected success)
linux: cancelled (expected success)
android: success (expected success)
macos: success (expected success)
tsan: success (expected success)
native-coverage: success (expected success)
linux: skipped (expected success)
android: success (expected success)
macos: success (expected success)
tsan: success (expected success)
native-coverage: success (expected success)
linux: success (expected success)
linux-variants: failure (expected success)
android: success (expected success)
macos: success (expected success)
tsan: success (expected success)
native-coverage: success (expected success)
linux: success (expected success)
linux-variants: cancelled (expected success)
android: success (expected success)
macos: success (expected success)
tsan: success (expected success)
native-coverage: success (expected success)
linux: success (expected success)
linux-variants: skipped (expected success)
android: success (expected success)
macos: success (expected success)
tsan: success (expected success)
native-coverage: success (expected success)
linux: success (expected success)
linux-variants: success (expected success)
linux-map-generators: failure (expected success)
android: success (expected success)
macos: success (expected success)
tsan: success (expected success)
native-coverage: success (expected success)
linux: success (expected success)
linux-variants: success (expected success)
linux-map-generators: cancelled (expected success)
android: success (expected success)
macos: success (expected success)
tsan: success (expected success)
native-coverage: success (expected success)
linux: success (expected success)
linux-variants: success (expected success)
linux-map-generators: skipped (expected success)
android: success (expected success)
macos: success (expected success)
tsan: success (expected success)
native-coverage: success (expected success)
linux: success (expected success)
linux-variants: success (expected success)
linux-map-generators: success (expected success)
windows: failure (expected success)
android: success (expected success)
macos: success (expected success)
tsan: success (expected success)
native-coverage: success (expected success)
linux: success (expected success)
linux-variants: success (expected success)
linux-map-generators: success (expected success)
windows: cancelled (expected success)
android: success (expected success)
macos: success (expected success)
tsan: success (expected success)
native-coverage: success (expected success)
linux: success (expected success)
linux-variants: success (expected success)
linux-map-generators: success (expected success)
windows: skipped (expected success)
android: success (expected success)
macos: success (expected success)
tsan: success (expected success)
native-coverage: success (expected success)
linux: success (expected success)
linux-variants: success (expected success)
linux-map-generators: success (expected success)
windows: success (expected success)
web-build: failure (expected success)
android: success (expected success)
macos: success (expected success)
tsan: success (expected success)
native-coverage: success (expected success)
linux: success (expected success)
linux-variants: success (expected success)
linux-map-generators: success (expected success)
windows: success (expected success)
web-build: cancelled (expected success)
android: success (expected success)
macos: success (expected success)
tsan: success (expected success)
native-coverage: success (expected success)
linux: success (expected success)
linux-variants: success (expected success)
linux-map-generators: success (expected success)
windows: success (expected success)
web-build: skipped (expected success)
android: success (expected success)
macos: success (expected success)
tsan: success (expected success)
native-coverage: success (expected success)
linux: success (expected success)
linux-variants: success (expected success)
linux-map-generators: success (expected success)
windows: success (expected success)
web-build: success (expected success)
web-native: failure (expected success)
android: success (expected success)
macos: success (expected success)
tsan: success (expected success)
native-coverage: success (expected success)
linux: success (expected success)
linux-variants: success (expected success)
linux-map-generators: success (expected success)
windows: success (expected success)
web-build: success (expected success)
web-native: cancelled (expected success)
android: success (expected success)
macos: success (expected success)
tsan: success (expected success)
native-coverage: success (expected success)
linux: success (expected success)
linux-variants: success (expected success)
linux-map-generators: success (expected success)
windows: success (expected success)
web-build: success (expected success)
web-native: skipped (expected success)
android: success (expected success)
macos: success (expected success)
tsan: success (expected success)
native-coverage: success (expected success)
linux: success (expected success)
linux-variants: success (expected success)
linux-map-generators: success (expected success)
windows: success (expected success)
web-build: success (expected success)
web-native: success (expected success)
web-deploy: failure (expected success)
android: success (expected success)
macos: success (expected success)
tsan: success (expected success)
native-coverage: success (expected success)
linux: success (expected success)
linux-variants: success (expected success)
linux-map-generators: success (expected success)
windows: success (expected success)
web-build: success (expected success)
web-native: success (expected success)
web-deploy: cancelled (expected success)
android: success (expected success)
macos: success (expected success)
tsan: success (expected success)
native-coverage: success (expected success)
linux: success (expected success)
linux-variants: success (expected success)
linux-map-generators: success (expected success)
windows: success (expected success)
web-build: success (expected success)
web-native: success (expected success)
web-deploy: skipped (expected success)
android: success (expected success)
macos: success (expected success)
tsan: success (expected success)
native-coverage: success (expected success)
linux: success (expected success)
linux-variants: success (expected success)
linux-map-generators: success (expected success)
windows: success (expected success)
web-build: success (expected success)
web-native: success (expected success)
web-deploy: success (expected success)
web-test: failure (expected success)
android: success (expected success)
macos: success (expected success)
tsan: success (expected success)
native-coverage: success (expected success)
linux: success (expected success)
linux-variants: success (expected success)
linux-map-generators: success (expected success)
windows: success (expected success)
web-build: success (expected success)
web-native: success (expected success)
web-deploy: success (expected success)
web-test: cancelled (expected success)
android: success (expected success)
macos: success (expected success)
tsan: success (expected success)
native-coverage: success (expected success)
linux: success (expected success)
linux-variants: success (expected success)
linux-map-generators: success (expected success)
windows: success (expected success)
web-build: success (expected success)
web-native: success (expected success)
web-deploy: success (expected success)
web-test: skipped (expected success)
android: success (expected success)
macos: success (expected success)
tsan: success (expected success)
native-coverage: success (expected success)
linux: success (expected success)
linux-variants: success (expected success)
linux-map-generators: success (expected success)
windows: success (expected success)
web-build: success (expected success)
web-native: success (expected success)
web-deploy: success (expected success)
web-test: success (expected success)
browser-determinism: failure (expected success)
android: success (expected success)
macos: success (expected success)
tsan: success (expected success)
native-coverage: success (expected success)
linux: success (expected success)
linux-variants: success (expected success)
linux-map-generators: success (expected success)
windows: success (expected success)
web-build: success (expected success)
web-native: success (expected success)
web-deploy: success (expected success)
web-test: success (expected success)
browser-determinism: cancelled (expected success)
android: success (expected success)
macos: success (expected success)
tsan: success (expected success)
native-coverage: success (expected success)
linux: success (expected success)
linux-variants: success (expected success)
linux-map-generators: success (expected success)
windows: success (expected success)
web-build: success (expected success)
web-native: success (expected success)
web-deploy: success (expected success)
web-test: success (expected success)
browser-determinism: skipped (expected success)
android: success (expected success)
macos: success (expected success)
tsan: success (expected success)
native-coverage: success (expected success)
linux: success (expected success)
linux-variants: success (expected success)
linux-map-generators: success (expected success)
windows: success (expected success)
web-build: success (expected success)
web-native: success (expected success)
web-deploy: success (expected success)
web-test: success (expected success)
browser-determinism: success (expected success)
platform: failure (expected success)
android: success (expected success)
macos: success (expected success)
tsan: success (expected success)
native-coverage: success (expected success)
linux: success (expected success)
linux-variants: success (expected success)
linux-map-generators: success (expected success)
windows: success (expected success)
web-build: success (expected success)
web-native: success (expected success)
web-deploy: success (expected success)
web-test: success (expected success)
browser-determinism: success (expected success)
platform: cancelled (expected success)
android: success (expected success)
macos: success (expected success)
tsan: success (expected success)
native-coverage: success (expected success)
linux: success (expected success)
linux-variants: success (expected success)
linux-map-generators: success (expected success)
windows: success (expected success)
web-build: success (expected success)
web-native: success (expected success)
web-deploy: success (expected success)
web-test: success (expected success)
browser-determinism: success (expected success)
platform: skipped (expected success)
android: success (expected success)
macos: success (expected success)
tsan: success (expected success)
native-coverage: success (expected success)
linux: success (expected success)
linux-variants: success (expected success)
linux-map-generators: success (expected success)
windows: success (expected success)
web-build: success (expected success)
web-native: success (expected success)
web-deploy: success (expected success)
web-test: success (expected success)
browser-determinism: success (expected success)
platform: success (expected success)
platform-stack: failure (expected success)
android: success (expected success)
macos: success (expected success)
tsan: success (expected success)
native-coverage: success (expected success)
linux: success (expected success)
linux-variants: success (expected success)
linux-map-generators: success (expected success)
windows: success (expected success)
web-build: success (expected success)
web-native: success (expected success)
web-deploy: success (expected success)
web-test: success (expected success)
browser-determinism: success (expected success)
platform: success (expected success)
platform-stack: cancelled (expected success)
android: success (expected success)
macos: success (expected success)
tsan: success (expected success)
native-coverage: success (expected success)
linux: success (expected success)
linux-variants: success (expected success)
linux-map-generators: success (expected success)
windows: success (expected success)
web-build: success (expected success)
web-native: success (expected success)
web-deploy: success (expected success)
web-test: success (expected success)
browser-determinism: success (expected success)
platform: success (expected success)
platform-stack: skipped (expected success)
android: success (expected success)
macos: success (expected success)
tsan: success (expected success)
native-coverage: success (expected success)
linux: success (expected success)
linux-variants: success (expected success)
linux-map-generators: success (expected success)
windows: success (expected success)
web-build: success (expected success)
web-native: success (expected success)
web-deploy: success (expected success)
web-test: success (expected success)
browser-determinism: success (expected success)
platform: success (expected success)
platform-stack: success (expected success)
music: failure (expected success)
android: success (expected success)
macos: success (expected success)
tsan: success (expected success)
native-coverage: success (expected success)
linux: success (expected success)
linux-variants: success (expected success)
linux-map-generators: success (expected success)
windows: success (expected success)
web-build: success (expected success)
web-native: success (expected success)
web-deploy: success (expected success)
web-test: success (expected success)
browser-determinism: success (expected success)
platform: success (expected success)
platform-stack: success (expected success)
music: cancelled (expected success)
android: success (expected success)
macos: success (expected success)
tsan: success (expected success)
native-coverage: success (expected success)
linux: success (expected success)
linux-variants: success (expected success)
linux-map-generators: success (expected success)
windows: success (expected success)
web-build: success (expected success)
web-native: success (expected success)
web-deploy: success (expected success)
web-test: success (expected success)
browser-determinism: success (expected success)
platform: success (expected success)
platform-stack: success (expected success)
music: skipped (expected success)
