PASS JavaScriptCompatibility/JavaScript test environment scopes restore SDL and CRT readers (0.0s)
PASS glob2-unit-tests OnlineResources (6 cases) (0.0s)
PASS glob2-unit-tests JavaScriptTransactions (3 cases) (0.0s)
PASS glob2-unit-tests PlatformProtocol (8 cases) (0.0s)
PASS JavaScriptIntegration/JavaScript custom library atomic updates and frozen source (0.1s)
PASS JavaScriptIntegration/JavaScript upgrade dispatch survives tracking record growth (0.0s)
PASS JavaScriptIntegration/JavaScript profile two spatial cache and queued save continuity (0.0s)
PASS JavaScriptIntegration/JavaScript telemetry scene permissions and replay diagnostic roundtrip (0.0s)
PASS JavaScriptIntegration/Online AI installs verify bytes and preserve provenance on rollback (0.1s)
PASS JavaScriptIntegration/JavaScript native spatial answers exclude hidden terrain resources and enemies (0.1s)
PASS JavaScriptIntegration/JavaScript queued edits preserve fairness cancellation and stale targets (0.1s)
PASS JavaScriptIntegration/JavaScript linked sources freeze once and removal retains external files (0.1s)
PASS JavaScriptIntegration/JavaScript placement reserves footprints and explains impossible constraints (0.1s)
PASS JavaScriptIntegration/JavaScript farm areas: experiments query, farmArea order and tile field (0.1s)
PASS JavaScriptRealistic/JavaScript realistic economic planner and scenario survey (0.1s)
PASS JavaScriptPresentation/Prepared SGSL exchanges rebind stories in both runtimes (0.1s)
PASS glob2-unit-tests JavaScriptNumbers (2 cases) (0.2s)
PASS JavaScriptPresentation/Failed prepared map replacements preserve active globals and language (0.1s)
PASS JavaScriptIntegration/JavaScript services reject unsavable transactions without changing state (0.1s)
PASS JavaScriptLifecycle/Scripting level reset preserves generation counters (0.1s)
PASS JavaScriptLifecycle/Scripting conversion allocates fresh identity in a reused destination slot (0.1s)
PASS JavaScriptCompatibility/JavaScript pass assigns valid identities to released saves (0.2s)
PASS JavaScriptCompatibility/JavaScript upgrade retains genuine master124 experiments and continuation (0.2s)
PASS JavaScriptCompatibility/JavaScript current saves reject truncated generation tables (0.2s)
PASS JavaScriptLifecycle/Scripting identity survives conversion and save load (0.1s)
PASS JavaScriptIntegration/JavaScript observations visibility memory pagination and stale references (0.3s)
PASS JavaScriptLifecycle/Scripting editor deletion and reuse never revive a reference (0.1s)
PASS SettingsGraphics/edge scrolling defaults migrate and independent modes round trip (0.1s)
PASS SettingsExperiments/preferences keep the enabled experiments and drop unknown keys (0.1s)
PASS SettingsGraphics/text size applies to desktop and touch independently of interface scale (0.1s)
PASS SettingsGraphics/legacy preferences migrate and independent effects round trip (0.1s)
PASS JavaScriptCompatibility/Team-capacity change rejects released replays and enforces acceptance boundaries (0.3s)
PASS JavaScriptLifecycle/Scripting conversion back never resurrects the original reference (0.1s)
PASS JavaScriptLifecycle/Scripting normal death invalidates lookup before cleanup and slot reuse (0.1s)
PASS JavaScriptLifecycle/Scripting building completion upgrade and repair preserve identity (0.2s)
PASS JavaScriptIntegration/JavaScript large world observations respect work limits (0.3s)
PASS JavaScriptIntegration/JavaScript scenario effects commit atomically and resume (0.4s)
PASS JavaScriptIntegration/JavaScript orders execute and survive save load (0.4s)
PASS JavaScriptPresentation/JavaScript load restores presentation without a callback or history entry (0.3s)
PASS JavaScriptIntegration/JavaScript AI state RNG and disabled state survive continuation (0.4s)
PASS JavaScriptCompatibility/Compact identity tables preserve unused slots and reject invalid entries (0.2s)
PASS JavaScriptPresentation/JavaScript leaves stored SGSL execution and victory conditions dormant (0.4s)
PASS JavaScriptPresentation/JavaScript does not advance or display a retained SGSL timer (0.4s)
PASS JavaScriptPresentation/Leaving a JavaScript scenario resets choices before loading a legacy map (0.4s)
PASS JavaScriptPresentation/JavaScript presentation publishes only changed localized messages (0.4s)
PASS glob2-unit-tests JavaScriptRuntime (19 cases) (0.5s)
PASS SettingsExperiments/every experiment's label and help are in the string tables (0.3s)
PASS JavaScriptSession/JavaScript fatal failure tears down a live engine session (0.5s)
PASS JavaScriptSession/JavaScript deterministic scenario failure ends the engine session (0.5s)
PASS JavaScriptSession/JavaScript initialization errors reach headless and UI load diagnostics (0.6s)
PASS JavaScriptSimulation/JavaScript original fixture executes, resumes and replays 256 ticks (2.5s)
PASS JavaScriptSimulation/JavaScript conversion boundary resumes globals RNG references and complete tick records (2.9s)
PASS JavaScriptIntegration/JavaScript custom library and telemetry dialogs render [display:1280x800] [artifacts] (3.0s)
PASS MusicSet/discovery atomic replacement queued moods and muted preferences [display][writes-preferences] (3.4s)
PASS JavaScriptSimulation/JavaScript economic planners and map survey execute, resume and replay 256 ticks (3.4s)
PASS JavaScriptSimulation/JavaScript profile two actions fields telemetry and construction survive save resume and worker counts (3.7s)
PASS JavaScriptCompatibility/JavaScript current text saves validate unused generation counters (4.2s)
PASS Settings/layout; persistence; live display changes; bindings and localization at 640x480 in OpenGL [display:1600x1400][artifacts][writes-preferences] (4.8s)
PASS Settings/layout; persistence; live display changes; bindings and localization at 800x600 in OpenGL [display:1600x1400][artifacts][writes-preferences] (5.5s)
PASS Settings/layout; persistence; live display changes; bindings and localization at 1000x700 in software rendering [display:1600x1400][artifacts][writes-preferences] (4.1s)
PASS Settings/layout; persistence; live display changes; bindings and localization at 1000x700 in OpenGL [display:1600x1400][artifacts][writes-preferences] (6.4s)
PASS Settings/layout; persistence; live display changes; bindings and localization at 1280x900 in OpenGL [display:1600x1400][artifacts][writes-preferences] (7.1s)
PASS Settings/layout; persistence; live display changes; bindings and localization with expanded wording at 640x480 in OpenGL [display:1600x1400][artifacts][writes-preferences] (4.8s)
PASS SettingsAILibrary/AI library desktop discovery, favourite, installation and malformed responses [display:1280x900][artifacts] (2.0s)
PASS SettingsAILibrary/AI library compact discovery, favourite, installation and malformed responses [display:1280x900][artifacts] (1.9s)

65 passed, 0 failed, 0 skipped (69.7s of test time)
[run_tests] JUnit report: artifacts/ai-library/native-integrated.xml (98 cases)
