PASS glob2-unit-tests PlatformClient (24 cases) (0.0s)
PASS ScriptGenerator/Script control mutations cannot bypass native domain contracts (0.0s)
PASS ScriptGenerator/Fertility binding rejects incomplete fields and mismatched masks (0.1s)
PASS ScriptGenerator/Package identity controls modules and installation rollback (0.0s)
PASS ScriptGenerator/Fertility binding reserves native work and memory before rebuilding (0.1s)
PASS ScriptGenerator/Toolkit consumers reject empty fertility arguments (0.1s)
PASS ScriptGenerator/Full toolkit records buffers geometry callbacks and solver (0.2s)
PASS ScriptGenerator/Site graphs share distance captures and account repeated graph copies (0.2s)
PASS ScriptGenerator/Graph ownership optional callbacks and pointer outputs (0.2s)
PASS ScriptGenerator/Request immutability RNG streams and module isolation (0.0s)
PASS ScriptGenerator/Custom preferences persist string identity and tolerate missing packages (0.1s)
PASS ScriptGenerator/Frozen controls survive package replacement and catalogs are released (0.1s)
PASS ScriptGenerator/Script resource placement uses the world catalog and bounded brushes (0.2s)
PASS ScriptGenerator/Conversion failures release intermediate QuickJS containers (0.0s)
PASS ScriptGenerator/Frozen selections retain defaults and rules after package removal (0.1s)
PASS ScriptGenerator/Installed generator library writes to a fresh user profile [writes-preferences] (0.1s)
PASS ScriptGenerator/Library mutations retain memory and disk when storage throws (0.0s)
PASS ScriptGenerator/Online generator installation verifies hashes and persists provenance transactionally (0.0s)
PASS ScriptGenerator/Script terrain and colonies go through engine world validation (0.4s)
PASS ScriptGenerator/Moved callback arguments retain their converted storage (0.0s)
PASS ScriptGenerator/Every operation registration path shares the handle budget (0.1s)
PASS ScriptGenerator/Owned classes preserve borrowed context and RNG expiration (0.2s)
PASS ScriptGenerator/By value copies reserve native payloads before allocation (0.0s)
PASS ScriptGenerator/Nested buffer get fill and set reserve before copying (0.0s)
PASS ScriptGenerator/Nested buffer fills are accounted and returned rows own their data (0.0s)
PASS ScriptGenerator/Boolean buffer proxies become JavaScript booleans (0.0s)
PASS ScriptGenerator/All named stream consumers share creation limits and accounting (0.1s)
PASS ScriptGenerator/Native scratch tables respect the allocation budget (1.3s)
PASS MatchSetup/New match rules default to eight tick AI decisions (0.0s)
PASS ScriptGenerator/Shared generated worlds continue identically without installed generator code [golden] (1.0s)
PASS MatchSetup/AI order delay is optional bounded integer data and round trips through headers (0.1s)
PASS TurnEngineHarness/the committed match record verifies to the committed checksum trace [network-sim][golden] (0.8s)
PASS MatchSetup/catalog rules identity partitions ratings without changing the executable identity (0.0s)
PASS MatchSetup/Building gradient delay is optional bounded integer data and round trips through headers (0.2s)
PASS MatchSetup/SHA-256 matches the FIPS 180-4 test vectors (0.1s)
PASS MatchSetup/the vendored fixtures match the protocol package when it is present (0.1s)
PASS MatchSetup/every MatchSetup and SimVersion contract fixture is accepted or rejected at its stage (0.1s)
PASS MatchSetup/embedded catalogs carry dynamic experiments independently of installed definitions (0.4s)
PASS MatchSetup/valid setups become the GameHeader every client and the verifier run (0.1s)
PASS MatchSetup/map-required terrain experiments propagate to setup and cannot be omitted (0.1s)
PASS MatchSetup/closed seats close their team and follow every player seat (0.1s)
PASS MatchSetup/unknown experiments, JavaScript AIs and unexpressible headers are refused (0.1s)
PASS MatchSetup/a map file is found and checked by the hash of its decompressed bytes (0.1s)
PASS MatchSetup/Scripted map sources preserve exact provenance and enforce team count (0.0s)
PASS MatchSetup/the simulation data hash covers every data file the simulation loads (0.1s)
PASS OnlineScreenLifetime/generator examples with omitted controls use engine defaults when selecting a room (0.3s)
PASS OnlineScreenLifetime/online screens closed with platform calls in flight are never called back (0.3s)
PASS OnlineScreenLifetime/generator installation clears pending state when restoring the library throws (0.4s)
PASS TurnEngineHarness/shared scripted maps play and produce verified ordinary replays without installation [network-sim][artifacts] (1.7s)
PASS PlatformRoom/scripted launch pins a release and reroll retains that identity (0.3s)
PASS PlatformRoom/catalog launch creates the room with its map in the initial request (0.3s)
PASS PlatformRoom/the server's start notice is shown once in the room chat (0.4s)
PASS PlatformRoom/a map change is announced once; a status change is not (0.3s)
PASS PlatformRoom/a premade map is uploaded and chosen for the room, then named by the server (0.4s)
PASS PlatformRoom/a room's teams are named from their alliances, in team order (0.2s)
PASS PlatformRoom/a member without a seat is listed, and Ready says why it is unavailable (0.5s)
PASS ScriptGenerator/Native work and interpreter resource failures are sticky (4.6s)
PASS ScriptGenerator/Optional JavaScript examples generate repeatable validated worlds [slow] (6.3s)

58 passed, 0 failed, 0 skipped (23.3s of test time)
[run_tests] JUnit report: artifacts/generator-library/native-pr/junit.xml (81 cases)
