
> glob2-online-website@0.1.0 test
> playwright test

[WebServer] (node:11445) Warning: The 'NO_COLOR' env is ignored due to the 'FORCE_COLOR' env being set.
[WebServer] (Use `node --trace-warnings ...` to show where the warning was created)

Running 120 tests using 4 workers

(node:11448) Warning: The 'NO_COLOR' env is ignored due to the 'FORCE_COLOR' env being set.
(Use `node --trace-warnings ...` to show where the warning was created)
(node:11449) Warning: The 'NO_COLOR' env is ignored due to the 'FORCE_COLOR' env being set.
(Use `node --trace-warnings ...` to show where the warning was created)
(node:11451) Warning: The 'NO_COLOR' env is ignored due to the 'FORCE_COLOR' env being set.
(Use `node --trace-warnings ...` to show where the warning was created)
(node:11450) Warning: The 'NO_COLOR' env is ignored due to the 'FORCE_COLOR' env being set.
(Use `node --trace-warnings ...` to show where the warning was created)
  ✓    3 [chromium] › tests/colony.spec.ts:3:1 › colony video supports byte ranges used by media playback (337ms)
  ✓    2 [chromium] › tests/colony.spec.ts:34:1 › reduced motion never requests the video and failure retains a poster (802ms)
  ✓    1 [chromium] › tests/colony.spec.ts:49:1 › pause keeps the resume control when a pending play is cancelled (849ms)
  ✓    4 [chromium] › tests/colony.spec.ts:19:1 › real colony video pauses and respects reduced motion (908ms)
  ✓    6 [chromium] › tests/journeys.spec.ts:4:75 › usable and accessible /game/ (light) (1.1s)
  ✓    5 [chromium] › tests/journeys.spec.ts:4:75 › usable and accessible / (light) (1.3s)
  ✓    7 [chromium] › tests/journeys.spec.ts:4:75 › usable and accessible /learn/ (light) (1.2s)
  ✓    8 [chromium] › tests/journeys.spec.ts:4:75 › usable and accessible /community/ (light) (1.0s)
  ✓    9 [chromium] › tests/journeys.spec.ts:4:75 › usable and accessible /competition/ (light) (938ms)
  ✓   10 [chromium] › tests/journeys.spec.ts:4:75 › usable and accessible /news/ (light) (901ms)
  ✓   11 [chromium] › tests/journeys.spec.ts:4:75 › usable and accessible /downloads/ (light) (913ms)
  ✓   12 [chromium] › tests/journeys.spec.ts:4:75 › usable and accessible /history/ (light) (976ms)
  ✓   13 [chromium] › tests/journeys.spec.ts:4:75 › usable and accessible /archive/ (light) (1.1s)
  ✓   14 [chromium] › tests/journeys.spec.ts:4:75 › usable and accessible /search/ (light) (1.2s)
  ✓   15 [chromium] › tests/journeys.spec.ts:4:75 › usable and accessible / (dark) (1.3s)
  ✓   16 [chromium] › tests/journeys.spec.ts:4:75 › usable and accessible /game/ (dark) (1.0s)
  ✓   17 [chromium] › tests/journeys.spec.ts:4:75 › usable and accessible /learn/ (dark) (1.0s)
  ✓   18 [chromium] › tests/journeys.spec.ts:4:75 › usable and accessible /community/ (dark) (972ms)
  ✓   19 [chromium] › tests/journeys.spec.ts:4:75 › usable and accessible /competition/ (dark) (987ms)
  ✓   20 [chromium] › tests/journeys.spec.ts:4:75 › usable and accessible /news/ (dark) (859ms)
  ✓   21 [chromium] › tests/journeys.spec.ts:4:75 › usable and accessible /downloads/ (dark) (814ms)
  ✓   22 [chromium] › tests/journeys.spec.ts:4:75 › usable and accessible /history/ (dark) (1.1s)
  ✓   25 [chromium] › tests/journeys.spec.ts:12:1 › homepage is lightweight and handoff explicit (427ms)
  ✓   23 [chromium] › tests/journeys.spec.ts:4:75 › usable and accessible /archive/ (dark) (985ms)
  ✓   24 [chromium] › tests/journeys.spec.ts:4:75 › usable and accessible /search/ (dark) (978ms)
  ✓   26 [chromium] › tests/journeys.spec.ts:27:1 › live data pages hand off to the app (377ms)
  ✓   28 [chromium] › tests/journeys.spec.ts:42:1 › keyboard skip link and reduced motion (652ms)
  ✓   29 [chromium] › tests/journeys.spec.ts:46:1 › guides history and events are honest (917ms)
  ✓   27 [chromium] › tests/journeys.spec.ts:33:1 › mobile and zoom reflow (1.2s)
  ✓   30 [chromium] › tests/journeys.spec.ts:52:1 › static search can find current and historical content (877ms)
  ✓   34 [chromium] › tests/journeys.spec.ts:62:91 › rankings empty (362ms)
  ✓   32 [chromium] › tests/journeys.spec.ts:62:91 › rankings fresh (408ms)
  ✓   33 [chromium] › tests/journeys.spec.ts:62:91 › rankings stale (395ms)
  ✓   35 [chromium] › tests/journeys.spec.ts:62:91 › rankings invalid (293ms)
  ✓   36 [chromium] › tests/journeys.spec.ts:62:91 › rankings unavailable (292ms)
  ✓   31 [chromium] › tests/journeys.spec.ts:56:1 › content remains browsable without JavaScript (1.0s)
  ✓   37 [chromium] › tests/journeys.spec.ts:62:91 › rankings unsafe (308ms)
  ✓   39 [chromium] › tests/journeys.spec.ts:84:1 › search box has a visible label (253ms)
  ✓   38 [chromium] › tests/journeys.spec.ts:75:1 › dark mode follows the system and keeps the game look (418ms)
  ✓   40 [chromium] › tests/journeys.spec.ts:88:1 › phone navigation targets are thumb-sized (554ms)
(node:11564) Warning: The 'NO_COLOR' env is ignored due to the 'FORCE_COLOR' env being set.
(Use `node --trace-warnings ...` to show where the warning was created)
(node:11562) Warning: The 'NO_COLOR' env is ignored due to the 'FORCE_COLOR' env being set.
(Use `node --trace-warnings ...` to show where the warning was created)
(node:11563) Warning: The 'NO_COLOR' env is ignored due to the 'FORCE_COLOR' env being set.
(Use `node --trace-warnings ...` to show where the warning was created)
(node:11621) Warning: The 'NO_COLOR' env is ignored due to the 'FORCE_COLOR' env being set.
(Use `node --trace-warnings ...` to show where the warning was created)
  ✓   41 [firefox] › tests/colony.spec.ts:3:1 › colony video supports byte ranges used by media playback (112ms)
  ✓   42 [firefox] › tests/colony.spec.ts:34:1 › reduced motion never requests the video and failure retains a poster (4.1s)
  ✓   43 [firefox] › tests/colony.spec.ts:19:1 › real colony video pauses and respects reduced motion (4.7s)
  ✓   46 [firefox] › tests/journeys.spec.ts:4:75 › usable and accessible /game/ (light) (2.6s)
  ✓   44 [firefox] › tests/colony.spec.ts:49:1 › pause keeps the resume control when a pending play is cancelled (5.5s)
  ✓   47 [firefox] › tests/journeys.spec.ts:4:75 › usable and accessible /learn/ (light) (3.2s)
  ✓   45 [firefox] › tests/journeys.spec.ts:4:75 › usable and accessible / (light) (7.3s)
  ✓   48 [firefox] › tests/journeys.spec.ts:4:75 › usable and accessible /community/ (light) (3.9s)
  ✓   49 [firefox] › tests/journeys.spec.ts:4:75 › usable and accessible /competition/ (light) (2.9s)
  ✓   50 [firefox] › tests/journeys.spec.ts:4:75 › usable and accessible /news/ (light) (2.8s)
  ✓   51 [firefox] › tests/journeys.spec.ts:4:75 › usable and accessible /downloads/ (light) (3.0s)
  ✓   52 [firefox] › tests/journeys.spec.ts:4:75 › usable and accessible /history/ (light) (2.6s)
  ✓   54 [firefox] › tests/journeys.spec.ts:4:75 › usable and accessible /search/ (light) (2.6s)
  ✓   53 [firefox] › tests/journeys.spec.ts:4:75 › usable and accessible /archive/ (light) (3.0s)
  ✓   55 [firefox] › tests/journeys.spec.ts:4:75 › usable and accessible / (dark) (4.0s)
  ✓   56 [firefox] › tests/journeys.spec.ts:4:75 › usable and accessible /game/ (dark) (2.9s)
  ✓   58 [firefox] › tests/journeys.spec.ts:4:75 › usable and accessible /community/ (dark) (2.9s)
  ✓   57 [firefox] › tests/journeys.spec.ts:4:75 › usable and accessible /learn/ (dark) (3.5s)
  ✓   59 [firefox] › tests/journeys.spec.ts:4:75 › usable and accessible /competition/ (dark) (2.4s)
  ✓   60 [firefox] › tests/journeys.spec.ts:4:75 › usable and accessible /news/ (dark) (3.3s)
  ✓   61 [firefox] › tests/journeys.spec.ts:4:75 › usable and accessible /downloads/ (dark) (2.6s)
  ✓   62 [firefox] › tests/journeys.spec.ts:4:75 › usable and accessible /history/ (dark) (2.4s)
  ✓   63 [firefox] › tests/journeys.spec.ts:4:75 › usable and accessible /archive/ (dark) (2.5s)
  ✓   65 [firefox] › tests/journeys.spec.ts:12:1 › homepage is lightweight and handoff explicit (1.2s)
  ✓   66 [firefox] › tests/journeys.spec.ts:27:1 › live data pages hand off to the app (1.1s)
  ✓   64 [firefox] › tests/journeys.spec.ts:4:75 › usable and accessible /search/ (dark) (2.5s)
  ✓   68 [firefox] › tests/journeys.spec.ts:42:1 › keyboard skip link and reduced motion (1.3s)
  ✓   69 [firefox] › tests/journeys.spec.ts:46:1 › guides history and events are honest (1.9s)
  ✓   67 [firefox] › tests/journeys.spec.ts:33:1 › mobile and zoom reflow (2.6s)
  ✓   70 [firefox] › tests/journeys.spec.ts:52:1 › static search can find current and historical content (1.9s)
  ✓   72 [firefox] › tests/journeys.spec.ts:62:91 › rankings fresh (1.2s)
  ✓   73 [firefox] › tests/journeys.spec.ts:62:91 › rankings stale (1.1s)
  ✓   74 [firefox] › tests/journeys.spec.ts:62:91 › rankings empty (1.1s)
  ✓   71 [firefox] › tests/journeys.spec.ts:56:1 › content remains browsable without JavaScript (2.6s)
  ✓   76 [firefox] › tests/journeys.spec.ts:62:91 › rankings unavailable (1.2s)
  ✓   78 [firefox] › tests/journeys.spec.ts:75:1 › dark mode follows the system and keeps the game look (937ms)
  ✓   79 [firefox] › tests/journeys.spec.ts:84:1 › search box has a visible label (1.8s)
(node:11845) Warning: The 'NO_COLOR' env is ignored due to the 'FORCE_COLOR' env being set.
(Use `node --trace-warnings ...` to show where the warning was created)
  ✓   81 [webkit] › tests/colony.spec.ts:3:1 › colony video supports byte ranges used by media playback (122ms)
  ✓   75 [firefox] › tests/journeys.spec.ts:62:91 › rankings invalid (4.7s)
  ✓   77 [firefox] › tests/journeys.spec.ts:62:91 › rankings unsafe (4.2s)
(node:11865) Warning: The 'NO_COLOR' env is ignored due to the 'FORCE_COLOR' env being set.
(Use `node --trace-warnings ...` to show where the warning was created)
(node:11867) Warning: The 'NO_COLOR' env is ignored due to the 'FORCE_COLOR' env being set.
(Use `node --trace-warnings ...` to show where the warning was created)
  ✓   80 [firefox] › tests/journeys.spec.ts:88:1 › phone navigation targets are thumb-sized (4.9s)
  ✓   82 [webkit] › tests/colony.spec.ts:19:1 › real colony video pauses and respects reduced motion (1.3s)
  ✓   83 [webkit] › tests/colony.spec.ts:34:1 › reduced motion never requests the video and failure retains a poster (1.5s)
  ✓   84 [webkit] › tests/colony.spec.ts:49:1 › pause keeps the resume control when a pending play is cancelled (1.6s)
  ✓   85 [webkit] › tests/journeys.spec.ts:4:75 › usable and accessible /game/ (light) (1.8s)
(node:11906) Warning: The 'NO_COLOR' env is ignored due to the 'FORCE_COLOR' env being set.
(Use `node --trace-warnings ...` to show where the warning was created)
  ✓   87 [webkit] › tests/journeys.spec.ts:4:75 › usable and accessible /competition/ (light) (1.7s)
  ✓   86 [webkit] › tests/journeys.spec.ts:4:75 › usable and accessible /learn/ (light) (1.7s)
  ✓   88 [webkit] › tests/journeys.spec.ts:4:75 › usable and accessible /community/ (light) (1.6s)
  ✓   90 [webkit] › tests/journeys.spec.ts:4:75 › usable and accessible /news/ (light) (2.1s)
  ✓   92 [webkit] › tests/journeys.spec.ts:4:75 › usable and accessible /history/ (light) (2.2s)
  ✓   91 [webkit] › tests/journeys.spec.ts:4:75 › usable and accessible /downloads/ (light) (2.3s)
  ✓   93 [webkit] › tests/journeys.spec.ts:4:75 › usable and accessible /archive/ (light) (1.9s)
  ✓   89 [webkit] › tests/journeys.spec.ts:4:75 › usable and accessible / (light) (3.5s)
  ✓   94 [webkit] › tests/journeys.spec.ts:4:75 › usable and accessible /search/ (light) (2.0s)
  ✓   95 [webkit] › tests/journeys.spec.ts:4:75 › usable and accessible / (dark) (2.6s)
  ✓   96 [webkit] › tests/journeys.spec.ts:4:75 › usable and accessible /game/ (dark) (1.7s)
  ✓   97 [webkit] › tests/journeys.spec.ts:4:75 › usable and accessible /learn/ (dark) (2.0s)
  ✓   98 [webkit] › tests/journeys.spec.ts:4:75 › usable and accessible /community/ (dark) (1.7s)
  ✓   99 [webkit] › tests/journeys.spec.ts:4:75 › usable and accessible /competition/ (dark) (1.9s)
  ✓  100 [webkit] › tests/journeys.spec.ts:4:75 › usable and accessible /news/ (dark) (1.7s)
  ✓  102 [webkit] › tests/journeys.spec.ts:4:75 › usable and accessible /history/ (dark) (1.5s)
  ✓  101 [webkit] › tests/journeys.spec.ts:4:75 › usable and accessible /downloads/ (dark) (1.6s)
  ✓  106 [webkit] › tests/journeys.spec.ts:27:1 › live data pages hand off to the app (866ms)
  ✓  103 [webkit] › tests/journeys.spec.ts:4:75 › usable and accessible /archive/ (dark) (1.6s)
  ✓  105 [webkit] › tests/journeys.spec.ts:12:1 › homepage is lightweight and handoff explicit (1.1s)
  ✓  108 [webkit] › tests/journeys.spec.ts:42:1 › keyboard skip link and reduced motion (704ms)
  ✓  104 [webkit] › tests/journeys.spec.ts:4:75 › usable and accessible /search/ (dark) (1.9s)
  ✓  109 [webkit] › tests/journeys.spec.ts:46:1 › guides history and events are honest (1.2s)
  ✓  110 [webkit] › tests/journeys.spec.ts:52:1 › static search can find current and historical content (1.1s)
  ✓  112 [webkit] › tests/journeys.spec.ts:62:91 › rankings fresh (700ms)
  ✓  113 [webkit] › tests/journeys.spec.ts:62:91 › rankings stale (480ms)
  ✓  107 [webkit] › tests/journeys.spec.ts:33:1 › mobile and zoom reflow (2.4s)
  ✓  111 [webkit] › tests/journeys.spec.ts:56:1 › content remains browsable without JavaScript (1.8s)
  ✓  114 [webkit] › tests/journeys.spec.ts:62:91 › rankings empty (425ms)
  ✓  115 [webkit] › tests/journeys.spec.ts:62:91 › rankings invalid (513ms)
  ✓  116 [webkit] › tests/journeys.spec.ts:62:91 › rankings unavailable (583ms)
  ✓  117 [webkit] › tests/journeys.spec.ts:62:91 › rankings unsafe (656ms)
  ✓  119 [webkit] › tests/journeys.spec.ts:84:1 › search box has a visible label (503ms)
  ✓  118 [webkit] › tests/journeys.spec.ts:75:1 › dark mode follows the system and keeps the game look (921ms)
  ✓  120 [webkit] › tests/journeys.spec.ts:88:1 › phone navigation targets are thumb-sized (871ms)

  120 passed (1.0m)
