== export
Exported /home/bradley/glob2-rigfit/artifacts/export/worker-walk.gsk
Exported /home/bradley/glob2-rigfit/artifacts/export/worker-swim.gsk
Exported /home/bradley/glob2-rigfit/artifacts/export/worker-harvest.gsk
Exported /home/bradley/glob2-rigfit/artifacts/export/warrior-walk.gsk
Exported /home/bradley/glob2-rigfit/artifacts/export/warrior-swim.gsk
Exported /home/bradley/glob2-rigfit/artifacts/export/warrior-fight.gsk
Exported /home/bradley/glob2-rigfit/artifacts/export/explorer-fly.gsk
== validate staged
explorer-v1/fly: finite animated poses and shared UV/index topology verified
warrior-v2/walk: finite animated poses and shared UV/index topology verified
warrior-v2/swim: finite animated poses and shared UV/index topology verified
warrior-v2/fight: finite animated poses and shared UV/index topology verified
worker-v2/walk: finite animated poses and shared UV/index topology verified
worker-v2/swim: finite animated poses and shared UV/index topology verified
worker-v2/harvest: finite animated poses and shared UV/index topology verified
== install
worker-v2/walk: finite animated poses and shared UV/index topology verified
worker-v2/swim: finite animated poses and shared UV/index topology verified
worker-v2/harvest: finite animated poses and shared UV/index topology verified
warrior-v2/walk: finite animated poses and shared UV/index topology verified
warrior-v2/swim: finite animated poses and shared UV/index topology verified
warrior-v2/fight: finite animated poses and shared UV/index topology verified
explorer-v1/fly: finite animated poses and shared UV/index topology verified
== views
Warning: No mesh data to join
{"format": "GSK1", "experimental": true, "uvLayout": "swarm-v1", "source": "datasrc/gfx/buildings/swarm-trellis.glb", "sourceSha256": "c33fd3b6b54f977ac7a74be391a8ba719b5d340de9aee1517a73ade7cbaa7301", "sha256": "370e3a004ae605c54aeda4ec23b3064fc7865bca41997855c7cb07dd28f1bee6", "sourceTriangles": 198982, "reconstructedTriangles": 126008, "triangles": 1998, "vertices": 2253, "logicalSize": 96, "frames": 1, "cameraDirection": [6, -8, 10], "cameraFit": "90% square canvas", "turnDegrees": 0}

== thumbnails
usage: blender [-h] [--sprite-bundle SPRITE_BUNDLE] [--output OUTPUT]
               [--clip {worker-walk,worker-swim,worker-harvest,warrior-walk,warrior-swim,warrior-fight,explorer-fly,swarm}]
blender: error: unrecognized arguments: --background --factory-startup -t 1 --python-exit-code 1 --python tools/skins/studio_thumbnails.py
== validate installed
worker-swim.gsk: installed bytes, source, UV identity, bounds and normals verified
worker-walk.gsk: installed bytes, source, UV identity, bounds and normals verified
== shapes
worker-walk: 2898 vertices, 32+24 shapes, 1193164 bytes, rms 0.010 p95 0.020 max 0.113 normals median 0.4 p99 2.2 deg
worker-swim: 2898 vertices, 32+24 shapes, 1193164 bytes, rms 0.016 p95 0.020 max 0.612 normals median 0.3 p99 4.9 deg
worker-harvest: 2898 vertices, 32+24 shapes, 1193164 bytes, rms 0.011 p95 0.014 max 0.486 normals median 0.2 p99 4.6 deg
warrior-walk: 2514 vertices, 32+24 shapes, 1042636 bytes, rms 0.083 p95 0.149 max 1.537 normals median 1.3 p99 17.0 deg
warrior-swim: 2514 vertices, 32+24 shapes, 1042636 bytes, rms 0.083 p95 0.126 max 1.794 normals median 1.5 p99 16.7 deg
warrior-fight: 2514 vertices, 32+24 shapes, 1042636 bytes, rms 0.082 p95 0.138 max 1.669 normals median 1.0 p99 16.0 deg
== rigs
worker-walk: 2898 vertices, 29 bones, 317008 bytes, rms 0.216 p95 0.402 max 1.113 flipped faces max 201 strayed normals max 330
worker-swim: 2898 vertices, 29 bones, 317008 bytes, rms 0.310 p95 0.545 max 4.496 flipped faces max 434 strayed normals max 515
worker-harvest: 2898 vertices, 29 bones, 317008 bytes, rms 0.247 p95 0.475 max 2.707 flipped faces max 231 strayed normals max 424
warrior-walk: 2514 vertices, 21 bones, 266288 bytes, rms 0.276 p95 0.600 max 1.858 flipped faces max 217 strayed normals max 379
warrior-swim: 2514 vertices, 21 bones, 395312 bytes, rms 0.484 p95 1.125 max 4.383 flipped faces max 480 strayed normals max 603
warrior-fight: 2514 vertices, 21 bones, 266288 bytes, rms 0.263 p95 0.572 max 1.991 flipped faces max 208 strayed normals max 422
explorer-fly: 1330 vertices, 4 bones, 120700 bytes
== install candidates
installed worker-harvest.gsb (1193164 bytes, accepted=False)
installed worker-swim.gsb (1193164 bytes, accepted=False)
installed worker-walk.gsb (1193164 bytes, accepted=False)
installed warrior-fight.gsb (1042636 bytes, accepted=False)
installed warrior-swim.gsb (1042636 bytes, accepted=False)
installed warrior-walk.gsb (1042636 bytes, accepted=False)
installed worker-harvest.gsr (317008 bytes, accepted=False)
installed worker-swim.gsr (317008 bytes, accepted=False)
installed worker-walk.gsr (317008 bytes, accepted=False)
installed warrior-fight.gsr (266288 bytes, accepted=False)
installed warrior-swim.gsr (395312 bytes, accepted=False)
installed warrior-walk.gsr (266288 bytes, accepted=False)
installed explorer-fly.gsr (120700 bytes, accepted=False)
== asset tests

OK

OK

OK (skipped=1)
== done
exit 0
