
> glob2-online-website@0.1.0 build
> astro build && pagefind --site dist

20:59:35 [content] Syncing content
20:59:35 [content] Synced content
20:59:35 [types] Generated 1.10s
20:59:35 [build] output: "static"
20:59:35 [build] mode: "static"
20:59:35 [build] directory: /Users/bradley/glob2-online-website/dist/
20:59:35 [build] Collecting build info...
20:59:35 [build] ✓ Completed in 1.17s.
20:59:35 [build] Building static entrypoints...
20:59:36 [vite] ✓ built in 459ms
20:59:36 [vite] ✓ built in 51ms
20:59:36 [build] Rearranging server assets...

 generating static routes 
20:59:36   ├─ /404.html (+7ms) 
20:59:36   ├─ /archive/index.html (+3ms) 
20:59:36   ├─ /archive/legacy-strategy/index.html (+4ms) 
20:59:36   ├─ /archive/legacy-translations/index.html (+2ms) 
20:59:36   ├─ /community/index.html (+3ms) 
20:59:36   ├─ /competition/index.html (+3ms) 
20:59:36   ├─ /credits/index.html (+3ms) 
20:59:36   ├─ /design/colony/index.html (+4ms) 
20:59:36   ├─ /design/field-guide/index.html (+4ms) 
20:59:36   ├─ /downloads/index.html (+3ms) 
20:59:36   ├─ /events/index.html (+3ms) 
20:59:36   ├─ /game/index.html (+3ms) 
20:59:36   ├─ /history/index.html (+2ms) 
20:59:36   ├─ /history/project-history/index.html (+2ms) 
20:59:36   ├─ /learn/index.html (+2ms) 
20:59:36   ├─ /learn/browser-and-multiplayer/index.html (+1ms) 
20:59:36   ├─ /learn/defending-your-colony/index.html (+2ms) 
20:59:36   ├─ /learn/fruit-and-conversion/index.html (+2ms) 
20:59:36   ├─ /learn/getting-started/index.html (+1ms) 
20:59:36   ├─ /learn/jobs-and-flags/index.html (+2ms) 
20:59:36   ├─ /learn/sustainable-food/index.html (+2ms) 
20:59:36   ├─ /news/index.html (+2ms) 
20:59:36   ├─ /news/browser-development/index.html (+2ms) 
20:59:36   ├─ /privacy/index.html (+2ms) 
20:59:36   ├─ /search/index.html (+2ms) 
20:59:36   ├─ /index.html (+2ms) 
20:59:36 ✓ Completed in 91ms.

20:59:36 [build] ✓ Completed in 629ms.
20:59:36 [@astrojs/sitemap] `sitemap-index.xml` created at `dist`
20:59:36 [build] 26 page(s) built in 1.91s
20:59:36 [build] Complete!

Running Pagefind v1.5.2 (Extended)
Running from: "/Users/bradley/glob2-online-website"
Source:       "dist"
Output:       "dist/pagefind"

[Walking source directory]
Found 26 files matching **/*.{html}

[Parsing files]
Found a data-pagefind-body element on the site.
↳ Ignoring pages without this tag.

[Reading languages]
Discovered 1 language: en

[Building search indexes]
Total: 
  Indexed 1 language
  Indexed 23 pages
  Indexed 834 words
  Indexed 1 filter
  Indexed 0 sorts

┌─────────────────────────────────────────────────────────────────────────┐
│  Pagefind found references to the Default UI (pagefind-ui.js)           │
│  on your site. The Default UI is supported and will continue            │
│  to work.                                                               │
│                                                                         │
│  As of 1.5.0, if you are setting up a new integration, use the          │
│  Component UI instead. It includes a search modal, better               │
│  accessibility and customization: https://pagefind.app/docs/search-ui/  │
└─────────────────────────────────────────────────────────────────────────┘

Finished in 0.044 seconds
