TAP version 13
# Subtest: installs a package into the file system with byte progress
ok 1 - installs a package into the file system with byte progress
  ---
  duration_ms: 6.362347
  type: 'test'
  ...
# Subtest: a later package replaces a core file and is reported once to the game
ok 2 - a later package replaces a core file and is reported once to the game
  ---
  duration_ms: 0.821925
  type: 'test'
  ...
# Subtest: a later visit installs cached parts without the network
ok 3 - a later visit installs cached parts without the network
  ---
  duration_ms: 0.923914
  type: 'test'
  ...
# Subtest: optional parts wait for the page between downloads and appear only when complete
ok 4 - optional parts wait for the page between downloads and appear only when complete
  ---
  duration_ms: 8.791771
  type: 'test'
  ...
# Subtest: failed downloads are reported and leave nothing behind
ok 5 - failed downloads are reported and leave nothing behind
  ---
  duration_ms: 1.216942
  type: 'test'
  ...
# Subtest: a response of the wrong size is rejected
ok 6 - a response of the wrong size is rejected
  ---
  duration_ms: 0.460537
  type: 'test'
  ...
# Subtest: works without Cache Storage and prunes parts of older builds
ok 7 - works without Cache Storage and prunes parts of older builds
  ---
  duration_ms: 0.970733
  type: 'test'
  ...
# Subtest: progress follows transfer bytes when a part arrives compressed
ok 8 - progress follows transfer bytes when a part arrives compressed
  ---
  duration_ms: 0.802995
  type: 'test'
  ...
# Subtest: the loading page estimates remaining time from the rate so far
ok 9 - the loading page estimates remaining time from the rate so far
  ---
  duration_ms: 2.507464
  type: 'test'
  ...
# Subtest: on-demand requests share a load and throttle failed retries
ok 10 - on-demand requests share a load and throttle failed retries
  ---
  duration_ms: 6.501206
  type: 'test'
  ...
# Subtest: startup downloads core and game together and waits for both installations
ok 11 - startup downloads core and game together and waits for both installations
  ---
  duration_ms: 4.539729
  type: 'test'
  ...
# Subtest: audio activation ignores missing, running and closed contexts
ok 12 - audio activation ignores missing, running and closed contexts
  ---
  duration_ms: 2.331345
  type: 'test'
  ...
# Subtest: closing audio during a pending resume does not reject the gesture handler
ok 13 - closing audio during a pending resume does not reject the gesture handler
  ---
  duration_ms: 0.274888
  type: 'test'
  ...
# Subtest: activation failures are reported and the next gesture can retry
ok 14 - activation failures are reported and the next gesture can retry
  ---
  duration_ms: 2.259235
  type: 'test'
  ...
# Subtest: only Firefox closed-resume rejection is suppressed after game exit
ok 15 - only Firefox closed-resume rejection is suppressed after game exit
  ---
  duration_ms: 0.456697
  type: 'test'
  ...
# Subtest: accepts selected bytes without treating the extension as format validation
ok 16 - accepts selected bytes without treating the extension as format validation
  ---
  duration_ms: 2.703922
  type: 'test'
  ...
# Subtest: rejects paths, control characters, unsupported extensions and oversized inputs before reading
ok 17 - rejects paths, control characters, unsupported extensions and oversized inputs before reading
  ---
  duration_ms: 1.036293
  type: 'test'
  ...
# Subtest: rejects changed sizes and read failures
ok 18 - rejects changed sizes and read failures
  ---
  duration_ms: 0.656925
  type: 'test'
  ...
# Subtest: cancellation and disposal cannot publish late file contents
ok 19 - cancellation and disposal cannot publish late file contents
  ---
  duration_ms: 0.496886
  type: 'test'
  ...
# Subtest: a second selection cannot replace an in-flight read
ok 20 - a second selection cannot replace an in-flight read
  ---
  duration_ms: 0.316358
  type: 'test'
  ...
# Subtest: picker uses accepted extensions and releases its input on cancellation
ok 21 - picker uses accepted extensions and releases its input on cancellation
  ---
  duration_ms: 0.544376
  type: 'test'
  ...
# Subtest: disposing an open picker ignores its late change event
ok 22 - disposing an open picker ignores its late change event
  ---
  duration_ms: 0.373927
  type: 'test'
  ...
# Subtest: accepts gzip containers only for supported map and save types
ok 23 - accepts gzip containers only for supported map and save types
  ---
  duration_ms: 0.334307
  type: 'test'
  ...
# Subtest: fresh browser profiles use the game hosting origin
ok 24 - fresh browser profiles use the game hosting origin
  ---
  duration_ms: 3.923444
  type: 'test'
  ...
# Subtest: official cutover preserves credentials under their original origin
ok 25 - official cutover preserves credentials under their original origin
  ---
  duration_ms: 0.244948
  type: 'test'
  ...
# Subtest: custom selections and corrupt or future-version storage are left intact
ok 26 - custom selections and corrupt or future-version storage are left intact
  ---
  duration_ms: 0.274118
  type: 'test'
  ...
# Subtest: browser launches the selected mode with exact map and serving origin
ok 27 - browser launches the selected mode with exact map and serving origin
  ---
  duration_ms: 5.418744
  type: 'test'
  ...
# Subtest: invalid launches cannot select a different destination or malformed map
ok 28 - invalid launches cannot select a different destination or malformed map
  ---
  duration_ms: 0.315718
  type: 'test'
  ...
# Subtest: same-origin match replay receives hash-bound companion metadata
ok 29 - same-origin match replay receives hash-bound companion metadata
  ---
  duration_ms: 15.291178
  type: 'test'
  ...
# Subtest: external files, redirects and malformed match routes carry no instance authority
ok 30 - external files, redirects and malformed match routes carry no instance authority
  ---
  duration_ms: 5.701522
  type: 'test'
  ...
# Subtest: unavailable digest support never prevents replay download
ok 31 - unavailable digest support never prevents replay download
  ---
  duration_ms: 1.211452
  type: 'test'
  ...
# Subtest: coalesces writes and acknowledges only the completed generation
ok 32 - coalesces writes and acknowledges only the completed generation
  ---
  duration_ms: 2.890221
  type: 'test'
  ...
# Subtest: quota failure is retained, rejects completion, and allows an explicit retry
ok 33 - quota failure is retained, rejects completion, and allows an explicit retry
  ---
  duration_ms: 0.761695
  type: 'test'
  ...
# Subtest: restore failure cannot overwrite existing storage
ok 34 - restore failure cannot overwrite existing storage
  ---
  duration_ms: 0.626186
  type: 'test'
  ...
# Subtest: synchronous adapter errors reject the operation
ok 35 - synchronous adapter errors reject the operation
  ---
  duration_ms: 0.282668
  type: 'test'
  ...
# Subtest: redundant software canvas resizing preserves the presented pixels
ok 36 - redundant software canvas resizing preserves the presented pixels
  ---
  duration_ms: 4.45562
  type: 'test'
  ...
# Subtest: shared dimensions must already match before skipping the resize
ok 37 - shared dimensions must already match before skipping the resize
  ---
  duration_ms: 1.275441
  type: 'test'
  ...
# Subtest: GPU, transferred and unknown canvas requests retain SDK handling
ok 38 - GPU, transferred and unknown canvas requests retain SDK handling
  ---
  duration_ms: 3.469947
  type: 'test'
  ...
# Subtest: threaded software mode requires a successful shared-memory worker
ok 39 - threaded software mode requires a successful shared-memory worker
  ---
  duration_ms: 3.802994
  type: 'test'
  ...
# Subtest: serial fallback explains missing isolation, memory and worker support
ok 40 - serial fallback explains missing isolation, memory and worker support
  ---
  duration_ms: 0.779365
  type: 'test'
  ...
# Subtest: worker WebGL has an additional canvas-transfer requirement
ok 41 - worker WebGL has an additional canvas-transfer requirement
  ---
  duration_ms: 0.450467
  type: 'test'
  ...
# Subtest: actual pthread errors and silent startup stalls are observed, then detached
ok 42 - actual pthread errors and silent startup stalls are observed, then detached
  ---
  duration_ms: 0.938364
  type: 'test'
  ...
# Subtest: synchronous pthread creation errors reach fallback and retain their exception
ok 43 - synchronous pthread creation errors reach fallback and retain their exception
  ---
  duration_ms: 0.666765
  type: 'test'
  ...
# Subtest: persistence snapshots survive worker rename and byte changes during the database scan
ok 44 - persistence snapshots survive worker rename and byte changes during the database scan
  ---
  duration_ms: 2.91531
  type: 'test'
  ...
1..44
# tests 44
# suites 0
# pass 44
# fail 0
# cancelled 0
# skipped 0
# todo 0
# duration_ms 261.775362
