
> typecheck
> tsc -p tsconfig.json && tsc -p apps/web/tsconfig.json && tsc -p apps/web/e2e/tsconfig.json

