scons: Reading SConscript files ...
Checking whether the C compiler works... (cached) yes
Checking whether the C++ compiler works... (cached) yes
Checking for C library SDL3... (cached) yes
Checking for C library SDL3_ttf... (cached) yes
Checking for C library SDL3_image... (cached) yes
Checking for C library SDL3_net... (cached) yes
Checking for C library speex... (cached) yes
Checking for C++ header file speex/speex.h... (cached) yes
Checking for C library vorbisfile... (cached) yes
Checking for C library vorbis... (cached) yes
Checking for C library ogg... (cached) yes
Checking for C++ header file zlib.h... (cached) yes
Checking for C library z... (cached) yes
Checking for C++ header file regex.h... (cached) yes
Checking for C++ header file openssl/ssl.h... (cached) yes
Checking for C library ssl... (cached) yes
Checking for C library crypto... (cached) yes
Checking for C++ header file boost/beast/websocket.hpp... (cached) yes
Checking for C++ header file boost/asio/ssl.hpp... (cached) yes
Checking for C library GL... (cached) yes
Checking for C++ header file GL/gl.h... (cached) yes
Checking for C library GLU... (cached) yes
Checking for C++ header file GL/glu.h... (cached) yes
Checking for C library epoxy... (cached) yes
Checking for C++ header file epoxy/gl.h... (cached) yes
Checking for C library fribidi... (cached) yes
Checking for C++ header file fribidi/fribidi.h... (cached) yes
Checking for C library portaudio... (cached) no
scons: done reading SConscript files.
scons: Building targets ...
Generating build/native-coverage-repair/include/glob2/TestBuildProvenance.h
clang++-18 -o build/native-coverage-repair/test/engine-MapGeneratorDefaultsTest.o -c -g -O0 -fprofile-instr-generate -fcoverage-mapping -DGLOB2_TEST_COVERAGE -std=gnu++20 -Wall -fPIC -fno-access-control -DGLOB2_OFFICIAL_INSTANCE_ORIGIN=\"https://app.glob2online.com\" -DGLOB2_OFFICIAL_INSTANCE_FORMER_ORIGINS=\"https://glob2online.com\" -DHAVE_CONFIG_H -DSDL_MAIN_HANDLED -I/home/bradley/glob2-verify/integrator/sdl3/prefix/include -Ibuild/native-coverage-repair/include -Ilibgag/include -I. -Ilibusl/src -Isrc -Isrc/ai -Isrc/ai/maxima -Isrc/building -Isrc/game/entities -Isrc/gui -Isrc/map -Isrc/map/edit -Isrc/map/generator -Isrc/map/generator/core -Isrc/map/generator/generators -Isrc/map/generator/shared -Isrc/map/generator/shared/legacy -Isrc/map/generator/compatibility -Isrc/map/gradient -Isrc/map/io -Isrc/map/pathfind -Isrc/net -Isrc/net/lan -Isrc/net/message -Isrc/net/turn -Isrc/sgsl -Isrc/team -Isrc/unit -Isrc/online -Ithird_party/nlohmann-json/include -I/work/sdl3/prefix/include -Itest -Itest/support -Isrc/render -Ilibgag/src -Ithird_party/quickjs-ng test/MapGeneratorDefaultsTest.cpp
clang++-18 -o build/native-coverage-repair/test/engine-support_TestMain.o -c -g -O0 -fprofile-instr-generate -fcoverage-mapping -DGLOB2_TEST_COVERAGE -std=gnu++20 -Wall -fPIC -DGLOB2_OFFICIAL_INSTANCE_ORIGIN=\"https://app.glob2online.com\" -DGLOB2_OFFICIAL_INSTANCE_FORMER_ORIGINS=\"https://glob2online.com\" -DHAVE_CONFIG_H -DSDL_MAIN_HANDLED -I/home/bradley/glob2-verify/integrator/sdl3/prefix/include -Ibuild/native-coverage-repair/include -Ilibgag/include -I. -Ilibusl/src -Isrc -Isrc/ai -Isrc/ai/maxima -Isrc/building -Isrc/game/entities -Isrc/gui -Isrc/map -Isrc/map/edit -Isrc/map/generator -Isrc/map/generator/core -Isrc/map/generator/generators -Isrc/map/generator/shared -Isrc/map/generator/shared/legacy -Isrc/map/generator/compatibility -Isrc/map/gradient -Isrc/map/io -Isrc/map/pathfind -Isrc/net -Isrc/net/lan -Isrc/net/message -Isrc/net/turn -Isrc/sgsl -Isrc/team -Isrc/unit -Isrc/online -Ithird_party/nlohmann-json/include -I/work/sdl3/prefix/include -Itest -Itest/support -Isrc/render -Ilibgag/src -Ithird_party/quickjs-ng test/support/TestMain.cpp
test/MapGeneratorDefaultsTest.cpp:2:9: warning: 'SDL_MAIN_HANDLED' macro redefined [-Wmacro-redefined]
    2 | #define SDL_MAIN_HANDLED
      |         ^
<command line>:5:9: note: previous definition is here
    5 | #define SDL_MAIN_HANDLED 1
      |         ^
In file included from test/support/TestMain.cpp:12:
In file included from test/support/Glob2Test.h:8:
In file included from test/support/../third_party/doctest.h:499:
/bin/../lib/gcc/x86_64-linux-gnu/15/../../../../include/c++/15/ciso646:49:6: warning: "<ciso646> is not a standard header since C++20, use <version> to detect implementation-specific macros" [-W#warnings]
   49 | #    warning "<ciso646> is not a standard header since C++20, use <version> to detect implementation-specific macros"
      |      ^
In file included from test/MapGeneratorDefaultsTest.cpp:3:
In file included from src/CustomGameSetup.h:4:
In file included from src/GameHeader.h:6:
In file included from src/BasePlayer.h:9:
In file included from src/team/Team.h:16:
In file included from src/GameEvent.h:9:
In file included from libgag/include/GraphicContext.h:6:
libgag/include/SDLGraphicContext.h:520:16: warning: 'setRes' overrides a member function but is not marked 'override' [-Winconsistent-missing-override]
  520 |                 virtual void setRes(int w, int h) { setRes(w, h, optionFlags); }
      |                              ^
libgag/include/SDLGraphicContext.h:228:16: note: overridden virtual function is here
  228 |                 virtual void setRes(int w, int h);
      |                              ^
libgag/include/SDLGraphicContext.h:596:16: warning: 'setClipRect' overrides a member function but is not marked 'override' [-Winconsistent-missing-override]
  596 |                 virtual void setClipRect(int x, int y, int w, int h);
      |                              ^
libgag/include/SDLGraphicContext.h:230:16: note: overridden virtual function is here
  230 |                 virtual void setClipRect(int x, int y, int w, int h);
      |                              ^
libgag/include/SDLGraphicContext.h:597:16: warning: 'setClipRect' overrides a member function but is not marked 'override' [-Winconsistent-missing-override]
  597 |                 virtual void setClipRect(void);
      |                              ^
libgag/include/SDLGraphicContext.h:231:16: note: overridden virtual function is here
  231 |                 virtual void setClipRect(void);
      |                              ^
libgag/include/SDLGraphicContext.h:602:22: warning: 'nextFrame' overrides a member function but is not marked 'override' [-Winconsistent-missing-override]
  602 |         virtual void nextFrame(void);
      |                      ^
libgag/include/SDLGraphicContext.h:232:16: note: overridden virtual function is here
  232 |                 virtual void nextFrame(void) { flushTextPictures(); }
      |                              ^
libgag/include/SDLGraphicContext.h:604:16: warning: 'loadImage' overrides a member function but is not marked 'override' [-Winconsistent-missing-override]
  604 |                 virtual bool loadImage(const std::string name) { return false; }
      |                              ^
libgag/include/SDLGraphicContext.h:233:16: note: overridden virtual function is here
  233 |                 virtual bool loadImage(const std::string name);
      |                              ^
libgag/include/SDLGraphicContext.h:608:16: warning: 'shiftHSV' overrides a member function but is not marked 'override' [-Winconsistent-missing-override]
  608 |                 virtual void shiftHSV(float hue, float sat, float lum) { }
      |                              ^
libgag/include/SDLGraphicContext.h:234:16: note: overridden virtual function is here
  234 |                 virtual void shiftHSV(float hue, float sat, float lum);
      |                              ^
libgag/include/SDLGraphicContext.h:611:16: warning: 'canDrawStretchedSprite' overrides a member function but is not marked 'override' [-Winconsistent-missing-override]
  611 |                 virtual bool canDrawStretchedSprite(void) { return hasPortableRenderer() || (optionFlags & USEGPU) != 0; }
      |                              ^
libgag/include/SDLGraphicContext.h:252:16: note: overridden virtual function is here
  252 |                 virtual bool canDrawStretchedSprite(void) { return false; }
      |                              ^
libgag/include/SDLGraphicContext.h:613:16: warning: 'drawPixel' overrides a member function but is not marked 'override' [-Winconsistent-missing-override]
  613 |                 virtual void drawPixel(int x, int y, const Color& color);
      |                              ^
libgag/include/SDLGraphicContext.h:255:16: note: overridden virtual function is here
  255 |                 virtual void drawPixel(int x, int y, const Color& color);
      |                              ^
libgag/include/SDLGraphicContext.h:614:16: warning: 'drawPixel' overrides a member function but is not marked 'override' [-Winconsistent-missing-override]
  614 |                 virtual void drawPixel(float x, float y, const Color& color);
      |                              ^
libgag/include/SDLGraphicContext.h:256:16: note: overridden virtual function is here
  256 |                 virtual void drawPixel(float x, float y, const Color& color);
      |                              ^
libgag/include/SDLGraphicContext.h:616:16: warning: 'drawRect' overrides a member function but is not marked 'override' [-Winconsistent-missing-override]
  616 |                 virtual void drawRect(int x, int y, int w, int h, const Color& color);
      |                              ^
libgag/include/SDLGraphicContext.h:258:16: note: overridden virtual function is here
  258 |                 virtual void drawRect(int x, int y, int w, int h, const Color& color);
      |                              ^
libgag/include/SDLGraphicContext.h:617:16: warning: 'drawRect' overrides a member function but is not marked 'override' [-Winconsistent-missing-override]
  617 |                 virtual void drawRect(float x, float y, float w, float h, const Color& color);
      |                              ^
libgag/include/SDLGraphicContext.h:259:16: note: overridden virtual function is here
  259 |                 virtual void drawRect(float x, float y, float w, float h, const Color& color);
      |                              ^
libgag/include/SDLGraphicContext.h:619:16: warning: 'drawFilledRect' overrides a member function but is not marked 'override' [-Winconsistent-missing-override]
  619 |                 virtual void drawFilledRect(int x, int y, int w, int h, const Color& color);
      |                              ^
libgag/include/SDLGraphicContext.h:261:16: note: overridden virtual function is here
  261 |                 virtual void drawFilledRect(int x, int y, int w, int h, const Color& color);
      |                              ^
libgag/include/SDLGraphicContext.h:620:16: warning: 'drawFilledRect' overrides a member function but is not marked 'override' [-Winconsistent-missing-override]
  620 |                 virtual void drawFilledRect(float x, float y, float w, float h, const Color& color);
      |                              ^
libgag/include/SDLGraphicContext.h:262:16: note: overridden virtual function is here
  262 |                 virtual void drawFilledRect(float x, float y, float w, float h, const Color& color);
      |                              ^
libgag/include/SDLGraphicContext.h:622:16: warning: 'drawLine' overrides a member function but is not marked 'override' [-Winconsistent-missing-override]
  622 |                 virtual void drawLine(int x1, int y1, int x2, int y2, const Color& color);
      |                              ^
libgag/include/SDLGraphicContext.h:264:16: note: overridden virtual function is here
  264 |                 virtual void drawLine(int x1, int y1, int x2, int y2, const Color& color);
      |                              ^
libgag/include/SDLGraphicContext.h:623:16: warning: 'drawLine' overrides a member function but is not marked 'override' [-Winconsistent-missing-override]
  623 |                 virtual void drawLine(float x1, float y1, float x2, float y2, const Color& color);
      |                              ^
libgag/include/SDLGraphicContext.h:265:16: note: overridden virtual function is here
  265 |                 virtual void drawLine(float x1, float y1, float x2, float y2, const Color& color);
      |                              ^
libgag/include/SDLGraphicContext.h:625:16: warning: 'drawCircle' overrides a member function but is not marked 'override' [-Winconsistent-missing-override]
  625 |                 virtual void drawCircle(int x, int y, int radius, const Color& color);
      |                              ^
libgag/include/SDLGraphicContext.h:267:16: note: overridden virtual function is here
  267 |                 virtual void drawCircle(int x, int y, int radius, const Color& color);
      |                              ^
libgag/include/SDLGraphicContext.h:626:16: warning: 'drawCircle' overrides a member function but is not marked 'override' [-Winconsistent-missing-override]
  626 |                 virtual void drawCircle(float x, float y, float radius, const Color& color);
      |                              ^
libgag/include/SDLGraphicContext.h:268:16: note: overridden virtual function is here
  268 |                 virtual void drawCircle(float x, float y, float radius, const Color& color);
      |                              ^
libgag/include/SDLGraphicContext.h:628:16: warning: 'drawSurface' overrides a member function but is not marked 'override' [-Winconsistent-missing-override]
  628 |                 virtual void drawSurface(int x, int y, DrawableSurface *surface, Uint8 alpha = Color::ALPHA_OPAQUE);
      |                              ^
libgag/include/SDLGraphicContext.h:270:16: note: overridden virtual function is here
  270 |                 virtual void drawSurface(int x, int y, DrawableSurface *surface, Uint8 alpha = Color::ALPHA_OPAQUE);
      |                              ^
libgag/include/SDLGraphicContext.h:629:16: warning: 'drawSurface' overrides a member function but is not marked 'override' [-Winconsistent-missing-override]
  629 |                 virtual void drawSurface(float x, float y, DrawableSurface *surface, Uint8 alpha = Color::ALPHA_OPAQUE);
      |                              ^
libgag/include/SDLGraphicContext.h:271:16: note: overridden virtual function is here
  271 |                 virtual void drawSurface(float x, float y, DrawableSurface *surface, Uint8 alpha = Color::ALPHA_OPAQUE);
      |                              ^
libgag/include/SDLGraphicContext.h:631:16: warning: 'drawSurface' overrides a member function but is not marked 'override' [-Winconsistent-missing-override]
  631 |                 virtual void drawSurface(int x, int y, int w, int h, DrawableSurface *surface, Uint8 alpha = Color::ALPHA_OPAQUE);
      |                              ^
libgag/include/SDLGraphicContext.h:273:16: note: overridden virtual function is here
  273 |                 virtual void drawSurface(int x, int y, int w, int h, DrawableSurface *surface, Uint8 alpha = Color::ALPHA_OPAQUE);
      |                              ^
libgag/include/SDLGraphicContext.h:632:16: warning: 'drawSurface' overrides a member function but is not marked 'override' [-Winconsistent-missing-override]
  632 |                 virtual void drawSurface(float x, float y, float w, float h, DrawableSurface *surface, Uint8 alpha = Color::ALPHA_OPAQUE);
      |                              ^
libgag/include/SDLGraphicContext.h:274:16: note: overridden virtual function is here
  274 |                 virtual void drawSurface(float x, float y, float w, float h, DrawableSurface *surface, Uint8 alpha = Color::ALPHA_OPAQUE);
      |                              ^
libgag/include/SDLGraphicContext.h:634:16: warning: 'drawSurface' overrides a member function but is not marked 'override' [-Winconsistent-missing-override]
  634 |                 virtual void drawSurface(int x, int y, DrawableSurface *surface, int sx, int sy, int sw, int sh, Uint8 alpha = Color::ALPHA_OPAQUE);
      |                              ^
libgag/include/SDLGraphicContext.h:276:16: note: overridden virtual function is here
  276 |                 virtual void drawSurface(int x, int y, DrawableSurface *surface, int sx, int sy, int sw, int sh, Uint8 alpha = Color::ALPHA_OPAQUE);
      |                              ^
libgag/include/SDLGraphicContext.h:635:16: warning: 'drawSurface' overrides a member function but is not marked 'override' [-Winconsistent-missing-override]
  635 |                 virtual void drawSurface(float x, float y, DrawableSurface *surface, int sx, int sy, int sw, int sh, Uint8 alpha = Color::ALPHA_OPAQUE);
      |                              ^
libgag/include/SDLGraphicContext.h:277:16: note: overridden virtual function is here
  277 |                 virtual void drawSurface(float x, float y, DrawableSurface *surface, int sx, int sy, int sw, int sh, Uint8 alpha = Color::ALPHA_OPAQUE);
      |                              ^
libgag/include/SDLGraphicContext.h:637:16: warning: 'drawSurface' overrides a member function but is not marked 'override' [-Winconsistent-missing-override]
  637 |                 virtual void drawSurface(int x, int y, int w, int h, DrawableSurface *surface, int sx, int sy, int sw, int sh,  Uint8 alpha = Color::ALPHA_OPAQUE);
      |                              ^
libgag/include/SDLGraphicContext.h:279:16: note: overridden virtual function is here
  279 |                 virtual void drawSurface(int x, int y, int w, int h, DrawableSurface *surface, int sx, int sy, int sw, int sh,  Uint8 alpha = Color::ALPHA_OPAQUE);
      |                              ^
libgag/include/SDLGraphicContext.h:638:16: warning: 'drawSurface' overrides a member function but is not marked 'override' [-Winconsistent-missing-override]
  638 |                 virtual void drawSurface(float x, float y, float w, float h, DrawableSurface *surface, int sx, int sy, int sw, int sh, Uint8 alpha = Color::ALPHA_OPAQUE);
      |                              ^
libgag/include/SDLGraphicContext.h:280:16: note: overridden virtual function is here
  280 |                 virtual void drawSurface(float x, float y, float w, float h, DrawableSurface *surface, int sx, int sy, int sw, int sh, Uint8 alpha = Color::ALPHA_OPAQUE);
      |                              ^
libgag/include/SDLGraphicContext.h:661:16: warning: 'drawAlphaMap' overrides a member function but is not marked 'override' [-Winconsistent-missing-override]
  661 |                 virtual void drawAlphaMap(const std::valarray<float> &map, int mapW, int mapH, int x, int y, int cellW, int cellH, const Color &color);
      |                              ^
libgag/include/SDLGraphicContext.h:293:16: note: overridden virtual function is here
  293 |                 virtual void drawAlphaMap(const std::valarray<float> &map, int mapW, int mapH, int x, int y, int cellW, int cellH, const Color &color);
      |                              ^
libgag/include/SDLGraphicContext.h:662:16: warning: 'drawAlphaMap' overrides a member function but is not marked 'override' [-Winconsistent-missing-override]
  662 |                 virtual void drawAlphaMap(const std::valarray<unsigned char> &map, int mapW, int mapH, int x, int y, int cellW, int cellH, const Color &color);
      |                              ^
libgag/include/SDLGraphicContext.h:294:16: note: overridden virtual function is here
  294 |                 virtual void drawAlphaMap(const std::valarray<unsigned char> &map, int mapW, int mapH, int x, int y, int cellW, int cellH, const Color &color);
      |                              ^
libgag/include/SDLGraphicContext.h:665:16: warning: 'drawPixel' overrides a member function but is not marked 'override' [-Winconsistent-missing-override]
  665 |                 virtual void drawPixel(int x, int y, Uint8 r, Uint8 g, Uint8 b, Uint8 a = Color::ALPHA_OPAQUE);
      |                              ^
libgag/include/SDLGraphicContext.h:297:16: note: overridden virtual function is here
  297 |                 virtual void drawPixel(int x, int y, Uint8 r, Uint8 g, Uint8 b, Uint8 a = Color::ALPHA_OPAQUE);
      |                              ^
libgag/include/SDLGraphicContext.h:666:16: warning: 'drawRect' overrides a member function but is not marked 'override' [-Winconsistent-missing-override]
  666 |                 virtual void drawRect(int x, int y, int w, int h, Uint8 r, Uint8 g, Uint8 b, Uint8 a = Color::ALPHA_OPAQUE);
      |                              ^
libgag/include/SDLGraphicContext.h:298:16: note: overridden virtual function is here
  298 |                 virtual void drawRect(int x, int y, int w, int h, Uint8 r, Uint8 g, Uint8 b, Uint8 a = Color::ALPHA_OPAQUE);
      |                              ^
libgag/include/SDLGraphicContext.h:667:16: warning: 'drawFilledRect' overrides a member function but is not marked 'override' [-Winconsistent-missing-override]
  667 |                 virtual void drawFilledRect(int x, int y, int w, int h, Uint8 r, Uint8 g, Uint8 b, Uint8 a = Color::ALPHA_OPAQUE);
      |                              ^
libgag/include/SDLGraphicContext.h:299:16: note: overridden virtual function is here
  299 |                 virtual void drawFilledRect(int x, int y, int w, int h, Uint8 r, Uint8 g, Uint8 b, Uint8 a = Color::ALPHA_OPAQUE);
      |                              ^
libgag/include/SDLGraphicContext.h:668:16: warning: 'drawVertLine' overrides a member function but is not marked 'override' [-Winconsistent-missing-override]
  668 |                 virtual void drawVertLine(int x, int y, int l, Uint8 r, Uint8 g, Uint8 b, Uint8 a = Color::ALPHA_OPAQUE);
      |                              ^
libgag/include/SDLGraphicContext.h:300:16: note: overridden virtual function is here
  300 |                 virtual void drawVertLine(int x, int y, int l, Uint8 r, Uint8 g, Uint8 b, Uint8 a = Color::ALPHA_OPAQUE);
      |                              ^
libgag/include/SDLGraphicContext.h:669:16: warning: 'drawVertLine' overrides a member function but is not marked 'override' [-Winconsistent-missing-override]
  669 |                 virtual void drawVertLine(int x, int y, int l, const Color& color);
      |                              ^
libgag/include/SDLGraphicContext.h:301:16: note: overridden virtual function is here
  301 |                 virtual void drawVertLine(int x, int y, int l, const Color& color);
      |                              ^
libgag/include/SDLGraphicContext.h:670:16: warning: 'drawHorzLine' overrides a member function but is not marked 'override' [-Winconsistent-missing-override]
  670 |                 virtual void drawHorzLine(int x, int y, int l, Uint8 r, Uint8 g, Uint8 b, Uint8 a = Color::ALPHA_OPAQUE);
      |                              ^
libgag/include/SDLGraphicContext.h:302:16: note: overridden virtual function is here
  302 |                 virtual void drawHorzLine(int x, int y, int l, Uint8 r, Uint8 g, Uint8 b, Uint8 a = Color::ALPHA_OPAQUE);
      |                              ^
libgag/include/SDLGraphicContext.h:671:16: warning: 'drawHorzLine' overrides a member function but is not marked 'override' [-Winconsistent-missing-override]
  671 |                 virtual void drawHorzLine(int x, int y, int l, const Color& color);
      |                              ^
libgag/include/SDLGraphicContext.h:303:16: note: overridden virtual function is here
  303 |                 virtual void drawHorzLine(int x, int y, int l, const Color& color);
      |                              ^
libgag/include/SDLGraphicContext.h:672:16: warning: 'drawLine' overrides a member function but is not marked 'override' [-Winconsistent-missing-override]
  672 |                 virtual void drawLine(int x1, int y1, int x2, int y2, Uint8 r, Uint8 g, Uint8 b, Uint8 a = Color::ALPHA_OPAQUE);
      |                              ^
libgag/include/SDLGraphicContext.h:304:16: note: overridden virtual function is here
  304 |                 virtual void drawLine(int x1, int y1, int x2, int y2, Uint8 r, Uint8 g, Uint8 b, Uint8 a = Color::ALPHA_OPAQUE);
      |                              ^
libgag/include/SDLGraphicContext.h:673:16: warning: 'drawCircle' overrides a member function but is not marked 'override' [-Winconsistent-missing-override]
  673 |                 virtual void drawCircle(int x, int y, int radius, Uint8 r, Uint8 g, Uint8 b, Uint8 a = Color::ALPHA_OPAQUE);
      |                              ^
libgag/include/SDLGraphicContext.h:305:16: note: overridden virtual function is here
  305 |                 virtual void drawCircle(int x, int y, int radius, Uint8 r, Uint8 g, Uint8 b, Uint8 a = Color::ALPHA_OPAQUE);
      |                              ^
In file included from test/MapGeneratorDefaultsTest.cpp:16:
In file included from test/support/EngineFixtures.h:6:
In file included from test/support/Glob2Test.h:8:
In file included from test/support/../third_party/doctest.h:499:
/bin/../lib/gcc/x86_64-linux-gnu/15/../../../../include/c++/15/ciso646:49:6: warning: "<ciso646> is not a standard header since C++20, use <version> to detect implementation-specific macros" [-W#warnings]
   49 | #    warning "<ciso646> is not a standard header since C++20, use <version> to detect implementation-specific macros"
      |      ^
1 warning generated.
38 warnings generated.
clang++-18 -o build/native-coverage-repair/test/glob2-engine-tests -g -fprofile-instr-generate -Wl,-rpath,$ORIGIN/../lib/glob2 -Wall -Wl,-rpath,/work/sdl3/prefix/lib -Wl,--enable-new-dtags -Wl,-rpath=/home/bradley/glob2-verify/integrator/sdl3/prefix/lib build/native-coverage-repair/test/engine-support_TestMain.o build/native-coverage-repair/test/engine-support_Glob2Test.o build/native-coverage-repair/test/engine-support_GlobalContainerSlot.o build/native-coverage-repair/test/engine-support_EngineFixtures.o build/native-coverage-repair/test/engine-LegacyAIStateTest.o build/native-coverage-repair/test/engine-AIStateContinuationTest.o build/native-coverage-repair/test/engine-ScreenExecutionHarness.o build/native-coverage-repair/test/engine-AIRecoveryCoverageTest.o build/native-coverage-repair/test/engine-GameplayRecordingIntegrationTest.o build/native-coverage-repair/test/engine-GUIInteractionCoverageTest.o build/native-coverage-repair/test/engine-GUIOrderCoverageTest.o build/native-coverage-repair/test/engine-EditorActionCoverageTest.o build/native-coverage-repair/test/engine-LegacyAreaWaitTest.o build/native-coverage-repair/test/engine-LegacyScriptCoverageTest.o build/native-coverage-repair/test/engine-AIDecisionCoverageTest.o build/native-coverage-repair/test/engine-AITargetTelemetryTest.o build/native-coverage-repair/test/engine-CastorContinuationTest.o build/native-coverage-repair/test/engine-CortexNetCoverageTest.o build/native-coverage-repair/test/engine-CortexActionCoverageTest.o build/native-coverage-repair/test/engine-CortexPolicyCoverageTest.o build/native-coverage-repair/test/engine-ScriptCompatibilityTest.o build/native-coverage-repair/test/engine-ScriptIntegrationTest.o build/native-coverage-repair/test/engine-HiveIntegrationTest.o build/native-coverage-repair/test/engine-ScriptPresentationTest.o build/native-coverage-repair/test/engine-ScriptEditorTest.o build/native-coverage-repair/test/engine-ScriptRealisticTest.o build/native-coverage-repair/test/engine-ScriptSessionTest.o build/native-coverage-repair/test/engine-ScriptSimulationTest.o build/native-coverage-repair/test/engine-BuildingExpelHarness.o build/native-coverage-repair/test/engine-BuildingGradientInvalidationHarness.o build/native-coverage-repair/test/engine-FetchApportionmentHarness.o build/native-coverage-repair/test/engine-GameGUISelectionHarness.o build/native-coverage-repair/test/engine-SceneExtractTest.o build/native-coverage-repair/test/engine-GameDiagnosticsTest.o build/native-coverage-repair/test/engine-WinProbabilityTest.o build/native-coverage-repair/test/engine-ClientChannelsTest.o build/native-coverage-repair/test/engine-HiringBucketHarness.o build/native-coverage-repair/test/engine-HungryDefeatHarness.o build/native-coverage-repair/test/engine-ImmobileUnitGradientHarness.o build/native-coverage-repair/test/engine-InnSwapHarness.o build/native-coverage-repair/test/engine-LevelGateHarness.o build/native-coverage-repair/test/engine-ResourceFetchTargetHarness.o build/native-coverage-repair/test/engine-RoundTripHungerGateHarness.o build/native-coverage-repair/test/engine-TerrainResourcesHarness.o build/native-coverage-repair/test/engine-LockstepSessionTest.o build/native-coverage-repair/test/engine-OrderValidationTest.o build/native-coverage-repair/test/engine-MatchSetupTest.o build/native-coverage-repair/test/engine-TurnEngineHarness.o build/native-coverage-repair/test/engine-LanIdentityTest.o build/native-coverage-repair/test/engine-LanMatchHarness.o build/native-coverage-repair/test/engine-AISavePortabilityHarness.o build/native-coverage-repair/test/engine-BuildingFootprintHarness.o build/native-coverage-repair/test/engine-MapTilingHarness.o build/native-coverage-repair/test/engine-ClearingFlagGradientTest.o build/native-coverage-repair/test/engine-CortexGeometryHarness.o build/native-coverage-repair/test/engine-EnteringUnitSaveHarness.o build/native-coverage-repair/test/engine-MapGradientInvalidationTest.o build/native-coverage-repair/test/engine-NicowarFarmingHarness.o build/native-coverage-repair/test/engine-RuntimeContinuationTest.o build/native-coverage-repair/test/engine-SharedWorkerLifecycleTest.o build/native-coverage-repair/test/engine-TrappedUnitLifecycleTest.o build/native-coverage-repair/test/engine-UnitContinuationHarness.o build/native-coverage-repair/test/engine-SavegameSafetyHarness.o build/native-coverage-repair/test/engine-UntrustedFilesTest.o build/native-coverage-repair/test/engine-TournamentCompatibilityTest.o build/native-coverage-repair/test/engine-maxima_MaximaRelocationIntegrationTest.o build/native-coverage-repair/test/engine-CombGeneratorTest.o build/native-coverage-repair/test/engine-OrchardCommonsConversionTest.o build/native-coverage-repair/test/engine-PortableGameHarness.o build/native-coverage-repair/test/engine-TeamStatsSaveHarness.o build/native-coverage-repair/test/engine-TeamLabourStatsTest.o build/native-coverage-repair/test/engine-EngineSessionHarness.o build/native-coverage-repair/test/engine-TurnNetConnectionTest.o build/native-coverage-repair/test/engine-RelayTransportTest.o build/native-coverage-repair/test/engine-OnlineResultTest.o build/native-coverage-repair/test/engine-online_OnlineScreenLifetimeTest.o build/native-coverage-repair/test/engine-online_PlatformRoomTest.o build/native-coverage-repair/test/engine-online_OnlineServicesTest.o build/native-coverage-repair/test/engine-WssBackpressureTest.o build/native-coverage-repair/test/engine-MapRenderResizeHarness.o build/native-coverage-repair/test/engine-PointBarRenderTest.o build/native-coverage-repair/test/engine-maxima_MaximaCombatIntegrationTest.o build/native-coverage-repair/test/engine-maxima_MaximaDiagnosticsTest.o build/native-coverage-repair/test/engine-maxima_MaximaDirectorRegressionTest.o build/native-coverage-repair/test/engine-maxima_MaximaEconomyRegressionTest.o build/native-coverage-repair/test/engine-maxima_MaximaFarmingIntegrationTest.o build/native-coverage-repair/test/engine-maxima_MaximaImplementationIntegrationTest.o build/native-coverage-repair/test/engine-maxima_MaximaLifecycleTest.o build/native-coverage-repair/test/engine-maxima_MaximaStrategyTest.o build/native-coverage-repair/test/engine-DrawableSurfaceBlendTest.o build/native-coverage-repair/test/engine-FontKerningTest.o build/native-coverage-repair/test/engine-OnlineWordingTest.o build/native-coverage-repair/test/engine-EnteringUnitDrawHarness.o build/native-coverage-repair/test/engine-FailingUnitMarkersHarness.o build/native-coverage-repair/test/engine-FullscreenAspectHarness.o build/native-coverage-repair/test/engine-HighResolutionIntegrationHarness.o build/native-coverage-repair/test/engine-PortableRendererHarness.o build/native-coverage-repair/test/engine-SoftwareRendererTest.o build/native-coverage-repair/test/engine-RuntimePackCheck.o build/native-coverage-repair/test/engine-TextRasterHarness.o build/native-coverage-repair/test/engine-TorusRenderIntegrationTest.o build/native-coverage-repair/test/engine-UnitHighResolutionCacheTest.o build/native-coverage-repair/test/engine-UnitTeamColorCacheTest.o build/native-coverage-repair/test/engine-UnitTeamShaderTest.o build/native-coverage-repair/test/engine-WindowResizeHarness.o build/native-coverage-repair/test/engine-SettingsScreenTest.o build/native-coverage-repair/test/engine-SettingsGraphicsTest.o build/native-coverage-repair/test/engine-SettingsExperimentsTest.o build/native-coverage-repair/test/engine-SystemLanguageTest.o build/native-coverage-repair/test/engine-GuardAreaBalanceTest.o build/native-coverage-repair/test/engine-FarmAreaTest.o build/native-coverage-repair/test/engine-GameSpeedTest.o build/native-coverage-repair/test/engine-UIPresentationHarness.o build/native-coverage-repair/test/engine-UIIconsTest.o build/native-coverage-repair/test/engine-GameGUITouchHarness.o build/native-coverage-repair/test/engine-CustomGameSetupHarness.o build/native-coverage-repair/test/engine-TeamLimitTest.o build/native-coverage-repair/test/engine-MapPreviewHarness.o build/native-coverage-repair/test/engine-MapGeneratorDefaultsTest.o build/native-coverage-repair/src/ai/castor/Control.o build/native-coverage-repair/src/ai/castor/GetOrder.o build/native-coverage-repair/src/ai/castor/Lifecycle.o build/native-coverage-repair/src/ai/castor/Maps.o build/native-coverage-repair/src/ai/castor/Placement.o build/native-coverage-repair/src/ai/castor/Projects.o build/native-coverage-repair/src/ai/castor/State.o build/native-coverage-repair/src/ai/maxima/AIMaxima.o build/native-coverage-repair/src/ai/maxima/AIMaximaState.o build/native-coverage-repair/src/ai/maxima/AIMaximaCombat.o build/native-coverage-repair/src/ai/maxima/AIMaximaDefense.o build/native-coverage-repair/src/ai/maxima/AIMaximaFarming.o build/native-coverage-repair/src/ai/maxima/AIMaximaFarmingPolicy.o build/native-coverage-repair/src/ai/maxima/AIMaximaFoodLedger.o build/native-coverage-repair/src/ai/maxima/AIMaximaPlacement.o build/native-coverage-repair/src/ai/maxima/AIMaximaRecon.o build/native-coverage-repair/src/ai/maxima/AIMaximaForceModel.o build/native-coverage-repair/src/ai/maxima/AIMaximaRuntime.o build/native-coverage-repair/src/ai/maxima/AIMaximaStrategy.o build/native-coverage-repair/src/ai/maxima/AIMaximaTactics.o build/native-coverage-repair/src/ai/AI.o build/native-coverage-repair/src/ai/AITelemetry.o build/native-coverage-repair/src/ai/AITelemetryAdapters.o build/native-coverage-repair/src/ai/shared_runtime/BuildingOrder.o build/native-coverage-repair/src/ai/shared_runtime/BuildingRegister.o build/native-coverage-repair/src/ai/shared_runtime/Conditions.o build/native-coverage-repair/src/ai/shared_runtime/ConditionsBuilding.o build/native-coverage-repair/src/ai/shared_runtime/ConditionsPopulation.o build/native-coverage-repair/src/ai/shared_runtime/ConditionsTracker.o build/native-coverage-repair/src/ai/shared_runtime/Construction.o build/native-coverage-repair/src/ai/shared_runtime/ConstructionConstraints.o build/native-coverage-repair/src/ai/shared_runtime/Runtime.o build/native-coverage-repair/src/ai/shared_runtime/RuntimeSerialization.o build/native-coverage-repair/src/ai/shared_runtime/Entities.o build/native-coverage-repair/src/ai/shared_runtime/EntitiesBuilding.o build/native-coverage-repair/src/ai/shared_runtime/EntitiesResource.o build/native-coverage-repair/src/ai/shared_runtime/EntitiesTerrain.o build/native-coverage-repair/src/ai/shared_runtime/Gradient.o build/native-coverage-repair/src/ai/shared_runtime/GradientBFS.o build/native-coverage-repair/src/ai/shared_runtime/Management.o build/native-coverage-repair/src/ai/shared_runtime/ManagementFlag.o build/native-coverage-repair/src/ai/shared_runtime/ManagementMisc.o build/native-coverage-repair/src/ai/shared_runtime/ManagementOrderBase.o build/native-coverage-repair/src/ai/shared_runtime/ManagementTracker.o build/native-coverage-repair/src/ai/shared_runtime/MapInfo.o build/native-coverage-repair/src/ai/shared_runtime/Econo.o build/native-coverage-repair/src/ai/shared_runtime/EconoBuilding.o build/native-coverage-repair/src/ai/shared_runtime/EconoFlags.o build/native-coverage-repair/src/ai/shared_runtime/SearchTools.o build/native-coverage-repair/src/ai/AINames.o build/native-coverage-repair/src/ai/nicowar/Attack.o build/native-coverage-repair/src/ai/nicowar/Buildings.o build/native-coverage-repair/src/ai/nicowar/Farming.o build/native-coverage-repair/src/ai/nicowar/Flags.o build/native-coverage-repair/src/ai/nicowar/Lifecycle.o build/native-coverage-repair/src/ai/nicowar/Phases.o build/native-coverage-repair/src/ai/nicowar/Strategy.o build/native-coverage-repair/src/ai/nicowar/Upgrade.o build/native-coverage-repair/src/ai/AINull.o build/native-coverage-repair/src/ai/AINumbi.o build/native-coverage-repair/src/ai/AINumbiEconomy.o build/native-coverage-repair/src/ai/AINumbiMilitary.o build/native-coverage-repair/src/ai/AINumbiPlacement.o build/native-coverage-repair/src/ai/AIWarrush.o build/native-coverage-repair/src/ai/AICabino.o build/native-coverage-repair/src/ai/cortex/CortexObservation.o build/native-coverage-repair/src/ai/cortex/CortexObservationObserve.o build/native-coverage-repair/src/ai/cortex/CortexPlacement.o build/native-coverage-repair/src/ai/cortex/CortexPlacementCandidates.o build/native-coverage-repair/src/ai/cortex/CortexPlacementGeo.o build/native-coverage-repair/src/ai/cortex/CortexPolicy.o build/native-coverage-repair/src/ai/cortex/CortexPolicyEconomy.o build/native-coverage-repair/src/ai/cortex/CortexPolicyTech.o build/native-coverage-repair/src/ai/cortex/CortexPolicyCombat.o build/native-coverage-repair/src/ai/cortex/CortexTuning.o build/native-coverage-repair/src/ai/cortex/CortexWheat.o build/native-coverage-repair/src/ai/cortex/CortexWater.o build/native-coverage-repair/src/ai/cortex/CortexNet.o build/native-coverage-repair/src/ai/cortex/AICortex.o build/native-coverage-repair/src/ai/cortex/AICortexFlags.o build/native-coverage-repair/src/ai/cortex/AICortexTranslate.o build/native-coverage-repair/src/ai/cortex/AICortexDebug.o build/native-coverage-repair/src/BasePlayer.o build/native-coverage-repair/src/BaseTeam.o build/native-coverage-repair/src/BitArray.o build/native-coverage-repair/src/Brush.o build/native-coverage-repair/src/BrushCoverage.o build/native-coverage-repair/src/building/Lifecycle.o build/native-coverage-repair/src/building/Construction.o build/native-coverage-repair/src/building/Update.o build/native-coverage-repair/src/building/Step.o build/native-coverage-repair/src/building/TypeSteps.o build/native-coverage-repair/src/building/Misc.o build/native-coverage-repair/src/game/entities/Buildings.o build/native-coverage-repair/src/game/entities/BuildingTypesColony.o build/native-coverage-repair/src/game/entities/BuildingTypesDefence.o build/native-coverage-repair/src/game/entities/BuildingTypesFlags.o build/native-coverage-repair/src/game/entities/BuildingTypesUpgrade.o build/native-coverage-repair/src/ChecksumSidecar.o build/native-coverage-repair/src/DatasetWriter.o build/native-coverage-repair/src/building/BuildingUtils.o build/native-coverage-repair/src/Bullet.o build/native-coverage-repair/src/Campaign.o build/native-coverage-repair/src/CampaignEditor.o build/native-coverage-repair/src/CampaignMainMenu.o build/native-coverage-repair/src/CampaignMenuScreen.o build/native-coverage-repair/src/CampaignSelectorScreen.o build/native-coverage-repair/src/ChooseMapScreen.o build/native-coverage-repair/src/CreditScreen.o build/native-coverage-repair/src/CustomGameOtherOptions.o build/native-coverage-repair/src/CustomGameRules.o build/native-coverage-repair/src/CustomGameScreen.o build/native-coverage-repair/src/DynamicClouds.o build/native-coverage-repair/src/EditorMainMenu.o build/native-coverage-repair/src/EndGameScreen.o build/native-coverage-repair/src/Engine.o build/native-coverage-repair/src/EngineInit.o build/native-coverage-repair/src/EngineLoaders.o build/native-coverage-repair/src/EngineRun.o build/native-coverage-repair/src/EngineTurnTelemetry.o build/native-coverage-repair/src/Headless.o build/native-coverage-repair/src/VerifyMatch.o build/native-coverage-repair/src/TurnClientCommand.o build/native-coverage-repair/src/MapStudy.o build/native-coverage-repair/src/FertilityCalculator.o build/native-coverage-repair/src/map/FertilityField.o build/native-coverage-repair/src/Game.o build/native-coverage-repair/src/Game_orders.o build/native-coverage-repair/src/OrderValidation.o build/native-coverage-repair/src/Game_io.o build/native-coverage-repair/src/Game_sync.o build/native-coverage-repair/src/Game_tiling.o build/native-coverage-repair/src/MapTiling.o build/native-coverage-repair/src/Game_editor.o build/native-coverage-repair/src/render/GameRender.o build/native-coverage-repair/src/render/GameRenderUnits.o build/native-coverage-repair/src/render/GameRenderBuildings.o build/native-coverage-repair/src/render/GameRenderTerrain.o build/native-coverage-repair/src/render/SoftwareTerrainCache.o build/native-coverage-repair/src/render/MapOverlayQueue.o build/native-coverage-repair/src/render/MapRenderState.o build/native-coverage-repair/src/render/FogFade.o build/native-coverage-repair/src/scene/SceneMap.o build/native-coverage-repair/src/scene/SceneExtract.o build/native-coverage-repair/src/sim/SimulationRunner.o build/native-coverage-repair/src/render/GameRenderOverlay.o build/native-coverage-repair/src/render/GameAnimations.o build/native-coverage-repair/src/GameEvent.o build/native-coverage-repair/src/gui/BuildingGuiState.o build/native-coverage-repair/src/gui/GameGUI.o build/native-coverage-repair/src/gui/GameGUITouch.o build/native-coverage-repair/src/gui/GameGUITouchView.o build/native-coverage-repair/src/gui/GameGUITouchPalette.o build/native-coverage-repair/src/gui/GameGUITouchPlacement.o build/native-coverage-repair/src/gui/GameGUIBuildingActions.o build/native-coverage-repair/src/gui/GameGUITouchActions.o build/native-coverage-repair/src/gui/TouchReadout.o build/native-coverage-repair/src/gui/ThumbSide.o build/native-coverage-repair/src/gui/TouchDial.o build/native-coverage-repair/src/gui/BrushHUD.o build/native-coverage-repair/src/gui/ConnectionOverlay.o build/native-coverage-repair/src/gui/TurnMatchPresenter.o build/native-coverage-repair/src/gui/GameGUITouchLens.o build/native-coverage-repair/src/gui/GameGUITouchDial.o build/native-coverage-repair/src/map/edit/PhoneEditor.o build/native-coverage-repair/src/map/edit/PhoneEditorView.o build/native-coverage-repair/src/gui/GameGUIDefaultAssignManager.o build/native-coverage-repair/src/gui/GameGUIDialog.o build/native-coverage-repair/src/gui/GameGUIDraw.o build/native-coverage-repair/src/gui/GameGUIDrawChoice.o build/native-coverage-repair/src/gui/GameGUIDrawUnitInfos.o build/native-coverage-repair/src/gui/GameGUIDrawBuildingInfos.o build/native-coverage-repair/src/gui/GameGUIDrawBuildingHelpers.o build/native-coverage-repair/src/gui/FailureShapes.o build/native-coverage-repair/src/gui/GameGUIDrawMiscPanels.o build/native-coverage-repair/src/gui/GameGUIGhostBuildingManager.o build/native-coverage-repair/src/gui/GameGUIInput.o build/native-coverage-repair/src/gui/GameGUIInputKey.o build/native-coverage-repair/src/gui/GameGUIInputMenu.o build/native-coverage-repair/src/gui/GameGUIInputMenuClick.o build/native-coverage-repair/src/gui/GameGUIInputMenuClickBuilding.o build/native-coverage-repair/src/gui/GameGUIInputMouse.o build/native-coverage-repair/src/gui/GameGUIKeyActions.o build/native-coverage-repair/src/gui/LoadSaveDialog.o build/native-coverage-repair/src/gui/GameGUIMessageManager.o build/native-coverage-repair/src/gui/GameGUIOrders.o build/native-coverage-repair/src/gui/GameMusicController.o build/native-coverage-repair/src/gui/GameGUIParticles.o build/native-coverage-repair/src/gui/GameGUIPersistence.o build/native-coverage-repair/src/gui/GameGUIScript.o build/native-coverage-repair/src/gui/GameGUISelection.o build/native-coverage-repair/src/gui/GameGUIStep.o build/native-coverage-repair/src/gui/GameGUIToolManager.o build/native-coverage-repair/src/gui/TeamDisplay.o build/native-coverage-repair/src/gui/UnitDisplayNames.o build/native-coverage-repair/src/ExperimentalFeatures.o build/native-coverage-repair/src/GameHeader.o build/native-coverage-repair/src/GameHints.o build/native-coverage-repair/src/GameObjectives.o build/native-coverage-repair/src/GameUtilities.o build/native-coverage-repair/src/MapCommand.o build/native-coverage-repair/src/MapRender.o build/native-coverage-repair/src/GameDiagnostics.o build/native-coverage-repair/src/MapImage.o build/native-coverage-repair/src/MapReport.o build/native-coverage-repair/src/ui/FrontendUI.o build/native-coverage-repair/src/ui/OnlineUI.o build/native-coverage-repair/src/ui/FileListing.o build/native-coverage-repair/src/Glob2Style.o build/native-coverage-repair/src/FrontendTheme.o build/native-coverage-repair/src/MenuColony.o build/native-coverage-repair/src/GlobalContainer.o build/native-coverage-repair/src/GlobalContainerArgs.o build/native-coverage-repair/src/GUIMapPreview.o build/native-coverage-repair/src/building/IntBuildingType.o build/native-coverage-repair/src/KeyboardManager.o build/native-coverage-repair/src/LANFindScreen.o build/native-coverage-repair/src/QuickMatchScreen.o build/native-coverage-repair/src/OnlineProfileScreen.o build/native-coverage-repair/src/OnlineMapsScreen.o build/native-coverage-repair/src/LANMenuScreen.o build/native-coverage-repair/src/LandscapePickerScreen.o build/native-coverage-repair/src/LandscapePreviewer.o build/native-coverage-repair/src/StartQualityScreen.o build/native-coverage-repair/src/MainMenuScreen.o build/native-coverage-repair/src/map/Map.o build/native-coverage-repair/src/map/MapTile.o build/native-coverage-repair/src/map/generator/compatibility/LegacyGenerationDescriptor.o build/native-coverage-repair/src/map/generator/MapHomogen.o build/native-coverage-repair/src/map/generator/core/GenerationContext.o build/native-coverage-repair/src/map/generator/core/GenerationService.o build/native-coverage-repair/src/map/generator/core/GenerationValidation.o build/native-coverage-repair/src/map/generator/core/GeneratorControls.o build/native-coverage-repair/src/map/generator/core/GeneratorRegistry.o build/native-coverage-repair/src/map/generator/generators/CityStatesGenerator.o build/native-coverage-repair/src/map/generator/generators/ConcreteIslandsGenerator.o build/native-coverage-repair/src/map/generator/generators/ContestedCommonsGenerator.o build/native-coverage-repair/src/map/generator/generators/MazeGenerator.o build/native-coverage-repair/src/map/generator/generators/CraterLakesGenerator.o build/native-coverage-repair/src/map/generator/generators/EvergladesGenerator.o build/native-coverage-repair/src/map/generator/generators/FjordContinentGenerator.o build/native-coverage-repair/src/map/generator/generators/IslandsGenerator.o build/native-coverage-repair/src/map/generator/generators/IslesGenerator.o build/native-coverage-repair/src/map/generator/generators/RingWorldGenerator.o build/native-coverage-repair/src/map/generator/generators/RiverGenerator.o build/native-coverage-repair/src/map/generator/generators/RuggedArchipelagoGenerator.o build/native-coverage-repair/src/map/generator/generators/ShatteredCoastGenerator.o build/native-coverage-repair/src/map/generator/generators/StoneHighlandsGenerator.o build/native-coverage-repair/src/map/generator/generators/SpiderWebGenerator.o build/native-coverage-repair/src/map/generator/generators/CoralGenerator.o build/native-coverage-repair/src/map/generator/generators/AmphitheatreGenerator.o build/native-coverage-repair/src/map/generator/generators/CarouselGenerator.o build/native-coverage-repair/src/map/generator/generators/SwitchbacksGenerator.o build/native-coverage-repair/src/map/generator/generators/SwampGenerator.o build/native-coverage-repair/src/map/generator/generators/SymmetricArenaGenerator.o build/native-coverage-repair/src/map/generator/generators/TidalFlatsGenerator.o build/native-coverage-repair/src/map/generator/generators/UniformGenerator.o build/native-coverage-repair/src/map/generator/generators/WatershedGenerator.o build/native-coverage-repair/src/map/generator/generators/LastTreelineGenerator.o build/native-coverage-repair/src/map/generator/generators/BastionKeysGenerator.o build/native-coverage-repair/src/map/generator/generators/DrownedForestGenerator.o build/native-coverage-repair/src/map/generator/generators/WhoAteTheMapGenerator.o build/native-coverage-repair/src/map/generator/generators/HungryMarchesGenerator.o build/native-coverage-repair/src/map/generator/generators/CombGenerator.o build/native-coverage-repair/src/map/generator/generators/EvenGroundGenerator.o build/native-coverage-repair/src/map/generator/generators/MarchlandGenerator.o build/native-coverage-repair/src/map/generator/generators/EncircledKingdomGenerator.o build/native-coverage-repair/src/map/generator/generators/OrchardCommonsGenerator.o build/native-coverage-repair/src/map/generator/generators/GauntletGenerator.o build/native-coverage-repair/src/map/generator/generators/FaultedCityGenerator.o build/native-coverage-repair/src/map/generator/generators/HiddenOasisGenerator.o build/native-coverage-repair/src/map/generator/generators/PortageLakesGenerator.o build/native-coverage-repair/src/map/generator/generators/CentralQuarryGenerator.o build/native-coverage-repair/src/map/generator/generators/BajadaGenerator.o build/native-coverage-repair/src/map/generator/generators/KarstTowersGenerator.o build/native-coverage-repair/src/map/generator/generators/HoneycombIsleGenerator.o build/native-coverage-repair/src/map/generator/generators/EmojiGenerator.o build/native-coverage-repair/src/map/generator/generators/BraidedRiverGenerator.o build/native-coverage-repair/src/map/generator/generators/FortsGenerator.o build/native-coverage-repair/src/map/generator/generators/BraidedDeltaGenerator.o build/native-coverage-repair/src/map/generator/generators/BreachableHighlandsGenerator.o build/native-coverage-repair/src/map/generator/generators/HedgerowCountryGenerator.o build/native-coverage-repair/src/map/generator/generators/DrumlinFieldGenerator.o build/native-coverage-repair/src/map/generator/generators/ContinentsGenerator.o build/native-coverage-repair/src/map/generator/generators/SavannahGenerator.o build/native-coverage-repair/src/map/generator/generators/HillsGenerator.o build/native-coverage-repair/src/map/generator/generators/RiceTerracesGenerator.o build/native-coverage-repair/src/map/generator/generators/LocustGenerator.o build/native-coverage-repair/src/map/generator/generators/PlantationsGenerator.o build/native-coverage-repair/src/map/generator/generators/HilbertRiverGenerator.o build/native-coverage-repair/src/map/generator/generators/FractalMapSupport.o build/native-coverage-repair/src/map/generator/generators/SierpinskiGardensGenerator.o build/native-coverage-repair/src/map/generator/generators/LavaShieldGenerator.o build/native-coverage-repair/src/map/generator/generators/AnthillGenerator.o build/native-coverage-repair/src/map/generator/generators/OldTownGenerator.o build/native-coverage-repair/src/map/generator/generators/PolderGenerator.o build/native-coverage-repair/src/map/generator/generators/CanalsGenerator.o build/native-coverage-repair/src/map/generator/generators/OldGrowthGenerator.o build/native-coverage-repair/src/map/generator/generators/RainShadowGenerator.o build/native-coverage-repair/src/map/generator/generators/FingerprintGenerator.o build/native-coverage-repair/src/map/generator/generators/GlacisGenerator.o build/native-coverage-repair/src/map/generator/generators/AllotmentsGenerator.o build/native-coverage-repair/src/map/generator/generators/CaravanseraiGenerator.o build/native-coverage-repair/src/map/generator/shared/legacy/Distances.o build/native-coverage-repair/src/map/generator/shared/HeightMap.o build/native-coverage-repair/src/map/generator/shared/Noise.o build/native-coverage-repair/src/map/generator/shared/BalancedStarts.o build/native-coverage-repair/src/map/generator/shared/RecursiveGeometry.o build/native-coverage-repair/src/map/generator/shared/Rivers.o build/native-coverage-repair/src/map/generator/shared/HierarchicalCrossings.o build/native-coverage-repair/src/map/generator/shared/Drawing.o build/native-coverage-repair/src/map/generator/shared/Geometry.o build/native-coverage-repair/src/map/generator/shared/Grid.o build/native-coverage-repair/src/map/generator/shared/WalkBandStarts.o build/native-coverage-repair/src/map/generator/shared/Walls.o build/native-coverage-repair/src/map/generator/shared/Farmland.o build/native-coverage-repair/src/map/generator/shared/Towers.o build/native-coverage-repair/src/map/generator/shared/WorldAtlas.o build/native-coverage-repair/src/map/generator/shared/WorldAtlasData.o build/native-coverage-repair/src/map/generator/shared/Raster.o build/native-coverage-repair/src/map/generator/shared/Landmass.o build/native-coverage-repair/src/map/generator/shared/Tessellation.o build/native-coverage-repair/src/map/generator/shared/GraphMaze.o build/native-coverage-repair/src/map/generator/shared/Orbits.o build/native-coverage-repair/src/map/generator/shared/Morphology.o build/native-coverage-repair/src/map/generator/shared/Growth.o build/native-coverage-repair/src/map/generator/shared/Contact.o build/native-coverage-repair/src/map/generator/shared/Points.o build/native-coverage-repair/src/map/generator/shared/Patterns.o build/native-coverage-repair/src/map/generator/shared/Channels.o build/native-coverage-repair/src/map/generator/shared/Room.o build/native-coverage-repair/src/map/generator/shared/Biomes.o build/native-coverage-repair/src/map/generator/shared/LatticeNoise.o build/native-coverage-repair/src/map/generator/shared/Pipeline.o build/native-coverage-repair/src/map/generator/shared/ClearingLandscape.o build/native-coverage-repair/src/map/generator/shared/Planting.o build/native-coverage-repair/src/map/generator/shared/Roads.o build/native-coverage-repair/src/map/generator/shared/Sketch.o build/native-coverage-repair/src/map/generator/shared/Solve.o build/native-coverage-repair/src/map/generator/shared/Topology.o build/native-coverage-repair/src/map/generator/shared/Settlements.o build/native-coverage-repair/src/map/generator/shared/ScoredSettlements.o build/native-coverage-repair/src/map/generator/shared/legacy/Regions.o build/native-coverage-repair/src/map/generator/shared/Resources.o build/native-coverage-repair/src/map/generator/shared/legacy/StartingPositions.o build/native-coverage-repair/src/map/generator/shared/StartDiagnostics.o build/native-coverage-repair/src/map/generator/shared/StartQuality.o build/native-coverage-repair/src/map/generator/shared/Terrain.o build/native-coverage-repair/src/map/gradient/BuildingGradientSearch.o build/native-coverage-repair/src/map/gradient/MapGradientArea.o build/native-coverage-repair/src/map/gradient/MapGradientBuilding.o build/native-coverage-repair/src/map/gradient/MapGradientChamfer.o build/native-coverage-repair/src/map/gradient/MapGradientDirection.o build/native-coverage-repair/src/map/gradient/MapGradientPropagation.o build/native-coverage-repair/src/map/gradient/MapGradientResource.o build/native-coverage-repair/src/map/io/MapExploredAreaIO.o build/native-coverage-repair/src/map/io/MapIO.o build/native-coverage-repair/src/map/MapMisc.o build/native-coverage-repair/src/map/pathfind/MapPathfindArea.o build/native-coverage-repair/src/map/pathfind/MapPathfindBuilding.o build/native-coverage-repair/src/map/pathfind/MapPathfindRessource.o build/native-coverage-repair/src/map/MapQuery.o build/native-coverage-repair/src/map/MapResources.o build/native-coverage-repair/src/map/MapStep.o build/native-coverage-repair/src/map/MapTerrain.o build/native-coverage-repair/src/render/MapView.o build/native-coverage-repair/src/map/edit/Widgets.o build/native-coverage-repair/src/map/edit/WidgetsTools.o build/native-coverage-repair/src/map/edit/WidgetsUnit.o build/native-coverage-repair/src/map/edit/WidgetsBuilding.o build/native-coverage-repair/src/map/edit/MapEditCtor.o build/native-coverage-repair/src/map/edit/MapEditIO.o build/native-coverage-repair/src/map/edit/MapEditDraw.o build/native-coverage-repair/src/map/edit/MapEditEvents.o build/native-coverage-repair/src/map/edit/MapEditAction.o build/native-coverage-repair/src/map/edit/MapEditActionView.o build/native-coverage-repair/src/map/edit/MapEditActionTerrain.o build/native-coverage-repair/src/map/edit/MapEditActionUnit.o build/native-coverage-repair/src/map/edit/MapEditActionBuilding.o build/native-coverage-repair/src/map/edit/MapEditDelegate.o build/native-coverage-repair/src/map/edit/MapEditClicks.o build/native-coverage-repair/src/map/edit/MapEditDialog.o build/native-coverage-repair/src/map/edit/MapEditKeyActions.o build/native-coverage-repair/src/map/io/MapHeader.o build/native-coverage-repair/src/script/ScriptValue.o build/native-coverage-repair/src/script/ScriptRuntime.o build/native-coverage-repair/src/hive/HiveWorker.o build/native-coverage-repair/src/hive/HiveClient.o build/native-coverage-repair/src/hive/HiveObservation.o build/native-coverage-repair/src/hive/HiveDialog.o build/native-coverage-repair/src/script/ScriptObservations.o build/native-coverage-repair/src/script/ScriptOrders.o build/native-coverage-repair/src/script/ScriptServices.o build/native-coverage-repair/src/script/ScriptSpatial.o build/native-coverage-repair/src/script/JavaScriptMap.o build/native-coverage-repair/src/script/ScriptCommand.o build/native-coverage-repair/src/ai/ScriptLibrary.o build/native-coverage-repair/src/SettingsScreenCustomAIs.o build/native-coverage-repair/src/ai/AIJavaScript.o build/native-coverage-repair/src/MapScript.o build/native-coverage-repair/src/MapScriptError.o build/native-coverage-repair/src/MapScriptUSL.o build/native-coverage-repair/src/map/io/MapThumbnail.o build/native-coverage-repair/src/MarkManager.o build/native-coverage-repair/src/render/Minimap.o build/native-coverage-repair/src/net/NetBroadcaster.o build/native-coverage-repair/src/net/NetBroadcastListener.o build/native-coverage-repair/src/net/NetConnection.o build/native-coverage-repair/src/net/NetEngine.o build/native-coverage-repair/src/net/NetListener.o build/native-coverage-repair/src/net/message/NetMessage.o build/native-coverage-repair/src/net/message/MessageRecipients.o build/native-coverage-repair/src/net/message/OrderMessages.o build/native-coverage-repair/src/net/turn/JitterBuffer.o build/native-coverage-repair/src/net/turn/MatchRecord.o build/native-coverage-repair/src/net/turn/TurnMessages.o build/native-coverage-repair/src/net/turn/TurnSequencer.o build/native-coverage-repair/src/net/turn/TurnLockstep.o build/native-coverage-repair/src/net/turn/TurnSession.o build/native-coverage-repair/src/net/turn/TurnTelemetry.o build/native-coverage-repair/src/NewMapScreen.o build/native-coverage-repair/src/Order.o build/native-coverage-repair/src/OrderBuilding.o build/native-coverage-repair/src/OrderModify.o build/native-coverage-repair/src/OrderMisc.o build/native-coverage-repair/src/OverlayAreas.o build/native-coverage-repair/src/TeamStatChart.o build/native-coverage-repair/src/stats/MetricCatalog.o build/native-coverage-repair/src/stats/MetricSeries.o build/native-coverage-repair/src/OverlayFill.o build/native-coverage-repair/src/Player.o build/native-coverage-repair/src/game/entities/Race.o build/native-coverage-repair/src/ReplayReader.o build/native-coverage-repair/src/ReplayWriter.o build/native-coverage-repair/src/ReplayTelemetry.o build/native-coverage-repair/src/Ressource.o build/native-coverage-repair/src/RulesetCatalog.o build/native-coverage-repair/src/game/entities/Resources.o build/native-coverage-repair/src/ScriptEditorScreen.o build/native-coverage-repair/src/Sector.o build/native-coverage-repair/src/Settings.o build/native-coverage-repair/src/SystemLanguage.o build/native-coverage-repair/src/TorusView.o build/native-coverage-repair/src/TorusViewRender.o build/native-coverage-repair/src/gui/GameGUITorus.o build/native-coverage-repair/src/SettingsScreen.o build/native-coverage-repair/src/SettingsScreenGeneral.o build/native-coverage-repair/src/SettingsScreenBuildings.o build/native-coverage-repair/src/SettingsScreenKeyboard.o build/native-coverage-repair/src/SettingsScreenOnline.o build/native-coverage-repair/src/SettingsScreenRecording.o build/native-coverage-repair/src/sgsl/Lexer.o build/native-coverage-repair/src/sgsl/Parser.o build/native-coverage-repair/src/sgsl/ParserSummon.o build/native-coverage-repair/src/sgsl/ParserWait.o build/native-coverage-repair/src/sgsl/SGSL.o build/native-coverage-repair/src/sgsl/StoryActions.o build/native-coverage-repair/src/sgsl/StoryConditions.o build/native-coverage-repair/src/sgsl/StoryExecute.o build/native-coverage-repair/src/SimplexNoise.o build/native-coverage-repair/src/PlayerVoice.o build/native-coverage-repair/src/SoundMixer.o build/native-coverage-repair/src/team/Team.o build/native-coverage-repair/src/team/TeamSerialization.o build/native-coverage-repair/src/team/TeamLists.o build/native-coverage-repair/src/team/TeamRouting.o build/native-coverage-repair/src/team/TeamStep.o build/native-coverage-repair/src/TeamStat.o build/native-coverage-repair/src/unit/Unit.o build/native-coverage-repair/src/unit/UnitAction.o build/native-coverage-repair/src/unit/UnitActivity.o build/native-coverage-repair/src/unit/UnitDisplacement.o build/native-coverage-repair/src/unit/UnitGeometry.o build/native-coverage-repair/src/unit/UnitMedical.o build/native-coverage-repair/src/unit/UnitMovement.o build/native-coverage-repair/src/unit/UnitSerialization.o build/native-coverage-repair/src/render/UnitSkin.o build/native-coverage-repair/src/render/ColonySkinPreview.o build/native-coverage-repair/src/unit/UnitStats.o build/native-coverage-repair/src/game/entities/UnitType.o build/native-coverage-repair/src/unit/UnitUtils.o build/native-coverage-repair/src/Utilities.o build/native-coverage-repair/src/VoiceRecorder.o build/native-coverage-repair/src/WinProbability.o build/native-coverage-repair/src/WinningConditions.o build/native-coverage-repair/src/Application.o build/native-coverage-repair/src/MapEditorScreen.o build/native-coverage-repair/src/MessageScreen.o build/native-coverage-repair/src/EditorLoadScreen.o build/native-coverage-repair/src/EditorGenerateScreen.o build/native-coverage-repair/src/GameSessionScreen.o build/native-coverage-repair/src/GameLoadScreen.o build/native-coverage-repair/src/FileImport.o build/native-coverage-repair/src/SinglePlayerFlow.o build/native-coverage-repair/src/FertilityScreen.o build/native-coverage-repair/src/LANSessionScreen.o build/native-coverage-repair/src/net/lan/LanClient.o build/native-coverage-repair/src/net/lan/LanHost.o build/native-coverage-repair/src/net/lan/LanProtocol.o build/native-coverage-repair/src/net/lan/LanRoom.o build/native-coverage-repair/src/MatchStartScreen.o build/native-coverage-repair/src/OnlineHubScreen.o build/native-coverage-repair/src/RoomMapPickerScreen.o build/native-coverage-repair/src/RoomScreen.o build/native-coverage-repair/src/net/NetTransport.o build/native-coverage-repair/src/net/TcpTransport.o build/native-coverage-repair/src/net/NetWait.o build/native-coverage-repair/src/net/NetworkConfig.o build/native-coverage-repair/src/net/LanIdentity.o build/native-coverage-repair/src/net/WssTransport.o build/native-coverage-repair/src/online/HttpFetch.o build/native-coverage-repair/src/online/HttpFetchCommon.o build/native-coverage-repair/src/online/InstanceConfig.o build/native-coverage-repair/src/online/InviteLink.o build/native-coverage-repair/src/online/MapCache.o build/native-coverage-repair/src/online/MapCatalog.o build/native-coverage-repair/src/online/MatchSetup.o build/native-coverage-repair/src/online/MemoryStorage.o build/native-coverage-repair/src/online/OnlineHandoff.o build/native-coverage-repair/src/online/OnlineMatch.o build/native-coverage-repair/src/online/OnlineResources.o build/native-coverage-repair/src/online/OnlineServices.o build/native-coverage-repair/src/online/PlatformClient.o build/native-coverage-repair/src/online/PlatformClientNative.o build/native-coverage-repair/src/online/PlatformProtocol.o build/native-coverage-repair/src/online/PlatformRoom.o build/native-coverage-repair/src/online/RelayTransport.o build/native-coverage-repair/src/online/QuickMatch.o build/native-coverage-repair/src/online/QuickMatchShared.o build/native-coverage-repair/src/online/RelayProbe.o build/native-coverage-repair/src/online/RoomSetup.o build/native-coverage-repair/src/online/Sha256.o build/native-coverage-repair/src/online/SkinAuthorization.o build/native-coverage-repair/src/online/SkinDownloads.o build/native-coverage-repair/src/online/ReplayAppearance.o build/native-coverage-repair/src/online/SimVersion.o build/native-coverage-repair/src/online/UserDirectoryStorage.o build/native-coverage-repair/third_party/libGlob2JavaScript.a build/native-coverage-repair/libgag/src/libgag.a build/native-coverage-repair/libusl/src/libusl.a -L/home/bradley/glob2-verify/integrator/sdl3/prefix/lib -L/work/sdl3/prefix/lib -lz -lpthread -lssl -lcrypto -lGL -lGLU -lepoxy -lfribidi -lSDL3_net -lvorbisfile -lSDL3_ttf -lSDL3_image -lspeex -lSDL3
scons: done building targets.
