	linux-vdso.so.1 (0x000070ff2498a000)
	libz.so.1 => /usr/lib/x86_64-linux-gnu/libz.so.1 (0x000070ff2494b000)
	libssl.so.3 => /usr/lib/x86_64-linux-gnu/libssl.so.3 (0x000070ff20aef000)
	libcrypto.so.3 => /usr/lib/x86_64-linux-gnu/libcrypto.so.3 (0x000070ff20400000)
	libepoxy.so.0 => /usr/lib/x86_64-linux-gnu/libepoxy.so.0 (0x000070ff202df000)
	libfribidi.so.0 => /usr/lib/x86_64-linux-gnu/libfribidi.so.0 (0x000070ff20ad0000)
	libva.so.2 => /usr/lib/x86_64-linux-gnu/libva.so.2 (0x000070ff20a98000)
	libva-drm.so.2 => /usr/lib/x86_64-linux-gnu/libva-drm.so.2 (0x000070ff24944000)
	libSDL3_net.so.0 => /tmp/glob2-terrain-sdl-patched/prefix/lib/libSDL3_net.so.0 (0x000070ff20a8b000)
	libopusfile.so.0 => /usr/lib/x86_64-linux-gnu/libopusfile.so.0 (0x000070ff20a7c000)
	libSDL3_ttf.so.0 => /tmp/glob2-terrain-sdl-patched/prefix/lib/libSDL3_ttf.so.0 (0x000070ff20a51000)
	libSDL3_image.so.0 => /tmp/glob2-terrain-sdl-patched/prefix/lib/libSDL3_image.so.0 (0x000070ff201be000)
	libspeex.so.1 => /usr/lib/x86_64-linux-gnu/libspeex.so.1 (0x000070ff20a31000)
	libSDL3.so.0 => /tmp/glob2-terrain-sdl-patched/prefix/lib/libSDL3.so.0 (0x000070ff1fdd9000)
	libstdc++.so.6 => /usr/lib/x86_64-linux-gnu/libstdc++.so.6 (0x000070ff1fa00000)
	libm.so.6 => /usr/lib/x86_64-linux-gnu/libm.so.6 (0x000070ff1fcb3000)
	libgcc_s.so.1 => /usr/lib/x86_64-linux-gnu/libgcc_s.so.1 (0x000070ff1f9d2000)
	libc.so.6 => /usr/lib/x86_64-linux-gnu/libc.so.6 (0x000070ff1f600000)
	/lib64/ld-linux-x86-64.so.2 (0x000070ff2498c000)
	libzstd.so.1 => /usr/lib/x86_64-linux-gnu/libzstd.so.1 (0x000070ff1f90f000)
	libdrm.so.2 => /usr/lib/x86_64-linux-gnu/libdrm.so.2 (0x000070ff20a1a000)
	libogg.so.0 => /usr/lib/x86_64-linux-gnu/libogg.so.0 (0x000070ff1fca9000)
	libopus.so.0 => /usr/lib/x86_64-linux-gnu/libopus.so.0 (0x000070ff1f000000)
	libfreetype.so.6 => /usr/lib/x86_64-linux-gnu/libfreetype.so.6 (0x000070ff1f83a000)
	libtiff.so.6 => /usr/lib/x86_64-linux-gnu/libtiff.so.6 (0x000070ff1f56c000)
	libpng16.so.16 => /usr/lib/x86_64-linux-gnu/libpng16.so.16 (0x000070ff1f532000)
	libbz2.so.1.0 => /usr/lib/x86_64-linux-gnu/libbz2.so.1.0 (0x000070ff1f825000)
	libbrotlidec.so.1 => /usr/lib/x86_64-linux-gnu/libbrotlidec.so.1 (0x000070ff1f523000)
	libwebp.so.7 => /usr/lib/x86_64-linux-gnu/libwebp.so.7 (0x000070ff1f490000)
	liblzma.so.5 => /usr/lib/x86_64-linux-gnu/liblzma.so.5 (0x000070ff1f45b000)
	libLerc.so.4 => /usr/lib/x86_64-linux-gnu/libLerc.so.4 (0x000070ff1ef6b000)
	libjbig.so.0 => /usr/lib/x86_64-linux-gnu/libjbig.so.0 (0x000070ff1f449000)
	libjpeg.so.8 => /usr/lib/x86_64-linux-gnu/libjpeg.so.8 (0x000070ff1eed4000)
	libdeflate.so.0 => /usr/lib/x86_64-linux-gnu/libdeflate.so.0 (0x000070ff1f431000)
	libbrotlicommon.so.1 => /usr/lib/x86_64-linux-gnu/libbrotlicommon.so.1 (0x000070ff1eeb1000)
	libsharpyuv.so.0 => /usr/lib/x86_64-linux-gnu/libsharpyuv.so.0 (0x000070ff1f428000)
