PASS WorldSnapshot/snapshot capability tables share authoritative immutable catalog data (0.1s)
PASS WorldSnapshot/on-demand construction feasibility matches live helpers and remains frozen (0.1s)
PASS WorldSnapshot/shared entity indices preserve empty slots and canonical record addresses (0.1s)
PASS WorldSnapshot/unit snapshots share authoritative scalar state and remain frozen (0.1s)
PASS WorldSnapshot/coordinate wrapping preserves signed edges for power of two and general dimensions (0.0s)
PASS WorldSnapshot/AI boundary validates each captured map array before fast reads (0.0s)
PASS WorldSnapshot/map snapshots bulk copy authoritative records without translation (0.1s)
PASS WorldSnapshot/narrow component queries preserve combined tile values and projection defaults (0.1s)
PASS WorldSnapshot/AI fast scalar reads preserve checked values and frozen lease isolation (0.1s)
PASS WorldSnapshot/worker final lease release synchronizes owner buffer reuse (0.0s)
PASS WorldSnapshot/component leases and weak control blocks outlive the owning store (0.1s)
PASS WorldSnapshot/catalog refresh survives intervening projections and rules reuse independently (0.1s)
PASS WorldSnapshot/projected terrain lease cannot retain unrelated world components (0.1s)
PASS WorldSnapshot/component mutation generations preserve isolation and reuse unchanged arrays (0.1s)
PASS WorldSnapshot/no-op map writes reuse components while changed values remain isolated (0.1s)
PASS WorldSnapshot/capture requirements exclude arrays that no scheduled consumer requests (0.1s)
PASS WorldSnapshot/undermap changes preserve retained terrain and reuse unchanged versions (0.1s)
PASS WorldSnapshot/warm component buffers stop allocating at a fixed population (0.1s)
PASS WorldSnapshot/pooled captures never overwrite a held worker projection (0.1s)
PASS WorldSnapshot/building snapshots copy shared scalar records and freeze selected stock (0.1s)
PASS WorldSnapshot/flat relationship ranges preserve every building list in order (0.1s)
PASS WorldSnapshot/farm paint queries match frozen growth and resource inputs (0.1s)
PASS WorldSnapshot/memory metrics distinguish held epochs from reusable high water capacity (0.1s)
PASS WorldSnapshot/reused buffers copy sparse chunks and refresh dense changes contiguously (0.1s)
PASS WorldSnapshot/resource copy metrics include multi-material stock sidecars (0.1s)
PASS WorldSnapshot/a retained consumer leaves the newest free buffer to absorb only later changes (0.1s)
PASS WorldSnapshot/capture verification rejects writes that bypass the change trackers (0.1s)
PASS WorldSnapshot/same tick component expansion preserves narrow leases and captures arrays once (0.1s)
PASS WorldSnapshot/explicit observation boundaries refresh paused state and retain old leases (0.1s)
PASS WorldSnapshot/stock snapshots survive slot reuse rebuild and sparse refresh (0.1s)
PASS WorldSnapshot/coalesced rows preserve partial and rectangular snapshot arrays (0.1s)
PASS RuntimeResources/material harvesting consumes stock and never invents a delivery (0.1s)
PASS RuntimeResources/growth at capacity stays capped and persistent fruit depletes (0.1s)
PASS RuntimeResources/custom compound deposit has independent material stock and destructive harvest (0.1s)
PASS RuntimeResources/last finite source extinction and persistent source regrowth update material presence (0.1s)
PASS RuntimeResources/shared starting supply checks accept material sources above resource id 255 (0.2s)
PASS RuntimeResources/starting crop guarantees and adjacent supply use live material yields (0.1s)
PASS RuntimeResources/resource identities above byte range preserve compound stocks through save and continuation (0.3s)
PASS RuntimeResources/bounded starter crop replacement uses surplus materials and respects clearability (0.1s)
PASS RuntimeResources/material frontage counts secondary stocks and prospective renewable supply (0.1s)
PASS RuntimeResources/editor catalog replacement preserves materials across layouts and rejects invalid imports atomically (0.1s)
PASS RuntimeResources/start diagnostics distinguish configured renewal from spreading pressure (0.1s)
PASS RuntimeResources/fixed property ablations preserve harvest growth clearing and movement invariants (0.1s)
PASS RuntimeResources/redefined builtin resource follows declarative habitat and terrain whitelist intersection (0.1s)
PASS RuntimeResources/infinite farm stocks remain harvestable at their seed reserve (0.1s)
PASS RuntimeResources/farm harvest uses the touched material policy before pooling neighboring stock (0.1s)
PASS RuntimeResources/destructive resources cannot bridge pooled farms even without reserves or regrowth (0.2s)
PASS RuntimeResources/renamed deposits and sprite variants preserve stochastic stock trajectories (0.2s)
PASS RuntimeResources/embedded resource save starts with an invalid installed catalog (0.2s)
PASS RuntimeResources/legacy resource saves ignore reordered modified installed defaults in a fresh process (0.1s)
PASS RuntimeResources/custom ground and air obstruction independently govern routes across toroidal barriers (0.2s)
PASS RuntimeResources/released terrain-seed format 138 retains legacy resource and material continuation (0.3s)
PASS RuntimeResources/frozen seeded resource compositions preserve invariants and exact simulation continuation [golden] (0.6s)
PASS RuntimeResources/released observation format 139 imports legacy stocks and preserves current save continuation (0.3s)
PASS RuntimeResources/seed cache allocates only live material bitsets and reuses them after depletion (0.1s)
PASS RuntimeResources/unused catalog definitions allocate no material gradients and schedule no extra work (0.2s)
PASS TerrainResources/terrain strokes clear incompatible resources; buildings and units (24.5s)

57 passed, 0 failed, 0 skipped (31.8s of test time)
[run_tests] JUnit report: ../optimized-original-verified.xml (57 cases)
