PASS WorldSnapshot/on-demand construction feasibility matches live helpers and remains frozen (0.1s)
PASS WorldSnapshot/snapshot capability tables share authoritative immutable catalog data (0.1s)
PASS WorldSnapshot/shared entity indices preserve empty slots and canonical record addresses (0.1s)
PASS WorldSnapshot/unit snapshots share authoritative scalar state and remain frozen (0.1s)
PASS WorldSnapshot/coordinate wrapping preserves signed edges for power of two and general dimensions (0.0s)
PASS WorldSnapshot/AI boundary validates each captured map array before fast reads (0.0s)
PASS WorldSnapshot/map snapshots bulk copy authoritative records without translation (0.1s)
PASS WorldSnapshot/narrow component queries preserve combined tile values and projection defaults (0.1s)
PASS WorldSnapshot/worker final lease release synchronizes owner buffer reuse (0.0s)
PASS WorldSnapshot/AI fast scalar reads preserve checked values and frozen lease isolation (0.1s)
PASS WorldSnapshot/component leases and weak control blocks outlive the owning store (0.1s)
PASS WorldSnapshot/catalog refresh survives intervening projections and rules reuse independently (0.1s)
PASS WorldSnapshot/projected terrain lease cannot retain unrelated world components (0.1s)
PASS WorldSnapshot/component mutation generations preserve isolation and reuse unchanged arrays (0.1s)
PASS WorldSnapshot/no-op map writes reuse components while changed values remain isolated (0.1s)
PASS WorldSnapshot/capture requirements exclude arrays that no scheduled consumer requests (0.1s)
PASS WorldSnapshot/undermap changes preserve retained terrain and reuse unchanged versions (0.1s)
PASS WorldSnapshot/warm component buffers stop allocating at a fixed population (0.1s)
PASS WorldSnapshot/pooled captures never overwrite a held worker projection (0.1s)
PASS WorldSnapshot/building snapshots copy shared scalar records and freeze selected stock (0.1s)
PASS WorldSnapshot/memory metrics distinguish held epochs from reusable high water capacity (0.1s)
PASS WorldSnapshot/flat relationship ranges preserve every building list in order (0.1s)
PASS WorldSnapshot/farm paint queries match frozen growth and resource inputs (0.1s)
PASS WorldSnapshot/reused buffers copy sparse chunks and refresh dense changes contiguously (0.1s)
PASS WorldSnapshot/resource copy metrics include multi-material stock sidecars (0.1s)
PASS WorldSnapshot/a retained consumer leaves the newest free buffer to absorb only later changes (0.1s)
PASS WorldSnapshot/capture verification rejects writes that bypass the change trackers (0.1s)
PASS WorldSnapshot/same tick component expansion preserves narrow leases and captures arrays once (0.1s)
PASS SharedWorkerLifecycle/background saves finish on a worker and remain readable after teardown (0.1s)
PASS WorldSnapshot/explicit observation boundaries refresh paused state and retain old leases (0.1s)
PASS SharedWorkerLifecycle/resource catalog import drains deferred material preparation before replacing stocks (0.2s)
PASS ResourceGrowth/signed proposals use only current resource type and apply in order (0.1s)
PASS SharedWorkerLifecycle/pending gradient work survives a save and continues at the same deadlines (0.3s)
PASS ResourceGrowth/material deltas cap independently and seed exactly one unit (0.1s)
PASS ResourceGrowth/proposal capacity grows safely and is retained for reuse (0.1s)
PASS ResourceGrowth/legacy pending masks migrate and signed pending proposals validate on load (0.1s)
PASS ResourceGrowth/kernel is immutable deterministic and responds to disabled growth and scarcity (0.1s)
PASS SharedWorkerLifecycle/no-AI completed ticks agree across shared worker counts [artifacts] (0.6s)
PASS ResourceGrowth/pipeline waits at exact deadline and pause does not publish (0.1s)
PASS ResourceGrowth/frozen input outlives terrain and resource edits and wrapping remains valid (0.1s)
PASS ResourceGrowth/light checksums leave owner work deferred and world replacement discards it (0.1s)
PASS ResourceGrowth/publication accounts for proposals rejected by a different world (0.2s)
PASS ResourceGrowth/later worker completion cannot publish ahead of an earlier owner batch (0.1s)
PASS ResourceGrowth/format 144 and 145 packed growth headers cannot alias artwork lengths (0.0s)
PASS ResourceGrowth/text save layout probes are relative and preserve section state (0.0s)
PASS TeamStatsSave/every live worker-tick lands in exactly one labour bucket (0.1s)
PASS ResourceGrowth/owner and shared deadlines match and pending work survives saving (0.5s)
PASS TeamStatsSave/places: own buildings first, then enemies; allies, flags and new buildings do not count (0.1s)
PASS TeamStatsSave/place lookup agrees with a brute-force scan of every building tile (0.1s)
PASS TeamStatsSave/combat deaths are attributed by place and assignment (0.1s)
PASS TeamStatsSave/defence snapshot counts warriors by place and enemy warriors at home (0.1s)
PASS TeamStatsSave/older saves load with labour coverage starting at the loaded tick [save-format] (0.1s)
PASS TeamStatsSave/labour, combat and defence measurements survive a save [save-format] (0.3s)
PASS TeamStatsSave/clearing telemetry counts operations once by configured primary material (0.2s)
PASS ResourceGrowthBenchmark/player-free growth reconciles world stocks and team statistics (1.6s)
PASS TeamStatsSave/legacy version 88 fixture replays the golden trace [save-format][golden] (0.1s)
PASS TeamStatsSave/legacy version 84 fixture replays the golden trace [save-format][golden] (0.1s)
PASS TeamStatsSave/Compact telemetry retains every sample across chunk boundaries (1.0s)
PASS TeamStatsSave/Compact team histories preserve samples across two batch boundaries (0.4s)
PASS TeamStatsSave/Sparse variant snapshot reset clears vanished types without clearing history (0.4s)
PASS TeamStatsSave/AI telemetry continues across a save [save-format] (2.2s)
PASS ResourceGrowth/both format 144 and 145 lineages and compact growth saves retain continuation [save-format] (3.1s)
PASS TeamStatsSave/Delayed observation telemetry saves remain readable (0.1s)
PASS TeamStatsSave/Sparse variant reset accepts refreshed diagnostics and restored snapshots (0.9s)
PASS TeamStatsSave/32 sampling phases; ring wrap; repeated loads; text streams and corruption controls [save-format] (7.1s)

65 passed, 0 failed, 1 skipped (23.9s of test time)
[run_tests] JUnit report: artifacts/resource-growth/remaining/player-free-final.xml (66 cases)
