PASS BuildingAreaEffects/strongest fields match reference across wrapped oversized and changed coverage (0.1s)
PASS BuildingAreaEffects/upkeep is atomic pulses accumulate fractions and cap services (0.1s)
PASS BuildingAreaEffects/catalog bounds identity and canonical absence (0.3s)
PASS BuildingAreaEffects/combat uses live coverage and magic preserves armor bypass (0.1s)
PASS BuildingAreaEffects/even footprints receive combat modifiers at the northwestern center (0.1s)
PASS BuildingAreaEffects/ordinary building services discard positive aura fractions at their caps (0.1s)
PASS BuildingAreaEffects/damage resolves death before healing and respects no permadeath (0.1s)
PASS BuildingAreaEffects/magic and flying services use coverage without fruit bonuses (0.1s)
PASS BuildingAreaEffects/turret snapshots attack at firing and reads target armor at impact (0.2s)
PASS BuildingAreaEffects/fertility snapshots retain their captured modifiers and only land changes (0.1s)
PASS BuildingAreaEffects/immediate growth obeys temporary land suppression and resumes afterward (0.1s)
PASS BuildingAreaEffects/map replacement discards old dense planes before new tile queries (0.1s)
PASS BuildingAreaEffects/ownership changes invalidate paid coverage and wait for the next pulse (0.1s)
PASS BuildingAreaEffects/construction deletion and repair retain the intended funding boundaries (0.1s)
PASS BuildingAreaEffects/saved funding and fractions reject values before compact storage narrowing [save-format] (0.3s)
PASS EngineSession/paced sessions publish completed worlds before waiting and AI reuses them [display] (1.0s)
PASS BuildingAreaEffects/paid intervals and fractions preserve full save continuation [save-format][artifacts] (1.8s)
PASS GameSpeed/presets; bounds; legacy settings and persistence (0.1s)
PASS GameSpeed/settings screen; in-game slider; shortcuts and camera cadence [display][writes-preferences] (1.5s)
PASS EngineSession/incremental sessions; editor decisions; fertility equivalence and cancellation [writes-preferences] (5.1s)
PASS GameSpeed/live engine speed; pause; hard pause and replay playback [display][writes-preferences] (6.9s)
PASS TurnEngineHarness/two engines with AI seats under latency, jitter and loss agree at every tick and the record verifies [network-sim][artifacts] (4.3s)
PASS TurnEngineHarness/a client that executes a tampered order is repaired by an in-place reload and named by the verifier [network-sim][artifacts] (3.2s)
PASS TurnEngineHarness/four engines survive a stall and a restart: the restarted client reloads and fast-forwards [network-sim][artifacts] (3.7s)
PASS TurnEngineHarness/a pause limit is enforced identically everywhere and the record verifies [network-sim][artifacts] (1.5s)
PASS TurnEngineHarness/the committed match record verifies to the committed checksum trace [network-sim][golden] (0.7s)
PASS MatchSetup/New match rules default to eight tick AI decisions (0.0s)
PASS MatchSetup/AI order delay is optional bounded integer data and round trips through headers (0.1s)
PASS MatchSetup/Building gradient delay is optional bounded integer data and round trips through headers (0.2s)
PASS MatchSetup/catalog rules identity partitions ratings without changing the executable identity (0.1s)
PASS MatchSetup/SHA-256 matches the FIPS 180-4 test vectors (0.0s)
PASS MatchSetup/every MatchSetup and SimVersion contract fixture is accepted or rejected at its stage (0.1s)
PASS MatchSetup/the vendored fixtures match the protocol package when it is present (0.0s)
PASS MatchSetup/embedded catalogs carry dynamic experiments independently of installed definitions (0.4s)
PASS MatchSetup/valid setups become the GameHeader every client and the verifier run (0.1s)
PASS MatchSetup/map-required terrain experiments propagate to setup and cannot be omitted (0.1s)
PASS MatchSetup/closed seats close their team and follow every player seat (0.1s)
PASS MatchSetup/unknown experiments, JavaScript AIs and unexpressible headers are refused (0.1s)
PASS MatchSetup/a map file is found and checked by the hash of its decompressed bytes (0.1s)
PASS MatchSetup/the simulation data hash covers every data file the simulation loads (0.1s)
PASS MatchSetup/Scripted map sources preserve exact provenance and enforce team count (0.0s)
PASS SavegameSafety/autosave defaults; atomic and background writes; truncated and malformed loads; imports and campaign progress [save-format][writes-preferences] (25.5s)

42 passed, 0 failed, 0 skipped (59.5s of test time)
[run_tests] JUnit report: artifacts/30tps-merge/engine.xml (42 cases)
