[WebServer] (node:11593) Warning: The 'NO_COLOR' env is ignored due to the 'FORCE_COLOR' env being set.
[WebServer] (Use `node --trace-warnings ...` to show where the warning was created)

Running 68 tests using 1 worker

(node:11610) Warning: The 'NO_COLOR' env is ignored due to the 'FORCE_COLOR' env being set.
(Use `node --trace-warnings ...` to show where the warning was created)
  ✓   1 [desktop] › apps/web/e2e/i18n.spec.ts:7:3 › home loads and renders ar (606ms)
  ✓   2 [desktop] › apps/web/e2e/i18n.spec.ts:7:3 › home loads and renders pt-BR (508ms)
  ✓   3 [desktop] › apps/web/e2e/i18n.spec.ts:7:3 › home loads and renders ca (475ms)
  ✓   4 [desktop] › apps/web/e2e/i18n.spec.ts:7:3 › home loads and renders cs (485ms)
  ✓   5 [desktop] › apps/web/e2e/i18n.spec.ts:7:3 › home loads and renders de (496ms)
  ✓   6 [desktop] › apps/web/e2e/i18n.spec.ts:7:3 › home loads and renders da (492ms)
  ✓   7 [desktop] › apps/web/e2e/i18n.spec.ts:7:3 › home loads and renders en (510ms)
  ✓   8 [desktop] › apps/web/e2e/i18n.spec.ts:7:3 › home loads and renders es (511ms)
  ✓   9 [desktop] › apps/web/e2e/i18n.spec.ts:7:3 › home loads and renders eo (495ms)
  ✓  10 [desktop] › apps/web/e2e/i18n.spec.ts:7:3 › home loads and renders eu (493ms)
  ✓  11 [desktop] › apps/web/e2e/i18n.spec.ts:7:3 › home loads and renders fa (530ms)
  ✓  12 [desktop] › apps/web/e2e/i18n.spec.ts:7:3 › home loads and renders fr (506ms)
  ✓  13 [desktop] › apps/web/e2e/i18n.spec.ts:7:3 › home loads and renders el (519ms)
  ✓  14 [desktop] › apps/web/e2e/i18n.spec.ts:7:3 › home loads and renders hu (523ms)
  ✓  15 [desktop] › apps/web/e2e/i18n.spec.ts:7:3 › home loads and renders it (502ms)
  ✓  16 [desktop] › apps/web/e2e/i18n.spec.ts:7:3 › home loads and renders nl (502ms)
  ✓  17 [desktop] › apps/web/e2e/i18n.spec.ts:7:3 › home loads and renders pl (481ms)
  ✓  18 [desktop] › apps/web/e2e/i18n.spec.ts:7:3 › home loads and renders pt-PT (481ms)
  ✓  19 [desktop] › apps/web/e2e/i18n.spec.ts:7:3 › home loads and renders ro (514ms)
  ✓  20 [desktop] › apps/web/e2e/i18n.spec.ts:7:3 › home loads and renders ru (487ms)
  ✓  21 [desktop] › apps/web/e2e/i18n.spec.ts:7:3 › home loads and renders sl (505ms)
  ✓  22 [desktop] › apps/web/e2e/i18n.spec.ts:7:3 › home loads and renders sk (468ms)
  ✓  23 [desktop] › apps/web/e2e/i18n.spec.ts:7:3 › home loads and renders sr-Cyrl (506ms)
  ✓  24 [desktop] › apps/web/e2e/i18n.spec.ts:7:3 › home loads and renders fi (484ms)
  ✓  25 [desktop] › apps/web/e2e/i18n.spec.ts:7:3 › home loads and renders sv (468ms)
  ✓  26 [desktop] › apps/web/e2e/i18n.spec.ts:7:3 › home loads and renders tr (472ms)
  ✓  27 [desktop] › apps/web/e2e/i18n.spec.ts:7:3 › home loads and renders zh-Hant (501ms)
  ✓  28 [desktop] › apps/web/e2e/i18n.spec.ts:7:3 › home loads and renders zh-Hans (487ms)
  ✓  29 [desktop] › apps/web/e2e/i18n.spec.ts:7:3 › home loads and renders uk (527ms)
  ✓  30 [desktop] › apps/web/e2e/i18n.spec.ts:7:3 › home loads and renders id (504ms)
  ✓  31 [desktop] › apps/web/e2e/i18n.spec.ts:7:3 › home loads and renders vi (512ms)
  ✓  32 [desktop] › apps/web/e2e/i18n.spec.ts:7:3 › home loads and renders ja (575ms)
  ✓  33 [desktop] › apps/web/e2e/i18n.spec.ts:7:3 › home loads and renders ko (730ms)
  ✓  34 [desktop] › apps/web/e2e/i18n.spec.ts:59:1 › changing the selected language updates the page without losing input (305ms)
(node:11657) Warning: The 'NO_COLOR' env is ignored due to the 'FORCE_COLOR' env being set.
(Use `node --trace-warnings ...` to show where the warning was created)
  ✓  35 [phone] › apps/web/e2e/i18n.spec.ts:7:3 › home loads and renders ar (775ms)
  ✓  36 [phone] › apps/web/e2e/i18n.spec.ts:7:3 › home loads and renders pt-BR (778ms)
  ✓  37 [phone] › apps/web/e2e/i18n.spec.ts:7:3 › home loads and renders ca (730ms)
  ✓  38 [phone] › apps/web/e2e/i18n.spec.ts:7:3 › home loads and renders cs (783ms)
  ✓  39 [phone] › apps/web/e2e/i18n.spec.ts:7:3 › home loads and renders de (881ms)
  ✓  40 [phone] › apps/web/e2e/i18n.spec.ts:7:3 › home loads and renders da (846ms)
  ✓  41 [phone] › apps/web/e2e/i18n.spec.ts:7:3 › home loads and renders en (792ms)
  ✓  42 [phone] › apps/web/e2e/i18n.spec.ts:7:3 › home loads and renders es (888ms)
  ✓  43 [phone] › apps/web/e2e/i18n.spec.ts:7:3 › home loads and renders eo (813ms)
  ✓  44 [phone] › apps/web/e2e/i18n.spec.ts:7:3 › home loads and renders eu (801ms)
  ✓  45 [phone] › apps/web/e2e/i18n.spec.ts:7:3 › home loads and renders fa (849ms)
  ✓  46 [phone] › apps/web/e2e/i18n.spec.ts:7:3 › home loads and renders fr (839ms)
  ✓  47 [phone] › apps/web/e2e/i18n.spec.ts:7:3 › home loads and renders el (1.4s)
  ✓  48 [phone] › apps/web/e2e/i18n.spec.ts:7:3 › home loads and renders hu (1.2s)
  ✓  49 [phone] › apps/web/e2e/i18n.spec.ts:7:3 › home loads and renders it (971ms)
  ✓  50 [phone] › apps/web/e2e/i18n.spec.ts:7:3 › home loads and renders nl (1.0s)
  ✓  51 [phone] › apps/web/e2e/i18n.spec.ts:7:3 › home loads and renders pl (981ms)
  ✓  52 [phone] › apps/web/e2e/i18n.spec.ts:7:3 › home loads and renders pt-PT (980ms)
  ✓  53 [phone] › apps/web/e2e/i18n.spec.ts:7:3 › home loads and renders ro (1.1s)
  ✓  54 [phone] › apps/web/e2e/i18n.spec.ts:7:3 › home loads and renders ru (1.1s)
  ✓  55 [phone] › apps/web/e2e/i18n.spec.ts:7:3 › home loads and renders sl (1.1s)
  ✓  56 [phone] › apps/web/e2e/i18n.spec.ts:7:3 › home loads and renders sk (1.4s)
  ✓  57 [phone] › apps/web/e2e/i18n.spec.ts:7:3 › home loads and renders sr-Cyrl (1.6s)
  ✓  58 [phone] › apps/web/e2e/i18n.spec.ts:7:3 › home loads and renders fi (1.4s)
  ✓  59 [phone] › apps/web/e2e/i18n.spec.ts:7:3 › home loads and renders sv (1.7s)
  ✓  60 [phone] › apps/web/e2e/i18n.spec.ts:7:3 › home loads and renders tr (2.5s)
  ✓  61 [phone] › apps/web/e2e/i18n.spec.ts:7:3 › home loads and renders zh-Hant (2.7s)
  ✓  62 [phone] › apps/web/e2e/i18n.spec.ts:7:3 › home loads and renders zh-Hans (4.9s)
  ✓  63 [phone] › apps/web/e2e/i18n.spec.ts:7:3 › home loads and renders uk (7.9s)
  ✓  64 [phone] › apps/web/e2e/i18n.spec.ts:7:3 › home loads and renders id (8.0s)
  ✓  65 [phone] › apps/web/e2e/i18n.spec.ts:7:3 › home loads and renders vi (5.3s)
  ✓  66 [phone] › apps/web/e2e/i18n.spec.ts:7:3 › home loads and renders ja (12.9s)
  ✓  67 [phone] › apps/web/e2e/i18n.spec.ts:7:3 › home loads and renders ko (7.5s)
  ✓  68 [phone] › apps/web/e2e/i18n.spec.ts:59:1 › changing the selected language updates the page without losing input (1.9s)

  68 passed (1.7m)
