✔ installs a package into the file system with byte progress (5.575208ms)
✔ a later package replaces a core file and is reported once to the game (10.663583ms)
✔ a later visit installs cached parts without the network (6.903417ms)
✔ optional parts wait for the page between downloads and appear only when complete (59.121917ms)
✔ failed downloads are reported and leave nothing behind (13.676625ms)
✔ a response of the wrong size is rejected (19.026875ms)
✔ works without Cache Storage and prunes parts of older builds (70.4445ms)
✔ progress follows transfer bytes when a part arrives compressed (0.47525ms)
✔ the loading page estimates remaining time from the rate so far (70.303708ms)
✔ on-demand requests share a load and throttle failed retries (2.265417ms)
✔ startup downloads core and game together and waits for both installations (7.91775ms)
✔ part concurrency is bounded globally across packages and duplicate loads share work (1.008625ms)
✔ out-of-order downloads preserve package replacement order (0.913875ms)
✔ audio activation ignores missing, running and closed contexts (2.442291ms)
✔ closing audio during a pending resume does not reject the gesture handler (5.33375ms)
✔ activation failures are reported and the next gesture can retry (1.446292ms)
✔ only Firefox closed-resume rejection is suppressed after game exit (2.446208ms)
✔ music controls coalesce behind one in-flight worker command (2.864166ms)
✔ replacing a preview discards controls for its previous session (1.791083ms)
✔ capture bridge frees memory and returns credits even when capture fails (4.235ms)
✔ accepts selected bytes without treating the extension as format validation (1.299959ms)
✔ rejects paths, control characters, unsupported extensions and oversized inputs before reading (3.453917ms)
✔ rejects changed sizes and read failures (0.346875ms)
✔ cancellation and disposal cannot publish late file contents (1.950833ms)
✔ a second selection cannot replace an in-flight read (0.290292ms)
✔ picker uses accepted extensions and releases its input on cancellation (0.368ms)
✔ disposing an open picker ignores its late change event (0.240375ms)
✔ accepts gzip containers only for supported map and save types (0.258667ms)
✔ validates bounded generator launch payloads (11.397208ms)
✔ fences origins and revisions, freezes one launch, and accepts watch only after launch (6.571458ms)
✔ fresh browser profiles use the game hosting origin (3.675583ms)
✔ official cutover preserves credentials under their original origin (0.284542ms)
✔ custom selections and corrupt or future-version storage are left intact (0.174833ms)
✔ the online choice supplies a first-visit SDL hint and startup language (3.134834ms)
✔ a saved game language takes priority and receives no online override (0.743333ms)
✔ both Chinese scripts and Japanese/Korean require the full startup font (20.876833ms)
✔ unavailable preference storage still permits the online startup language (0.916334ms)
✔ translated blocked-link labels isolate the technical URL from RTL text (1.400959ms)
✔ browser launches the selected mode with exact map and serving origin (4.317209ms)
✔ invalid launches cannot select a different destination or malformed map (1.374208ms)
✔ 400ms producer stall at the refill threshold preserves audio at both device rates (47.565833ms)
✔ undersupply waits for target and starvation recovers once (77.986333ms)
✔ generation resets recycle credits and reject stale packets (2.556417ms)
✔ mute is immediate and visibility freezes consumption (1.225167ms)
✔ queue is bounded and resampling does not drift over block boundaries (145.688542ms)
✔ shared transport needs no message delivery to keep supplying audio (158.353458ms)
✔ capture is bounded and uses the consumed clock after gain (3.986291ms)
✔ preview pause retains the exact next sample and cursor at both rates and transports (73.142167ms)
✔ visibility rebuffering is intentional silence, not producer starvation (3.8055ms)
✔ paused generation changes never replay the old audible tail (14.241458ms)
✔ preview Play only pauses consumption and preserves prepared decoder state (3.392334ms)
✔ preview Reset uses consumed position and preserves paused state (38.374625ms)
✔ Reset cannot rewind a newer Seek to stale consumer metadata (2.497916ms)
✔ a suspended worklet cannot retain the command credit or leave preview paused (19.77925ms)
✔ successful hosted quit returns the current tab to the online home page (3.6555ms)
✔ abnormal exits and standalone hosts retain their exit message (3.546958ms)
✔ same-origin match replay receives hash-bound companion metadata (19.068542ms)
✔ external files, redirects and malformed match routes carry no instance authority (8.149833ms)
✔ unavailable digest support never prevents replay download (1.267084ms)
✔ set previews accept only the bound revision and bounded UTF-8 source (60.43075ms)
✔ coalesces writes and acknowledges only the completed generation (1.257625ms)
✔ quota failure is retained, rejects completion, and allows an explicit retry (0.533833ms)
✔ restore failure cannot overwrite existing storage (0.216375ms)
✔ synchronous adapter errors reject the operation (0.15975ms)
✔ validates the pinned source, map, setup and revision envelope (3.435958ms)
✔ ignores wrong origins, windows and stale runs; launches only once (7.578334ms)
✔ rejects a map that does not match the pinned fixture (4.667459ms)
✔ serial: redundant software canvas resizing preserves the presented pixels (4.6935ms)
✔ serial: shared dimensions must already match before skipping the resize (1.872167ms)
✔ serial: GPU, transferred and unknown canvas requests retain SDK handling (4.078417ms)
✔ serial: lost-context resize preserves context ownership after success or failure (2.233083ms)
✔ threaded: redundant software canvas resizing preserves the presented pixels (2.452791ms)
✔ threaded: shared dimensions must already match before skipping the resize (1.221417ms)
✔ threaded: GPU, transferred and unknown canvas requests retain SDK handling (4.14525ms)
✔ threaded: lost-context resize preserves context ownership after success or failure (2.122167ms)
✔ threaded software mode requires a successful shared-memory worker (1.230666ms)
✔ serial fallback explains missing isolation, memory and worker support (0.402125ms)
✔ worker WebGL has an additional canvas-transfer requirement (0.235708ms)
✔ actual pthread errors and silent startup stalls are observed, then detached (1.087583ms)
✔ synchronous pthread creation errors reach fallback and retain their exception (1.265083ms)
✔ persistence snapshots survive worker rename and byte changes during the database scan (4.633083ms)
ℹ tests 81
ℹ suites 0
ℹ pass 81
ℹ fail 0
ℹ cancelled 0
ℹ skipped 0
ℹ todo 0
ℹ duration_ms 928.028916
