
> @glob2/web@0.1.0 build
> vite build

vite v8.3.2 building client environment for production...
transforming...
✓ 767 modules transformed.
rendering chunks...
computing gzip size...
dist/index.html                                        1.26 kB │ gzip:  0.60 kB
dist/assets/hospital-CZ8mxl8H.webp                     4.16 kB
dist/assets/glob-64-DRYAgOz9.png                       4.51 kB
dist/assets/school-3kPEHozp.webp                       4.60 kB
dist/assets/war-flag-ClpBapaP.webp                     4.61 kB
dist/assets/exploration-flag-DEYVuIyb.webp             5.54 kB
dist/assets/wood-BvhIq-A_.webp                         5.59 kB
dist/assets/clearing-flag-Dr2FX3nZ.webp                5.94 kB
dist/assets/stone-CR7HLFDE.webp                        6.14 kB
dist/assets/racetrack-BEfp0i51.webp                    6.45 kB
dist/assets/inn-pEFHk1BY.webp                          6.51 kB
dist/assets/fruit-C8P4nJfl.webp                        7.36 kB
dist/assets/papyrus-sl-e5iDV.webp                      7.49 kB
dist/assets/algae-Cf7k497T.webp                        7.53 kB
dist/assets/swarm-C7Cw-oud.webp                        9.26 kB
dist/assets/wordmark-letters-Cs-rHGsD.webp            14.87 kB
dist/assets/explorer-west-DFIszYPU.webp               20.89 kB
dist/assets/worker-east-Bqinqqlq.webp                 22.38 kB
dist/assets/worker-west-DG0XWj8f.webp                 23.28 kB
dist/assets/warrior-east-BQEGqC40.webp                29.46 kB
dist/assets/nunito-latin-wght-normal-BzFMHfZw.woff2   39.12 kB
dist/assets/colony-960-CjmrWzyt.webp                  96.84 kB
dist/assets/colony-1600-CJWZJSba.webp                220.64 kB
dist/assets/index-UqteQl7a.css                        44.01 kB │ gzip: 12.79 kB
dist/assets/rolldown-runtime-BpQH8Ho1.js               0.22 kB │ gzip:  0.19 kB
dist/assets/Account-DwpdQs1p.js                        3.57 kB │ gzip:  1.49 kB │ map:     8.67 kB
dist/assets/LineChart-DgCDKFCV.js                      4.34 kB │ gzip:  1.90 kB │ map:    16.64 kB
dist/assets/Player-DG9BdP6v.js                         7.08 kB │ gzip:  2.52 kB │ map:    21.11 kB
dist/assets/MapStudio-W1CCssSu.js                     10.71 kB │ gzip:  3.77 kB │ map:    35.08 kB
dist/assets/Admin-Bw2_anlP.js                         10.81 kB │ gzip:  3.39 kB │ map:    31.69 kB
dist/assets/Match-rtbvM9Um.js                         15.92 kB │ gzip:  5.09 kB │ map:    45.99 kB
dist/assets/Maps-D3H4cqiS.js                          16.52 kB │ gzip:  4.98 kB │ map:    48.88 kB
dist/assets/src-Cces6sNC.js                          181.52 kB │ gzip: 53.81 kB │ map: 1,197.32 kB
dist/assets/index-B3Broyd2.js                        288.50 kB │ gzip: 93.10 kB │ map: 1,239.30 kB

✓ built in 1.83s
