idle128 -1 d8t4-owner wall=0.587s cpu=0.707s
idle128 -1 legacy-t4 wall=0.576s cpu=0.666s
idle128 -1 d8t4-shared wall=0.765s cpu=0.805s
idle128 0 legacy-t4 wall=0.552s cpu=0.645s
idle128 0 d8t4-owner wall=0.550s cpu=0.656s
idle128 0 d8t4-shared wall=0.574s cpu=0.662s
idle128 1 legacy-t4 wall=0.454s cpu=0.566s
idle128 1 d8t4-shared wall=0.588s cpu=0.687s
idle128 1 d8t4-owner wall=0.583s cpu=0.687s
idle128 2 d8t4-shared wall=0.555s cpu=0.661s
idle128 2 legacy-t4 wall=0.618s cpu=0.709s
idle128 2 d8t4-owner wall=0.588s cpu=0.701s
idle128 3 d8t4-shared wall=0.643s cpu=0.708s
idle128 3 d8t4-owner wall=0.585s cpu=0.676s
idle128 3 legacy-t4 wall=0.570s cpu=0.688s
idle128 4 d8t4-owner wall=0.535s cpu=0.643s
idle128 4 d8t4-shared wall=0.544s cpu=0.608s
idle128 4 legacy-t4 wall=0.608s cpu=0.738s
idle128 5 d8t4-owner wall=0.643s cpu=0.753s
idle128 5 legacy-t4 wall=0.613s cpu=0.693s
idle128 5 d8t4-shared wall=0.458s cpu=0.526s
idle128 6 legacy-t4 wall=0.406s cpu=0.507s
idle128 6 d8t4-owner wall=0.562s cpu=0.670s
idle128 6 d8t4-shared wall=0.594s cpu=0.633s
idle128 7 legacy-t4 wall=0.509s cpu=0.608s
idle128 7 d8t4-shared wall=0.634s cpu=0.741s
idle128 7 d8t4-owner wall=0.653s cpu=0.751s
idle128 8 d8t4-shared wall=0.572s cpu=0.680s
idle128 8 legacy-t4 wall=0.608s cpu=0.699s
idle128 8 d8t4-owner wall=0.614s cpu=0.711s
idle128 9 d8t4-shared wall=0.634s cpu=0.763s
idle128 9 d8t4-owner wall=0.552s cpu=0.664s
idle128 9 legacy-t4 wall=0.569s cpu=0.642s
idle256 -1 d8t4-owner wall=0.846s cpu=1.200s
idle256 -1 legacy-t4 wall=0.812s cpu=1.231s
idle256 -1 d8t4-shared wall=0.885s cpu=1.128s
idle256 0 legacy-t4 wall=0.717s cpu=1.112s
idle256 0 d8t4-owner wall=0.665s cpu=1.096s
idle256 0 d8t4-shared wall=0.734s cpu=1.181s
idle256 1 legacy-t4 wall=0.612s cpu=0.946s
idle256 1 d8t4-shared wall=0.615s cpu=0.990s
idle256 1 d8t4-owner wall=0.764s cpu=1.248s
idle256 2 d8t4-shared wall=0.740s cpu=1.185s
idle256 2 legacy-t4 wall=0.662s cpu=1.066s
idle256 2 d8t4-owner wall=0.931s cpu=1.272s
idle256 3 d8t4-shared wall=0.794s cpu=1.131s
idle256 3 d8t4-owner wall=0.813s cpu=1.195s
idle256 3 legacy-t4 wall=0.786s cpu=1.223s
idle256 4 d8t4-owner wall=0.785s cpu=1.211s
idle256 4 d8t4-shared wall=0.778s cpu=1.186s
idle256 4 legacy-t4 wall=0.705s cpu=1.083s
idle256 5 d8t4-owner wall=0.624s cpu=1.025s
idle256 5 legacy-t4 wall=0.740s cpu=1.114s
idle256 5 d8t4-shared wall=0.718s cpu=1.211s
idle256 6 legacy-t4 wall=0.821s cpu=1.119s
idle256 6 d8t4-owner wall=0.777s cpu=1.188s
idle256 6 d8t4-shared wall=0.761s cpu=1.186s
idle256 7 legacy-t4 wall=0.673s cpu=1.084s
idle256 7 d8t4-shared wall=0.759s cpu=1.203s
idle256 7 d8t4-owner wall=0.759s cpu=1.132s
idle256 8 d8t4-shared wall=0.735s cpu=1.209s
idle256 8 legacy-t4 wall=0.709s cpu=1.113s
idle256 8 d8t4-owner wall=0.755s cpu=1.227s
idle256 9 d8t4-shared wall=0.825s cpu=1.182s
idle256 9 d8t4-owner wall=0.769s cpu=1.168s
idle256 9 legacy-t4 wall=0.874s cpu=1.143s
idle512 -1 d8t4-owner wall=1.493s cpu=2.993s
idle512 -1 legacy-t4 wall=1.590s cpu=2.898s
idle512 -1 d8t4-shared wall=1.498s cpu=3.289s
idle512 0 legacy-t4 wall=1.341s cpu=2.881s
idle512 0 d8t4-owner wall=1.187s cpu=2.873s
idle512 0 d8t4-shared wall=1.368s cpu=2.943s
idle512 1 legacy-t4 wall=1.402s cpu=3.131s
idle512 1 d8t4-shared wall=1.417s cpu=3.105s
idle512 1 d8t4-owner wall=1.226s cpu=2.800s
idle512 2 d8t4-shared wall=1.156s cpu=2.791s
idle512 2 legacy-t4 wall=1.137s cpu=2.802s
idle512 2 d8t4-owner wall=1.123s cpu=2.767s
idle512 3 d8t4-shared wall=1.144s cpu=2.835s
idle512 3 d8t4-owner wall=1.376s cpu=3.167s
idle512 3 legacy-t4 wall=1.291s cpu=2.914s
idle512 4 d8t4-owner wall=1.283s cpu=2.969s
idle512 4 d8t4-shared wall=0.984s cpu=2.536s
idle512 4 legacy-t4 wall=1.213s cpu=2.726s
idle512 5 d8t4-owner wall=1.367s cpu=3.082s
idle512 5 legacy-t4 wall=0.990s cpu=2.531s
idle512 5 d8t4-shared wall=1.305s cpu=2.897s
idle512 6 legacy-t4 wall=1.615s cpu=3.475s
idle512 6 d8t4-owner wall=1.524s cpu=3.318s
idle512 6 d8t4-shared wall=1.297s cpu=2.836s
idle512 7 legacy-t4 wall=1.388s cpu=2.883s
idle512 7 d8t4-shared wall=1.344s cpu=3.016s
idle512 7 d8t4-owner wall=1.623s cpu=3.172s
idle512 8 d8t4-shared wall=1.488s cpu=2.935s
idle512 8 legacy-t4 wall=1.380s cpu=2.916s
idle512 8 d8t4-owner wall=1.431s cpu=3.011s
idle512 9 d8t4-shared wall=1.369s cpu=2.975s
idle512 9 d8t4-owner wall=1.405s cpu=2.995s
idle512 9 legacy-t4 wall=1.404s cpu=2.918s
ai128 -1 d8t4-owner wall=0.525s cpu=0.578s
ai128 -1 legacy-t4 wall=0.531s cpu=0.553s
ai128 -1 d8t4-shared wall=0.544s cpu=0.573s
ai128 0 legacy-t4 wall=0.622s cpu=0.678s
ai128 0 d8t4-owner wall=0.680s cpu=0.761s
ai128 0 d8t4-shared wall=0.480s cpu=0.527s
ai128 1 legacy-t4 wall=0.516s cpu=0.578s
ai128 1 d8t4-shared wall=0.572s cpu=0.568s
ai128 1 d8t4-owner wall=0.609s cpu=0.642s
ai128 2 d8t4-shared wall=0.572s cpu=0.598s
ai128 2 legacy-t4 wall=0.565s cpu=0.622s
ai128 2 d8t4-owner wall=0.576s cpu=0.642s
ai128 3 d8t4-shared wall=0.557s cpu=0.610s
ai128 3 d8t4-owner wall=0.591s cpu=0.651s
ai128 3 legacy-t4 wall=0.566s cpu=0.589s
ai128 4 d8t4-owner wall=0.673s cpu=0.688s
ai128 4 d8t4-shared wall=0.635s cpu=0.668s
ai128 4 legacy-t4 wall=0.468s cpu=0.536s
ai128 5 d8t4-owner wall=0.622s cpu=0.676s
ai128 5 legacy-t4 wall=0.595s cpu=0.657s
ai128 5 d8t4-shared wall=0.578s cpu=0.663s
ai128 6 legacy-t4 wall=0.639s cpu=0.666s
ai128 6 d8t4-owner wall=0.624s cpu=0.676s
ai128 6 d8t4-shared wall=0.523s cpu=0.590s
ai128 7 legacy-t4 wall=0.569s cpu=0.631s
ai128 7 d8t4-shared wall=0.531s cpu=0.603s
ai128 7 d8t4-owner wall=0.541s cpu=0.634s
ai128 8 d8t4-shared wall=0.522s cpu=0.573s
ai128 8 legacy-t4 wall=0.512s cpu=0.571s
ai128 8 d8t4-owner wall=0.721s cpu=0.763s
ai128 9 d8t4-shared wall=0.523s cpu=0.607s
ai128 9 d8t4-owner wall=0.618s cpu=0.696s
ai128 9 legacy-t4 wall=0.538s cpu=0.589s
ai256 -1 d8t4-owner wall=0.724s cpu=1.032s
ai256 -1 legacy-t4 wall=0.746s cpu=1.087s
ai256 -1 d8t4-shared wall=0.998s cpu=1.280s
ai256 0 legacy-t4 wall=0.767s cpu=1.013s
ai256 0 d8t4-owner wall=0.640s cpu=0.914s
ai256 0 d8t4-shared wall=0.816s cpu=1.160s
ai256 1 legacy-t4 wall=0.754s cpu=1.099s
ai256 1 d8t4-shared wall=0.704s cpu=1.044s
ai256 1 d8t4-owner wall=0.773s cpu=1.088s
ai256 2 d8t4-shared wall=0.698s cpu=1.091s
ai256 2 legacy-t4 wall=0.633s cpu=0.926s
ai256 2 d8t4-owner wall=0.627s cpu=0.969s
ai256 3 d8t4-shared wall=0.552s cpu=0.896s
ai256 3 d8t4-owner wall=0.758s cpu=1.040s
ai256 3 legacy-t4 wall=0.568s cpu=0.876s
ai256 4 d8t4-owner wall=1.056s cpu=1.138s
ai256 4 d8t4-shared wall=0.870s cpu=0.955s
ai256 4 legacy-t4 wall=1.036s cpu=1.121s
ai256 5 d8t4-owner wall=0.769s cpu=1.058s
ai256 5 legacy-t4 wall=0.511s cpu=0.818s
ai256 5 d8t4-shared wall=1.678s cpu=1.337s
ai256 6 legacy-t4 wall=1.578s cpu=1.033s
ai256 6 d8t4-owner wall=1.670s cpu=1.052s
ai256 6 d8t4-shared wall=1.228s cpu=1.039s
ai256 7 legacy-t4 wall=1.090s cpu=0.967s
ai256 7 d8t4-shared wall=1.509s cpu=1.121s
ai256 7 d8t4-owner wall=1.043s cpu=1.047s
ai256 8 d8t4-shared wall=1.017s cpu=1.050s
ai256 8 legacy-t4 wall=0.932s cpu=1.030s
ai256 8 d8t4-owner wall=1.108s cpu=1.044s
ai256 9 d8t4-shared wall=1.127s cpu=1.053s
ai256 9 d8t4-owner wall=0.978s cpu=1.079s
ai256 9 legacy-t4 wall=1.065s cpu=1.068s
ai512 -1 d8t4-owner wall=2.162s cpu=2.835s
ai512 -1 legacy-t4 wall=1.553s cpu=2.735s
ai512 -1 d8t4-shared wall=1.351s cpu=2.488s
ai512 0 legacy-t4 wall=1.549s cpu=2.803s
ai512 0 d8t4-owner wall=1.669s cpu=2.821s
ai512 0 d8t4-shared wall=1.527s cpu=2.703s
ai512 1 legacy-t4 wall=1.610s cpu=2.601s
ai512 1 d8t4-shared wall=1.399s cpu=2.615s
ai512 1 d8t4-owner wall=1.409s cpu=2.562s
ai512 2 d8t4-shared wall=1.686s cpu=2.880s
ai512 2 legacy-t4 wall=1.812s cpu=2.602s
ai512 2 d8t4-owner wall=1.642s cpu=2.752s
ai512 3 d8t4-shared wall=1.445s cpu=2.624s
ai512 3 d8t4-owner wall=1.727s cpu=2.971s
ai512 3 legacy-t4 wall=1.515s cpu=2.523s
ai512 4 d8t4-owner wall=1.476s cpu=2.789s
ai512 4 d8t4-shared wall=1.950s cpu=2.861s
ai512 4 legacy-t4 wall=1.536s cpu=2.687s
ai512 5 d8t4-owner wall=1.782s cpu=2.920s
ai512 5 legacy-t4 wall=1.606s cpu=2.724s
ai512 5 d8t4-shared wall=1.665s cpu=2.864s
ai512 6 legacy-t4 wall=1.805s cpu=2.744s
ai512 6 d8t4-owner wall=1.885s cpu=3.052s
ai512 6 d8t4-shared wall=1.611s cpu=2.957s
ai512 7 legacy-t4 wall=2.021s cpu=3.024s
ai512 7 d8t4-shared wall=1.671s cpu=2.861s
ai512 7 d8t4-owner wall=1.819s cpu=2.736s
ai512 8 d8t4-shared wall=1.876s cpu=2.884s
ai512 8 legacy-t4 wall=1.715s cpu=2.849s
ai512 8 d8t4-owner wall=1.595s cpu=2.808s
ai512 9 d8t4-shared wall=1.518s cpu=2.725s
ai512 9 d8t4-owner wall=1.739s cpu=2.989s
ai512 9 legacy-t4 wall=1.717s cpu=2.799s
disabled512 -1 d8t4-owner wall=1.469s cpu=2.275s
disabled512 -1 legacy-t4 wall=1.462s cpu=2.217s
disabled512 -1 d8t4-shared wall=1.549s cpu=2.385s
disabled512 0 legacy-t4 wall=1.896s cpu=2.393s
disabled512 0 d8t4-owner wall=1.466s cpu=2.163s
disabled512 0 d8t4-shared wall=1.755s cpu=2.247s
disabled512 1 legacy-t4 wall=1.691s cpu=2.166s
disabled512 1 d8t4-shared wall=1.780s cpu=2.137s
disabled512 1 d8t4-owner wall=1.634s cpu=2.039s
disabled512 2 d8t4-shared wall=1.648s cpu=2.408s
disabled512 2 legacy-t4 wall=1.552s cpu=2.114s
disabled512 2 d8t4-owner wall=1.505s cpu=2.050s
disabled512 3 d8t4-shared wall=1.523s cpu=2.182s
disabled512 3 d8t4-owner wall=1.710s cpu=2.213s
disabled512 3 legacy-t4 wall=1.703s cpu=2.261s
disabled512 4 d8t4-owner wall=1.459s cpu=2.182s
disabled512 4 d8t4-shared wall=1.516s cpu=2.405s
disabled512 4 legacy-t4 wall=1.319s cpu=2.048s
disabled512 5 d8t4-owner wall=1.370s cpu=2.208s
disabled512 5 legacy-t4 wall=1.359s cpu=2.372s
disabled512 5 d8t4-shared wall=1.230s cpu=2.111s
disabled512 6 legacy-t4 wall=1.364s cpu=2.202s
disabled512 6 d8t4-owner wall=1.219s cpu=1.976s
disabled512 6 d8t4-shared wall=1.245s cpu=2.107s
disabled512 7 legacy-t4 wall=1.175s cpu=1.981s
disabled512 7 d8t4-shared wall=1.044s cpu=1.885s
disabled512 7 d8t4-owner wall=1.648s cpu=2.403s
disabled512 8 d8t4-shared wall=1.323s cpu=2.161s
disabled512 8 legacy-t4 wall=1.269s cpu=2.045s
disabled512 8 d8t4-owner wall=1.218s cpu=1.981s
disabled512 9 d8t4-shared wall=1.228s cpu=1.982s
disabled512 9 d8t4-owner wall=1.430s cpu=2.116s
disabled512 9 legacy-t4 wall=1.370s cpu=2.009s
