256 4 1 True True
256 4 2 True True
256 4 3 True True
256 4 4 True True
256 4 5 True True
256 4 6 True True
256 4 7 True True
256 4 8 True True
256 4 9 True True
256 4 10 True True
256 4 11 True True
256 4 12 True True
256 8 1 True True
256 8 2 True True
256 8 3 True True
256 8 4 True True
256 8 5 True True
256 8 6 True True
256 8 7 True True
256 8 8 True True
256 8 9 True True
256 8 10 True True
256 8 11 True True
256 8 12 True True
256 12 1 True True
256 12 2 True True
256 12 3 True True
256 12 4 True True
256 12 5 True True
256 12 6 True True
256 12 7 True True
256 12 8 True True
256 12 9 True True
256 12 10 True True
256 12 11 True True
256 12 12 True True
512 4 1 True True
512 4 2 True True
512 4 3 True True
512 4 4 True True
512 4 5 True True
512 4 6 True True
512 4 7 True True
512 4 8 True True
512 4 9 True True
512 4 10 True True
512 4 11 True True
512 4 12 True True
512 8 1 True True
512 8 2 True True
512 8 3 True True
512 8 4 True True
512 8 5 True True
512 8 6 True True
512 8 7 True True
512 8 8 True True
512 8 9 True True
512 8 10 True True
512 8 11 True True
512 8 12 True True
512 12 1 True True
512 12 2 True True
512 12 3 True True
512 12 4 True True
512 12 5 True True
512 12 6 True True
512 12 7 True True
512 12 8 True True
512 12 9 True True
512 12 10 True True
512 12 11 True True
512 12 12 True True
{
  "cases": 72,
  "successes": 60,
  "reports_equal": true,
  "maps_equal": true,
  "benchmark": {
    "map-only": {
      "before": 2.706312833004631,
      "after": 2.6300814170390368
    },
    "map-and-json": {
      "before": 3.1816941670840606,
      "after": 2.9973057919414714
    }
  }
}
