PASS preferences round trip, hidden slots, bounds and corrupt-file recovery
PASS preferences keep every generator option, and older files still load
PASS canonical map catalog, selection stability, inline controls, popup cancel, focus preservation and rules
Map generation: river revision 2 seed 568443609 [complete]:
Map generation: river revision 2 seed 2554979997 [complete]:
Map generation: river revision 2 seed 3810219250 [complete]:
Map generation: river revision 2 seed 2315164107 [complete]:
Map generation: river revision 2 seed 2536917585 [complete]:
Map generation: river revision 2 seed 2272766227 [complete]:
Map generation: river revision 2 seed 1022202456 [complete]:
Map generation: river revision 2 seed 2968480811 [complete]:
Map generation: river revision 2 seed 3323588533 [complete]:
Map generation: river revision 2 seed 1846803659 [complete]:
Map generation: river revision 2 seed 232259494 [complete]:
Map generation: fjord-continent revision 11 seed 2991436917 [complete]:
Map generation: fjord-continent revision 11 seed 2148443406 [complete]:
Map generation: contested-commons revision 2 seed 3121346011 [complete]:
Map generation: contested-commons revision 2 seed 549933527 [complete]:
Map generation: contested-commons revision 2 seed 1423884554 [complete]:
Map generation: contested-commons revision 2 seed 4187728676 [complete]:
Map generation: contested-commons revision 2 seed 2830688752 [complete]:
Map generation: contested-commons revision 2 seed 3712865363 [complete]:
Map generation: contested-commons revision 2 seed 1366348720 [complete]:
Map generation: contested-commons revision 2 seed 1970711056 [complete]:
Map generation: contested-commons revision 2 seed 1937241231 [complete]:
Map generation: contested-commons revision 2 seed 4281238490 [complete]:
Map generation: contested-commons revision 2 seed 3629955100 [complete]:
Map generation: contested-commons revision 2 seed 496475916 [complete]:
Map generation: contested-commons revision 2 seed 165744494 [complete]:
Map generation: contested-commons revision 2 seed 2816020531 [complete]:
Map generation: contested-commons revision 2 seed 2652468494 [complete]:
Map generation: contested-commons revision 2 seed 1593375950 [complete]:
Map generation: contested-commons revision 2 seed 2452607008 [complete]:
Map generation: contested-commons revision 2 seed 1449952420 [complete]:
Map generation: contested-commons revision 2 seed 990705864 [complete]:
Map generation: contested-commons revision 2 seed 4008066228 [complete]:
PASS rectangular aspect ratios, cropped terrain and colony marker pixels
Landscape preview: shattered-coast revision 3 seed 2776766182 [starting locations]: Cannot space every colony on grass
Landscape preview: carousel revision 2 seed 2618149352 [carousel layout]: Too many colonies for this map: a spoke or corridor passes too close to a home.
Map generation: rain-shadow revision 4 seed 3555232488 [complete]:
Map generation: rain-shadow revision 4 seed 2532804843 [complete]:
PASS landscape picker: 30 previews on 4 threads, selection, regeneration and the shown map played
Map generation: river revision 2 seed 2197680737 [complete]:
Map generation: river revision 2 seed 689240476 [complete]:
Map generation: river revision 2 seed 3322431757 [complete]:
Map generation: river revision 2 seed 3767185465 [complete]:
Map generation: river revision 2 seed 1201032896 [complete]:
PASS native rendering, snapshot reroll ownership, invalidation, failure recovery, preserved alliances
