Settings::load("preferences.txt") : error, can't open file.
fingerprint          128/2:5/5 128/4:5/5 256/2:5/5 256/3:5/5 256/4:5/5 256/6:5/5 256/8:5/5 256/12:5/5 512/4:3/3 512/12:3/3
old-town             128/2:5/5 128/4:5/5 256/2:5/5 256/3:5/5 256/4:5/5 256/6:5/5 256/8:5/5 256/12:5/5 512/4:3/3 512/12:3/3
symmetric-arena      128/2:5/5 128/4:5/5 256/2:5/5 256/3:- 256/4:5/5 256/6:- 256/8:5/5 256/12:- 512/4:3/3 512/12:-
swamp                128/2:5/5 128/4:5/5 256/2:5/5 256/3:5/5 256/4:5/5 256/6:5/5 256/8:5/5 256/12:5/5 512/4:3/3 512/12:3/3
tidal-flats          128/2:5/5 128/4:5/5 256/2:5/5 256/3:5/5 256/4:5/5 256/6:5/5 256/8:5/5 256/12:5/5 512/4:3/3 512/12:3/3
river                128/2:5/5 128/4:5/5 256/2:5/5 256/3:5/5 256/4:5/5 256/6:5/5 256/8:5/5 256/12:5/5 512/4:3/3 512/12:3/3
isles                128/2:5/5 128/4:5/5 256/2:5/5 256/3:5/5 256/4:5/5 256/6:5/5 256/8:5/5 256/12:5/5 512/4:3/3 512/12:3/3
ring-world           128/2:5/5 128/4:5/5 256/2:5/5 256/3:5/5 256/4:5/5 256/6:5/5 256/8:5/5 256/12:- 512/4:3/3 512/12:3/3
amphitheatre         128/2:5/5 128/4:5/5 256/2:5/5 256/3:5/5 256/4:5/5 256/6:5/5 256/8:5/5 256/12:- 512/4:3/3 512/12:3/3
shattered-coast      128/2:5/5 128/4:5/5 256/2:5/5 256/3:5/5 256/4:5/5 256/6:5/5 256/8:5/5 256/12:5/5 512/4:3/3 512/12:3/3
crater-lakes         128/2:5/5 128/4:5/5 256/2:5/5 256/3:5/5 256/4:5/5 256/6:5/5 256/8:5/5 256/12:5/5 512/4:3/3 512/12:3/3
fjord-continent      128/2:5/5 128/4:5/5 256/2:5/5 256/3:5/5 256/4:5/5 256/6:5/5 256/8:5/5 256/12:5/5 512/4:3/3 512/12:3/3
spider-web           128/2:5/5 128/4:5/5 256/2:5/5 256/3:5/5 256/4:5/5 256/6:5/5 256/8:5/5 256/12:5/5 512/4:3/3 512/12:3/3
concrete-islands     128/2:5/5 128/4:5/5 256/2:5/5 256/3:5/5 256/4:5/5 256/6:5/5 256/8:5/5 256/12:4/5 512/4:3/3 512/12:2/3
watershed            128/2:5/5 128/4:5/5 256/2:5/5 256/3:5/5 256/4:5/5 256/6:5/5 256/8:5/5 256/12:5/5 512/4:3/3 512/12:3/3
maze                 128/2:5/5 128/4:5/5 256/2:5/5 256/3:5/5 256/4:5/5 256/6:5/5 256/8:5/5 256/12:5/5 512/4:3/3 512/12:3/3
islands              128/2:5/5 128/4:5/5 256/2:5/5 256/3:5/5 256/4:5/5 256/6:5/5 256/8:5/5 256/12:5/5 512/4:3/3 512/12:3/3
stone-highlands      128/2:5/5 128/4:5/5 256/2:5/5 256/3:5/5 256/4:5/5 256/6:5/5 256/8:5/5 256/12:5/5 512/4:3/3 512/12:3/3
switchbacks          128/2:5/5 128/4:5/5 256/2:5/5 256/3:5/5 256/4:5/5 256/6:5/5 256/8:5/5 256/12:- 512/4:3/3 512/12:3/3
city-states          128/2:5/5 128/4:5/5 256/2:5/5 256/3:5/5 256/4:5/5 256/6:5/5 256/8:5/5 256/12:5/5 512/4:3/3 512/12:3/3
canals               128/2:5/5 128/4:5/5 256/2:5/5 256/3:5/5 256/4:5/5 256/6:5/5 256/8:5/5 256/12:5/5 512/4:3/3 512/12:3/3
rugged-archipelago   128/2:5/5 128/4:5/5 256/2:5/5 256/3:5/5 256/4:5/5 256/6:5/5 256/8:5/5 256/12:5/5 512/4:3/3 512/12:3/3
contested-commons    128/2:5/5 128/4:5/5 256/2:5/5 256/3:5/5 256/4:5/5 256/6:5/5 256/8:5/5 256/12:5/5 512/4:3/3 512/12:3/3
rain-shadow          128/2:5/5 128/4:5/5 256/2:5/5 256/3:5/5 256/4:5/5 256/6:5/5 256/8:5/5 256/12:5/5 512/4:3/3 512/12:3/3
everglades           128/2:5/5 128/4:5/5 256/2:5/5 256/3:5/5 256/4:5/5 256/6:5/5 256/8:5/5 256/12:5/5 512/4:3/3 512/12:3/3
polder               128/2:5/5 128/4:5/5 256/2:5/5 256/3:5/5 256/4:5/5 256/6:5/5 256/8:5/5 256/12:5/5 512/4:3/3 512/12:3/3
carousel             128/2:5/5 128/4:5/5 256/2:5/5 256/3:5/5 256/4:5/5 256/6:5/5 256/8:5/5 256/12:- 512/4:3/3 512/12:3/3
old-growth           128/2:5/5 128/4:5/5 256/2:5/5 256/3:5/5 256/4:5/5 256/6:5/5 256/8:5/5 256/12:5/5 512/4:3/3 512/12:3/3
anthill              128/2:5/5 128/4:5/5 256/2:5/5 256/3:5/5 256/4:5/5 256/6:5/5 256/8:5/5 256/12:5/5 512/4:3/3 512/12:3/3
coral                128/2:5/5 128/4:5/5 256/2:5/5 256/3:5/5 256/4:5/5 256/6:5/5 256/8:5/5 256/12:5/5 512/4:3/3 512/12:3/3
sweep: 0 failing combinations
