scons: Reading SConscript files ...
Checking whether the C compiler works... (cached) yes
Checking whether the C++ compiler works... (cached) yes
Checking for C library SDL2... (cached) yes
Checking for C library SDL2_ttf... (cached) yes
Checking for C library SDL2_image... (cached) yes
Checking for C library SDL2_net... (cached) yes
Checking for C library speex... (cached) yes
Checking for C++ header file speex/speex.h... (cached) yes
Checking for C library vorbisfile... (cached) yes
Checking for C library vorbis... (cached) yes
Checking for C library ogg... (cached) yes
Checking for C++ header file zlib.h... (cached) yes
Checking for C library z... (cached) yes
Checking for C++ header file regex.h... (cached) yes
Checking for C++ header file openssl/ssl.h... (cached) yes
Checking for C library ssl... (cached) yes
Checking for C library crypto... (cached) yes
Checking for C++ header file boost/beast/websocket.hpp... (cached) yes
Checking for C++ header file boost/asio/ssl.hpp... (cached) yes
Using Apple's OpenGL framework
Using Apple's GLUT framework
Checking for C library epoxy... (cached) yes
Checking for C++ header file epoxy/gl.h... (cached) yes
Checking for C library fribidi... (cached) yes
Checking for C++ header file fribidi/fribidi.h... (cached) yes
Checking for C library portaudio... (cached) yes
Checking for C++ header file portaudio.h... (cached) yes
         no portaudio
         no portaudio - although portaudio was found to be installed, you have 
         no portaudio - to explicitly activate it using: 
         no portaudio - $ scons --portaudio=true
         no portaudio - this may not work properly if the version of portaudio
         no portaudio - is wrong. portaudio is used to allow communicating over VOIP
         no portaudio
         no portaudio - if you know of a solution to detect portaudio version
         no portaudio - let us know at:
         no portaudio - https://savannah.nongnu.org/bugs/index.php?24668
         no portaudio
scons: done reading SConscript files.
scons: Building targets ...
Building compilation database build/darwin/client/release/compile_commands.json
scons: `build/darwin/client/release/libgag/src/libgag.a' is up to date.
g++ -o build/darwin/client/release/src/Glob2.o -c -g -std=gnu++20 -Wall -fPIC -O3 -DHAVE_CONFIG_H -DGL_SILENCE_DEPRECATION -D_THREAD_SAFE -Ibuild/darwin/client/release/include -I/opt/homebrew/include -Ilibgag/include -I. -Ilibusl/src -Isrc -Isrc/yog -Isrc/ai -Isrc/ai/maxima -Isrc/building -Isrc/game/entities -Isrc/gui -Isrc/map -Isrc/map/edit -Isrc/map/generator -Isrc/map/generator/core -Isrc/map/generator/generators -Isrc/map/generator/shared -Isrc/map/generator/shared/legacy -Isrc/map/generator/compatibility -Isrc/map/gradient -Isrc/map/io -Isrc/map/pathfind -Isrc/net -Isrc/net/irc -Isrc/net/message -Isrc/sgsl -Isrc/team -Isrc/unit -I/opt/homebrew/include/SDL2 -Ithird_party/quickjs-ng src/Glob2.cpp
In file included from src/Glob2.cpp:21:
In file included from src/GlobalContainer.h:11:
In file included from src/Settings.h:11:
In file included from src/BasePlayer.h:9:
In file included from src/team/Team.h:16:
In file included from src/GameEvent.h:9:
In file included from libgag/include/GraphicContext.h:6:
libgag/include/SDLGraphicContext.h:486:16: warning: 'setRes' overrides a member function but is not marked 'override' [-Winconsistent-missing-override]
  486 |                 virtual void setRes(int w, int h) { setRes(w, h, optionFlags); }
      |                              ^
libgag/include/SDLGraphicContext.h:219:16: note: overridden virtual function is here
  219 |                 virtual void setRes(int w, int h);
      |                              ^
libgag/include/SDLGraphicContext.h:541:16: warning: 'setClipRect' overrides a member function but is not marked 'override' [-Winconsistent-missing-override]
  541 |                 virtual void setClipRect(int x, int y, int w, int h);
      |                              ^
libgag/include/SDLGraphicContext.h:221:16: note: overridden virtual function is here
  221 |                 virtual void setClipRect(int x, int y, int w, int h);
      |                              ^
libgag/include/SDLGraphicContext.h:542:16: warning: 'setClipRect' overrides a member function but is not marked 'override' [-Winconsistent-missing-override]
  542 |                 virtual void setClipRect(void);
      |                              ^
libgag/include/SDLGraphicContext.h:222:16: note: overridden virtual function is here
  222 |                 virtual void setClipRect(void);
      |                              ^
libgag/include/SDLGraphicContext.h:547:22: warning: 'nextFrame' overrides a member function but is not marked 'override' [-Winconsistent-missing-override]
  547 |         virtual void nextFrame(void);
      |                      ^
libgag/include/SDLGraphicContext.h:223:16: note: overridden virtual function is here
  223 |                 virtual void nextFrame(void) { flushTextPictures(); }
      |                              ^
libgag/include/SDLGraphicContext.h:549:16: warning: 'loadImage' overrides a member function but is not marked 'override' [-Winconsistent-missing-override]
  549 |                 virtual bool loadImage(const std::string name) { return false; }
      |                              ^
libgag/include/SDLGraphicContext.h:224:16: note: overridden virtual function is here
  224 |                 virtual bool loadImage(const std::string name);
      |                              ^
libgag/include/SDLGraphicContext.h:553:16: warning: 'shiftHSV' overrides a member function but is not marked 'override' [-Winconsistent-missing-override]
  553 |                 virtual void shiftHSV(float hue, float sat, float lum) { }
      |                              ^
libgag/include/SDLGraphicContext.h:225:16: note: overridden virtual function is here
  225 |                 virtual void shiftHSV(float hue, float sat, float lum);
      |                              ^
libgag/include/SDLGraphicContext.h:556:16: warning: 'canDrawStretchedSprite' overrides a member function but is not marked 'override' [-Winconsistent-missing-override]
  556 |                 virtual bool canDrawStretchedSprite(void) { return hasPortableRenderer() || (optionFlags & USEGPU) != 0; }
      |                              ^
libgag/include/SDLGraphicContext.h:242:16: note: overridden virtual function is here
  242 |                 virtual bool canDrawStretchedSprite(void) { return false; }
      |                              ^
libgag/include/SDLGraphicContext.h:558:16: warning: 'drawPixel' overrides a member function but is not marked 'override' [-Winconsistent-missing-override]
  558 |                 virtual void drawPixel(int x, int y, const Color& color);
      |                              ^
libgag/include/SDLGraphicContext.h:245:16: note: overridden virtual function is here
  245 |                 virtual void drawPixel(int x, int y, const Color& color);
      |                              ^
libgag/include/SDLGraphicContext.h:559:16: warning: 'drawPixel' overrides a member function but is not marked 'override' [-Winconsistent-missing-override]
  559 |                 virtual void drawPixel(float x, float y, const Color& color);
      |                              ^
libgag/include/SDLGraphicContext.h:246:16: note: overridden virtual function is here
  246 |                 virtual void drawPixel(float x, float y, const Color& color);
      |                              ^
libgag/include/SDLGraphicContext.h:561:16: warning: 'drawRect' overrides a member function but is not marked 'override' [-Winconsistent-missing-override]
  561 |                 virtual void drawRect(int x, int y, int w, int h, const Color& color);
      |                              ^
libgag/include/SDLGraphicContext.h:248:16: note: overridden virtual function is here
  248 |                 virtual void drawRect(int x, int y, int w, int h, const Color& color);
      |                              ^
libgag/include/SDLGraphicContext.h:562:16: warning: 'drawRect' overrides a member function but is not marked 'override' [-Winconsistent-missing-override]
  562 |                 virtual void drawRect(float x, float y, float w, float h, const Color& color);
      |                              ^
libgag/include/SDLGraphicContext.h:249:16: note: overridden virtual function is here
  249 |                 virtual void drawRect(float x, float y, float w, float h, const Color& color);
      |                              ^
libgag/include/SDLGraphicContext.h:564:16: warning: 'drawFilledRect' overrides a member function but is not marked 'override' [-Winconsistent-missing-override]
  564 |                 virtual void drawFilledRect(int x, int y, int w, int h, const Color& color);
      |                              ^
libgag/include/SDLGraphicContext.h:251:16: note: overridden virtual function is here
  251 |                 virtual void drawFilledRect(int x, int y, int w, int h, const Color& color);
      |                              ^
libgag/include/SDLGraphicContext.h:565:16: warning: 'drawFilledRect' overrides a member function but is not marked 'override' [-Winconsistent-missing-override]
  565 |                 virtual void drawFilledRect(float x, float y, float w, float h, const Color& color);
      |                              ^
libgag/include/SDLGraphicContext.h:252:16: note: overridden virtual function is here
  252 |                 virtual void drawFilledRect(float x, float y, float w, float h, const Color& color);
      |                              ^
libgag/include/SDLGraphicContext.h:567:16: warning: 'drawLine' overrides a member function but is not marked 'override' [-Winconsistent-missing-override]
  567 |                 virtual void drawLine(int x1, int y1, int x2, int y2, const Color& color);
      |                              ^
libgag/include/SDLGraphicContext.h:254:16: note: overridden virtual function is here
  254 |                 virtual void drawLine(int x1, int y1, int x2, int y2, const Color& color);
      |                              ^
libgag/include/SDLGraphicContext.h:568:16: warning: 'drawLine' overrides a member function but is not marked 'override' [-Winconsistent-missing-override]
  568 |                 virtual void drawLine(float x1, float y1, float x2, float y2, const Color& color);
      |                              ^
libgag/include/SDLGraphicContext.h:255:16: note: overridden virtual function is here
  255 |                 virtual void drawLine(float x1, float y1, float x2, float y2, const Color& color);
      |                              ^
libgag/include/SDLGraphicContext.h:570:16: warning: 'drawCircle' overrides a member function but is not marked 'override' [-Winconsistent-missing-override]
  570 |                 virtual void drawCircle(int x, int y, int radius, const Color& color);
      |                              ^
libgag/include/SDLGraphicContext.h:257:16: note: overridden virtual function is here
  257 |                 virtual void drawCircle(int x, int y, int radius, const Color& color);
      |                              ^
libgag/include/SDLGraphicContext.h:571:16: warning: 'drawCircle' overrides a member function but is not marked 'override' [-Winconsistent-missing-override]
  571 |                 virtual void drawCircle(float x, float y, float radius, const Color& color);
      |                              ^
libgag/include/SDLGraphicContext.h:258:16: note: overridden virtual function is here
  258 |                 virtual void drawCircle(float x, float y, float radius, const Color& color);
      |                              ^
libgag/include/SDLGraphicContext.h:573:16: warning: 'drawSurface' overrides a member function but is not marked 'override' [-Winconsistent-missing-override]
  573 |                 virtual void drawSurface(int x, int y, DrawableSurface *surface, Uint8 alpha = Color::ALPHA_OPAQUE);
      |                              ^
libgag/include/SDLGraphicContext.h:260:16: note: overridden virtual function is here
  260 |                 virtual void drawSurface(int x, int y, DrawableSurface *surface, Uint8 alpha = Color::ALPHA_OPAQUE);
      |                              ^
libgag/include/SDLGraphicContext.h:574:16: warning: 'drawSurface' overrides a member function but is not marked 'override' [-Winconsistent-missing-override]
  574 |                 virtual void drawSurface(float x, float y, DrawableSurface *surface, Uint8 alpha = Color::ALPHA_OPAQUE);
      |                              ^
libgag/include/SDLGraphicContext.h:261:16: note: overridden virtual function is here
  261 |                 virtual void drawSurface(float x, float y, DrawableSurface *surface, Uint8 alpha = Color::ALPHA_OPAQUE);
      |                              ^
libgag/include/SDLGraphicContext.h:576:16: warning: 'drawSurface' overrides a member function but is not marked 'override' [-Winconsistent-missing-override]
  576 |                 virtual void drawSurface(int x, int y, int w, int h, DrawableSurface *surface, Uint8 alpha = Color::ALPHA_OPAQUE);
      |                              ^
libgag/include/SDLGraphicContext.h:263:16: note: overridden virtual function is here
  263 |                 virtual void drawSurface(int x, int y, int w, int h, DrawableSurface *surface, Uint8 alpha = Color::ALPHA_OPAQUE);
      |                              ^
libgag/include/SDLGraphicContext.h:577:16: warning: 'drawSurface' overrides a member function but is not marked 'override' [-Winconsistent-missing-override]
  577 |                 virtual void drawSurface(float x, float y, float w, float h, DrawableSurface *surface, Uint8 alpha = Color::ALPHA_OPAQUE);
      |                              ^
libgag/include/SDLGraphicContext.h:264:16: note: overridden virtual function is here
  264 |                 virtual void drawSurface(float x, float y, float w, float h, DrawableSurface *surface, Uint8 alpha = Color::ALPHA_OPAQUE);
      |                              ^
libgag/include/SDLGraphicContext.h:579:16: warning: 'drawSurface' overrides a member function but is not marked 'override' [-Winconsistent-missing-override]
  579 |                 virtual void drawSurface(int x, int y, DrawableSurface *surface, int sx, int sy, int sw, int sh, Uint8 alpha = Color::ALPHA_OPAQUE);
      |                              ^
libgag/include/SDLGraphicContext.h:266:16: note: overridden virtual function is here
  266 |                 virtual void drawSurface(int x, int y, DrawableSurface *surface, int sx, int sy, int sw, int sh, Uint8 alpha = Color::ALPHA_OPAQUE);
      |                              ^
libgag/include/SDLGraphicContext.h:580:16: warning: 'drawSurface' overrides a member function but is not marked 'override' [-Winconsistent-missing-override]
  580 |                 virtual void drawSurface(float x, float y, DrawableSurface *surface, int sx, int sy, int sw, int sh, Uint8 alpha = Color::ALPHA_OPAQUE);
      |                              ^
libgag/include/SDLGraphicContext.h:267:16: note: overridden virtual function is here
  267 |                 virtual void drawSurface(float x, float y, DrawableSurface *surface, int sx, int sy, int sw, int sh, Uint8 alpha = Color::ALPHA_OPAQUE);
      |                              ^
libgag/include/SDLGraphicContext.h:582:16: warning: 'drawSurface' overrides a member function but is not marked 'override' [-Winconsistent-missing-override]
  582 |                 virtual void drawSurface(int x, int y, int w, int h, DrawableSurface *surface, int sx, int sy, int sw, int sh,  Uint8 alpha = Color::ALPHA_OPAQUE);
      |                              ^
libgag/include/SDLGraphicContext.h:269:16: note: overridden virtual function is here
  269 |                 virtual void drawSurface(int x, int y, int w, int h, DrawableSurface *surface, int sx, int sy, int sw, int sh,  Uint8 alpha = Color::ALPHA_OPAQUE);
      |                              ^
libgag/include/SDLGraphicContext.h:583:16: warning: 'drawSurface' overrides a member function but is not marked 'override' [-Winconsistent-missing-override]
  583 |                 virtual void drawSurface(float x, float y, float w, float h, DrawableSurface *surface, int sx, int sy, int sw, int sh, Uint8 alpha = Color::ALPHA_OPAQUE);
      |                              ^
libgag/include/SDLGraphicContext.h:270:16: note: overridden virtual function is here
  270 |                 virtual void drawSurface(float x, float y, float w, float h, DrawableSurface *surface, int sx, int sy, int sw, int sh, Uint8 alpha = Color::ALPHA_OPAQUE);
      |                              ^
libgag/include/SDLGraphicContext.h:597:16: warning: 'drawAlphaMap' overrides a member function but is not marked 'override' [-Winconsistent-missing-override]
  597 |                 virtual void drawAlphaMap(const std::valarray<float> &map, int mapW, int mapH, int x, int y, int cellW, int cellH, const Color &color);
      |                              ^
libgag/include/SDLGraphicContext.h:283:16: note: overridden virtual function is here
  283 |                 virtual void drawAlphaMap(const std::valarray<float> &map, int mapW, int mapH, int x, int y, int cellW, int cellH, const Color &color);
      |                              ^
libgag/include/SDLGraphicContext.h:598:16: warning: 'drawAlphaMap' overrides a member function but is not marked 'override' [-Winconsistent-missing-override]
  598 |                 virtual void drawAlphaMap(const std::valarray<unsigned char> &map, int mapW, int mapH, int x, int y, int cellW, int cellH, const Color &color);
      |                              ^
libgag/include/SDLGraphicContext.h:284:16: note: overridden virtual function is here
  284 |                 virtual void drawAlphaMap(const std::valarray<unsigned char> &map, int mapW, int mapH, int x, int y, int cellW, int cellH, const Color &color);
      |                              ^
libgag/include/SDLGraphicContext.h:601:16: warning: 'drawPixel' overrides a member function but is not marked 'override' [-Winconsistent-missing-override]
  601 |                 virtual void drawPixel(int x, int y, Uint8 r, Uint8 g, Uint8 b, Uint8 a = Color::ALPHA_OPAQUE);
      |                              ^
libgag/include/SDLGraphicContext.h:287:16: note: overridden virtual function is here
  287 |                 virtual void drawPixel(int x, int y, Uint8 r, Uint8 g, Uint8 b, Uint8 a = Color::ALPHA_OPAQUE);
      |                              ^
libgag/include/SDLGraphicContext.h:602:16: warning: 'drawRect' overrides a member function but is not marked 'override' [-Winconsistent-missing-override]
  602 |                 virtual void drawRect(int x, int y, int w, int h, Uint8 r, Uint8 g, Uint8 b, Uint8 a = Color::ALPHA_OPAQUE);
      |                              ^
libgag/include/SDLGraphicContext.h:288:16: note: overridden virtual function is here
  288 |                 virtual void drawRect(int x, int y, int w, int h, Uint8 r, Uint8 g, Uint8 b, Uint8 a = Color::ALPHA_OPAQUE);
      |                              ^
libgag/include/SDLGraphicContext.h:603:16: warning: 'drawFilledRect' overrides a member function but is not marked 'override' [-Winconsistent-missing-override]
  603 |                 virtual void drawFilledRect(int x, int y, int w, int h, Uint8 r, Uint8 g, Uint8 b, Uint8 a = Color::ALPHA_OPAQUE);
      |                              ^
libgag/include/SDLGraphicContext.h:289:16: note: overridden virtual function is here
  289 |                 virtual void drawFilledRect(int x, int y, int w, int h, Uint8 r, Uint8 g, Uint8 b, Uint8 a = Color::ALPHA_OPAQUE);
      |                              ^
libgag/include/SDLGraphicContext.h:604:16: warning: 'drawVertLine' overrides a member function but is not marked 'override' [-Winconsistent-missing-override]
  604 |                 virtual void drawVertLine(int x, int y, int l, Uint8 r, Uint8 g, Uint8 b, Uint8 a = Color::ALPHA_OPAQUE);
      |                              ^
libgag/include/SDLGraphicContext.h:290:16: note: overridden virtual function is here
  290 |                 virtual void drawVertLine(int x, int y, int l, Uint8 r, Uint8 g, Uint8 b, Uint8 a = Color::ALPHA_OPAQUE);
      |                              ^
libgag/include/SDLGraphicContext.h:605:16: warning: 'drawVertLine' overrides a member function but is not marked 'override' [-Winconsistent-missing-override]
  605 |                 virtual void drawVertLine(int x, int y, int l, const Color& color);
      |                              ^
libgag/include/SDLGraphicContext.h:291:16: note: overridden virtual function is here
  291 |                 virtual void drawVertLine(int x, int y, int l, const Color& color);
      |                              ^
libgag/include/SDLGraphicContext.h:606:16: warning: 'drawHorzLine' overrides a member function but is not marked 'override' [-Winconsistent-missing-override]
  606 |                 virtual void drawHorzLine(int x, int y, int l, Uint8 r, Uint8 g, Uint8 b, Uint8 a = Color::ALPHA_OPAQUE);
      |                              ^
libgag/include/SDLGraphicContext.h:292:16: note: overridden virtual function is here
  292 |                 virtual void drawHorzLine(int x, int y, int l, Uint8 r, Uint8 g, Uint8 b, Uint8 a = Color::ALPHA_OPAQUE);
      |                              ^
libgag/include/SDLGraphicContext.h:607:16: warning: 'drawHorzLine' overrides a member function but is not marked 'override' [-Winconsistent-missing-override]
  607 |                 virtual void drawHorzLine(int x, int y, int l, const Color& color);
      |                              ^
libgag/include/SDLGraphicContext.h:293:16: note: overridden virtual function is here
  293 |                 virtual void drawHorzLine(int x, int y, int l, const Color& color);
      |                              ^
libgag/include/SDLGraphicContext.h:608:16: warning: 'drawLine' overrides a member function but is not marked 'override' [-Winconsistent-missing-override]
  608 |                 virtual void drawLine(int x1, int y1, int x2, int y2, Uint8 r, Uint8 g, Uint8 b, Uint8 a = Color::ALPHA_OPAQUE);
      |                              ^
libgag/include/SDLGraphicContext.h:294:16: note: overridden virtual function is here
  294 |                 virtual void drawLine(int x1, int y1, int x2, int y2, Uint8 r, Uint8 g, Uint8 b, Uint8 a = Color::ALPHA_OPAQUE);
      |                              ^
libgag/include/SDLGraphicContext.h:609:16: warning: 'drawCircle' overrides a member function but is not marked 'override' [-Winconsistent-missing-override]
  609 |                 virtual void drawCircle(int x, int y, int radius, Uint8 r, Uint8 g, Uint8 b, Uint8 a = Color::ALPHA_OPAQUE);
      |                              ^
libgag/include/SDLGraphicContext.h:295:16: note: overridden virtual function is here
  295 |                 virtual void drawCircle(int x, int y, int radius, Uint8 r, Uint8 g, Uint8 b, Uint8 a = Color::ALPHA_OPAQUE);
      |                              ^
36 warnings generated.
g++ -o build/darwin/client/release/src/glob2 -g -Wall -O3 -Wl,-framework,Cocoa build/darwin/client/release/src/ai/castor/Control.o build/darwin/client/release/src/ai/castor/GetOrder.o build/darwin/client/release/src/ai/castor/Lifecycle.o build/darwin/client/release/src/ai/castor/Maps.o build/darwin/client/release/src/ai/castor/Placement.o build/darwin/client/release/src/ai/castor/Projects.o build/darwin/client/release/src/ai/castor/State.o build/darwin/client/release/src/ai/maxima/AIMaxima.o build/darwin/client/release/src/ai/maxima/AIMaximaState.o build/darwin/client/release/src/ai/maxima/AIMaximaCombat.o build/darwin/client/release/src/ai/maxima/AIMaximaDefense.o build/darwin/client/release/src/ai/maxima/AIMaximaFarming.o build/darwin/client/release/src/ai/maxima/AIMaximaFarmingPolicy.o build/darwin/client/release/src/ai/maxima/AIMaximaFoodLedger.o build/darwin/client/release/src/ai/maxima/AIMaximaPlacement.o build/darwin/client/release/src/ai/maxima/AIMaximaRecon.o build/darwin/client/release/src/ai/maxima/AIMaximaForceModel.o build/darwin/client/release/src/ai/maxima/AIMaximaRuntime.o build/darwin/client/release/src/ai/maxima/AIMaximaStrategy.o build/darwin/client/release/src/ai/maxima/AIMaximaTactics.o build/darwin/client/release/src/ai/AI.o build/darwin/client/release/src/ai/AITelemetry.o build/darwin/client/release/src/ai/AITelemetryAdapters.o build/darwin/client/release/src/ai/shared_runtime/BuildingOrder.o build/darwin/client/release/src/ai/shared_runtime/BuildingRegister.o build/darwin/client/release/src/ai/shared_runtime/Conditions.o build/darwin/client/release/src/ai/shared_runtime/ConditionsBuilding.o build/darwin/client/release/src/ai/shared_runtime/ConditionsPopulation.o build/darwin/client/release/src/ai/shared_runtime/ConditionsTracker.o build/darwin/client/release/src/ai/shared_runtime/Construction.o build/darwin/client/release/src/ai/shared_runtime/ConstructionConstraints.o build/darwin/client/release/src/ai/shared_runtime/Runtime.o build/darwin/client/release/src/ai/shared_runtime/RuntimeSerialization.o build/darwin/client/release/src/ai/shared_runtime/Entities.o build/darwin/client/release/src/ai/shared_runtime/EntitiesBuilding.o build/darwin/client/release/src/ai/shared_runtime/EntitiesResource.o build/darwin/client/release/src/ai/shared_runtime/EntitiesTerrain.o build/darwin/client/release/src/ai/shared_runtime/Gradient.o build/darwin/client/release/src/ai/shared_runtime/GradientBFS.o build/darwin/client/release/src/ai/shared_runtime/Management.o build/darwin/client/release/src/ai/shared_runtime/ManagementFlag.o build/darwin/client/release/src/ai/shared_runtime/ManagementMisc.o build/darwin/client/release/src/ai/shared_runtime/ManagementOrderBase.o build/darwin/client/release/src/ai/shared_runtime/ManagementTracker.o build/darwin/client/release/src/ai/shared_runtime/MapInfo.o build/darwin/client/release/src/ai/shared_runtime/Econo.o build/darwin/client/release/src/ai/shared_runtime/EconoBuilding.o build/darwin/client/release/src/ai/shared_runtime/EconoFlags.o build/darwin/client/release/src/ai/shared_runtime/SearchTools.o build/darwin/client/release/src/ai/AINames.o build/darwin/client/release/src/ai/nicowar/Attack.o build/darwin/client/release/src/ai/nicowar/Buildings.o build/darwin/client/release/src/ai/nicowar/Farming.o build/darwin/client/release/src/ai/nicowar/Flags.o build/darwin/client/release/src/ai/nicowar/Lifecycle.o build/darwin/client/release/src/ai/nicowar/Phases.o build/darwin/client/release/src/ai/nicowar/Strategy.o build/darwin/client/release/src/ai/nicowar/Upgrade.o build/darwin/client/release/src/ai/AINull.o build/darwin/client/release/src/ai/AINumbi.o build/darwin/client/release/src/ai/AINumbiEconomy.o build/darwin/client/release/src/ai/AINumbiMilitary.o build/darwin/client/release/src/ai/AINumbiPlacement.o build/darwin/client/release/src/ai/AIWarrush.o build/darwin/client/release/src/ai/AICabino.o build/darwin/client/release/src/ai/cortex/CortexObservation.o build/darwin/client/release/src/ai/cortex/CortexObservationObserve.o build/darwin/client/release/src/ai/cortex/CortexPlacement.o build/darwin/client/release/src/ai/cortex/CortexPlacementCandidates.o build/darwin/client/release/src/ai/cortex/CortexPlacementGeo.o build/darwin/client/release/src/ai/cortex/CortexPolicy.o build/darwin/client/release/src/ai/cortex/CortexPolicyEconomy.o build/darwin/client/release/src/ai/cortex/CortexPolicyTech.o build/darwin/client/release/src/ai/cortex/CortexPolicyCombat.o build/darwin/client/release/src/ai/cortex/CortexTuning.o build/darwin/client/release/src/ai/cortex/CortexWheat.o build/darwin/client/release/src/ai/cortex/CortexWater.o build/darwin/client/release/src/ai/cortex/CortexNet.o build/darwin/client/release/src/ai/cortex/AICortex.o build/darwin/client/release/src/ai/cortex/AICortexFlags.o build/darwin/client/release/src/ai/cortex/AICortexTranslate.o build/darwin/client/release/src/ai/cortex/AICortexDebug.o build/darwin/client/release/src/BasePlayer.o build/darwin/client/release/src/BaseTeam.o build/darwin/client/release/src/BitArray.o build/darwin/client/release/src/Brush.o build/darwin/client/release/src/BrushCoverage.o build/darwin/client/release/src/building/Lifecycle.o build/darwin/client/release/src/building/Construction.o build/darwin/client/release/src/building/Update.o build/darwin/client/release/src/building/Step.o build/darwin/client/release/src/building/TypeSteps.o build/darwin/client/release/src/building/Misc.o build/darwin/client/release/src/game/entities/Buildings.o build/darwin/client/release/src/game/entities/BuildingTypesColony.o build/darwin/client/release/src/game/entities/BuildingTypesDefence.o build/darwin/client/release/src/game/entities/BuildingTypesFlags.o build/darwin/client/release/src/game/entities/BuildingTypesUpgrade.o build/darwin/client/release/src/ChecksumSidecar.o build/darwin/client/release/src/DatasetWriter.o build/darwin/client/release/src/building/BuildingUtils.o build/darwin/client/release/src/Bullet.o build/darwin/client/release/src/Campaign.o build/darwin/client/release/src/CampaignEditor.o build/darwin/client/release/src/CampaignMainMenu.o build/darwin/client/release/src/CampaignMenuScreen.o build/darwin/client/release/src/CampaignSelectorScreen.o build/darwin/client/release/src/ChooseMapScreen.o build/darwin/client/release/src/CreditScreen.o build/darwin/client/release/src/CustomGameOtherOptions.o build/darwin/client/release/src/CustomGameScreen.o build/darwin/client/release/src/DynamicClouds.o build/darwin/client/release/src/EditorMainMenu.o build/darwin/client/release/src/EndGameScreen.o build/darwin/client/release/src/Engine.o build/darwin/client/release/src/EngineInit.o build/darwin/client/release/src/EngineLoaders.o build/darwin/client/release/src/EngineRun.o build/darwin/client/release/src/Headless.o build/darwin/client/release/src/MapStudy.o build/darwin/client/release/src/FertilityCalculator.o build/darwin/client/release/src/map/FertilityField.o build/darwin/client/release/src/Game.o build/darwin/client/release/src/Game_orders.o build/darwin/client/release/src/Game_io.o build/darwin/client/release/src/Game_sync.o build/darwin/client/release/src/Game_editor.o build/darwin/client/release/src/render/GameRender.o build/darwin/client/release/src/render/GameRenderUnits.o build/darwin/client/release/src/render/GameRenderBuildings.o build/darwin/client/release/src/render/GameRenderTerrain.o build/darwin/client/release/src/render/SoftwareTerrainCache.o build/darwin/client/release/src/render/GameRenderOverlay.o build/darwin/client/release/src/render/GameAnimations.o build/darwin/client/release/src/GameEvent.o build/darwin/client/release/src/gui/BuildingGuiState.o build/darwin/client/release/src/gui/GameGUI.o build/darwin/client/release/src/gui/GameGUITouch.o build/darwin/client/release/src/gui/GameGUITouchView.o build/darwin/client/release/src/gui/GameGUITouchPalette.o build/darwin/client/release/src/gui/GameGUITouchPlacement.o build/darwin/client/release/src/gui/GameGUIBuildingActions.o build/darwin/client/release/src/gui/GameGUITouchActions.o build/darwin/client/release/src/gui/TouchReadout.o build/darwin/client/release/src/gui/ThumbSide.o build/darwin/client/release/src/gui/TouchDial.o build/darwin/client/release/src/gui/BrushHUD.o build/darwin/client/release/src/gui/GameGUITouchLens.o build/darwin/client/release/src/gui/GameGUITouchDial.o build/darwin/client/release/src/map/edit/PhoneEditor.o build/darwin/client/release/src/map/edit/PhoneEditorView.o build/darwin/client/release/src/gui/GameGUIDefaultAssignManager.o build/darwin/client/release/src/gui/GameGUIDialog.o build/darwin/client/release/src/gui/GameGUIDraw.o build/darwin/client/release/src/gui/GameGUIDrawChoice.o build/darwin/client/release/src/gui/GameGUIDrawUnitInfos.o build/darwin/client/release/src/gui/GameGUIDrawBuildingInfos.o build/darwin/client/release/src/gui/GameGUIDrawBuildingHelpers.o build/darwin/client/release/src/gui/FailureShapes.o build/darwin/client/release/src/gui/GameGUIDrawMiscPanels.o build/darwin/client/release/src/gui/GameGUIGhostBuildingManager.o build/darwin/client/release/src/gui/GameGUIInput.o build/darwin/client/release/src/gui/GameGUIInputKey.o build/darwin/client/release/src/gui/GameGUIInputMenu.o build/darwin/client/release/src/gui/GameGUIInputMenuClick.o build/darwin/client/release/src/gui/GameGUIInputMenuClickBuilding.o build/darwin/client/release/src/gui/GameGUIInputMouse.o build/darwin/client/release/src/gui/GameGUIKeyActions.o build/darwin/client/release/src/gui/LoadSaveDialog.o build/darwin/client/release/src/gui/GameGUIMessageManager.o build/darwin/client/release/src/gui/GameGUIOrders.o build/darwin/client/release/src/gui/GameMusicController.o build/darwin/client/release/src/gui/GameGUIParticles.o build/darwin/client/release/src/gui/GameGUIPersistence.o build/darwin/client/release/src/gui/GameGUIScript.o build/darwin/client/release/src/gui/GameGUISelection.o build/darwin/client/release/src/gui/GameGUIStep.o build/darwin/client/release/src/gui/GameGUIToolManager.o build/darwin/client/release/src/gui/TeamDisplay.o build/darwin/client/release/src/gui/UnitDisplayNames.o build/darwin/client/release/src/ExperimentalFeatures.o build/darwin/client/release/src/GameHeader.o build/darwin/client/release/src/GameHints.o build/darwin/client/release/src/GameObjectives.o build/darwin/client/release/src/GameUtilities.o build/darwin/client/release/src/Glob2.o build/darwin/client/release/src/MapCommand.o build/darwin/client/release/src/MapImage.o build/darwin/client/release/src/MapReport.o build/darwin/client/release/src/ui/FrontendUI.o build/darwin/client/release/src/SessionTabsScreen.o build/darwin/client/release/src/ui/FileListing.o build/darwin/client/release/src/Glob2Style.o build/darwin/client/release/src/FrontendTheme.o build/darwin/client/release/src/MenuColony.o build/darwin/client/release/src/GlobalContainer.o build/darwin/client/release/src/GlobalContainerArgs.o build/darwin/client/release/src/GUIMapPreview.o build/darwin/client/release/src/building/IntBuildingType.o build/darwin/client/release/src/net/irc/IRC.o build/darwin/client/release/src/net/irc/IRCTextMessageHandler.o build/darwin/client/release/src/net/irc/IRCThread.o build/darwin/client/release/src/net/irc/IRCThreadMessage.o build/darwin/client/release/src/KeyboardManager.o build/darwin/client/release/src/LANFindScreen.o build/darwin/client/release/src/LANGameInformation.o build/darwin/client/release/src/LANMenuScreen.o build/darwin/client/release/src/LandscapePickerScreen.o build/darwin/client/release/src/LandscapePreviewer.o build/darwin/client/release/src/StartQualityScreen.o build/darwin/client/release/src/MainMenuScreen.o build/darwin/client/release/src/map/Map.o build/darwin/client/release/src/map/generator/compatibility/LegacyGenerationDescriptor.o build/darwin/client/release/src/map/generator/MapHomogen.o build/darwin/client/release/src/map/generator/core/GenerationContext.o build/darwin/client/release/src/map/generator/core/GenerationService.o build/darwin/client/release/src/map/generator/core/GenerationValidation.o build/darwin/client/release/src/map/generator/core/GeneratorControls.o build/darwin/client/release/src/map/generator/core/GeneratorRegistry.o build/darwin/client/release/src/map/generator/generators/CityStatesGenerator.o build/darwin/client/release/src/map/generator/generators/ConcreteIslandsGenerator.o build/darwin/client/release/src/map/generator/generators/ContestedCommonsGenerator.o build/darwin/client/release/src/map/generator/generators/MazeGenerator.o build/darwin/client/release/src/map/generator/generators/CraterLakesGenerator.o build/darwin/client/release/src/map/generator/generators/EvergladesGenerator.o build/darwin/client/release/src/map/generator/generators/FjordContinentGenerator.o build/darwin/client/release/src/map/generator/generators/IslandsGenerator.o build/darwin/client/release/src/map/generator/generators/IslesGenerator.o build/darwin/client/release/src/map/generator/generators/RingWorldGenerator.o build/darwin/client/release/src/map/generator/generators/RiverGenerator.o build/darwin/client/release/src/map/generator/generators/RuggedArchipelagoGenerator.o build/darwin/client/release/src/map/generator/generators/ShatteredCoastGenerator.o build/darwin/client/release/src/map/generator/generators/StoneHighlandsGenerator.o build/darwin/client/release/src/map/generator/generators/SpiderWebGenerator.o build/darwin/client/release/src/map/generator/generators/CoralGenerator.o build/darwin/client/release/src/map/generator/generators/AmphitheatreGenerator.o build/darwin/client/release/src/map/generator/generators/CarouselGenerator.o build/darwin/client/release/src/map/generator/generators/SwitchbacksGenerator.o build/darwin/client/release/src/map/generator/generators/SwampGenerator.o build/darwin/client/release/src/map/generator/generators/SymmetricArenaGenerator.o build/darwin/client/release/src/map/generator/generators/TidalFlatsGenerator.o build/darwin/client/release/src/map/generator/generators/UniformGenerator.o build/darwin/client/release/src/map/generator/generators/WatershedGenerator.o build/darwin/client/release/src/map/generator/generators/LastTreelineGenerator.o build/darwin/client/release/src/map/generator/generators/BastionKeysGenerator.o build/darwin/client/release/src/map/generator/generators/DrownedForestGenerator.o build/darwin/client/release/src/map/generator/generators/WhoAteTheMapGenerator.o build/darwin/client/release/src/map/generator/generators/HungryMarchesGenerator.o build/darwin/client/release/src/map/generator/generators/CombGenerator.o build/darwin/client/release/src/map/generator/generators/EvenGroundGenerator.o build/darwin/client/release/src/map/generator/generators/MarchlandGenerator.o build/darwin/client/release/src/map/generator/generators/EncircledKingdomGenerator.o build/darwin/client/release/src/map/generator/generators/OrchardCommonsGenerator.o build/darwin/client/release/src/map/generator/generators/GauntletGenerator.o build/darwin/client/release/src/map/generator/generators/FaultedCityGenerator.o build/darwin/client/release/src/map/generator/generators/HiddenOasisGenerator.o build/darwin/client/release/src/map/generator/generators/PortageLakesGenerator.o build/darwin/client/release/src/map/generator/generators/CentralQuarryGenerator.o build/darwin/client/release/src/map/generator/generators/BajadaGenerator.o build/darwin/client/release/src/map/generator/generators/KarstTowersGenerator.o build/darwin/client/release/src/map/generator/generators/HoneycombIsleGenerator.o build/darwin/client/release/src/map/generator/generators/EmojiGenerator.o build/darwin/client/release/src/map/generator/generators/BraidedRiverGenerator.o build/darwin/client/release/src/map/generator/generators/FortsGenerator.o build/darwin/client/release/src/map/generator/generators/BraidedDeltaGenerator.o build/darwin/client/release/src/map/generator/generators/BreachableHighlandsGenerator.o build/darwin/client/release/src/map/generator/generators/HedgerowCountryGenerator.o build/darwin/client/release/src/map/generator/generators/DrumlinFieldGenerator.o build/darwin/client/release/src/map/generator/generators/ContinentsGenerator.o build/darwin/client/release/src/map/generator/generators/SavannahGenerator.o build/darwin/client/release/src/map/generator/generators/HillsGenerator.o build/darwin/client/release/src/map/generator/generators/RiceTerracesGenerator.o build/darwin/client/release/src/map/generator/generators/LocustGenerator.o build/darwin/client/release/src/map/generator/generators/PlantationsGenerator.o build/darwin/client/release/src/map/generator/generators/HilbertRiverGenerator.o build/darwin/client/release/src/map/generator/generators/FractalMapSupport.o build/darwin/client/release/src/map/generator/generators/SierpinskiGardensGenerator.o build/darwin/client/release/src/map/generator/generators/LavaShieldGenerator.o build/darwin/client/release/src/map/generator/generators/AnthillGenerator.o build/darwin/client/release/src/map/generator/generators/OldTownGenerator.o build/darwin/client/release/src/map/generator/generators/PolderGenerator.o build/darwin/client/release/src/map/generator/generators/CanalsGenerator.o build/darwin/client/release/src/map/generator/generators/OldGrowthGenerator.o build/darwin/client/release/src/map/generator/generators/RainShadowGenerator.o build/darwin/client/release/src/map/generator/generators/FingerprintGenerator.o build/darwin/client/release/src/map/generator/generators/GlacisGenerator.o build/darwin/client/release/src/map/generator/generators/AllotmentsGenerator.o build/darwin/client/release/src/map/generator/generators/CaravanseraiGenerator.o build/darwin/client/release/src/map/generator/shared/legacy/Distances.o build/darwin/client/release/src/map/generator/shared/HeightMap.o build/darwin/client/release/src/map/generator/shared/Noise.o build/darwin/client/release/src/map/generator/shared/BalancedStarts.o build/darwin/client/release/src/map/generator/shared/RecursiveGeometry.o build/darwin/client/release/src/map/generator/shared/Rivers.o build/darwin/client/release/src/map/generator/shared/HierarchicalCrossings.o build/darwin/client/release/src/map/generator/shared/Drawing.o build/darwin/client/release/src/map/generator/shared/Geometry.o build/darwin/client/release/src/map/generator/shared/Grid.o build/darwin/client/release/src/map/generator/shared/WalkBandStarts.o build/darwin/client/release/src/map/generator/shared/Walls.o build/darwin/client/release/src/map/generator/shared/Farmland.o build/darwin/client/release/src/map/generator/shared/Towers.o build/darwin/client/release/src/map/generator/shared/WorldAtlas.o build/darwin/client/release/src/map/generator/shared/WorldAtlasData.o build/darwin/client/release/src/map/generator/shared/Raster.o build/darwin/client/release/src/map/generator/shared/Landmass.o build/darwin/client/release/src/map/generator/shared/Tessellation.o build/darwin/client/release/src/map/generator/shared/GraphMaze.o build/darwin/client/release/src/map/generator/shared/Orbits.o build/darwin/client/release/src/map/generator/shared/Morphology.o build/darwin/client/release/src/map/generator/shared/Growth.o build/darwin/client/release/src/map/generator/shared/Contact.o build/darwin/client/release/src/map/generator/shared/Points.o build/darwin/client/release/src/map/generator/shared/Patterns.o build/darwin/client/release/src/map/generator/shared/Channels.o build/darwin/client/release/src/map/generator/shared/Room.o build/darwin/client/release/src/map/generator/shared/Biomes.o build/darwin/client/release/src/map/generator/shared/LatticeNoise.o build/darwin/client/release/src/map/generator/shared/Pipeline.o build/darwin/client/release/src/map/generator/shared/ClearingLandscape.o build/darwin/client/release/src/map/generator/shared/Planting.o build/darwin/client/release/src/map/generator/shared/Roads.o build/darwin/client/release/src/map/generator/shared/Sketch.o build/darwin/client/release/src/map/generator/shared/Solve.o build/darwin/client/release/src/map/generator/shared/Topology.o build/darwin/client/release/src/map/generator/shared/Settlements.o build/darwin/client/release/src/map/generator/shared/ScoredSettlements.o build/darwin/client/release/src/map/generator/shared/legacy/Regions.o build/darwin/client/release/src/map/generator/shared/Resources.o build/darwin/client/release/src/map/generator/shared/legacy/StartingPositions.o build/darwin/client/release/src/map/generator/shared/StartDiagnostics.o build/darwin/client/release/src/map/generator/shared/StartQuality.o build/darwin/client/release/src/map/generator/shared/Terrain.o build/darwin/client/release/src/map/gradient/BuildingGradientSearch.o build/darwin/client/release/src/map/gradient/MapGradientArea.o build/darwin/client/release/src/map/gradient/MapGradientBuilding.o build/darwin/client/release/src/map/gradient/MapGradientChamfer.o build/darwin/client/release/src/map/gradient/MapGradientDirection.o build/darwin/client/release/src/map/gradient/MapGradientPropagation.o build/darwin/client/release/src/map/gradient/MapGradientResource.o build/darwin/client/release/src/map/io/MapExploredAreaIO.o build/darwin/client/release/src/map/io/MapIO.o build/darwin/client/release/src/map/MapMisc.o build/darwin/client/release/src/map/pathfind/MapPathfindArea.o build/darwin/client/release/src/map/pathfind/MapPathfindBuilding.o build/darwin/client/release/src/map/pathfind/MapPathfindRessource.o build/darwin/client/release/src/map/MapQuery.o build/darwin/client/release/src/map/MapResources.o build/darwin/client/release/src/map/MapStep.o build/darwin/client/release/src/map/MapTerrain.o build/darwin/client/release/src/render/MapView.o build/darwin/client/release/src/map/edit/Widgets.o build/darwin/client/release/src/map/edit/WidgetsTools.o build/darwin/client/release/src/map/edit/WidgetsUnit.o build/darwin/client/release/src/map/edit/WidgetsBuilding.o build/darwin/client/release/src/map/edit/MapEditCtor.o build/darwin/client/release/src/map/edit/MapEditIO.o build/darwin/client/release/src/map/edit/MapEditDraw.o build/darwin/client/release/src/map/edit/MapEditEvents.o build/darwin/client/release/src/map/edit/MapEditAction.o build/darwin/client/release/src/map/edit/MapEditActionView.o build/darwin/client/release/src/map/edit/MapEditActionTerrain.o build/darwin/client/release/src/map/edit/MapEditActionUnit.o build/darwin/client/release/src/map/edit/MapEditActionBuilding.o build/darwin/client/release/src/map/edit/MapEditDelegate.o build/darwin/client/release/src/map/edit/MapEditClicks.o build/darwin/client/release/src/map/edit/MapEditDialog.o build/darwin/client/release/src/map/edit/MapEditKeyActions.o build/darwin/client/release/src/map/io/MapHeader.o build/darwin/client/release/src/script/ScriptValue.o build/darwin/client/release/src/script/ScriptRuntime.o build/darwin/client/release/src/script/ScriptObservations.o build/darwin/client/release/src/script/ScriptOrders.o build/darwin/client/release/src/script/JavaScriptMap.o build/darwin/client/release/src/script/ScriptCommand.o build/darwin/client/release/src/ai/AIJavaScript.o build/darwin/client/release/src/MapScript.o build/darwin/client/release/src/MapScriptError.o build/darwin/client/release/src/MapScriptUSL.o build/darwin/client/release/src/map/io/MapThumbnail.o build/darwin/client/release/src/MarkManager.o build/darwin/client/release/src/render/Minimap.o build/darwin/client/release/src/MultiplayerGame.o build/darwin/client/release/src/MultiplayerGameEvent.o build/darwin/client/release/src/MultiplayerGameEventListener.o build/darwin/client/release/src/MultiplayerGameScreen.o build/darwin/client/release/src/net/NetBroadcaster.o build/darwin/client/release/src/net/NetBroadcastListener.o build/darwin/client/release/src/net/NetConnection.o build/darwin/client/release/src/net/NetEngine.o build/darwin/client/release/src/net/NetGamePlayerManager.o build/darwin/client/release/src/net/NetListener.o build/darwin/client/release/src/net/message/NetMessage.o build/darwin/client/release/src/net/message/AuthMessages.o build/darwin/client/release/src/net/message/FileTransferMessages.o build/darwin/client/release/src/net/message/GameCreateMessages.o build/darwin/client/release/src/net/message/GameHeaderMessages.o build/darwin/client/release/src/net/message/GameJoinMessages.o build/darwin/client/release/src/net/message/GameLaunchMessages.o build/darwin/client/release/src/net/message/GameTeamMessages.o build/darwin/client/release/src/net/message/LobbyMessages.o build/darwin/client/release/src/net/message/MapDatabaseMessages.o build/darwin/client/release/src/net/message/MapUploadMessages.o build/darwin/client/release/src/net/message/MessageRecipients.o build/darwin/client/release/src/net/message/OrderMessages.o build/darwin/client/release/src/net/message/RegistrationMessages.o build/darwin/client/release/src/net/message/RouterAdminMessages.o build/darwin/client/release/src/net/message/RouterMessages.o build/darwin/client/release/src/net/NetReteamingInformation.o build/darwin/client/release/src/net/NetTestSuite.o build/darwin/client/release/src/NewMapScreen.o build/darwin/client/release/src/Order.o build/darwin/client/release/src/OrderBuilding.o build/darwin/client/release/src/OrderModify.o build/darwin/client/release/src/OrderMisc.o build/darwin/client/release/src/OverlayAreas.o build/darwin/client/release/src/TeamStatChart.o build/darwin/client/release/src/OverlayFill.o build/darwin/client/release/src/Player.o build/darwin/client/release/src/game/entities/Race.o build/darwin/client/release/src/ReplayReader.o build/darwin/client/release/src/ReplayWriter.o build/darwin/client/release/src/Ressource.o build/darwin/client/release/src/game/entities/Resources.o build/darwin/client/release/src/ScriptEditorScreen.o build/darwin/client/release/src/Sector.o build/darwin/client/release/src/Settings.o build/darwin/client/release/src/TorusView.o build/darwin/client/release/src/TorusViewRender.o build/darwin/client/release/src/gui/GameGUITorus.o build/darwin/client/release/src/SettingsScreen.o build/darwin/client/release/src/SettingsScreenGeneral.o build/darwin/client/release/src/SettingsScreenBuildings.o build/darwin/client/release/src/SettingsScreenKeyboard.o build/darwin/client/release/src/sgsl/Lexer.o build/darwin/client/release/src/sgsl/Parser.o build/darwin/client/release/src/sgsl/ParserSummon.o build/darwin/client/release/src/sgsl/ParserWait.o build/darwin/client/release/src/sgsl/SGSL.o build/darwin/client/release/src/sgsl/StoryActions.o build/darwin/client/release/src/sgsl/StoryConditions.o build/darwin/client/release/src/sgsl/StoryExecute.o build/darwin/client/release/src/SimplexNoise.o build/darwin/client/release/src/PlayerVoice.o build/darwin/client/release/src/SoundMixer.o build/darwin/client/release/src/team/Team.o build/darwin/client/release/src/team/TeamSerialization.o build/darwin/client/release/src/team/TeamLists.o build/darwin/client/release/src/team/TeamRouting.o build/darwin/client/release/src/team/TeamStep.o build/darwin/client/release/src/TeamStat.o build/darwin/client/release/src/unit/Unit.o build/darwin/client/release/src/unit/UnitAction.o build/darwin/client/release/src/unit/UnitActivity.o build/darwin/client/release/src/unit/UnitDisplacement.o build/darwin/client/release/src/unit/UnitGeometry.o build/darwin/client/release/src/unit/UnitMedical.o build/darwin/client/release/src/unit/UnitMovement.o build/darwin/client/release/src/unit/UnitSerialization.o build/darwin/client/release/src/render/UnitSkin.o build/darwin/client/release/src/unit/UnitStats.o build/darwin/client/release/src/game/entities/UnitType.o build/darwin/client/release/src/unit/UnitUtils.o build/darwin/client/release/src/Utilities.o build/darwin/client/release/src/VoiceRecorder.o build/darwin/client/release/src/WinningConditions.o build/darwin/client/release/src/yog/YOGAfterJoinGameInformation.o build/darwin/client/release/src/yog/YOGClientBlockedList.o build/darwin/client/release/src/yog/YOGClientChatChannel.o build/darwin/client/release/src/yog/YOGClientChatListener.o build/darwin/client/release/src/yog/YOGClientCommandManager.o build/darwin/client/release/src/yog/YOGClientCommands.o build/darwin/client/release/src/yog/YOGClient.o build/darwin/client/release/src/yog/YOGClientDownloadableMapList.o build/darwin/client/release/src/yog/YOGClientDownloadableMapListener.o build/darwin/client/release/src/yog/YOGClientDownloadingMapScreen.o build/darwin/client/release/src/yog/YOGClientEvent.o build/darwin/client/release/src/yog/YOGClientEventListener.o build/darwin/client/release/src/yog/YOGClientFileAssembler.o build/darwin/client/release/src/yog/YOGClientGameConnectionDialog.o build/darwin/client/release/src/yog/YOGClientGameListListener.o build/darwin/client/release/src/yog/YOGClientGameListManager.o build/darwin/client/release/src/yog/YOGClientLobbyScreen.o build/darwin/client/release/src/yog/YOGClientMapDownloader.o build/darwin/client/release/src/yog/YOGClientMapDownloadScreen.o build/darwin/client/release/src/yog/YOGClientMapUploader.o build/darwin/client/release/src/yog/YOGClientMapUploadScreen.o build/darwin/client/release/src/yog/YOGClientOptionsScreen.o build/darwin/client/release/src/yog/YOGClientPlayerListListener.o build/darwin/client/release/src/yog/YOGClientPlayerListManager.o build/darwin/client/release/src/yog/YOGClientRatedMapList.o build/darwin/client/release/src/yog/YOGClientRouterAdministrator.o build/darwin/client/release/src/yog/YOGConnectionScreen.o build/darwin/client/release/src/yog/YOGConsts.o build/darwin/client/release/src/yog/YOGDownloadableMapInfo.o build/darwin/client/release/src/yog/YOGGameInfo.o build/darwin/client/release/src/yog/YOGGameResults.o build/darwin/client/release/src/yog/YOGLoginScreen.o build/darwin/client/release/src/yog/YOGMessage.o build/darwin/client/release/src/yog/YOGPlayerSessionInfo.o build/darwin/client/release/src/yog/YOGPlayerStoredInfo.o build/darwin/client/release/src/yog/YOGRegisterScreen.o build/darwin/client/release/src/yog/YOGServerAdministratorCommands.o build/darwin/client/release/src/yog/YOGServerAdministrator.o build/darwin/client/release/src/yog/YOGServerAdministratorList.o build/darwin/client/release/src/yog/YOGServerBannedIPListManager.o build/darwin/client/release/src/yog/YOGServerChatChannel.o build/darwin/client/release/src/yog/YOGServerChatChannelManager.o build/darwin/client/release/src/yog/YOGServer.o build/darwin/client/release/src/yog/YOGServerFileDistributationManager.o build/darwin/client/release/src/yog/YOGServerFileDistributor.o build/darwin/client/release/src/yog/YOGServerGame.o build/darwin/client/release/src/yog/YOGServerGameLog.o build/darwin/client/release/src/yog/YOGServerGameRouter.o build/darwin/client/release/src/yog/YOGServerMapDatabank.o build/darwin/client/release/src/yog/YOGServerPasswordRegistry.o build/darwin/client/release/src/yog/YOGServerPlayer.o build/darwin/client/release/src/yog/YOGServerPlayerScoreCalculator.o build/darwin/client/release/src/yog/YOGServerPlayerStoredInfoManager.o build/darwin/client/release/src/yog/YOGServerRouterAdministratorCommands.o build/darwin/client/release/src/yog/YOGServerRouterAdministrator.o build/darwin/client/release/src/yog/YOGServerRouter.o build/darwin/client/release/src/yog/YOGServerRouterManager.o build/darwin/client/release/src/yog/YOGServerRouterPlayer.o build/darwin/client/release/src/Application.o build/darwin/client/release/src/MapEditorScreen.o build/darwin/client/release/src/MessageScreen.o build/darwin/client/release/src/EditorLoadScreen.o build/darwin/client/release/src/EditorGenerateScreen.o build/darwin/client/release/src/GameSessionScreen.o build/darwin/client/release/src/GameLoadScreen.o build/darwin/client/release/src/FileImport.o build/darwin/client/release/src/SinglePlayerFlow.o build/darwin/client/release/src/FertilityScreen.o build/darwin/client/release/src/LANSessionScreen.o build/darwin/client/release/src/net/NetTransport.o build/darwin/client/release/src/net/NetworkConfig.o build/darwin/client/release/src/net/LanIdentity.o build/darwin/client/release/src/net/ServerControl.o build/darwin/client/release/src/net/WssTransport.o build/darwin/client/release/src/PlatformTrustCore.o build/darwin/client/release/src/PlatformTrustPolicy.o build/darwin/client/release/third_party/libGlob2JavaScript.a build/darwin/client/release/libgag/src/libgag.a build/darwin/client/release/libusl/src/libusl.a -L/opt/homebrew/lib -lz -lpthread -lssl -lcrypto -lepoxy -lfribidi -lSDL2_net -lvorbisfile -lSDL2_ttf -lSDL2_image -lspeex -lSDL2main -lSDL2 -framework Security -framework CoreFoundation -framework OpenGL -framework CoreFoundation -framework GLUT
scons: done building targets.
