PASS PortableRenderer/live scale retains portable viewport ownership [display] (0.4s)
PASS WindowResize/native display and live preferences in software [display] (0.5s)
PASS WindowResize/native display and live preferences in OpenGL [display] (0.5s)
PASS WindowResize/cache; callbacks; reflow; context lifetime; input; minimum size and recreation in software rendering [display:1600x1400] (1.0s)
PASS WindowResize/cache; callbacks; reflow; context lifetime; input; minimum size and recreation in OpenGL [display:1600x1400] (0.9s)
PASS TerrainEcology/four growth opportunities preserve stack updates and measured conservation (0.0s)
PASS TerrainEcology/empty and prohibited resource cells do not acquire bonus growth (0.0s)
PASS TerrainProperties/exclusive movement modes and bounded compile-time definitions (0.0s)
PASS TerrainProperties/Trail retains legacy identities and terrain behavior (0.0s)
PASS TerrainProperties/canonical terrain survives presentation regeneration and batches snapshot invalidation (0.0s)
PASS TerrainProperties/same-size map replacement and legacy import refresh ecology (0.0s)
PASS TerrainProperties/terrain edits refresh escape costs and supersede queued route snapshots (0.0s)
PASS TerrainProperties/required terrain experiments survive tiling and distinguish map headers (0.0s)
PASS TerrainProperties/ice exposure includes stationary units and preserves fractional health in saves (0.0s)
PASS TerrainProperties/explorers ignore ice damage and no-permadeath applies to ground hazards (0.0s)
PASS TerrainProperties/health modifiers clip healing and expose units that have found an exit (0.0s)
PASS TerrainProperties/terrain health profiles choose independent air and ground rates (0.0s)
PASS TerrainProperties/explorer flag eligibility applies route accessibility and hunger distance (0.0s)
PASS TerrainProperties/projectile supercover tests intermediate cells corners and wrapped coordinates (0.0s)
PASS PortableRenderer/each accelerated backend uploads surface revisions independently [display] (0.4s)
PASS MapPreview/preview geometry (0.2s)
PASS MapPreview/thumbnail codec; envelope limits and corrupt input (0.7s)
PASS MatchSetup/SHA-256 matches the FIPS 180-4 test vectors (0.0s)
PASS MatchSetup/every MatchSetup and SimVersion contract fixture is accepted or rejected at its stage (0.0s)
PASS MatchSetup/the vendored fixtures match the protocol package when it is present (0.0s)
PASS MatchSetup/valid setups become the GameHeader every client and the verifier run (0.0s)
PASS MatchSetup/map-required terrain experiments propagate to setup and cannot be omitted (0.0s)
PASS MatchSetup/closed seats close their team and follow every player seat (0.0s)
PASS MatchSetup/unknown experiments, JavaScript AIs and unexpressible headers are refused (0.0s)
PASS MatchSetup/a map file is found and checked by the hash of its decompressed bytes (0.0s)
PASS MatchSetup/the simulation data hash covers every data file the simulation loads (0.0s)
PASS PortableRenderer/zone boundaries; UI transforms and portable rendering paths [display] (1.7s)
PASS HighResolutionIntegration/HD artwork; cursor scaling and replay fixture in OpenGL [display:1024x768][artifacts][writes-preferences] (30.8s)
PASS MapRenderResize/repeated map copies; settings and credits after resizing in software rendering (0.5s)
PASS MapPreview/native widget events and custom lobby captures [display][artifacts] (2.2s)
PASS SoftwareRenderer/native display scaling preserves direct pixels through lazy geometry and target rotation (0.0s)
PASS SoftwareRenderer/nearest blits retain sampling under destination clipping and restore source state (0.0s)
PASS SoftwareRenderer/fractional shared endpoints leave no seams; queued triangles obey direct writes (0.0s)
PASS SoftwareRenderer/opacity classification follows content revisions; opaque copy matches alpha blending (0.0s)
PASS SoftwareRenderer/opaque row copies retain SDL clipping and color modulation (0.0s)
PASS SoftwareRenderer/integer transformed primitives retain SDL triangle blending exactly (0.0s)
PASS SoftwareRenderer/geometry-reference blits preserve mixed pixel formats and source modulation (0.0s)
PASS SoftwareRenderer/large owned images retain SDL geometry sampling and overflow behavior (0.1s)
PASS SoftwareRenderer/translucent fills preserve colors on 32-bit targets without alpha (0.0s)
PASS SoftwareRenderer/presenter rotates full frames and preserves completed pixels during partial updates (0.0s)
PASS HighResolutionIntegration/HD artwork; cursor scaling and replay fixture in software rendering [display:1024x768][artifacts] (1.1s)
PASS TerrainPresentation/catalog palettes preserve distinct legacy shores and independent preview colors (0.0s)
PASS PortableRenderer/software targets resize and destroy safely during an active transform [display] (0.8s)
PASS TerrainPresentation/whole-cell layers preserve OpenGL terrain caching [display] (1.5s)
PASS TerrainPresentation/HD material pages and fractional zoom preserve cached pixels with missing optional atlas [display][artifacts] (7.0s)
PASS TerrainPresentation/streaming pages match cached fractional pixels across wraps and small maps [display] (6.3s)
PASS TerrainPresentation/emergency tiles remain deterministic and cover opaque fractional terrain [display] (3.1s)
PASS TerrainPresentation/portable texture limits reduce HD pages and admit only fitting fallback tiles [display] (0.9s)
PASS TerrainPresentation/empty water pages skip software submissions and refresh after terrain edits [display] (0.9s)
PASS TerrainPresentation/image import keeps whole-cell material edges out of legacy gameplay [artifacts] (0.0s)
PASS TerrainPresentation/export uses registered whole-cell material colors [artifacts] (0.0s)
PASS MapRenderResize/repeated map copies; settings and credits after resizing in OpenGL [display:1920x1200] (1.2s)
PASS TerrainMaterials/animation invalidates only pages using that material [display] (0.8s)
PASS TerrainMaterials/unequal variant weights affect deterministic texture selection (0.0s)
PASS TerrainMaterials/compiled pages validate metadata and stale catalogs use source fallback [artifacts] (0.0s)
PASS TerrainPresentation/whole-cell layers preserve software terrain caching [display][artifacts] (1.4s)
PASS TerrainMaterials/an additional material and a 64-material catalog compose without renderer branches [display] (0.8s)
PASS TerrainMaterials/all legacy shore groups retain their corner orientation (0.0s)
PASS TerrainMaterials/legacy decoder inverts the engine lookup for both compatibility profiles (0.0s)
PASS TerrainMaterials/prepared coverage preserves native and HD contour geometry (0.3s)
PASS TerrainMaterials/coverage partitions every binary shape and multi-material junction (0.1s)
PASS TerrainMaterials/shared edges and wrapped samples have identical coverage (0.0s)
PASS TerrainMaterials/diagonal contacts stay distinct and both torus axes share coverage (0.0s)
PASS TerrainMaterials/weighted choices are stable and all existing variants are reachable (0.0s)
PASS TerrainMaterials/catalog rejects corrupt references and grows independently of gameplay IDs (0.1s)
PASS TerrainMaterials/single cells retain their center and animation does not reseed variants (0.0s)
PASS SoftwareRenderer/terrain cache matches integer-transformed coastlines and discovery across wraps and mutations [display][artifacts] (2.2s)
PASS TorusRender/game rendering; picking and cache changes in software rendering [writes-preferences] (0.5s)
PASS TerrainMaterials/compositor preserves native artwork overridden before startup [display] [artifacts] (0.8s)
PASS TorusRender/game rendering at triple UI scale in OpenGL [display:1920x1440][writes-preferences] (45.0s)
PASS TeamStatsSave/every live worker-tick lands in exactly one labour bucket (0.0s)
PASS TeamStatsSave/places: own buildings first, then enemies; allies, flags and new buildings do not count (0.0s)
PASS TeamStatsSave/place lookup agrees with a brute-force scan of every building tile (0.1s)
PASS TeamStatsSave/combat deaths are attributed by place and assignment (0.0s)
PASS TeamStatsSave/defence snapshot counts warriors by place and enemy warriors at home (0.0s)
PASS TeamStatsSave/labour, combat and defence measurements survive a save [save-format] (0.1s)
PASS TeamStatsSave/older saves load with labour coverage starting at the loaded tick [save-format] (0.1s)
PASS TeamStatsSave/32 sampling phases; ring wrap; repeated loads; text streams and corruption controls [save-format] (1.4s)
PASS TeamStatsSave/legacy version 88 fixture replays the golden trace [save-format][golden] (0.0s)
PASS TeamStatsSave/legacy version 84 fixture replays the golden trace [save-format][golden] (0.0s)
PASS TorusRender/native tiled capture pixels and allocation fallback [display] (2.9s)
PASS TeamStatsSave/AI telemetry continues across a save [save-format] (0.8s)
PASS TeamStatsSave/Compact telemetry retains every sample across chunk boundaries (1.0s)
PASS TeamStatsSave/Compact team histories preserve samples across two batch boundaries (0.2s)
PASS TorusRender/game rendering; picking and cache changes in OpenGL [display][writes-preferences] (43.1s)
PASS TerrainValidation/mixed terrain simulation trace and visual gallery [display][artifacts] (1.5s)
PASS TeamStatsSave/measurement screenshots [display][artifacts] (1.5s)

92 passed, 0 failed, 0 skipped (168.2s of test time)
[run_tests] JUnit report: artifacts/terrain/review-final.xml (92 cases)
