# Delay ablation on current-master generated worlds

| Delay | Wheat vs delay8 | Wood vs delay8 | Algae vs delay8 |
|---:|---:|---:|---:|
| 1 | +0.073% [+0.021, +0.125] | +0.222% [+0.156, +0.289] | +0.242% [+0.129, +0.346] |
| 2 | +0.058% [+0.013, +0.109] | +0.174% [+0.113, +0.236] | +0.241% [+0.135, +0.343] |
| 3 | +0.065% [+0.018, +0.114] | +0.130% [+0.062, +0.197] | +0.210% [+0.113, +0.300] |
| 4 | +0.035% [-0.015, +0.088] | +0.104% [+0.040, +0.164] | +0.182% [+0.104, +0.258] |
| 8 | +0.000% [+0.000, +0.000] | +0.000% [+0.000, +0.000] | +0.000% [+0.000, +0.000] |
| 12 | -0.044% [-0.082, +0.000] | -0.147% [-0.205, -0.093] | -0.081% [-0.181, +0.025] |
| 16 | -0.066% [-0.109, -0.019] | -0.269% [-0.341, -0.202] | -0.145% [-0.251, -0.033] |

Equal weight per generator;100000 paired-bootstrap95% intervals. Final stocks,4096 ticks.

| Delay | Wheat vs master | Wood vs master | Algae vs master |
|---:|---:|---:|---:|
| 1 | -0.064% [-0.176, +0.054] | +0.000% [-0.210, +0.233] | +0.024% [-0.487, +0.401] |
| 2 | -0.078% [-0.183, +0.034] | -0.047% [-0.260, +0.187] | +0.023% [-0.493, +0.419] |
| 3 | -0.072% [-0.177, +0.041] | -0.091% [-0.303, +0.139] | -0.007% [-0.534, +0.386] |
| 4 | -0.101% [-0.212, +0.016] | -0.118% [-0.324, +0.110] | -0.036% [-0.555, +0.354] |
| 8 | -0.136% [-0.249, -0.020] | -0.221% [-0.429, +0.014] | -0.215% [-0.712, +0.160] |
| 12 | -0.180% [-0.294, -0.060] | -0.368% [-0.563, -0.143] | -0.295% [-0.771, +0.085] |
| 16 | -0.202% [-0.327, -0.078] | -0.489% [-0.689, -0.269] | -0.358% [-0.806, -0.003] |
