PASS ResourceGrowthBenchmark/player-free growth reconciles world stocks and team statistics (1.9s)
PASS ResourceGrowth/signed proposals use only current resource type and apply in order (0.1s)
PASS ResourceGrowth/material deltas cap independently and create configured seed stocks (0.1s)
PASS ResourceGrowth/proposal capacity grows safely and is retained for reuse (0.1s)
PASS ResourceGrowth/legacy pending masks migrate and signed pending proposals validate on load (0.2s)
PASS ResourceGrowth/kernel is immutable deterministic and responds to disabled growth and scarcity (0.1s)
PASS ResourceGrowth/owner and shared deadlines match and pending work survives saving (0.6s)
PASS ResourceGrowth/pipeline waits at exact deadline and pause does not publish (0.1s)
PASS ResourceGrowth/frozen input outlives terrain and resource edits and wrapping remains valid (0.1s)
PASS ResourceGrowth/light checksums leave owner work deferred and world replacement discards it (0.1s)
PASS ResourceGrowth/publication accounts for proposals rejected by a different world (0.2s)
PASS ResourceGrowth/later worker completion cannot publish ahead of an earlier owner batch (0.1s)
PASS ResourceGrowth/format 144 and 145 packed growth headers cannot alias artwork lengths (0.0s)
PASS ResourceGrowth/text save layout probes are relative and preserve section state (0.0s)
PASS ResourceGrowth/both format 144 and 145 lineages and compact growth saves retain continuation [save-format] (3.1s)
PASS ResourceGrowth/configured seeds preserve rates variety collisions and saved output (0.1s)
PASS ResourceGrowth/zero seed stocks use authoritative resource initialization (0.3s)
PASS ResourceGrowth/typed proposal loading validates fields and preserves old queued units (0.1s)

18 passed, 0 failed, 0 skipped (7.4s of test time)
[run_tests] JUnit report: artifacts/resource-growth/remaining/generated-delay/regression.xml (18 cases)
