[
  {
    "kind": "map-studio",
    "theme": "light",
    "viewport": {
      "width": 1280,
      "height": 720
    },
    "document": {
      "width": 1280,
      "height": 720
    },
    "composer": {
      "x": 104,
      "y": 531,
      "width": 419,
      "height": 113,
      "bottom": 645
    },
    "errors": [],
    "violations": []
  },
  {
    "kind": "music-studio",
    "theme": "light",
    "viewport": {
      "width": 1280,
      "height": 720
    },
    "document": {
      "width": 1280,
      "height": 720
    },
    "composer": {
      "x": 88,
      "y": 493,
      "width": 451,
      "height": 54,
      "bottom": 547
    },
    "errors": [],
    "violations": []
  },
  {
    "kind": "ai-studio",
    "theme": "light",
    "viewport": {
      "width": 1280,
      "height": 720
    },
    "document": {
      "width": 1280,
      "height": 720
    },
    "composer": {
      "x": 88,
      "y": 567,
      "width": 451,
      "height": 100,
      "bottom": 667
    },
    "errors": [],
    "violations": []
  },
  {
    "kind": "ai-building-studio",
    "theme": "light",
    "viewport": {
      "width": 1280,
      "height": 720
    },
    "document": {
      "width": 1280,
      "height": 720
    },
    "composer": {
      "x": 88,
      "y": 573,
      "width": 451,
      "height": 113,
      "bottom": 686
    },
    "errors": [],
    "violations": []
  },
  {
    "kind": "terrain-studio",
    "theme": "light",
    "viewport": {
      "width": 1280,
      "height": 720
    },
    "document": {
      "width": 1280,
      "height": 720
    },
    "composer": {
      "x": 88,
      "y": 534,
      "width": 451,
      "height": 113,
      "bottom": 647
    },
    "errors": [],
    "violations": []
  },
  {
    "kind": "map-studio",
    "theme": "dark",
    "viewport": {
      "width": 1280,
      "height": 720
    },
    "document": {
      "width": 1280,
      "height": 720
    },
    "composer": {
      "x": 104,
      "y": 531,
      "width": 419,
      "height": 113,
      "bottom": 645
    },
    "errors": [],
    "violations": []
  },
  {
    "kind": "music-studio",
    "theme": "dark",
    "viewport": {
      "width": 1280,
      "height": 720
    },
    "document": {
      "width": 1280,
      "height": 720
    },
    "composer": {
      "x": 88,
      "y": 493,
      "width": 451,
      "height": 54,
      "bottom": 547
    },
    "errors": [],
    "violations": []
  },
  {
    "kind": "ai-studio",
    "theme": "dark",
    "viewport": {
      "width": 1280,
      "height": 720
    },
    "document": {
      "width": 1280,
      "height": 720
    },
    "composer": {
      "x": 88,
      "y": 567,
      "width": 451,
      "height": 100,
      "bottom": 667
    },
    "errors": [],
    "violations": []
  },
  {
    "kind": "ai-building-studio",
    "theme": "dark",
    "viewport": {
      "width": 1280,
      "height": 720
    },
    "document": {
      "width": 1280,
      "height": 720
    },
    "composer": {
      "x": 88,
      "y": 573,
      "width": 451,
      "height": 113,
      "bottom": 686
    },
    "errors": [],
    "violations": []
  },
  {
    "kind": "terrain-studio",
    "theme": "dark",
    "viewport": {
      "width": 1280,
      "height": 720
    },
    "document": {
      "width": 1280,
      "height": 720
    },
    "composer": {
      "x": 88,
      "y": 534,
      "width": 451,
      "height": 113,
      "bottom": 647
    },
    "errors": [],
    "violations": []
  },
  {
    "kind": "map-studio",
    "theme": "light",
    "viewport": {
      "width": 1280,
      "height": 720
    },
    "document": {
      "width": 1280,
      "height": 720
    },
    "composer": {
      "x": 104,
      "y": 540,
      "width": 419,
      "height": 64,
      "bottom": 603
    },
    "errors": [],
    "violations": []
  },
  {
    "kind": "music-studio",
    "theme": "light",
    "viewport": {
      "width": 1280,
      "height": 720
    },
    "document": {
      "width": 1280,
      "height": 720
    },
    "composer": {
      "x": 88,
      "y": 550,
      "width": 451,
      "height": 64,
      "bottom": 613
    },
    "errors": [],
    "violations": []
  },
  {
    "kind": "ai-studio",
    "theme": "light",
    "viewport": {
      "width": 1280,
      "height": 720
    },
    "document": {
      "width": 1280,
      "height": 720
    },
    "composer": {
      "x": 88,
      "y": 465,
      "width": 451,
      "height": 100,
      "bottom": 565
    },
    "errors": [],
    "violations": []
  },
  {
    "kind": "ai-building-studio",
    "theme": "light",
    "viewport": {
      "width": 1280,
      "height": 720
    },
    "document": {
      "width": 1280,
      "height": 720
    },
    "composer": {
      "x": 88,
      "y": 442,
      "width": 451,
      "height": 64,
      "bottom": 506
    },
    "errors": [],
    "violations": []
  },
  {
    "kind": "terrain-studio",
    "theme": "light",
    "viewport": {
      "width": 1280,
      "height": 720
    },
    "document": {
      "width": 1280,
      "height": 720
    },
    "composer": {
      "x": 88,
      "y": 499,
      "width": 451,
      "height": 64,
      "bottom": 562
    },
    "errors": [],
    "violations": []
  },
  {
    "kind": "map-studio",
    "theme": "dark",
    "viewport": {
      "width": 1280,
      "height": 720
    },
    "document": {
      "width": 1280,
      "height": 720
    },
    "composer": {
      "x": 104,
      "y": 540,
      "width": 419,
      "height": 64,
      "bottom": 603
    },
    "errors": [],
    "violations": []
  },
  {
    "kind": "music-studio",
    "theme": "dark",
    "viewport": {
      "width": 1280,
      "height": 720
    },
    "document": {
      "width": 1280,
      "height": 720
    },
    "composer": {
      "x": 88,
      "y": 550,
      "width": 451,
      "height": 64,
      "bottom": 613
    },
    "errors": [],
    "violations": []
  },
  {
    "kind": "ai-studio",
    "theme": "dark",
    "viewport": {
      "width": 1280,
      "height": 720
    },
    "document": {
      "width": 1280,
      "height": 720
    },
    "composer": {
      "x": 88,
      "y": 465,
      "width": 451,
      "height": 100,
      "bottom": 565
    },
    "errors": [],
    "violations": []
  },
  {
    "kind": "ai-building-studio",
    "theme": "dark",
    "viewport": {
      "width": 1280,
      "height": 720
    },
    "document": {
      "width": 1280,
      "height": 720
    },
    "composer": {
      "x": 88,
      "y": 442,
      "width": 451,
      "height": 64,
      "bottom": 506
    },
    "errors": [],
    "violations": []
  },
  {
    "kind": "terrain-studio",
    "theme": "dark",
    "viewport": {
      "width": 1280,
      "height": 720
    },
    "document": {
      "width": 1280,
      "height": 720
    },
    "composer": {
      "x": 88,
      "y": 499,
      "width": 451,
      "height": 64,
      "bottom": 562
    },
    "errors": [],
    "violations": []
  },
  {
    "kind": "map-studio",
    "theme": "light",
    "viewport": {
      "width": 1280,
      "height": 720
    },
    "document": {
      "width": 1280,
      "height": 720
    },
    "composer": {
      "x": 104,
      "y": 540,
      "width": 419,
      "height": 64,
      "bottom": 603
    },
    "errors": [],
    "violations": []
  },
  {
    "kind": "music-studio",
    "theme": "light",
    "viewport": {
      "width": 1280,
      "height": 720
    },
    "document": {
      "width": 1280,
      "height": 720
    },
    "composer": {
      "x": 88,
      "y": 530,
      "width": 451,
      "height": 64,
      "bottom": 594
    },
    "errors": [],
    "violations": []
  },
  {
    "kind": "ai-studio",
    "theme": "light",
    "viewport": {
      "width": 1280,
      "height": 720
    },
    "document": {
      "width": 1280,
      "height": 720
    },
    "composer": {
      "x": 88,
      "y": 485,
      "width": 451,
      "height": 100,
      "bottom": 585
    },
    "errors": [],
    "violations": []
  },
  {
    "kind": "ai-building-studio",
    "theme": "light",
    "viewport": {
      "width": 1280,
      "height": 720
    },
    "document": {
      "width": 1280,
      "height": 720
    },
    "composer": {
      "x": 88,
      "y": 446,
      "width": 451,
      "height": 64,
      "bottom": 510
    },
    "errors": [],
    "violations": []
  },
  {
    "kind": "terrain-studio",
    "theme": "light",
    "viewport": {
      "width": 1280,
      "height": 720
    },
    "document": {
      "width": 1280,
      "height": 720
    },
    "composer": {
      "x": 88,
      "y": 462,
      "width": 451,
      "height": 64,
      "bottom": 526
    },
    "errors": [],
    "violations": []
  },
  {
    "kind": "map-studio",
    "theme": "dark",
    "viewport": {
      "width": 1280,
      "height": 720
    },
    "document": {
      "width": 1280,
      "height": 720
    },
    "composer": {
      "x": 104,
      "y": 540,
      "width": 419,
      "height": 64,
      "bottom": 603
    },
    "errors": [],
    "violations": []
  },
  {
    "kind": "music-studio",
    "theme": "dark",
    "viewport": {
      "width": 1280,
      "height": 720
    },
    "document": {
      "width": 1280,
      "height": 720
    },
    "composer": {
      "x": 88,
      "y": 530,
      "width": 451,
      "height": 64,
      "bottom": 594
    },
    "errors": [],
    "violations": []
  },
  {
    "kind": "ai-studio",
    "theme": "dark",
    "viewport": {
      "width": 1280,
      "height": 720
    },
    "document": {
      "width": 1280,
      "height": 720
    },
    "composer": {
      "x": 88,
      "y": 485,
      "width": 451,
      "height": 100,
      "bottom": 585
    },
    "errors": [],
    "violations": []
  },
  {
    "kind": "ai-building-studio",
    "theme": "dark",
    "viewport": {
      "width": 1280,
      "height": 720
    },
    "document": {
      "width": 1280,
      "height": 720
    },
    "composer": {
      "x": 88,
      "y": 446,
      "width": 451,
      "height": 64,
      "bottom": 510
    },
    "errors": [],
    "violations": []
  },
  {
    "kind": "terrain-studio",
    "theme": "dark",
    "viewport": {
      "width": 1280,
      "height": 720
    },
    "document": {
      "width": 1280,
      "height": 720
    },
    "composer": {
      "x": 88,
      "y": 462,
      "width": 451,
      "height": 64,
      "bottom": 526
    },
    "errors": [],
    "violations": []
  },
  {
    "kind": "map-studio",
    "theme": "light",
    "viewport": {
      "width": 412,
      "height": 420
    },
    "document": {
      "width": 412,
      "height": 420
    },
    "composer": {
      "x": 32,
      "y": 363,
      "width": 348,
      "height": 64,
      "bottom": 427
    },
    "errors": [],
    "violations": []
  },
  {
    "kind": "music-studio",
    "theme": "light",
    "viewport": {
      "width": 412,
      "height": 420
    },
    "document": {
      "width": 412,
      "height": 420
    },
    "composer": {
      "x": 16,
      "y": 369,
      "width": 380,
      "height": 54,
      "bottom": 423
    },
    "errors": [],
    "violations": []
  },
  {
    "kind": "ai-studio",
    "theme": "light",
    "viewport": {
      "width": 412,
      "height": 420
    },
    "document": {
      "width": 412,
      "height": 420
    },
    "composer": {
      "x": 16,
      "y": 410,
      "width": 380,
      "height": 100,
      "bottom": 510
    },
    "errors": [],
    "violations": []
  },
  {
    "kind": "ai-building-studio",
    "theme": "light",
    "viewport": {
      "width": 412,
      "height": 420
    },
    "document": {
      "width": 412,
      "height": 420
    },
    "composer": {
      "x": 16,
      "y": 372,
      "width": 380,
      "height": 64,
      "bottom": 435
    },
    "errors": [],
    "violations": []
  },
  {
    "kind": "terrain-studio",
    "theme": "light",
    "viewport": {
      "width": 412,
      "height": 420
    },
    "document": {
      "width": 412,
      "height": 420
    },
    "composer": {
      "x": 16,
      "y": 352,
      "width": 380,
      "height": 64,
      "bottom": 416
    },
    "errors": [],
    "violations": []
  },
  {
    "kind": "map-studio",
    "theme": "dark",
    "viewport": {
      "width": 412,
      "height": 420
    },
    "document": {
      "width": 412,
      "height": 420
    },
    "composer": {
      "x": 32,
      "y": 363,
      "width": 348,
      "height": 64,
      "bottom": 427
    },
    "errors": [],
    "violations": []
  },
  {
    "kind": "music-studio",
    "theme": "dark",
    "viewport": {
      "width": 412,
      "height": 420
    },
    "document": {
      "width": 412,
      "height": 420
    },
    "composer": {
      "x": 16,
      "y": 369,
      "width": 380,
      "height": 54,
      "bottom": 423
    },
    "errors": [],
    "violations": []
  },
  {
    "kind": "ai-studio",
    "theme": "dark",
    "viewport": {
      "width": 412,
      "height": 420
    },
    "document": {
      "width": 412,
      "height": 420
    },
    "composer": {
      "x": 16,
      "y": 410,
      "width": 380,
      "height": 100,
      "bottom": 510
    },
    "errors": [],
    "violations": []
  },
  {
    "kind": "ai-building-studio",
    "theme": "dark",
    "viewport": {
      "width": 412,
      "height": 420
    },
    "document": {
      "width": 412,
      "height": 420
    },
    "composer": {
      "x": 16,
      "y": 372,
      "width": 380,
      "height": 64,
      "bottom": 435
    },
    "errors": [],
    "violations": []
  },
  {
    "kind": "terrain-studio",
    "theme": "dark",
    "viewport": {
      "width": 412,
      "height": 420
    },
    "document": {
      "width": 412,
      "height": 420
    },
    "composer": {
      "x": 16,
      "y": 352,
      "width": 380,
      "height": 64,
      "bottom": 416
    },
    "errors": [],
    "violations": []
  }
]
